
==============================================================================================
R1-A7 LIVE KEYFRAME CHECK: HOME
==============================================================================================
joint                             target     current       error       deg    result
----------------------------------------------------------------------------------------------
left_shoulder_pitch            -0.094586   -0.054744   +0.039842    +2.283      FAIL
left_shoulder_roll             -0.005776   -0.044420   -0.038643    -2.214      FAIL
left_shoulder_yaw              +0.183094   -0.060355   -0.243449   -13.949      FAIL
left_elbow                     +1.197247   +1.254710   +0.057464    +3.292      FAIL
left_wrist_roll                -0.080065   -0.000681   +0.079384    +4.548      FAIL
left_wrist_pitch               -0.892441   -0.983833   -0.091392    -5.236      FAIL
left_wrist_yaw                 -0.177546   -0.656064   -0.478518   -27.417      FAIL
right_shoulder_pitch           -0.161583   +0.047967   +0.209550   +12.006      FAIL
right_shoulder_roll            +0.034586   +0.028247   -0.006340    -0.363      PASS
right_shoulder_yaw             -0.180944   -0.040267   +0.140677    +8.060      FAIL
right_elbow                    +1.037027   +1.000090   -0.036937    -2.116      FAIL
right_wrist_roll               +0.003240   -0.034015   -0.037255    -2.135      FAIL
right_wrist_pitch              -0.529775   -0.755054   -0.225279   -12.908      FAIL
right_wrist_yaw                +0.114893   +0.808935   +0.694042   +39.766      FAIL
----------------------------------------------------------------------------------------------
MAX error : 0.694042 rad (39.766 deg)
Worst     : right_wrist_yaw

HOME_READY = FAIL
==============================================================================================

