
==============================================================================================
R1-A7 LIVE KEYFRAME CHECK: HOME
==============================================================================================
joint                             target     current       error       deg    result
----------------------------------------------------------------------------------------------
left_shoulder_pitch            -0.094586   -0.048189   +0.046397    +2.658      FAIL
left_shoulder_roll             -0.005776   +0.012254   +0.018030    +1.033      PASS
left_shoulder_yaw              +0.183094   +0.166336   -0.016758    -0.960      PASS
left_elbow                     +1.197247   +1.222270   +0.025023    +1.434      PASS
left_wrist_roll                -0.080065   -0.099926   -0.019861    -1.138      PASS
left_wrist_pitch               -0.892441   -0.976894   -0.084453    -4.839      FAIL
left_wrist_yaw                 -0.177546   -0.177391   +0.000156    +0.009      PASS
right_shoulder_pitch           -0.161583   -0.120597   +0.040986    +2.348      FAIL
right_shoulder_roll            +0.034586   -0.090990   -0.125577    -7.195      FAIL
right_shoulder_yaw             -0.180944   -0.457076   -0.276132   -15.821      FAIL
right_elbow                    +1.037027   +1.077354   +0.040328    +2.311      FAIL
right_wrist_roll               +0.003240   +0.027006   +0.023767    +1.362      PASS
right_wrist_pitch              -0.529775   -0.602675   -0.072900    -4.177      FAIL
right_wrist_yaw                +0.114893   +0.070431   -0.044461    -2.547      FAIL
----------------------------------------------------------------------------------------------
MAX error : 0.276132 rad (15.821 deg)
Worst     : right_shoulder_yaw

HOME_READY = FAIL
==============================================================================================

