
==============================================================================================
R1-A7 LIVE KEYFRAME CHECK: HOME
==============================================================================================
joint                             target     current       error       deg    result
----------------------------------------------------------------------------------------------
left_shoulder_pitch            -0.094586   -0.069377   +0.025209    +1.444      PASS
left_shoulder_roll             -0.005776   +0.004554   +0.010330    +0.592      PASS
left_shoulder_yaw              +0.183094   +0.184017   +0.000923    +0.053      PASS
left_elbow                     +1.197247   +1.197777   +0.000530    +0.030      PASS
left_wrist_roll                -0.080065   -0.099290   -0.019225    -1.102      PASS
left_wrist_pitch               -0.892441   -0.919070   -0.026629    -1.526      PASS
left_wrist_yaw                 -0.177546   -0.177426   +0.000120    +0.007      PASS
right_shoulder_pitch           -0.161583   -0.121250   +0.040333    +2.311      FAIL
right_shoulder_roll            +0.034586   +0.013554   -0.021032    -1.205      PASS
right_shoulder_yaw             -0.180944   -0.190996   -0.010052    -0.576      PASS
right_elbow                    +1.037027   +1.037768   +0.000742    +0.042      PASS
right_wrist_roll               +0.003240   +0.006615   +0.003376    +0.193      PASS
right_wrist_pitch              -0.529775   -0.588354   -0.058579    -3.356      FAIL
right_wrist_yaw                +0.114893   +0.111777   -0.003116    -0.179      PASS
----------------------------------------------------------------------------------------------
MAX error : 0.058579 rad (3.356 deg)
Worst     : right_wrist_pitch

HOME_READY = FAIL
==============================================================================================

