
==============================================================================================
R1-A7 LIVE KEYFRAME CHECK: HOME
==============================================================================================
joint                             target     current       error       deg    result
----------------------------------------------------------------------------------------------
left_shoulder_pitch            -0.094586   -0.031914   +0.062672    +3.591      FAIL
left_shoulder_roll             -0.005776   -0.084129   -0.078353    -4.489      FAIL
left_shoulder_yaw              +0.183094   -0.143069   -0.326163   -18.688      FAIL
left_elbow                     +1.197247   +1.248004   +0.050758    +2.908      FAIL
left_wrist_roll                -0.080065   -0.042992   +0.037073    +2.124      FAIL
left_wrist_pitch               -0.892441   -1.021919   -0.129478    -7.419      FAIL
left_wrist_yaw                 -0.177546   -0.219491   -0.041945    -2.403      FAIL
right_shoulder_pitch           -0.161583   -0.006040   +0.155543    +8.912      FAIL
right_shoulder_roll            +0.034586   +0.070917   +0.036330    +2.082      FAIL
right_shoulder_yaw             -0.180944   +0.088164   +0.269108   +15.419      FAIL
right_elbow                    +1.037027   +0.935118   -0.101909    -5.839      FAIL
right_wrist_roll               +0.003240   -0.015456   -0.018695    -1.071      PASS
right_wrist_pitch              -0.529775   -0.598636   -0.068861    -3.945      FAIL
right_wrist_yaw                +0.114893   +0.135482   +0.020589    +1.180      PASS
----------------------------------------------------------------------------------------------
MAX error : 0.326163 rad (18.688 deg)
Worst     : left_shoulder_yaw

HOME_READY = FAIL
==============================================================================================

