
========================================================================================================
R1-A7 AUTO-HOME V2 ADAPTIVE RECOVERY PRE-FLIGHT
========================================================================================================
Lowstate age             : 0.000121s [PASS]
Max initial |dq|         : 0.009204 rad/s [PASS]
Current joint limits     : PASS
HOME joint limits        : PASS
MotionSwitcher           : PASS
  status                 : 0
  result                 : {'form': '0', 'name': ''}

Global HOME error        : 0.284248 rad
Wrist HOME error         : 0.122860 rad (right_wrist_roll)
Arm HOME error           : 0.284248 rad (right_shoulder_pitch)
Direct HOME threshold    : 0.350000 rad
Recovery mode            : DIRECT HOME


First-step trajectory preview:
  FINAL_HOME         duration=10.00s max_delta=0.284248 peak_v=0.053296 peak_a=0.016411 max_step=0.000533
First-step checks        : PASS

Arm gains:
  shoulder pitch         : kp=100.0, kd=3.5
  shoulder roll/yaw/elbow: kp=80.0, kd=3.0
  wrist pitch            : kp=60.0, kd=2.0
  wrist roll/yaw         : kp=40.0, kd=1.5

PRE_FLIGHT = PASS
ROBOT_COMMAND_PUBLISHED = FALSE
========================================================================================================

========================================================================================================
REAL ROBOT AUTO-HOME V2 ARMED
========================================================================================================
Initial global HOME error : 0.284236 rad
Mode                      : DIRECT HOME
LowCmd will remain active until completion or abort.

Type RECOVER HOME V2 exactly to continue.
> 
Starting in 3 seconds...
3
2
1

========================================================================================================
LOWCMD ZERO-DISPLACEMENT TAKEOVER TEST
========================================================================================================
Takeover max drift : 0.000503 rad
Final max |dq|     : 0.012272 rad/s
TAKEOVER_TEST = PASS
========================================================================================================

POST-TAKEOVER V2 DECISION
Global HOME error : 0.284218 rad
Mode              : DIRECT HOME

========================================================================================================
TRAJECTORY START: FINAL_HOME
========================================================================================================
Duration       : 10.000s
Max joint delta: 0.284200 rad
Peak velocity  : 0.053287 rad/s
Peak accel     : 0.016408 rad/s^2
[FINAL_HOME] t=0.00/10.00s target_err=0.284200 max|dq|=0.018408
[FINAL_HOME] t=0.25/10.00s target_err=0.284200 max|dq|=0.012272
[FINAL_HOME] t=0.51/10.00s target_err=0.284194 max|dq|=0.012272
[FINAL_HOME] t=0.76/10.00s target_err=0.284116 max|dq|=0.015340
[FINAL_HOME] t=1.01/10.00s target_err=0.283900 max|dq|=0.007751
[FINAL_HOME] t=1.27/10.00s target_err=0.283061 max|dq|=0.015340
[FINAL_HOME] t=1.52/10.00s target_err=0.281294 max|dq|=0.070563
[FINAL_HOME] t=1.78/10.00s target_err=0.276440 max|dq|=0.018408
[FINAL_HOME] t=2.03/10.00s target_err=0.275368 max|dq|=0.018408
[FINAL_HOME] t=2.29/10.00s target_err=0.273258 max|dq|=0.024544
[FINAL_HOME] t=2.54/10.00s target_err=0.264684 max|dq|=0.024544
[FINAL_HOME] t=2.80/10.00s target_err=0.257002 max|dq|=0.052155
[FINAL_HOME] t=3.05/10.00s target_err=0.251591 max|dq|=0.036816
[FINAL_HOME] t=3.31/10.00s target_err=0.236023 max|dq|=0.073631
[FINAL_HOME] t=3.57/10.00s target_err=0.232164 max|dq|=0.033748
[FINAL_HOME] t=3.82/10.00s target_err=0.215620 max|dq|=0.042951
[FINAL_HOME] t=4.08/10.00s target_err=0.210137 max|dq|=0.042951
[FINAL_HOME] t=4.34/10.00s target_err=0.194061 max|dq|=0.052155
[FINAL_HOME] t=4.59/10.00s target_err=0.183311 max|dq|=0.093008
[FINAL_HOME] t=4.85/10.00s target_err=0.168282 max|dq|=0.138058
[FINAL_HOME] t=5.10/10.00s target_err=0.154710 max|dq|=0.024544
[FINAL_HOME] t=5.36/10.00s target_err=0.139652 max|dq|=0.100758
[FINAL_HOME] t=5.62/10.00s target_err=0.132084 max|dq|=0.076699
[FINAL_HOME] t=5.87/10.00s target_err=0.115840 max|dq|=0.052155
[FINAL_HOME] t=6.12/10.00s target_err=0.109308 max|dq|=0.119651
[FINAL_HOME] t=6.38/10.00s target_err=0.095574 max|dq|=0.027612
[FINAL_HOME] t=6.63/10.00s target_err=0.083362 max|dq|=0.104311
[FINAL_HOME] t=6.89/10.00s target_err=0.073925 max|dq|=0.062005
[FINAL_HOME] t=7.15/10.00s target_err=0.059789 max|dq|=0.049087
[FINAL_HOME] t=7.41/10.00s target_err=0.055840 max|dq|=0.021476
[FINAL_HOME] t=7.67/10.00s target_err=0.046559 max|dq|=0.064427
[FINAL_HOME] t=7.92/10.00s target_err=0.039140 max|dq|=0.024544
[FINAL_HOME] t=8.18/10.00s target_err=0.037505 max|dq|=0.023252
[FINAL_HOME] t=8.44/10.00s target_err=0.034658 max|dq|=0.046019
[FINAL_HOME] t=8.70/10.00s target_err=0.027336 max|dq|=0.015501
[FINAL_HOME] t=8.96/10.00s target_err=0.024843 max|dq|=0.024544
[FINAL_HOME] t=9.22/10.00s target_err=0.023765 max|dq|=0.018408
[FINAL_HOME] t=9.48/10.00s target_err=0.023561 max|dq|=0.015340
[FINAL_HOME] t=9.73/10.00s target_err=0.023477 max|dq|=0.012272
[FINAL_HOME] t=9.98/10.00s target_err=0.023441 max|dq|=0.024544
[FINAL_HOME_hold] max_err=0.023441 best=0.023441 stable=0.00/1.00
[FINAL_HOME_hold] max_err=0.023393 best=0.023381 stable=0.25/1.00
[FINAL_HOME_hold] max_err=0.023357 best=0.023345 stable=0.51/1.00
[FINAL_HOME_hold] max_err=0.023297 best=0.023297 stable=0.76/1.00
[FINAL_HOME_hold] max_err=0.023273 best=0.023273 stable=1.02/1.00
[FINAL_HOME_hold] max_err=0.023237 best=0.023237 stable=1.28/1.00
[FINAL_HOME_hold] max_err=0.023213 best=0.023201 stable=1.53/1.00
[FINAL_HOME_hold] max_err=0.023189 best=0.023154 stable=1.78/1.00
[FINAL_HOME_hold] max_err=0.023178 best=0.023154 stable=2.04/1.00
[FINAL_HOME_hold] max_err=0.023166 best=0.023130 stable=2.30/1.00
[FINAL_HOME_hold] max_err=0.023130 best=0.023118 stable=2.56/1.00
[FINAL_HOME_hold] max_err=0.023106 best=0.023106 stable=2.82/1.00
[FINAL_HOME_hold] max_err=0.023094 best=0.023082 stable=3.07/1.00
[FINAL_HOME_hold] max_err=0.023094 best=0.023082 stable=3.33/1.00
[FINAL_HOME_hold] max_err=0.023070 best=0.023070 stable=3.58/1.00
[FINAL_HOME_hold] max_err=0.023058 best=0.023058 stable=3.83/1.00
[FINAL_HOME_hold] max_err=0.023046 best=0.023034 stable=4.08/1.00
[FINAL_HOME_hold] max_err=0.023070 best=0.023022 stable=4.34/1.00
[FINAL_HOME_hold] max_err=0.023022 best=0.023022 stable=4.59/1.00
[FINAL_HOME_hold] max_err=0.023022 best=0.023010 stable=4.85/1.00

========================================================================================================
FINAL_HOME RESULT
========================================================================================================
MAX error      : 0.023010 rad (1.318 deg)
Worst          : right_wrist_pitch
Best hold error: 0.023010 rad
Stable reached : True
Final max |dq| : 0.012272 rad/s

left_shoulder_pitch          target=-0.094586 final=-0.087874 error=+0.006711
left_shoulder_roll           target=-0.005776 final=-0.026737 error=-0.020960
left_shoulder_yaw            target=+0.183094 final=+0.175161 error=-0.007932
left_elbow                   target=+1.197247 final=+1.196445 error=-0.000802
left_wrist_roll              target=-0.080065 final=-0.077355 error=+0.002710
left_wrist_pitch             target=-0.892441 final=-0.894922 error=-0.002481
left_wrist_yaw               target=-0.177546 final=-0.183586 error=-0.006040
right_shoulder_pitch         target=-0.161583 final=-0.142169 error=+0.019414
right_shoulder_roll          target=+0.034586 final=+0.033334 error=-0.001252
right_shoulder_yaw           target=-0.180944 final=-0.184547 error=-0.003603
right_elbow                  target=+1.037027 final=+1.033711 error=-0.003315
right_wrist_roll             target=+0.003240 final=+0.001075 error=-0.002165
right_wrist_pitch            target=-0.529775 final=-0.552784 error=-0.023010
right_wrist_yaw              target=+0.114893 final=+0.112472 error=-0.002421

FINAL_HOME = PASS
AUTO_HOME_READY = PASS
========================================================================================================
LowCmd gains released.
