
========================================================================================================
R1-A7 AUTO-HOME V2.1 ADAPTIVE RECOVERY PRE-FLIGHT
========================================================================================================
Lowstate age             : 0.000486s [PASS]
Max initial |dq|         : 0.018408 rad/s [PASS]
Current joint limits     : PASS
HOME joint limits        : PASS
MotionSwitcher           : PASS
  status                 : 0
  result                 : {'form': '0', 'name': ''}

Global HOME error        : 0.530458 rad
Wrist HOME error         : 0.530458 rad (right_wrist_pitch)
Arm HOME error           : 0.285944 rad (right_shoulder_pitch)
Direct HOME threshold    : 0.350000 rad
Recovery mode            : ADAPTIVE RECOVERY

Wrist stage delta        : 0.150000 rad
Arm stage delta          : 0.200000 rad
Recovery threshold       : 0.050000 rad
Nominal wrist iterations : 4 / max 12
Nominal arm iterations   : 2 / max 6
Iteration budget         : PASS

First-step trajectory preview:
  WRIST_ITER_01      duration= 5.50s max_delta=0.150000 peak_v=0.051136 peak_a=0.028629 max_step=0.000511
  ARM_ITER_01        duration= 7.00s max_delta=0.200000 peak_v=0.053571 peak_a=0.023565 max_step=0.000536
First-step checks        : PASS

Arm gains:
  shoulder pitch         : kp=100.0, kd=3.5
  shoulder roll/yaw/elbow: kp=80.0, kd=3.0
  wrist pitch            : kp=65.0, kd=2.0
  wrist roll/yaw         : kp=40.0, kd=1.5

PRE_FLIGHT = PASS
ROBOT_COMMAND_PUBLISHED = FALSE
========================================================================================================

========================================================================================================
REAL ROBOT AUTO-HOME V2.1 ARMED
========================================================================================================
Initial global HOME error : 0.530470 rad
Mode                      : ADAPTIVE RECOVERY
LowCmd will remain active until completion or abort.

Type RECOVER HOME V2.1 exactly to continue.
> 
Starting in 3 seconds...
3
2
1

========================================================================================================
LOWCMD ZERO-DISPLACEMENT TAKEOVER TEST
========================================================================================================
Takeover max drift : 0.000500 rad
Final max |dq|     : 0.018408 rad/s
TAKEOVER_TEST = PASS
========================================================================================================

POST-TAKEOVER V2.1 DECISION
Global HOME error : 0.530446 rad
Mode              : ADAPTIVE RECOVERY

========================================================================================================
ADAPTIVE WRIST RECOVERY
========================================================================================================
Stage delta       : 0.150000 rad
HOME threshold    : 0.050000 rad
Max iterations    : 12
Min progress      : 0.005000 rad
Max stall count   : 2

WRIST_ITER_01 BEFORE: HOME error=0.530446 rad (right_wrist_pitch)
WRIST_ITER_01 TARGET: step=0.150000 rad (right_wrist_pitch), nominal remaining=0.380446 rad (right_wrist_pitch)

========================================================================================================
TRAJECTORY START: WRIST_ITER_01
========================================================================================================
Duration       : 5.500s
Max joint delta: 0.150000 rad
Peak velocity  : 0.051136 rad/s
Peak accel     : 0.028629 rad/s^2
[WRIST_ITER_01] t=0.00/5.50s target_err=0.150000 max|dq|=0.018408
[WRIST_ITER_01] t=0.25/5.50s target_err=0.150024 max|dq|=0.015501
[WRIST_ITER_01] t=0.50/5.50s target_err=0.149988 max|dq|=0.018408
[WRIST_ITER_01] t=0.75/5.50s target_err=0.149928 max|dq|=0.024544
[WRIST_ITER_01] t=1.01/5.50s target_err=0.149700 max|dq|=0.015501
[WRIST_ITER_01] t=1.27/5.50s target_err=0.149221 max|dq|=0.012272
[WRIST_ITER_01] t=1.53/5.50s target_err=0.147232 max|dq|=0.024544
[WRIST_ITER_01] t=1.79/5.50s target_err=0.142414 max|dq|=0.030680
[WRIST_ITER_01] t=2.04/5.50s target_err=0.135679 max|dq|=0.036816
[WRIST_ITER_01] t=2.29/5.50s target_err=0.127314 max|dq|=0.055223
[WRIST_ITER_01] t=2.55/5.50s target_err=0.116840 max|dq|=0.024544
[WRIST_ITER_01] t=2.81/5.50s target_err=0.109278 max|dq|=0.067495
[WRIST_ITER_01] t=3.07/5.50s target_err=0.099642 max|dq|=0.049087
[WRIST_ITER_01] t=3.32/5.50s target_err=0.091301 max|dq|=0.042951
[WRIST_ITER_01] t=3.57/5.50s target_err=0.081654 max|dq|=0.098175
[WRIST_ITER_01] t=3.82/5.50s target_err=0.072726 max|dq|=0.030680
[WRIST_ITER_01] t=4.07/5.50s target_err=0.067465 max|dq|=0.024544
[WRIST_ITER_01] t=4.32/5.50s target_err=0.061616 max|dq|=0.073631
[WRIST_ITER_01] t=4.58/5.50s target_err=0.058908 max|dq|=0.018408
[WRIST_ITER_01] t=4.83/5.50s target_err=0.056080 max|dq|=0.021476
[WRIST_ITER_01] t=5.09/5.50s target_err=0.055145 max|dq|=0.015501
[WRIST_ITER_01] t=5.34/5.50s target_err=0.054689 max|dq|=0.007751
[WRIST_ITER_01_hold] active_home=0.434967 active_target=0.054522 inactive_hold=0.028141 stable=0.00/0.50
[WRIST_ITER_01_hold] active_home=0.434776 active_target=0.054330 inactive_hold=0.028187 stable=0.00/0.50
[WRIST_ITER_01_hold] active_home=0.434608 active_target=0.054162 inactive_hold=0.028187 stable=0.00/0.50
[WRIST_ITER_01_hold] active_home=0.434488 active_target=0.054042 inactive_hold=0.028187 stable=0.00/0.50
[WRIST_ITER_01_hold] active_home=0.434416 active_target=0.053970 inactive_hold=0.028187 stable=0.00/0.50
[WRIST_ITER_01_hold] active_home=0.434344 active_target=0.053898 inactive_hold=0.028187 stable=0.00/0.50
[WRIST_ITER_01_hold] active_home=0.434296 active_target=0.053851 inactive_hold=0.028202 stable=0.00/0.50
[WRIST_ITER_01_hold] active_home=0.434248 active_target=0.053803 inactive_hold=0.028202 stable=0.00/0.50

WRIST_ITER_01 RESULT
  HOME error before : 0.530446 rad
  HOME error after  : 0.434200 rad (right_wrist_pitch, -0.434200)
  Progress          : +0.096245 rad
  Micro-target err  : 0.053755 rad (right_wrist_pitch)
  Inactive hold err : 0.028187 rad (right_elbow)
  Stable at HOME    : False
  Final max |dq|    : 0.018408 rad/s
  Wrist stall count : 0/2 (min progress 0.005000 rad)
WRIST_ITER_01 = CONTINUE

WRIST_ITER_02 BEFORE: HOME error=0.434200 rad (right_wrist_pitch)
WRIST_ITER_02 TARGET: step=0.150000 rad (right_wrist_pitch), nominal remaining=0.284200 rad (right_wrist_pitch)

========================================================================================================
TRAJECTORY START: WRIST_ITER_02
========================================================================================================
Duration       : 5.500s
Max joint delta: 0.150000 rad
Peak velocity  : 0.051136 rad/s
Peak accel     : 0.028629 rad/s^2
[WRIST_ITER_02] t=0.00/5.50s target_err=0.150000 max|dq|=0.018408
[WRIST_ITER_02] t=0.25/5.50s target_err=0.157274 max|dq|=0.015501
[WRIST_ITER_02] t=0.51/5.50s target_err=0.157346 max|dq|=0.018408
[WRIST_ITER_02] t=0.76/5.50s target_err=0.157322 max|dq|=0.024544
[WRIST_ITER_02] t=1.01/5.50s target_err=0.157262 max|dq|=0.018408
[WRIST_ITER_02] t=1.27/5.50s target_err=0.157035 max|dq|=0.018408
[WRIST_ITER_02] t=1.53/5.50s target_err=0.156316 max|dq|=0.012272
[WRIST_ITER_02] t=1.78/5.50s target_err=0.152936 max|dq|=0.018408
[WRIST_ITER_02] t=2.04/5.50s target_err=0.149053 max|dq|=0.015501
[WRIST_ITER_02] t=2.29/5.50s target_err=0.143037 max|dq|=0.030680
[WRIST_ITER_02] t=2.54/5.50s target_err=0.131580 max|dq|=0.055223
[WRIST_ITER_02] t=2.80/5.50s target_err=0.123611 max|dq|=0.036816
[WRIST_ITER_02] t=3.06/5.50s target_err=0.114371 max|dq|=0.055223
[WRIST_ITER_02] t=3.31/5.50s target_err=0.105754 max|dq|=0.030680
[WRIST_ITER_02] t=3.57/5.50s target_err=0.098552 max|dq|=0.030680
[WRIST_ITER_02] t=3.83/5.50s target_err=0.092847 max|dq|=0.036816
[WRIST_ITER_02] t=4.08/5.50s target_err=0.088161 max|dq|=0.042951
[WRIST_ITER_02] t=4.34/5.50s target_err=0.084710 max|dq|=0.024544
[WRIST_ITER_02] t=4.59/5.50s target_err=0.082996 max|dq|=0.018408
[WRIST_ITER_02] t=4.85/5.50s target_err=0.080599 max|dq|=0.012272
[WRIST_ITER_02] t=5.11/5.50s target_err=0.079245 max|dq|=0.012272
[WRIST_ITER_02] t=5.36/5.50s target_err=0.078754 max|dq|=0.018408
[WRIST_ITER_02_hold] active_home=0.362739 active_target=0.078538 inactive_hold=0.035060 stable=0.00/0.50
[WRIST_ITER_02_hold] active_home=0.362439 active_target=0.078238 inactive_hold=0.035044 stable=0.00/0.50
[WRIST_ITER_02_hold] active_home=0.361960 active_target=0.077759 inactive_hold=0.034984 stable=0.00/0.50
[WRIST_ITER_02_hold] active_home=0.361492 active_target=0.077292 inactive_hold=0.035014 stable=0.00/0.50
[WRIST_ITER_02_hold] active_home=0.361181 active_target=0.076980 inactive_hold=0.035014 stable=0.00/0.50
[WRIST_ITER_02_hold] active_home=0.360953 active_target=0.076752 inactive_hold=0.035044 stable=0.00/0.50
[WRIST_ITER_02_hold] active_home=0.360749 active_target=0.076549 inactive_hold=0.035075 stable=0.00/0.50
[WRIST_ITER_02_hold] active_home=0.360569 active_target=0.076369 inactive_hold=0.035075 stable=0.00/0.50

WRIST_ITER_02 RESULT
  HOME error before : 0.434200 rad
  HOME error after  : 0.360450 rad (right_wrist_pitch, -0.360450)
  Progress          : +0.073751 rad
  Micro-target err  : 0.076249 rad (right_wrist_pitch)
  Inactive hold err : 0.035075 rad (right_elbow)
  Stable at HOME    : False
  Final max |dq|    : 0.012272 rad/s
  Wrist stall count : 0/2 (min progress 0.005000 rad)
WRIST_ITER_02 = CONTINUE

WRIST_ITER_03 BEFORE: HOME error=0.360450 rad (right_wrist_pitch)
WRIST_ITER_03 TARGET: step=0.150000 rad (right_wrist_pitch), nominal remaining=0.210450 rad (right_wrist_pitch)

========================================================================================================
TRAJECTORY START: WRIST_ITER_03
========================================================================================================
Duration       : 5.500s
Max joint delta: 0.150000 rad
Peak velocity  : 0.051136 rad/s
Peak accel     : 0.028629 rad/s^2
[WRIST_ITER_03] t=0.00/5.50s target_err=0.150000 max|dq|=0.012272
[WRIST_ITER_03] t=0.25/5.50s target_err=0.158365 max|dq|=0.007751
[WRIST_ITER_03] t=0.51/5.50s target_err=0.158389 max|dq|=0.015501
[WRIST_ITER_03] t=0.76/5.50s target_err=0.158353 max|dq|=0.007751
[WRIST_ITER_03] t=1.02/5.50s target_err=0.158233 max|dq|=0.012272
[WRIST_ITER_03] t=1.28/5.50s target_err=0.157934 max|dq|=0.012272
[WRIST_ITER_03] t=1.53/5.50s target_err=0.157167 max|dq|=0.012272
[WRIST_ITER_03] t=1.79/5.50s target_err=0.153404 max|dq|=0.030680
[WRIST_ITER_03] t=2.04/5.50s target_err=0.148694 max|dq|=0.031003
[WRIST_ITER_03] t=2.29/5.50s target_err=0.141359 max|dq|=0.024544
[WRIST_ITER_03] t=2.55/5.50s target_err=0.131568 max|dq|=0.036816
[WRIST_ITER_03] t=2.80/5.50s target_err=0.120291 max|dq|=0.073631
[WRIST_ITER_03] t=3.05/5.50s target_err=0.112525 max|dq|=0.012272
[WRIST_ITER_03] t=3.31/5.50s target_err=0.105562 max|dq|=0.024544
[WRIST_ITER_03] t=3.56/5.50s target_err=0.099918 max|dq|=0.021476
[WRIST_ITER_03] t=3.82/5.50s target_err=0.099259 max|dq|=0.007751
[WRIST_ITER_03] t=4.07/5.50s target_err=0.098731 max|dq|=0.024544
[WRIST_ITER_03] t=4.32/5.50s target_err=0.097976 max|dq|=0.009204
[WRIST_ITER_03] t=4.57/5.50s target_err=0.095927 max|dq|=0.018408
[WRIST_ITER_03] t=4.83/5.50s target_err=0.093458 max|dq|=0.012272
[WRIST_ITER_03] t=5.08/5.50s target_err=0.092644 max|dq|=0.012272
[WRIST_ITER_03] t=5.33/5.50s target_err=0.091601 max|dq|=0.007751
[WRIST_ITER_03_hold] active_home=0.301116 active_target=0.090666 inactive_hold=0.032804 stable=0.00/0.50
[WRIST_ITER_03_hold] active_home=0.296669 active_target=0.086220 inactive_hold=0.032562 stable=0.00/0.50
[WRIST_ITER_03_hold] active_home=0.294812 active_target=0.084362 inactive_hold=0.032653 stable=0.00/0.50
[WRIST_ITER_03_hold] active_home=0.293038 active_target=0.082589 inactive_hold=0.033001 stable=0.00/0.50
[WRIST_ITER_03_hold] active_home=0.291372 active_target=0.080923 inactive_hold=0.033939 stable=0.00/0.50
[WRIST_ITER_03_hold] active_home=0.290725 active_target=0.080276 inactive_hold=0.034242 stable=0.00/0.50
[WRIST_ITER_03_hold] active_home=0.290438 active_target=0.079988 inactive_hold=0.034348 stable=0.00/0.50
[WRIST_ITER_03_hold] active_home=0.290174 active_target=0.079725 inactive_hold=0.034484 stable=0.00/0.50

WRIST_ITER_03 RESULT
  HOME error before : 0.360450 rad
  HOME error after  : 0.289934 rad (right_wrist_pitch, -0.289934)
  Progress          : +0.070515 rad
  Micro-target err  : 0.079485 rad (right_wrist_pitch)
  Inactive hold err : 0.034636 rad (right_elbow)
  Stable at HOME    : False
  Final max |dq|    : 0.012272 rad/s
  Wrist stall count : 0/2 (min progress 0.005000 rad)
WRIST_ITER_03 = CONTINUE

WRIST_ITER_04 BEFORE: HOME error=0.289934 rad (right_wrist_pitch)
WRIST_ITER_04 TARGET: step=0.150000 rad (right_wrist_pitch), nominal remaining=0.139934 rad (right_wrist_pitch)

========================================================================================================
TRAJECTORY START: WRIST_ITER_04
========================================================================================================
Duration       : 5.500s
Max joint delta: 0.150000 rad
Peak velocity  : 0.051136 rad/s
Peak accel     : 0.028629 rad/s^2
[WRIST_ITER_04] t=0.00/5.50s target_err=0.150012 max|dq|=0.012272
[WRIST_ITER_04] t=0.25/5.50s target_err=0.158677 max|dq|=0.024544
[WRIST_ITER_04] t=0.50/5.50s target_err=0.158713 max|dq|=0.018408
[WRIST_ITER_04] t=0.76/5.50s target_err=0.158665 max|dq|=0.012272
[WRIST_ITER_04] t=1.01/5.50s target_err=0.158485 max|dq|=0.024544
[WRIST_ITER_04] t=1.26/5.50s target_err=0.158149 max|dq|=0.003068
[WRIST_ITER_04] t=1.52/5.50s target_err=0.157155 max|dq|=0.023252
[WRIST_ITER_04] t=1.77/5.50s target_err=0.153595 max|dq|=0.036816
[WRIST_ITER_04] t=2.03/5.50s target_err=0.148059 max|dq|=0.018408
[WRIST_ITER_04] t=2.28/5.50s target_err=0.141012 max|dq|=0.015501
[WRIST_ITER_04] t=2.53/5.50s target_err=0.133713 max|dq|=0.030680
[WRIST_ITER_04] t=2.79/5.50s target_err=0.121849 max|dq|=0.073631
[WRIST_ITER_04] t=3.05/5.50s target_err=0.111926 max|dq|=0.018408
[WRIST_ITER_04] t=3.31/5.50s target_err=0.100685 max|dq|=0.049087
[WRIST_ITER_04] t=3.57/5.50s target_err=0.094034 max|dq|=0.036816
[WRIST_ITER_04] t=3.83/5.50s target_err=0.091553 max|dq|=0.018408
[WRIST_ITER_04] t=4.09/5.50s target_err=0.090654 max|dq|=0.012272
[WRIST_ITER_04] t=4.34/5.50s target_err=0.087934 max|dq|=0.012272
[WRIST_ITER_04] t=4.60/5.50s target_err=0.085872 max|dq|=0.024544
[WRIST_ITER_04] t=4.85/5.50s target_err=0.085129 max|dq|=0.018408
[WRIST_ITER_04] t=5.10/5.50s target_err=0.084374 max|dq|=0.018408
[WRIST_ITER_04] t=5.36/5.50s target_err=0.083571 max|dq|=0.024544
[WRIST_ITER_04_hold] active_home=0.223026 active_target=0.083092 inactive_hold=0.036210 stable=0.00/0.50
[WRIST_ITER_04_hold] active_home=0.221912 active_target=0.081978 inactive_hold=0.036528 stable=0.00/0.50
[WRIST_ITER_04_hold] active_home=0.220953 active_target=0.081019 inactive_hold=0.036831 stable=0.00/0.50
[WRIST_ITER_04_hold] active_home=0.220414 active_target=0.080480 inactive_hold=0.036967 stable=0.00/0.50
[WRIST_ITER_04_hold] active_home=0.219982 active_target=0.080048 inactive_hold=0.037164 stable=0.00/0.50
[WRIST_ITER_04_hold] active_home=0.219695 active_target=0.079760 inactive_hold=0.037164 stable=0.00/0.50
[WRIST_ITER_04_hold] active_home=0.219467 active_target=0.079533 inactive_hold=0.037179 stable=0.00/0.50
[WRIST_ITER_04_hold] active_home=0.219251 active_target=0.079317 inactive_hold=0.037194 stable=0.00/0.50

WRIST_ITER_04 RESULT
  HOME error before : 0.289934 rad
  HOME error after  : 0.219132 rad (right_wrist_pitch, -0.219132)
  Progress          : +0.070803 rad
  Micro-target err  : 0.079197 rad (right_wrist_pitch)
  Inactive hold err : 0.037194 rad (right_elbow)
  Stable at HOME    : False
  Final max |dq|    : 0.012272 rad/s
  Wrist stall count : 0/2 (min progress 0.005000 rad)
WRIST_ITER_04 = CONTINUE

WRIST_ITER_05 BEFORE: HOME error=0.219132 rad (right_wrist_pitch)
WRIST_ITER_05 TARGET: step=0.150000 rad (right_wrist_pitch), nominal remaining=0.069132 rad (right_wrist_pitch)

========================================================================================================
TRAJECTORY START: WRIST_ITER_05
========================================================================================================
Duration       : 5.500s
Max joint delta: 0.150000 rad
Peak velocity  : 0.051136 rad/s
Peak accel     : 0.028629 rad/s^2
[WRIST_ITER_05] t=0.00/5.50s target_err=0.150000 max|dq|=0.012272
[WRIST_ITER_05] t=0.25/5.50s target_err=0.160330 max|dq|=0.015340
[WRIST_ITER_05] t=0.51/5.50s target_err=0.160522 max|dq|=0.018408
[WRIST_ITER_05] t=0.76/5.50s target_err=0.160474 max|dq|=0.012272
[WRIST_ITER_05] t=1.01/5.50s target_err=0.160366 max|dq|=0.012272
[WRIST_ITER_05] t=1.27/5.50s target_err=0.160031 max|dq|=0.030680
[WRIST_ITER_05] t=1.52/5.50s target_err=0.159192 max|dq|=0.012272
[WRIST_ITER_05] t=1.77/5.50s target_err=0.154997 max|dq|=0.024544
[WRIST_ITER_05] t=2.02/5.50s target_err=0.147040 max|dq|=0.018408
[WRIST_ITER_05] t=2.28/5.50s target_err=0.140556 max|dq|=0.030680
[WRIST_ITER_05] t=2.53/5.50s target_err=0.132120 max|dq|=0.018408
[WRIST_ITER_05] t=2.79/5.50s target_err=0.124857 max|dq|=0.049087
[WRIST_ITER_05] t=3.05/5.50s target_err=0.115126 max|dq|=0.098175
[WRIST_ITER_05] t=3.31/5.50s target_err=0.103777 max|dq|=0.036816
[WRIST_ITER_05] t=3.56/5.50s target_err=0.096538 max|dq|=0.018408
[WRIST_ITER_05] t=3.81/5.50s target_err=0.088233 max|dq|=0.023252
[WRIST_ITER_05] t=4.06/5.50s target_err=0.081750 max|dq|=0.073631
[WRIST_ITER_05] t=4.32/5.50s target_err=0.078418 max|dq|=0.024544
[WRIST_ITER_05] t=4.57/5.50s target_err=0.077579 max|dq|=0.024544
[WRIST_ITER_05] t=4.83/5.50s target_err=0.077004 max|dq|=0.012272
[WRIST_ITER_05] t=5.09/5.50s target_err=0.076441 max|dq|=0.015501
[WRIST_ITER_05] t=5.35/5.50s target_err=0.075806 max|dq|=0.024544
[WRIST_ITER_05_hold] active_home=0.144518 active_target=0.075386 inactive_hold=0.036710 stable=0.00/0.50
[WRIST_ITER_05_hold] active_home=0.143943 active_target=0.074811 inactive_hold=0.036982 stable=0.00/0.50
[WRIST_ITER_05_hold] active_home=0.143487 active_target=0.074356 inactive_hold=0.037224 stable=0.00/0.50
[WRIST_ITER_05_hold] active_home=0.143020 active_target=0.073888 inactive_hold=0.037421 stable=0.00/0.50
[WRIST_ITER_05_hold] active_home=0.142540 active_target=0.073409 inactive_hold=0.037633 stable=0.00/0.50
[WRIST_ITER_05_hold] active_home=0.142145 active_target=0.073013 inactive_hold=0.037800 stable=0.00/0.50
[WRIST_ITER_05_hold] active_home=0.141869 active_target=0.072738 inactive_hold=0.037905 stable=0.00/0.50
[WRIST_ITER_05_hold] active_home=0.141677 active_target=0.072546 inactive_hold=0.037921 stable=0.00/0.50

WRIST_ITER_05 RESULT
  HOME error before : 0.219132 rad
  HOME error after  : 0.141522 rad (right_wrist_pitch, -0.141522)
  Progress          : +0.077610 rad
  Micro-target err  : 0.072390 rad (right_wrist_pitch)
  Inactive hold err : 0.037951 rad (right_elbow)
  Stable at HOME    : False
  Final max |dq|    : 0.015501 rad/s
  Wrist stall count : 0/2 (min progress 0.005000 rad)
WRIST_ITER_05 = CONTINUE

WRIST_ITER_06 BEFORE: HOME error=0.141522 rad (right_wrist_pitch)
WRIST_ITER_06 TARGET: step=0.141522 rad (right_wrist_pitch), nominal remaining=0.000000 rad (left_wrist_roll)

========================================================================================================
TRAJECTORY START: WRIST_ITER_06
========================================================================================================
Duration       : 5.000s
Max joint delta: 0.141522 rad
Peak velocity  : 0.053071 rad/s
Peak accel     : 0.032683 rad/s^2
[WRIST_ITER_06] t=0.00/5.00s target_err=0.141522 max|dq|=0.015501
[WRIST_ITER_06] t=0.25/5.00s target_err=0.152212 max|dq|=0.015501
[WRIST_ITER_06] t=0.51/5.00s target_err=0.152224 max|dq|=0.009204
[WRIST_ITER_06] t=0.77/5.00s target_err=0.152128 max|dq|=0.012272
[WRIST_ITER_06] t=1.02/5.00s target_err=0.151924 max|dq|=0.024544
[WRIST_ITER_06] t=1.28/5.00s target_err=0.151337 max|dq|=0.009204
[WRIST_ITER_06] t=1.54/5.00s target_err=0.148856 max|dq|=0.024544
[WRIST_ITER_06] t=1.79/5.00s target_err=0.143535 max|dq|=0.024544
[WRIST_ITER_06] t=2.04/5.00s target_err=0.134858 max|dq|=0.030680
[WRIST_ITER_06] t=2.29/5.00s target_err=0.126517 max|dq|=0.012272
[WRIST_ITER_06] t=2.55/5.00s target_err=0.117266 max|dq|=0.067495
[WRIST_ITER_06] t=2.80/5.00s target_err=0.107906 max|dq|=0.036816
[WRIST_ITER_06] t=3.06/5.00s target_err=0.098726 max|dq|=0.030680
[WRIST_ITER_06] t=3.32/5.00s target_err=0.088084 max|dq|=0.024544
[WRIST_ITER_06] t=3.57/5.00s target_err=0.080989 max|dq|=0.018408
[WRIST_ITER_06] t=3.83/5.00s target_err=0.077286 max|dq|=0.024544
[WRIST_ITER_06] t=4.09/5.00s target_err=0.076747 max|dq|=0.018408
[WRIST_ITER_06] t=4.35/5.00s target_err=0.076124 max|dq|=0.012272
[WRIST_ITER_06] t=4.60/5.00s target_err=0.075561 max|dq|=0.018408
[WRIST_ITER_06] t=4.85/5.00s target_err=0.075033 max|dq|=0.007751
[WRIST_ITER_06_hold] active_home=0.074650 active_target=0.074650 inactive_hold=0.038223 stable=0.00/0.50
[WRIST_ITER_06_hold] active_home=0.074027 active_target=0.074027 inactive_hold=0.038329 stable=0.00/0.50
[WRIST_ITER_06_hold] active_home=0.073571 active_target=0.073571 inactive_hold=0.038405 stable=0.00/0.50
[WRIST_ITER_06_hold] active_home=0.073319 active_target=0.073319 inactive_hold=0.038420 stable=0.00/0.50
[WRIST_ITER_06_hold] active_home=0.073080 active_target=0.073080 inactive_hold=0.038450 stable=0.00/0.50
[WRIST_ITER_06_hold] active_home=0.072852 active_target=0.072852 inactive_hold=0.038481 stable=0.00/0.50
[WRIST_ITER_06_hold] active_home=0.072588 active_target=0.072588 inactive_hold=0.038526 stable=0.00/0.50
[WRIST_ITER_06_hold] active_home=0.072373 active_target=0.072373 inactive_hold=0.038572 stable=0.00/0.50

WRIST_ITER_06 RESULT
  HOME error before : 0.141522 rad
  HOME error after  : 0.072229 rad (right_wrist_pitch, -0.072229)
  Progress          : +0.069293 rad
  Micro-target err  : 0.072229 rad (right_wrist_pitch)
  Inactive hold err : 0.038602 rad (right_elbow)
  Stable at HOME    : False
  Final max |dq|    : 0.015501 rad/s
  Wrist stall count : 0/2 (min progress 0.005000 rad)
WRIST_ITER_06 = CONTINUE

WRIST_ITER_07 BEFORE: HOME error=0.072229 rad (right_wrist_pitch)
WRIST_ITER_07 TARGET: step=0.072229 rad (right_wrist_pitch), nominal remaining=0.000000 rad (left_wrist_roll)

========================================================================================================
TRAJECTORY START: WRIST_ITER_07
========================================================================================================
Duration       : 5.000s
Max joint delta: 0.072229 rad
Peak velocity  : 0.027086 rad/s
Peak accel     : 0.016681 rad/s^2
[WRIST_ITER_07] t=0.00/5.00s target_err=0.072229 max|dq|=0.015501
[WRIST_ITER_07] t=0.25/5.00s target_err=0.083075 max|dq|=0.018408
[WRIST_ITER_07] t=0.51/5.00s target_err=0.083123 max|dq|=0.018408
[WRIST_ITER_07] t=0.76/5.00s target_err=0.083123 max|dq|=0.012272
[WRIST_ITER_07] t=1.01/5.00s target_err=0.083051 max|dq|=0.036816
[WRIST_ITER_07] t=1.26/5.00s target_err=0.082859 max|dq|=0.015501
[WRIST_ITER_07] t=1.51/5.00s target_err=0.082559 max|dq|=0.018408
[WRIST_ITER_07] t=1.77/5.00s target_err=0.082032 max|dq|=0.006136
[WRIST_ITER_07] t=2.02/5.00s target_err=0.080354 max|dq|=0.024544
[WRIST_ITER_07] t=2.28/5.00s target_err=0.077490 max|dq|=0.018408
[WRIST_ITER_07] t=2.53/5.00s target_err=0.072708 max|dq|=0.006136
[WRIST_ITER_07] t=2.78/5.00s target_err=0.067831 max|dq|=0.024544
[WRIST_ITER_07] t=3.04/5.00s target_err=0.062618 max|dq|=0.018408
[WRIST_ITER_07] t=3.30/5.00s target_err=0.057968 max|dq|=0.024544
[WRIST_ITER_07] t=3.55/5.00s target_err=0.055691 max|dq|=0.015340
[WRIST_ITER_07] t=3.81/5.00s target_err=0.051484 max|dq|=0.018408
[WRIST_ITER_07] t=4.07/5.00s target_err=0.049207 max|dq|=0.024544
[WRIST_ITER_07] t=4.33/5.00s target_err=0.047230 max|dq|=0.018408
[WRIST_ITER_07] t=4.59/5.00s target_err=0.046247 max|dq|=0.007751
[WRIST_ITER_07] t=4.85/5.00s target_err=0.045408 max|dq|=0.012272
[WRIST_ITER_07_hold] active_home=0.045049 active_target=0.045049 inactive_hold=0.023933 stable=0.00/0.50
[WRIST_ITER_07_hold] active_home=0.044533 active_target=0.044533 inactive_hold=0.024039 stable=0.25/0.50
[WRIST_ITER_07_hold] active_home=0.044258 active_target=0.044258 inactive_hold=0.024069 stable=0.50/0.50
[WRIST_ITER_07_hold] active_home=0.044054 active_target=0.044054 inactive_hold=0.024069 stable=0.76/0.50
[WRIST_ITER_07_hold] active_home=0.043910 active_target=0.043910 inactive_hold=0.024085 stable=1.01/0.50
[WRIST_ITER_07_hold] active_home=0.043838 active_target=0.043838 inactive_hold=0.024085 stable=1.26/0.50
[WRIST_ITER_07_hold] active_home=0.043766 active_target=0.043766 inactive_hold=0.024100 stable=1.52/0.50
[WRIST_ITER_07_hold] active_home=0.043730 active_target=0.043730 inactive_hold=0.024100 stable=1.78/0.50

WRIST_ITER_07 RESULT
  HOME error before : 0.072229 rad
  HOME error after  : 0.043694 rad (right_wrist_pitch, -0.043694)
  Progress          : +0.028534 rad
  Micro-target err  : 0.043694 rad (right_wrist_pitch)
  Inactive hold err : 0.024069 rad (right_elbow)
  Stable at HOME    : True
  Final max |dq|    : 0.009204 rad/s
WRIST_READY = PASS
========================================================================================================

========================================================================================================
ADAPTIVE ARM RECOVERY
========================================================================================================
Stage delta       : 0.200000 rad
HOME threshold    : 0.050000 rad
Max iterations    : 6

ARM_ITER_01 BEFORE: HOME error=0.211779 rad (right_shoulder_pitch)
ARM_ITER_01 TARGET: step=0.200000 rad (right_shoulder_pitch), nominal remaining=0.011779 rad (right_shoulder_pitch)

========================================================================================================
TRAJECTORY START: ARM_ITER_01
========================================================================================================
Duration       : 7.000s
Max joint delta: 0.200000 rad
Peak velocity  : 0.053571 rad/s
Peak accel     : 0.023565 rad/s^2
[ARM_ITER_01] t=0.00/7.00s target_err=0.200000 max|dq|=0.009204
[ARM_ITER_01] t=0.25/7.00s target_err=0.201043 max|dq|=0.024544
[ARM_ITER_01] t=0.51/7.00s target_err=0.201031 max|dq|=0.009204
[ARM_ITER_01] t=0.77/7.00s target_err=0.200995 max|dq|=0.012272
[ARM_ITER_01] t=1.02/7.00s target_err=0.200815 max|dq|=0.018408
[ARM_ITER_01] t=1.28/7.00s target_err=0.199652 max|dq|=0.018408
[ARM_ITER_01] t=1.54/7.00s target_err=0.193073 max|dq|=0.009204
[ARM_ITER_01] t=1.80/7.00s target_err=0.190856 max|dq|=0.012272
[ARM_ITER_01] t=2.05/7.00s target_err=0.182994 max|dq|=0.046504
[ARM_ITER_01] t=2.30/7.00s target_err=0.172472 max|dq|=0.030680
[ARM_ITER_01] t=2.55/7.00s target_err=0.162495 max|dq|=0.018408
[ARM_ITER_01] t=2.81/7.00s target_err=0.148402 max|dq|=0.058291
[ARM_ITER_01] t=3.06/7.00s target_err=0.140786 max|dq|=0.038753
[ARM_ITER_01] t=3.32/7.00s target_err=0.125021 max|dq|=0.054254
[ARM_ITER_01] t=3.58/7.00s target_err=0.111431 max|dq|=0.095107
[ARM_ITER_01] t=3.83/7.00s target_err=0.101891 max|dq|=0.031003
[ARM_ITER_01] t=4.08/7.00s target_err=0.085593 max|dq|=0.046504
[ARM_ITER_01] t=4.33/7.00s target_err=0.080739 max|dq|=0.067495
[ARM_ITER_01] t=4.59/7.00s target_err=0.064776 max|dq|=0.024544
[ARM_ITER_01] t=4.84/7.00s target_err=0.055159 max|dq|=0.058291
[ARM_ITER_01] t=5.09/7.00s target_err=0.045451 max|dq|=0.055223
[ARM_ITER_01] t=5.34/7.00s target_err=0.042647 max|dq|=0.030680
[ARM_ITER_01] t=5.60/7.00s target_err=0.034546 max|dq|=0.024544
[ARM_ITER_01] t=5.85/7.00s target_err=0.027475 max|dq|=0.015501
[ARM_ITER_01] t=6.11/7.00s target_err=0.026732 max|dq|=0.009204
[ARM_ITER_01] t=6.36/7.00s target_err=0.025647 max|dq|=0.015501
[ARM_ITER_01] t=6.61/7.00s target_err=0.025216 max|dq|=0.018408
[ARM_ITER_01] t=6.86/7.00s target_err=0.024521 max|dq|=0.018408
[ARM_ITER_01_hold] active_home=0.035989 active_target=0.024209 inactive_hold=0.013494 stable=0.00/0.50
[ARM_ITER_01_hold] active_home=0.035827 active_target=0.024048 inactive_hold=0.013482 stable=0.25/0.50
[ARM_ITER_01_hold] active_home=0.035749 active_target=0.023970 inactive_hold=0.013470 stable=0.50/0.50
[ARM_ITER_01_hold] active_home=0.035701 active_target=0.023922 inactive_hold=0.013470 stable=0.75/0.50
[ARM_ITER_01_hold] active_home=0.035647 active_target=0.023868 inactive_hold=0.013482 stable=1.01/0.50
[ARM_ITER_01_hold] active_home=0.035641 active_target=0.023862 inactive_hold=0.013482 stable=1.26/0.50
[ARM_ITER_01_hold] active_home=0.035623 active_target=0.023844 inactive_hold=0.013482 stable=1.52/0.50
[ARM_ITER_01_hold] active_home=0.035605 active_target=0.023826 inactive_hold=0.013482 stable=1.78/0.50

ARM_ITER_01 RESULT
  HOME error before : 0.211779 rad
  HOME error after  : 0.035623 rad (right_shoulder_pitch, +0.035623)
  Progress          : +0.176156 rad
  Micro-target err  : 0.023844 rad (right_shoulder_pitch)
  Inactive hold err : 0.013494 rad (right_wrist_pitch)
  Stable at HOME    : True
  Final max |dq|    : 0.009204 rad/s
ARM_READY = PASS
========================================================================================================

========================================================================================================
TRAJECTORY START: FINAL_HOME
========================================================================================================
Duration       : 8.000s
Max joint delta: 0.057189 rad
Peak velocity  : 0.013404 rad/s
Peak accel     : 0.005159 rad/s^2
[FINAL_HOME] t=0.00/8.00s target_err=0.057189 max|dq|=0.018408
[FINAL_HOME] t=0.25/8.00s target_err=0.060628 max|dq|=0.024544
[FINAL_HOME] t=0.51/8.00s target_err=0.060700 max|dq|=0.012272
[FINAL_HOME] t=0.77/8.00s target_err=0.060736 max|dq|=0.012272
[FINAL_HOME] t=1.02/8.00s target_err=0.060736 max|dq|=0.012272
[FINAL_HOME] t=1.28/8.00s target_err=0.060724 max|dq|=0.012272
[FINAL_HOME] t=1.54/8.00s target_err=0.060676 max|dq|=0.015340
[FINAL_HOME] t=1.80/8.00s target_err=0.060628 max|dq|=0.012272
[FINAL_HOME] t=2.06/8.00s target_err=0.060508 max|dq|=0.015501
[FINAL_HOME] t=2.32/8.00s target_err=0.060365 max|dq|=0.015340
[FINAL_HOME] t=2.57/8.00s target_err=0.060137 max|dq|=0.015340
[FINAL_HOME] t=2.82/8.00s target_err=0.059825 max|dq|=0.018408
[FINAL_HOME] t=3.08/8.00s target_err=0.059370 max|dq|=0.021476
[FINAL_HOME] t=3.34/8.00s target_err=0.058363 max|dq|=0.018408
[FINAL_HOME] t=3.59/8.00s target_err=0.057033 max|dq|=0.012272
[FINAL_HOME] t=3.85/8.00s target_err=0.055870 max|dq|=0.018408
[FINAL_HOME] t=4.10/8.00s target_err=0.054037 max|dq|=0.009204
[FINAL_HOME] t=4.36/8.00s target_err=0.050394 max|dq|=0.018408
[FINAL_HOME] t=4.62/8.00s target_err=0.047973 max|dq|=0.018408
[FINAL_HOME] t=4.87/8.00s target_err=0.044809 max|dq|=0.049087
[FINAL_HOME] t=5.13/8.00s target_err=0.040890 max|dq|=0.009204
[FINAL_HOME] t=5.38/8.00s target_err=0.037954 max|dq|=0.018408
[FINAL_HOME] t=5.63/8.00s target_err=0.035437 max|dq|=0.015340
[FINAL_HOME] t=5.89/8.00s target_err=0.032178 max|dq|=0.024544
[FINAL_HOME] t=6.14/8.00s target_err=0.028822 max|dq|=0.018408
[FINAL_HOME] t=6.39/8.00s target_err=0.027120 max|dq|=0.024544
[FINAL_HOME] t=6.64/8.00s target_err=0.025347 max|dq|=0.030680
[FINAL_HOME] t=6.89/8.00s target_err=0.024268 max|dq|=0.018408
[FINAL_HOME] t=7.15/8.00s target_err=0.023741 max|dq|=0.024544
[FINAL_HOME] t=7.41/8.00s target_err=0.023345 max|dq|=0.012272
[FINAL_HOME] t=7.66/8.00s target_err=0.023106 max|dq|=0.015340
[FINAL_HOME] t=7.92/8.00s target_err=0.022926 max|dq|=0.012272
[FINAL_HOME_hold] max_err=0.022878 best=0.022878 stable=0.00/1.00
[FINAL_HOME_hold] max_err=0.022770 best=0.022758 stable=0.25/1.00
[FINAL_HOME_hold] max_err=0.022650 best=0.022650 stable=0.51/1.00
[FINAL_HOME_hold] max_err=0.022554 best=0.022554 stable=0.77/1.00
[FINAL_HOME_hold] max_err=0.022482 best=0.022482 stable=1.03/1.00
[FINAL_HOME_hold] max_err=0.022422 best=0.022411 stable=1.29/1.00
[FINAL_HOME_hold] max_err=0.022351 best=0.022351 stable=1.55/1.00
[FINAL_HOME_hold] max_err=0.022291 best=0.022291 stable=1.80/1.00
[FINAL_HOME_hold] max_err=0.022243 best=0.022231 stable=2.06/1.00
[FINAL_HOME_hold] max_err=0.022183 best=0.022183 stable=2.31/1.00
[FINAL_HOME_hold] max_err=0.022111 best=0.022111 stable=2.56/1.00
[FINAL_HOME_hold] max_err=0.022087 best=0.022087 stable=2.82/1.00
[FINAL_HOME_hold] max_err=0.022051 best=0.022051 stable=3.08/1.00
[FINAL_HOME_hold] max_err=0.021991 best=0.021991 stable=3.34/1.00
[FINAL_HOME_hold] max_err=0.021967 best=0.021955 stable=3.60/1.00
[FINAL_HOME_hold] max_err=0.021919 best=0.021919 stable=3.85/1.00
[FINAL_HOME_hold] max_err=0.021883 best=0.021871 stable=4.11/1.00
[FINAL_HOME_hold] max_err=0.021859 best=0.021859 stable=4.37/1.00
[FINAL_HOME_hold] max_err=0.021847 best=0.021823 stable=4.63/1.00
[FINAL_HOME_hold] max_err=0.021835 best=0.021823 stable=4.89/1.00
[FINAL_HOME_hold] max_err=0.021823 best=0.021799 stable=5.15/1.00
[FINAL_HOME_hold] max_err=0.021811 best=0.021799 stable=5.40/1.00
[FINAL_HOME_hold] max_err=0.021787 best=0.021775 stable=5.66/1.00
[FINAL_HOME_hold] max_err=0.021751 best=0.021739 stable=5.92/1.00
[FINAL_HOME_hold] max_err=0.021727 best=0.021715 stable=6.17/1.00
[FINAL_HOME_hold] max_err=0.021703 best=0.021703 stable=6.43/1.00
[FINAL_HOME_hold] max_err=0.021679 best=0.021679 stable=6.69/1.00
[FINAL_HOME_hold] max_err=0.021667 best=0.021644 stable=6.95/1.00
[FINAL_HOME_hold] max_err=0.021655 best=0.021644 stable=7.21/1.00
[FINAL_HOME_hold] max_err=0.021644 best=0.021632 stable=7.47/1.00
[FINAL_HOME_hold] max_err=0.021655 best=0.021620 stable=7.72/1.00
[FINAL_HOME_hold] max_err=0.021620 best=0.021608 stable=7.98/1.00
[FINAL_HOME_hold] max_err=0.021596 best=0.021596 stable=8.24/1.00
[FINAL_HOME_hold] max_err=0.021584 best=0.021572 stable=8.49/1.00
[FINAL_HOME_hold] max_err=0.021584 best=0.021560 stable=8.75/1.00
[FINAL_HOME_hold] max_err=0.021560 best=0.021560 stable=9.01/1.00
[FINAL_HOME_hold] max_err=0.021536 best=0.021536 stable=9.26/1.00
[FINAL_HOME_hold] max_err=0.021548 best=0.021524 stable=9.52/1.00
[FINAL_HOME_hold] max_err=0.021536 best=0.021524 stable=9.77/1.00

========================================================================================================
FINAL_HOME RESULT
========================================================================================================
MAX error      : 0.021512 rad (1.233 deg)
Worst          : right_wrist_pitch
Best hold error: 0.021500 rad
Stable reached : True
Final max |dq| : 0.012272 rad/s

left_shoulder_pitch          target=-0.094586 final=-0.074812 error=+0.019774
left_shoulder_roll           target=-0.005776 final=-0.010175 error=-0.004398
left_shoulder_yaw            target=+0.183094 final=+0.185788 error=+0.002695
left_elbow                   target=+1.197247 final=+1.195794 error=-0.001453
left_wrist_roll              target=-0.080065 final=-0.077491 error=+0.002573
left_wrist_pitch             target=-0.892441 final=-0.906151 error=-0.013710
left_wrist_yaw               target=-0.177546 final=-0.181597 error=-0.004051
right_shoulder_pitch         target=-0.161583 final=-0.143385 error=+0.018198
right_shoulder_roll          target=+0.034586 final=+0.031477 error=-0.003110
right_shoulder_yaw           target=-0.180944 final=-0.182927 error=-0.001983
right_elbow                  target=+1.037027 final=+1.033893 error=-0.003134
right_wrist_roll             target=+0.003240 final=-0.000242 error=-0.003482
right_wrist_pitch            target=-0.529775 final=-0.551286 error=-0.021512
right_wrist_yaw              target=+0.114893 final=+0.113922 error=-0.000971

FINAL_HOME = PASS
AUTO_HOME_READY = PASS
========================================================================================================
LowCmd gains released.
