
========================================================================================================
R1-A7 AUTO-HOME V2.1 ADAPTIVE RECOVERY PRE-FLIGHT
========================================================================================================
Lowstate age             : 0.000110s [PASS]
Max initial |dq|         : 0.015340 rad/s [PASS]
Current joint limits     : PASS
HOME joint limits        : PASS
MotionSwitcher           : PASS
  status                 : 0
  result                 : {'form': '0', 'name': ''}

Global HOME error        : 0.540968 rad
Wrist HOME error         : 0.540968 rad (left_wrist_pitch)
Arm HOME error           : 0.443981 rad (left_elbow)
Direct HOME threshold    : 0.350000 rad
Recovery mode            : ADAPTIVE RECOVERY

Wrist stage delta        : 0.150000 rad
Arm stage delta          : 0.200000 rad
Recovery threshold       : 0.050000 rad
Nominal wrist iterations : 4 / max 12
Nominal arm iterations   : 3 / max 6
Iteration budget         : PASS

First-step trajectory preview:
  WRIST_ITER_01      duration= 5.50s max_delta=0.150000 peak_v=0.051136 peak_a=0.028629 max_step=0.000511
  ARM_ITER_01        duration= 7.00s max_delta=0.200000 peak_v=0.053571 peak_a=0.023565 max_step=0.000536
First-step checks        : PASS

Arm gains:
  shoulder pitch         : kp=100.0, kd=3.5
  shoulder roll/yaw/elbow: kp=80.0, kd=3.0
  wrist pitch            : kp=65.0, kd=2.0
  wrist roll/yaw         : kp=40.0, kd=1.5

PRE_FLIGHT = PASS
ROBOT_COMMAND_PUBLISHED = FALSE
========================================================================================================

========================================================================================================
REAL ROBOT AUTO-HOME V2.1 ARMED
========================================================================================================
Initial global HOME error : 0.540980 rad
Mode                      : ADAPTIVE RECOVERY
LowCmd will remain active until completion or abort.

Type RECOVER HOME V2.1 exactly to continue.
> 
Starting in 3 seconds...
3
2
1

========================================================================================================
LOWCMD ZERO-DISPLACEMENT TAKEOVER TEST
========================================================================================================
Takeover max drift : 0.000696 rad
Final max |dq|     : 0.021476 rad/s
TAKEOVER_TEST = PASS
========================================================================================================

POST-TAKEOVER V2.1 DECISION
Global HOME error : 0.540896 rad
Mode              : ADAPTIVE RECOVERY

========================================================================================================
ADAPTIVE WRIST RECOVERY
========================================================================================================
Stage delta       : 0.150000 rad
HOME threshold    : 0.050000 rad
Max iterations    : 12
Min progress      : 0.005000 rad
Max stall count   : 2

WRIST_ITER_01 BEFORE: HOME error=0.540896 rad (left_wrist_pitch)
WRIST_ITER_01 TARGET: step=0.150000 rad (right_wrist_pitch), nominal remaining=0.390896 rad (left_wrist_pitch)

========================================================================================================
TRAJECTORY START: WRIST_ITER_01
========================================================================================================
Duration       : 5.500s
Max joint delta: 0.150000 rad
Peak velocity  : 0.051136 rad/s
Peak accel     : 0.028629 rad/s^2
[WRIST_ITER_01] t=0.00/5.50s target_err=0.150024 max|dq|=0.018408
[WRIST_ITER_01] t=0.25/5.50s target_err=0.150015 max|dq|=0.021476
[WRIST_ITER_01] t=0.51/5.50s target_err=0.150012 max|dq|=0.024544
[WRIST_ITER_01] t=0.77/5.50s target_err=0.149952 max|dq|=0.015501
[WRIST_ITER_01] t=1.03/5.50s target_err=0.149748 max|dq|=0.012272
[WRIST_ITER_01] t=1.29/5.50s target_err=0.149281 max|dq|=0.030680
[WRIST_ITER_01] t=1.55/5.50s target_err=0.147999 max|dq|=0.046504
[WRIST_ITER_01] t=1.81/5.50s target_err=0.140796 max|dq|=0.021476
[WRIST_ITER_01] t=2.06/5.50s target_err=0.134145 max|dq|=0.062005
[WRIST_ITER_01] t=2.32/5.50s target_err=0.127338 max|dq|=0.042951
[WRIST_ITER_01] t=2.58/5.50s target_err=0.116276 max|dq|=0.067495
[WRIST_ITER_01] t=2.83/5.50s target_err=0.107348 max|dq|=0.098175
[WRIST_ITER_01] t=3.09/5.50s target_err=0.099079 max|dq|=0.061359
[WRIST_ITER_01] t=3.35/5.50s target_err=0.092404 max|dq|=0.042951
[WRIST_ITER_01] t=3.60/5.50s target_err=0.087227 max|dq|=0.049087
[WRIST_ITER_01] t=3.86/5.50s target_err=0.083392 max|dq|=0.046504
[WRIST_ITER_01] t=4.12/5.50s target_err=0.082025 max|dq|=0.067495
[WRIST_ITER_01] t=4.37/5.50s target_err=0.080563 max|dq|=0.024544
[WRIST_ITER_01] t=4.63/5.50s target_err=0.079677 max|dq|=0.030680
[WRIST_ITER_01] t=4.89/5.50s target_err=0.078814 max|dq|=0.018408
[WRIST_ITER_01] t=5.14/5.50s target_err=0.077927 max|dq|=0.009204
[WRIST_ITER_01] t=5.40/5.50s target_err=0.077519 max|dq|=0.015501
[WRIST_ITER_01_hold] active_home=0.468308 active_target=0.077412 inactive_hold=0.026113 stable=0.00/0.50
[WRIST_ITER_01_hold] active_home=0.468080 active_target=0.077184 inactive_hold=0.026113 stable=0.00/0.50
[WRIST_ITER_01_hold] active_home=0.467900 active_target=0.077004 inactive_hold=0.026128 stable=0.00/0.50
[WRIST_ITER_01_hold] active_home=0.467732 active_target=0.076836 inactive_hold=0.026143 stable=0.00/0.50
[WRIST_ITER_01_hold] active_home=0.467601 active_target=0.076705 inactive_hold=0.026128 stable=0.00/0.50
[WRIST_ITER_01_hold] active_home=0.467493 active_target=0.076597 inactive_hold=0.026113 stable=0.00/0.50
[WRIST_ITER_01_hold] active_home=0.467421 active_target=0.076525 inactive_hold=0.026128 stable=0.00/0.50
[WRIST_ITER_01_hold] active_home=0.467349 active_target=0.076453 inactive_hold=0.026128 stable=0.00/0.50

WRIST_ITER_01 RESULT
  HOME error before : 0.540896 rad
  HOME error after  : 0.467313 rad (left_wrist_pitch, -0.467313)
  Progress          : +0.073583 rad
  Micro-target err  : 0.076417 rad (left_wrist_pitch)
  Inactive hold err : 0.026128 rad (left_elbow)
  Stable at HOME    : False
  Final max |dq|    : 0.018408 rad/s
  Wrist stall count : 0/2 (min progress 0.005000 rad)
WRIST_ITER_01 = CONTINUE

WRIST_ITER_02 BEFORE: HOME error=0.467313 rad (left_wrist_pitch)
WRIST_ITER_02 TARGET: step=0.150000 rad (left_wrist_yaw), nominal remaining=0.317313 rad (left_wrist_pitch)

========================================================================================================
TRAJECTORY START: WRIST_ITER_02
========================================================================================================
Duration       : 5.500s
Max joint delta: 0.150000 rad
Peak velocity  : 0.051136 rad/s
Peak accel     : 0.028629 rad/s^2
[WRIST_ITER_02] t=0.00/5.50s target_err=0.150000 max|dq|=0.018408
[WRIST_ITER_02] t=0.25/5.50s target_err=0.160031 max|dq|=0.015501
[WRIST_ITER_02] t=0.51/5.50s target_err=0.160019 max|dq|=0.018408
[WRIST_ITER_02] t=0.76/5.50s target_err=0.159899 max|dq|=0.012272
[WRIST_ITER_02] t=1.01/5.50s target_err=0.159420 max|dq|=0.018408
[WRIST_ITER_02] t=1.27/5.50s target_err=0.158269 max|dq|=0.024544
[WRIST_ITER_02] t=1.53/5.50s target_err=0.156388 max|dq|=0.015501
[WRIST_ITER_02] t=1.79/5.50s target_err=0.153176 max|dq|=0.073631
[WRIST_ITER_02] t=2.04/5.50s target_err=0.148873 max|dq|=0.092039
[WRIST_ITER_02] t=2.29/5.50s target_err=0.144403 max|dq|=0.042951
[WRIST_ITER_02] t=2.55/5.50s target_err=0.138579 max|dq|=0.055223
[WRIST_ITER_02] t=2.81/5.50s target_err=0.132239 max|dq|=0.042951
[WRIST_ITER_02] t=3.06/5.50s target_err=0.125900 max|dq|=0.049087
[WRIST_ITER_02] t=3.31/5.50s target_err=0.122580 max|dq|=0.049087
[WRIST_ITER_02] t=3.56/5.50s target_err=0.120159 max|dq|=0.067495
[WRIST_ITER_02] t=3.81/5.50s target_err=0.118457 max|dq|=0.054254
[WRIST_ITER_02] t=4.06/5.50s target_err=0.117607 max|dq|=0.036816
[WRIST_ITER_02] t=4.32/5.50s target_err=0.117127 max|dq|=0.079767
[WRIST_ITER_02] t=4.57/5.50s target_err=0.116216 max|dq|=0.024544
[WRIST_ITER_02] t=4.83/5.50s target_err=0.115521 max|dq|=0.021476
[WRIST_ITER_02] t=5.09/5.50s target_err=0.115066 max|dq|=0.024544
[WRIST_ITER_02] t=5.35/5.50s target_err=0.114850 max|dq|=0.015340
[WRIST_ITER_02_hold] active_home=0.432007 active_target=0.114694 inactive_hold=0.033470 stable=0.00/0.50
[WRIST_ITER_02_hold] active_home=0.431852 active_target=0.114539 inactive_hold=0.033485 stable=0.00/0.50
[WRIST_ITER_02_hold] active_home=0.431756 active_target=0.114443 inactive_hold=0.033561 stable=0.00/0.50
[WRIST_ITER_02_hold] active_home=0.431648 active_target=0.114335 inactive_hold=0.033561 stable=0.00/0.50
[WRIST_ITER_02_hold] active_home=0.431588 active_target=0.114275 inactive_hold=0.033561 stable=0.00/0.50
[WRIST_ITER_02_hold] active_home=0.431516 active_target=0.114203 inactive_hold=0.033531 stable=0.00/0.50
[WRIST_ITER_02_hold] active_home=0.431468 active_target=0.114155 inactive_hold=0.033531 stable=0.00/0.50
[WRIST_ITER_02_hold] active_home=0.431420 active_target=0.114107 inactive_hold=0.033515 stable=0.00/0.50

WRIST_ITER_02 RESULT
  HOME error before : 0.467313 rad
  HOME error after  : 0.431360 rad (left_wrist_pitch, -0.431360)
  Progress          : +0.035953 rad
  Micro-target err  : 0.114047 rad (left_wrist_pitch)
  Inactive hold err : 0.033531 rad (right_elbow)
  Stable at HOME    : False
  Final max |dq|    : 0.018408 rad/s
  Wrist stall count : 0/2 (min progress 0.005000 rad)
WRIST_ITER_02 = CONTINUE

WRIST_ITER_03 BEFORE: HOME error=0.431360 rad (left_wrist_pitch)
WRIST_ITER_03 TARGET: step=0.150000 rad (left_wrist_pitch), nominal remaining=0.281360 rad (left_wrist_pitch)

========================================================================================================
TRAJECTORY START: WRIST_ITER_03
========================================================================================================
Duration       : 5.500s
Max joint delta: 0.150000 rad
Peak velocity  : 0.051136 rad/s
Peak accel     : 0.028629 rad/s^2
[WRIST_ITER_03] t=0.00/5.50s target_err=0.150000 max|dq|=0.018408
[WRIST_ITER_03] t=0.25/5.50s target_err=0.160726 max|dq|=0.015501
[WRIST_ITER_03] t=0.51/5.50s target_err=0.160702 max|dq|=0.015340
[WRIST_ITER_03] t=0.76/5.50s target_err=0.160594 max|dq|=0.018408
[WRIST_ITER_03] t=1.01/5.50s target_err=0.159935 max|dq|=0.018408
[WRIST_ITER_03] t=1.26/5.50s target_err=0.158689 max|dq|=0.007751
[WRIST_ITER_03] t=1.52/5.50s target_err=0.156531 max|dq|=0.024544
[WRIST_ITER_03] t=1.77/5.50s target_err=0.152936 max|dq|=0.015340
[WRIST_ITER_03] t=2.03/5.50s target_err=0.149425 max|dq|=0.023252
[WRIST_ITER_03] t=2.29/5.50s target_err=0.143193 max|dq|=0.036816
[WRIST_ITER_03] t=2.54/5.50s target_err=0.135835 max|dq|=0.036816
[WRIST_ITER_03] t=2.80/5.50s target_err=0.127326 max|dq|=0.042951
[WRIST_ITER_03] t=3.06/5.50s target_err=0.121454 max|dq|=0.021476
[WRIST_ITER_03] t=3.31/5.50s target_err=0.119224 max|dq|=0.036816
[WRIST_ITER_03] t=3.57/5.50s target_err=0.118625 max|dq|=0.021476
[WRIST_ITER_03] t=3.82/5.50s target_err=0.118230 max|dq|=0.024544
[WRIST_ITER_03] t=4.07/5.50s target_err=0.117810 max|dq|=0.018408
[WRIST_ITER_03] t=4.32/5.50s target_err=0.117523 max|dq|=0.021476
[WRIST_ITER_03] t=4.58/5.50s target_err=0.117295 max|dq|=0.012272
[WRIST_ITER_03] t=4.84/5.50s target_err=0.117115 max|dq|=0.012272
[WRIST_ITER_03] t=5.09/5.50s target_err=0.117007 max|dq|=0.012272
[WRIST_ITER_03] t=5.35/5.50s target_err=0.116936 max|dq|=0.015501
[WRIST_ITER_03_hold] active_home=0.398260 active_target=0.116900 inactive_hold=0.027566 stable=0.00/0.50
[WRIST_ITER_03_hold] active_home=0.398212 active_target=0.116852 inactive_hold=0.027566 stable=0.00/0.50
[WRIST_ITER_03_hold] active_home=0.398164 active_target=0.116804 inactive_hold=0.027566 stable=0.00/0.50
[WRIST_ITER_03_hold] active_home=0.398116 active_target=0.116756 inactive_hold=0.027566 stable=0.00/0.50
[WRIST_ITER_03_hold] active_home=0.398080 active_target=0.116720 inactive_hold=0.027551 stable=0.00/0.50
[WRIST_ITER_03_hold] active_home=0.398044 active_target=0.116684 inactive_hold=0.027566 stable=0.00/0.50
[WRIST_ITER_03_hold] active_home=0.398032 active_target=0.116672 inactive_hold=0.027581 stable=0.00/0.50
[WRIST_ITER_03_hold] active_home=0.398008 active_target=0.116648 inactive_hold=0.027566 stable=0.00/0.50

WRIST_ITER_03 RESULT
  HOME error before : 0.431360 rad
  HOME error after  : 0.397972 rad (left_wrist_pitch, -0.397972)
  Progress          : +0.033388 rad
  Micro-target err  : 0.116612 rad (left_wrist_pitch)
  Inactive hold err : 0.027581 rad (left_elbow)
  Stable at HOME    : False
  Final max |dq|    : 0.012272 rad/s
  Wrist stall count : 0/2 (min progress 0.005000 rad)
WRIST_ITER_03 = CONTINUE

WRIST_ITER_04 BEFORE: HOME error=0.397972 rad (left_wrist_pitch)
WRIST_ITER_04 TARGET: step=0.150000 rad (left_wrist_pitch), nominal remaining=0.247972 rad (left_wrist_pitch)

========================================================================================================
TRAJECTORY START: WRIST_ITER_04
========================================================================================================
Duration       : 5.500s
Max joint delta: 0.150000 rad
Peak velocity  : 0.051136 rad/s
Peak accel     : 0.028629 rad/s^2
[WRIST_ITER_04] t=0.00/5.50s target_err=0.150000 max|dq|=0.012272
[WRIST_ITER_04] t=0.25/5.50s target_err=0.160091 max|dq|=0.018408
[WRIST_ITER_04] t=0.51/5.50s target_err=0.160019 max|dq|=0.018408
[WRIST_ITER_04] t=0.77/5.50s target_err=0.159863 max|dq|=0.012272
[WRIST_ITER_04] t=1.02/5.50s target_err=0.159396 max|dq|=0.012272
[WRIST_ITER_04] t=1.28/5.50s target_err=0.157718 max|dq|=0.018408
[WRIST_ITER_04] t=1.53/5.50s target_err=0.155045 max|dq|=0.018408
[WRIST_ITER_04] t=1.78/5.50s target_err=0.152337 max|dq|=0.018408
[WRIST_ITER_04] t=2.04/5.50s target_err=0.149245 max|dq|=0.018408
[WRIST_ITER_04] t=2.30/5.50s target_err=0.143241 max|dq|=0.030680
[WRIST_ITER_04] t=2.56/5.50s target_err=0.139777 max|dq|=0.015501
[WRIST_ITER_04] t=2.82/5.50s target_err=0.135116 max|dq|=0.024544
[WRIST_ITER_04] t=3.07/5.50s target_err=0.130765 max|dq|=0.030680
[WRIST_ITER_04] t=3.33/5.50s target_err=0.122592 max|dq|=0.036816
[WRIST_ITER_04] t=3.58/5.50s target_err=0.120099 max|dq|=0.012272
[WRIST_ITER_04] t=3.84/5.50s target_err=0.119105 max|dq|=0.012272
[WRIST_ITER_04] t=4.10/5.50s target_err=0.118529 max|dq|=0.012272
[WRIST_ITER_04] t=4.36/5.50s target_err=0.118206 max|dq|=0.012272
[WRIST_ITER_04] t=4.61/5.50s target_err=0.117834 max|dq|=0.015501
[WRIST_ITER_04] t=4.86/5.50s target_err=0.117535 max|dq|=0.012272
[WRIST_ITER_04] t=5.12/5.50s target_err=0.117343 max|dq|=0.024544
[WRIST_ITER_04] t=5.38/5.50s target_err=0.117019 max|dq|=0.012272
[WRIST_ITER_04_hold] active_home=0.364896 active_target=0.116923 inactive_hold=0.028898 stable=0.00/0.50
[WRIST_ITER_04_hold] active_home=0.364752 active_target=0.116780 inactive_hold=0.029080 stable=0.00/0.50
[WRIST_ITER_04_hold] active_home=0.364620 active_target=0.116648 inactive_hold=0.029110 stable=0.00/0.50
[WRIST_ITER_04_hold] active_home=0.364500 active_target=0.116528 inactive_hold=0.029201 stable=0.00/0.50
[WRIST_ITER_04_hold] active_home=0.364416 active_target=0.116444 inactive_hold=0.029292 stable=0.00/0.50
[WRIST_ITER_04_hold] active_home=0.364344 active_target=0.116372 inactive_hold=0.029368 stable=0.00/0.50
[WRIST_ITER_04_hold] active_home=0.364273 active_target=0.116300 inactive_hold=0.029383 stable=0.00/0.50
[WRIST_ITER_04_hold] active_home=0.364237 active_target=0.116264 inactive_hold=0.029398 stable=0.00/0.50

WRIST_ITER_04 RESULT
  HOME error before : 0.397972 rad
  HOME error after  : 0.364189 rad (left_wrist_pitch, -0.364189)
  Progress          : +0.033784 rad
  Micro-target err  : 0.116216 rad (left_wrist_pitch)
  Inactive hold err : 0.029413 rad (left_elbow)
  Stable at HOME    : False
  Final max |dq|    : 0.007751 rad/s
  Wrist stall count : 0/2 (min progress 0.005000 rad)
WRIST_ITER_04 = CONTINUE

WRIST_ITER_05 BEFORE: HOME error=0.364189 rad (left_wrist_pitch)
WRIST_ITER_05 TARGET: step=0.150000 rad (left_wrist_pitch), nominal remaining=0.214189 rad (left_wrist_pitch)

========================================================================================================
TRAJECTORY START: WRIST_ITER_05
========================================================================================================
Duration       : 5.500s
Max joint delta: 0.150000 rad
Peak velocity  : 0.051136 rad/s
Peak accel     : 0.028629 rad/s^2
[WRIST_ITER_05] t=0.00/5.50s target_err=0.150000 max|dq|=0.007751
[WRIST_ITER_05] t=0.25/5.50s target_err=0.160247 max|dq|=0.007751
[WRIST_ITER_05] t=0.50/5.50s target_err=0.160294 max|dq|=0.018408
[WRIST_ITER_05] t=0.75/5.50s target_err=0.160211 max|dq|=0.012272
[WRIST_ITER_05] t=1.00/5.50s target_err=0.159791 max|dq|=0.012272
[WRIST_ITER_05] t=1.25/5.50s target_err=0.158341 max|dq|=0.018408
[WRIST_ITER_05] t=1.51/5.50s target_err=0.155465 max|dq|=0.018408
[WRIST_ITER_05] t=1.76/5.50s target_err=0.153224 max|dq|=0.012272
[WRIST_ITER_05] t=2.02/5.50s target_err=0.150156 max|dq|=0.024544
[WRIST_ITER_05] t=2.27/5.50s target_err=0.145710 max|dq|=0.023252
[WRIST_ITER_05] t=2.52/5.50s target_err=0.139154 max|dq|=0.024544
[WRIST_ITER_05] t=2.78/5.50s target_err=0.129399 max|dq|=0.055223
[WRIST_ITER_05] t=3.04/5.50s target_err=0.119980 max|dq|=0.024544
[WRIST_ITER_05] t=3.29/5.50s target_err=0.116732 max|dq|=0.018408
[WRIST_ITER_05] t=3.54/5.50s target_err=0.115833 max|dq|=0.015340
[WRIST_ITER_05] t=3.80/5.50s target_err=0.115461 max|dq|=0.024544
[WRIST_ITER_05] t=4.06/5.50s target_err=0.115222 max|dq|=0.015501
[WRIST_ITER_05] t=4.31/5.50s target_err=0.114958 max|dq|=0.012272
[WRIST_ITER_05] t=4.57/5.50s target_err=0.114814 max|dq|=0.015501
[WRIST_ITER_05] t=4.82/5.50s target_err=0.114718 max|dq|=0.021476
[WRIST_ITER_05] t=5.08/5.50s target_err=0.114646 max|dq|=0.024544
[WRIST_ITER_05] t=5.33/5.50s target_err=0.114587 max|dq|=0.018408
[WRIST_ITER_05_hold] active_home=0.328751 active_target=0.114563 inactive_hold=0.031684 stable=0.00/0.50
[WRIST_ITER_05_hold] active_home=0.328715 active_target=0.114527 inactive_hold=0.031669 stable=0.00/0.50
[WRIST_ITER_05_hold] active_home=0.328679 active_target=0.114491 inactive_hold=0.031684 stable=0.00/0.50
[WRIST_ITER_05_hold] active_home=0.328679 active_target=0.114491 inactive_hold=0.031684 stable=0.00/0.50
[WRIST_ITER_05_hold] active_home=0.328667 active_target=0.114479 inactive_hold=0.031684 stable=0.00/0.50
[WRIST_ITER_05_hold] active_home=0.328631 active_target=0.114443 inactive_hold=0.031684 stable=0.00/0.50
[WRIST_ITER_05_hold] active_home=0.328619 active_target=0.114431 inactive_hold=0.031684 stable=0.00/0.50
[WRIST_ITER_05_hold] active_home=0.328583 active_target=0.114395 inactive_hold=0.031684 stable=0.00/0.50

WRIST_ITER_05 RESULT
  HOME error before : 0.364189 rad
  HOME error after  : 0.328583 rad (left_wrist_pitch, -0.328583)
  Progress          : +0.035605 rad
  Micro-target err  : 0.114395 rad (left_wrist_pitch)
  Inactive hold err : 0.031684 rad (left_elbow)
  Stable at HOME    : False
  Final max |dq|    : 0.018408 rad/s
  Wrist stall count : 0/2 (min progress 0.005000 rad)
WRIST_ITER_05 = CONTINUE

WRIST_ITER_06 BEFORE: HOME error=0.328583 rad (left_wrist_pitch)
WRIST_ITER_06 TARGET: step=0.150000 rad (left_wrist_pitch), nominal remaining=0.178583 rad (left_wrist_pitch)

========================================================================================================
TRAJECTORY START: WRIST_ITER_06
========================================================================================================
Duration       : 5.500s
Max joint delta: 0.150000 rad
Peak velocity  : 0.051136 rad/s
Peak accel     : 0.028629 rad/s^2
[WRIST_ITER_06] t=0.00/5.50s target_err=0.149988 max|dq|=0.018408
[WRIST_ITER_06] t=0.25/5.50s target_err=0.160199 max|dq|=0.012272
[WRIST_ITER_06] t=0.51/5.50s target_err=0.160247 max|dq|=0.018408
[WRIST_ITER_06] t=0.77/5.50s target_err=0.160163 max|dq|=0.012272
[WRIST_ITER_06] t=1.03/5.50s target_err=0.159444 max|dq|=0.018408
[WRIST_ITER_06] t=1.29/5.50s target_err=0.157394 max|dq|=0.009204
[WRIST_ITER_06] t=1.55/5.50s target_err=0.154638 max|dq|=0.018408
[WRIST_ITER_06] t=1.81/5.50s target_err=0.151474 max|dq|=0.018408
[WRIST_ITER_06] t=2.07/5.50s target_err=0.148406 max|dq|=0.018408
[WRIST_ITER_06] t=2.33/5.50s target_err=0.143948 max|dq|=0.015340
[WRIST_ITER_06] t=2.59/5.50s target_err=0.138986 max|dq|=0.018408
[WRIST_ITER_06] t=2.84/5.50s target_err=0.129088 max|dq|=0.049087
[WRIST_ITER_06] t=3.09/5.50s target_err=0.121909 max|dq|=0.012272
[WRIST_ITER_06] t=3.35/5.50s target_err=0.119416 max|dq|=0.015501
[WRIST_ITER_06] t=3.60/5.50s target_err=0.117798 max|dq|=0.018408
[WRIST_ITER_06] t=3.85/5.50s target_err=0.116037 max|dq|=0.012272
[WRIST_ITER_06] t=4.11/5.50s target_err=0.113964 max|dq|=0.018408
[WRIST_ITER_06] t=4.36/5.50s target_err=0.113017 max|dq|=0.030680
[WRIST_ITER_06] t=4.61/5.50s target_err=0.112549 max|dq|=0.024544
[WRIST_ITER_06] t=4.87/5.50s target_err=0.112190 max|dq|=0.015501
[WRIST_ITER_06] t=5.12/5.50s target_err=0.111854 max|dq|=0.042951
[WRIST_ITER_06] t=5.37/5.50s target_err=0.111639 max|dq|=0.007751
[WRIST_ITER_06_hold] active_home=0.290126 active_target=0.111543 inactive_hold=0.032486 stable=0.00/0.50
[WRIST_ITER_06_hold] active_home=0.289958 active_target=0.111375 inactive_hold=0.032471 stable=0.00/0.50
[WRIST_ITER_06_hold] active_home=0.289815 active_target=0.111231 inactive_hold=0.032486 stable=0.00/0.50
[WRIST_ITER_06_hold] active_home=0.289695 active_target=0.111111 inactive_hold=0.032486 stable=0.00/0.50
[WRIST_ITER_06_hold] active_home=0.289611 active_target=0.111027 inactive_hold=0.032486 stable=0.00/0.50
[WRIST_ITER_06_hold] active_home=0.289551 active_target=0.110967 inactive_hold=0.032501 stable=0.00/0.50
[WRIST_ITER_06_hold] active_home=0.289491 active_target=0.110907 inactive_hold=0.032516 stable=0.00/0.50
[WRIST_ITER_06_hold] active_home=0.289443 active_target=0.110860 inactive_hold=0.032486 stable=0.00/0.50

WRIST_ITER_06 RESULT
  HOME error before : 0.328583 rad
  HOME error after  : 0.289407 rad (left_wrist_pitch, -0.289407)
  Progress          : +0.039176 rad
  Micro-target err  : 0.110824 rad (left_wrist_pitch)
  Inactive hold err : 0.032486 rad (left_elbow)
  Stable at HOME    : False
  Final max |dq|    : 0.027612 rad/s
  Wrist stall count : 0/2 (min progress 0.005000 rad)
WRIST_ITER_06 = CONTINUE

WRIST_ITER_07 BEFORE: HOME error=0.289407 rad (left_wrist_pitch)
WRIST_ITER_07 TARGET: step=0.150000 rad (left_wrist_pitch), nominal remaining=0.139407 rad (left_wrist_pitch)

========================================================================================================
TRAJECTORY START: WRIST_ITER_07
========================================================================================================
Duration       : 5.500s
Max joint delta: 0.150000 rad
Peak velocity  : 0.051136 rad/s
Peak accel     : 0.028629 rad/s^2
[WRIST_ITER_07] t=0.00/5.50s target_err=0.150000 max|dq|=0.027612
[WRIST_ITER_07] t=0.25/5.50s target_err=0.162068 max|dq|=0.018408
[WRIST_ITER_07] t=0.50/5.50s target_err=0.162092 max|dq|=0.012272
[WRIST_ITER_07] t=0.76/5.50s target_err=0.162032 max|dq|=0.018408
[WRIST_ITER_07] t=1.02/5.50s target_err=0.161721 max|dq|=0.021476
[WRIST_ITER_07] t=1.28/5.50s target_err=0.160558 max|dq|=0.012272
[WRIST_ITER_07] t=1.53/5.50s target_err=0.157143 max|dq|=0.042951
[WRIST_ITER_07] t=1.78/5.50s target_err=0.151402 max|dq|=0.030680
[WRIST_ITER_07] t=2.04/5.50s target_err=0.147256 max|dq|=0.012272
[WRIST_ITER_07] t=2.29/5.50s target_err=0.143109 max|dq|=0.021476
[WRIST_ITER_07] t=2.55/5.50s target_err=0.137704 max|dq|=0.012272
[WRIST_ITER_07] t=2.80/5.50s target_err=0.129435 max|dq|=0.024544
[WRIST_ITER_07] t=3.05/5.50s target_err=0.121921 max|dq|=0.018408
[WRIST_ITER_07] t=3.31/5.50s target_err=0.119057 max|dq|=0.012272
[WRIST_ITER_07] t=3.57/5.50s target_err=0.118110 max|dq|=0.030680
[WRIST_ITER_07] t=3.82/5.50s target_err=0.116408 max|dq|=0.006136
[WRIST_ITER_07] t=4.08/5.50s target_err=0.114395 max|dq|=0.012272
[WRIST_ITER_07] t=4.34/5.50s target_err=0.112130 max|dq|=0.012272
[WRIST_ITER_07] t=4.60/5.50s target_err=0.111027 max|dq|=0.024544
[WRIST_ITER_07] t=4.85/5.50s target_err=0.110536 max|dq|=0.006136
[WRIST_ITER_07] t=5.11/5.50s target_err=0.110176 max|dq|=0.015340
[WRIST_ITER_07] t=5.37/5.50s target_err=0.109889 max|dq|=0.015501
[WRIST_ITER_07_hold] active_home=0.249224 active_target=0.109817 inactive_hold=0.028475 stable=0.00/0.50
[WRIST_ITER_07_hold] active_home=0.249044 active_target=0.109637 inactive_hold=0.028490 stable=0.00/0.50
[WRIST_ITER_07_hold] active_home=0.248745 active_target=0.109337 inactive_hold=0.028581 stable=0.00/0.50
[WRIST_ITER_07_hold] active_home=0.248625 active_target=0.109218 inactive_hold=0.028626 stable=0.00/0.50
[WRIST_ITER_07_hold] active_home=0.248541 active_target=0.109134 inactive_hold=0.028641 stable=0.00/0.50
[WRIST_ITER_07_hold] active_home=0.248445 active_target=0.109038 inactive_hold=0.028641 stable=0.00/0.50
[WRIST_ITER_07_hold] active_home=0.248349 active_target=0.108942 inactive_hold=0.028656 stable=0.00/0.50
[WRIST_ITER_07_hold] active_home=0.248265 active_target=0.108858 inactive_hold=0.028702 stable=0.00/0.50

WRIST_ITER_07 RESULT
  HOME error before : 0.289407 rad
  HOME error after  : 0.248193 rad (left_wrist_pitch, -0.248193)
  Progress          : +0.041214 rad
  Micro-target err  : 0.108786 rad (left_wrist_pitch)
  Inactive hold err : 0.028702 rad (left_elbow)
  Stable at HOME    : False
  Final max |dq|    : 0.015501 rad/s
  Wrist stall count : 0/2 (min progress 0.005000 rad)
WRIST_ITER_07 = CONTINUE

WRIST_ITER_08 BEFORE: HOME error=0.248193 rad (left_wrist_pitch)
WRIST_ITER_08 TARGET: step=0.150000 rad (left_wrist_pitch), nominal remaining=0.098193 rad (left_wrist_pitch)

========================================================================================================
TRAJECTORY START: WRIST_ITER_08
========================================================================================================
Duration       : 5.500s
Max joint delta: 0.150000 rad
Peak velocity  : 0.051136 rad/s
Peak accel     : 0.028629 rad/s^2
[WRIST_ITER_08] t=0.00/5.50s target_err=0.150000 max|dq|=0.015501
[WRIST_ITER_08] t=0.25/5.50s target_err=0.162344 max|dq|=0.012272
[WRIST_ITER_08] t=0.51/5.50s target_err=0.162320 max|dq|=0.030680
[WRIST_ITER_08] t=0.77/5.50s target_err=0.162212 max|dq|=0.009204
[WRIST_ITER_08] t=1.03/5.50s target_err=0.161541 max|dq|=0.015501
[WRIST_ITER_08] t=1.29/5.50s target_err=0.159348 max|dq|=0.018408
[WRIST_ITER_08] t=1.55/5.50s target_err=0.155800 max|dq|=0.018408
[WRIST_ITER_08] t=1.81/5.50s target_err=0.151330 max|dq|=0.018408
[WRIST_ITER_08] t=2.07/5.50s target_err=0.147100 max|dq|=0.012272
[WRIST_ITER_08] t=2.32/5.50s target_err=0.142905 max|dq|=0.024544
[WRIST_ITER_08] t=2.57/5.50s target_err=0.138459 max|dq|=0.024544
[WRIST_ITER_08] t=2.83/5.50s target_err=0.130490 max|dq|=0.049087
[WRIST_ITER_08] t=3.09/5.50s target_err=0.124785 max|dq|=0.012272
[WRIST_ITER_08] t=3.35/5.50s target_err=0.122604 max|dq|=0.023252
[WRIST_ITER_08] t=3.61/5.50s target_err=0.120399 max|dq|=0.024544
[WRIST_ITER_08] t=3.86/5.50s target_err=0.119416 max|dq|=0.015340
[WRIST_ITER_08] t=4.12/5.50s target_err=0.118625 max|dq|=0.018408
[WRIST_ITER_08] t=4.38/5.50s target_err=0.117798 max|dq|=0.024544
[WRIST_ITER_08] t=4.63/5.50s target_err=0.117151 max|dq|=0.024544
[WRIST_ITER_08] t=4.89/5.50s target_err=0.116564 max|dq|=0.012272
[WRIST_ITER_08] t=5.15/5.50s target_err=0.115989 max|dq|=0.030680
[WRIST_ITER_08] t=5.40/5.50s target_err=0.115545 max|dq|=0.018408
[WRIST_ITER_08_hold] active_home=0.213619 active_target=0.115425 inactive_hold=0.028762 stable=0.00/0.50
[WRIST_ITER_08_hold] active_home=0.213391 active_target=0.115198 inactive_hold=0.028883 stable=0.00/0.50
[WRIST_ITER_08_hold] active_home=0.213247 active_target=0.115054 inactive_hold=0.028974 stable=0.00/0.50
[WRIST_ITER_08_hold] active_home=0.213115 active_target=0.114922 inactive_hold=0.029050 stable=0.00/0.50
[WRIST_ITER_08_hold] active_home=0.212996 active_target=0.114802 inactive_hold=0.029095 stable=0.00/0.50
[WRIST_ITER_08_hold] active_home=0.212936 active_target=0.114742 inactive_hold=0.029095 stable=0.00/0.50
[WRIST_ITER_08_hold] active_home=0.212888 active_target=0.114694 inactive_hold=0.029110 stable=0.00/0.50
[WRIST_ITER_08_hold] active_home=0.212828 active_target=0.114635 inactive_hold=0.029125 stable=0.00/0.50

WRIST_ITER_08 RESULT
  HOME error before : 0.248193 rad
  HOME error after  : 0.212804 rad (left_wrist_pitch, -0.212804)
  Progress          : +0.035389 rad
  Micro-target err  : 0.114611 rad (left_wrist_pitch)
  Inactive hold err : 0.029125 rad (left_elbow)
  Stable at HOME    : False
  Final max |dq|    : 0.012272 rad/s
  Wrist stall count : 0/2 (min progress 0.005000 rad)
WRIST_ITER_08 = CONTINUE

WRIST_ITER_09 BEFORE: HOME error=0.212804 rad (left_wrist_pitch)
WRIST_ITER_09 TARGET: step=0.150000 rad (left_wrist_pitch), nominal remaining=0.062804 rad (left_wrist_pitch)

========================================================================================================
TRAJECTORY START: WRIST_ITER_09
========================================================================================================
Duration       : 5.500s
Max joint delta: 0.150000 rad
Peak velocity  : 0.051136 rad/s
Peak accel     : 0.028629 rad/s^2
[WRIST_ITER_09] t=0.00/5.50s target_err=0.150000 max|dq|=0.012272
[WRIST_ITER_09] t=0.25/5.50s target_err=0.160846 max|dq|=0.015340
[WRIST_ITER_09] t=0.51/5.50s target_err=0.160846 max|dq|=0.012272
[WRIST_ITER_09] t=0.77/5.50s target_err=0.160762 max|dq|=0.018408
[WRIST_ITER_09] t=1.03/5.50s target_err=0.160163 max|dq|=0.018408
[WRIST_ITER_09] t=1.29/5.50s target_err=0.158557 max|dq|=0.018408
[WRIST_ITER_09] t=1.54/5.50s target_err=0.155824 max|dq|=0.007751
[WRIST_ITER_09] t=1.79/5.50s target_err=0.153080 max|dq|=0.012272
[WRIST_ITER_09] t=2.04/5.50s target_err=0.149617 max|dq|=0.024544
[WRIST_ITER_09] t=2.29/5.50s target_err=0.145494 max|dq|=0.024544
[WRIST_ITER_09] t=2.55/5.50s target_err=0.139190 max|dq|=0.036816
[WRIST_ITER_09] t=2.81/5.50s target_err=0.131592 max|dq|=0.049087
[WRIST_ITER_09] t=3.06/5.50s target_err=0.126906 max|dq|=0.012272
[WRIST_ITER_09] t=3.32/5.50s target_err=0.122280 max|dq|=0.024544
[WRIST_ITER_09] t=3.58/5.50s target_err=0.119488 max|dq|=0.036816
[WRIST_ITER_09] t=3.83/5.50s target_err=0.117043 max|dq|=0.015501
[WRIST_ITER_09] t=4.09/5.50s target_err=0.116061 max|dq|=0.018408
[WRIST_ITER_09] t=4.35/5.50s target_err=0.115593 max|dq|=0.009204
[WRIST_ITER_09] t=4.60/5.50s target_err=0.115258 max|dq|=0.015501
[WRIST_ITER_09] t=4.86/5.50s target_err=0.114958 max|dq|=0.030680
[WRIST_ITER_09] t=5.12/5.50s target_err=0.114694 max|dq|=0.018408
[WRIST_ITER_09] t=5.37/5.50s target_err=0.114527 max|dq|=0.018408
[WRIST_ITER_09_hold] active_home=0.177235 active_target=0.114431 inactive_hold=0.029095 stable=0.00/0.50
[WRIST_ITER_09_hold] active_home=0.177139 active_target=0.114335 inactive_hold=0.029125 stable=0.00/0.50
[WRIST_ITER_09_hold] active_home=0.177055 active_target=0.114251 inactive_hold=0.029110 stable=0.00/0.50
[WRIST_ITER_09_hold] active_home=0.176995 active_target=0.114191 inactive_hold=0.029125 stable=0.00/0.50
[WRIST_ITER_09_hold] active_home=0.176875 active_target=0.114071 inactive_hold=0.029125 stable=0.00/0.50
[WRIST_ITER_09_hold] active_home=0.176779 active_target=0.113975 inactive_hold=0.029125 stable=0.00/0.50
[WRIST_ITER_09_hold] active_home=0.176648 active_target=0.113844 inactive_hold=0.029125 stable=0.00/0.50
[WRIST_ITER_09_hold] active_home=0.176552 active_target=0.113748 inactive_hold=0.029110 stable=0.00/0.50

WRIST_ITER_09 RESULT
  HOME error before : 0.212804 rad
  HOME error after  : 0.176492 rad (left_wrist_pitch, -0.176492)
  Progress          : +0.036312 rad
  Micro-target err  : 0.113688 rad (left_wrist_pitch)
  Inactive hold err : 0.029125 rad (left_elbow)
  Stable at HOME    : False
  Final max |dq|    : 0.012272 rad/s
  Wrist stall count : 0/2 (min progress 0.005000 rad)
WRIST_ITER_09 = CONTINUE

WRIST_ITER_10 BEFORE: HOME error=0.176492 rad (left_wrist_pitch)
WRIST_ITER_10 TARGET: step=0.150000 rad (left_wrist_pitch), nominal remaining=0.026492 rad (left_wrist_pitch)

========================================================================================================
TRAJECTORY START: WRIST_ITER_10
========================================================================================================
Duration       : 5.500s
Max joint delta: 0.150000 rad
Peak velocity  : 0.051136 rad/s
Peak accel     : 0.028629 rad/s^2
[WRIST_ITER_10] t=0.00/5.50s target_err=0.150000 max|dq|=0.012272
[WRIST_ITER_10] t=0.25/5.50s target_err=0.163734 max|dq|=0.021476
[WRIST_ITER_10] t=0.51/5.50s target_err=0.163806 max|dq|=0.015501
[WRIST_ITER_10] t=0.77/5.50s target_err=0.163722 max|dq|=0.012272
[WRIST_ITER_10] t=1.03/5.50s target_err=0.163255 max|dq|=0.015340
[WRIST_ITER_10] t=1.28/5.50s target_err=0.160582 max|dq|=0.036816
[WRIST_ITER_10] t=1.53/5.50s target_err=0.156459 max|dq|=0.030680
[WRIST_ITER_10] t=1.79/5.50s target_err=0.152529 max|dq|=0.030680
[WRIST_ITER_10] t=2.04/5.50s target_err=0.148754 max|dq|=0.036816
[WRIST_ITER_10] t=2.29/5.50s target_err=0.144008 max|dq|=0.015501
[WRIST_ITER_10] t=2.54/5.50s target_err=0.137884 max|dq|=0.024544
[WRIST_ITER_10] t=2.80/5.50s target_err=0.131089 max|dq|=0.030680
[WRIST_ITER_10] t=3.06/5.50s target_err=0.124018 max|dq|=0.018408
[WRIST_ITER_10] t=3.32/5.50s target_err=0.120579 max|dq|=0.012272
[WRIST_ITER_10] t=3.58/5.50s target_err=0.118002 max|dq|=0.012272
[WRIST_ITER_10] t=3.84/5.50s target_err=0.111459 max|dq|=0.018408
[WRIST_ITER_10] t=4.10/5.50s target_err=0.108259 max|dq|=0.015340
[WRIST_ITER_10] t=4.35/5.50s target_err=0.107025 max|dq|=0.021476
[WRIST_ITER_10] t=4.61/5.50s target_err=0.105143 max|dq|=0.012272
[WRIST_ITER_10] t=4.86/5.50s target_err=0.104124 max|dq|=0.024544
[WRIST_ITER_10] t=5.12/5.50s target_err=0.103417 max|dq|=0.012272
[WRIST_ITER_10] t=5.37/5.50s target_err=0.102842 max|dq|=0.024544
[WRIST_ITER_10_hold] active_home=0.129130 active_target=0.102638 inactive_hold=0.032728 stable=0.00/0.50
[WRIST_ITER_10_hold] active_home=0.128806 active_target=0.102315 inactive_hold=0.032774 stable=0.00/0.50
[WRIST_ITER_10_hold] active_home=0.128555 active_target=0.102063 inactive_hold=0.032895 stable=0.00/0.50
[WRIST_ITER_10_hold] active_home=0.128207 active_target=0.101716 inactive_hold=0.033001 stable=0.00/0.50
[WRIST_ITER_10_hold] active_home=0.128003 active_target=0.101512 inactive_hold=0.033031 stable=0.00/0.50
[WRIST_ITER_10_hold] active_home=0.127872 active_target=0.101380 inactive_hold=0.033031 stable=0.00/0.50
[WRIST_ITER_10_hold] active_home=0.127776 active_target=0.101284 inactive_hold=0.033046 stable=0.00/0.50
[WRIST_ITER_10_hold] active_home=0.127680 active_target=0.101188 inactive_hold=0.033031 stable=0.00/0.50

WRIST_ITER_10 RESULT
  HOME error before : 0.176492 rad
  HOME error after  : 0.127560 rad (left_wrist_pitch, -0.127560)
  Progress          : +0.048932 rad
  Micro-target err  : 0.101068 rad (left_wrist_pitch)
  Inactive hold err : 0.033046 rad (left_elbow)
  Stable at HOME    : False
  Final max |dq|    : 0.015340 rad/s
  Wrist stall count : 0/2 (min progress 0.005000 rad)
WRIST_ITER_10 = CONTINUE

WRIST_ITER_11 BEFORE: HOME error=0.127560 rad (left_wrist_pitch)
WRIST_ITER_11 TARGET: step=0.127560 rad (left_wrist_pitch), nominal remaining=0.000000 rad (left_wrist_roll)

========================================================================================================
TRAJECTORY START: WRIST_ITER_11
========================================================================================================
Duration       : 5.000s
Max joint delta: 0.127560 rad
Peak velocity  : 0.047835 rad/s
Peak accel     : 0.029459 rad/s^2
[WRIST_ITER_11] t=0.00/5.00s target_err=0.127560 max|dq|=0.021476
[WRIST_ITER_11] t=0.25/5.00s target_err=0.139604 max|dq|=0.018408
[WRIST_ITER_11] t=0.51/5.00s target_err=0.139568 max|dq|=0.018408
[WRIST_ITER_11] t=0.77/5.00s target_err=0.139532 max|dq|=0.030680
[WRIST_ITER_11] t=1.02/5.00s target_err=0.138909 max|dq|=0.012272
[WRIST_ITER_11] t=1.28/5.00s target_err=0.136357 max|dq|=0.024544
[WRIST_ITER_11] t=1.53/5.00s target_err=0.133444 max|dq|=0.018408
[WRIST_ITER_11] t=1.78/5.00s target_err=0.130580 max|dq|=0.030680
[WRIST_ITER_11] t=2.04/5.00s target_err=0.126374 max|dq|=0.015340
[WRIST_ITER_11] t=2.29/5.00s target_err=0.120981 max|dq|=0.049087
[WRIST_ITER_11] t=2.55/5.00s target_err=0.110602 max|dq|=0.030680
[WRIST_ITER_11] t=2.80/5.00s target_err=0.102537 max|dq|=0.042951
[WRIST_ITER_11] t=3.05/5.00s target_err=0.093297 max|dq|=0.012272
[WRIST_ITER_11] t=3.31/5.00s target_err=0.087245 max|dq|=0.030680
[WRIST_ITER_11] t=3.56/5.00s target_err=0.084237 max|dq|=0.012272
[WRIST_ITER_11] t=3.81/5.00s target_err=0.082452 max|dq|=0.012272
[WRIST_ITER_11] t=4.07/5.00s target_err=0.081924 max|dq|=0.018408
[WRIST_ITER_11] t=4.33/5.00s target_err=0.081661 max|dq|=0.012272
[WRIST_ITER_11] t=4.58/5.00s target_err=0.081481 max|dq|=0.015340
[WRIST_ITER_11] t=4.84/5.00s target_err=0.081361 max|dq|=0.018408
[WRIST_ITER_11_hold] active_home=0.081265 active_target=0.081265 inactive_hold=0.031654 stable=0.00/0.50
[WRIST_ITER_11_hold] active_home=0.081205 active_target=0.081205 inactive_hold=0.031654 stable=0.00/0.50
[WRIST_ITER_11_hold] active_home=0.081133 active_target=0.081133 inactive_hold=0.031669 stable=0.00/0.50
[WRIST_ITER_11_hold] active_home=0.081061 active_target=0.081061 inactive_hold=0.031669 stable=0.00/0.50
[WRIST_ITER_11_hold] active_home=0.081049 active_target=0.081049 inactive_hold=0.031684 stable=0.00/0.50
[WRIST_ITER_11_hold] active_home=0.081013 active_target=0.081013 inactive_hold=0.031684 stable=0.00/0.50
[WRIST_ITER_11_hold] active_home=0.080965 active_target=0.080965 inactive_hold=0.031669 stable=0.00/0.50
[WRIST_ITER_11_hold] active_home=0.080918 active_target=0.080918 inactive_hold=0.031669 stable=0.00/0.50

WRIST_ITER_11 RESULT
  HOME error before : 0.127560 rad
  HOME error after  : 0.080906 rad (left_wrist_pitch, -0.080906)
  Progress          : +0.046655 rad
  Micro-target err  : 0.080906 rad (left_wrist_pitch)
  Inactive hold err : 0.031669 rad (left_elbow)
  Stable at HOME    : False
  Final max |dq|    : 0.015340 rad/s
  Wrist stall count : 0/2 (min progress 0.005000 rad)
WRIST_ITER_11 = CONTINUE

WRIST_ITER_12 BEFORE: HOME error=0.080906 rad (left_wrist_pitch)
WRIST_ITER_12 TARGET: step=0.080906 rad (left_wrist_pitch), nominal remaining=0.000000 rad (left_wrist_roll)

========================================================================================================
TRAJECTORY START: WRIST_ITER_12
========================================================================================================
Duration       : 5.000s
Max joint delta: 0.080906 rad
Peak velocity  : 0.030340 rad/s
Peak accel     : 0.018684 rad/s^2
[WRIST_ITER_12] t=0.00/5.00s target_err=0.080906 max|dq|=0.018408
[WRIST_ITER_12] t=0.25/5.00s target_err=0.092866 max|dq|=0.007751
[WRIST_ITER_12] t=0.51/5.00s target_err=0.092866 max|dq|=0.018408
[WRIST_ITER_12] t=0.76/5.00s target_err=0.092842 max|dq|=0.009204
[WRIST_ITER_12] t=1.01/5.00s target_err=0.092542 max|dq|=0.030680
[WRIST_ITER_12] t=1.26/5.00s target_err=0.091236 max|dq|=0.012272
[WRIST_ITER_12] t=1.52/5.00s target_err=0.088935 max|dq|=0.012272
[WRIST_ITER_12] t=1.78/5.00s target_err=0.086346 max|dq|=0.033748
[WRIST_ITER_12] t=2.04/5.00s target_err=0.083302 max|dq|=0.021476
[WRIST_ITER_12] t=2.29/5.00s target_err=0.080894 max|dq|=0.036816
[WRIST_ITER_12] t=2.54/5.00s target_err=0.076543 max|dq|=0.024544
[WRIST_ITER_12] t=2.80/5.00s target_err=0.072816 max|dq|=0.018408
[WRIST_ITER_12] t=3.06/5.00s target_err=0.068921 max|dq|=0.015501
[WRIST_ITER_12] t=3.31/5.00s target_err=0.065722 max|dq|=0.024544
[WRIST_ITER_12] t=3.57/5.00s target_err=0.061515 max|dq|=0.012272
[WRIST_ITER_12] t=3.83/5.00s target_err=0.058495 max|dq|=0.015340
[WRIST_ITER_12] t=4.08/5.00s target_err=0.053378 max|dq|=0.015340
[WRIST_ITER_12] t=4.34/5.00s target_err=0.051340 max|dq|=0.018408
[WRIST_ITER_12] t=4.59/5.00s target_err=0.050118 max|dq|=0.018408
[WRIST_ITER_12] t=4.84/5.00s target_err=0.049471 max|dq|=0.012272
[WRIST_ITER_12_hold] active_home=0.049327 active_target=0.049327 inactive_hold=0.025825 stable=0.00/0.50
[WRIST_ITER_12_hold] active_home=0.049123 active_target=0.049123 inactive_hold=0.025856 stable=0.25/0.50
[WRIST_ITER_12_hold] active_home=0.048956 active_target=0.048956 inactive_hold=0.025901 stable=0.51/0.50
[WRIST_ITER_12_hold] active_home=0.048848 active_target=0.048848 inactive_hold=0.025916 stable=0.76/0.50
[WRIST_ITER_12_hold] active_home=0.048776 active_target=0.048776 inactive_hold=0.025916 stable=1.01/0.50
[WRIST_ITER_12_hold] active_home=0.048716 active_target=0.048716 inactive_hold=0.025931 stable=1.26/0.50
[WRIST_ITER_12_hold] active_home=0.048680 active_target=0.048680 inactive_hold=0.025916 stable=1.52/0.50
[WRIST_ITER_12_hold] active_home=0.048644 active_target=0.048644 inactive_hold=0.025931 stable=1.78/0.50

WRIST_ITER_12 RESULT
  HOME error before : 0.080906 rad
  HOME error after  : 0.048632 rad (left_wrist_pitch, -0.048632)
  Progress          : +0.032274 rad
  Micro-target err  : 0.048632 rad (left_wrist_pitch)
  Inactive hold err : 0.025916 rad (left_elbow)
  Stable at HOME    : True
  Final max |dq|    : 0.015501 rad/s
WRIST_READY = PASS
========================================================================================================

========================================================================================================
ADAPTIVE ARM RECOVERY
========================================================================================================
Stage delta       : 0.200000 rad
HOME threshold    : 0.050000 rad
Max iterations    : 6

ARM_ITER_01 BEFORE: HOME error=0.289332 rad (right_shoulder_yaw)
ARM_ITER_01 TARGET: step=0.200000 rad (right_shoulder_yaw), nominal remaining=0.089332 rad (right_shoulder_yaw)

========================================================================================================
TRAJECTORY START: ARM_ITER_01
========================================================================================================
Duration       : 7.000s
Max joint delta: 0.200000 rad
Peak velocity  : 0.053571 rad/s
Peak accel     : 0.023565 rad/s^2
[ARM_ITER_01] t=0.00/7.00s target_err=0.200015 max|dq|=0.009204
[ARM_ITER_01] t=0.25/7.00s target_err=0.200378 max|dq|=0.009204
[ARM_ITER_01] t=0.51/7.00s target_err=0.200303 max|dq|=0.012272
[ARM_ITER_01] t=0.77/7.00s target_err=0.200030 max|dq|=0.024544
[ARM_ITER_01] t=1.02/7.00s target_err=0.198638 max|dq|=0.018408
[ARM_ITER_01] t=1.27/7.00s target_err=0.195816 max|dq|=0.015340
[ARM_ITER_01] t=1.53/7.00s target_err=0.194720 max|dq|=0.031003
[ARM_ITER_01] t=1.78/7.00s target_err=0.193084 max|dq|=0.031003
[ARM_ITER_01] t=2.04/7.00s target_err=0.177426 max|dq|=0.046504
[ARM_ITER_01] t=2.30/7.00s target_err=0.172890 max|dq|=0.046504
[ARM_ITER_01] t=2.56/7.00s target_err=0.156274 max|dq|=0.038753
[ARM_ITER_01] t=2.82/7.00s target_err=0.152044 max|dq|=0.046504
[ARM_ITER_01] t=3.07/7.00s target_err=0.136159 max|dq|=0.031003
[ARM_ITER_01] t=3.32/7.00s target_err=0.121933 max|dq|=0.095107
[ARM_ITER_01] t=3.58/7.00s target_err=0.113383 max|dq|=0.046019
[ARM_ITER_01] t=3.83/7.00s target_err=0.096791 max|dq|=0.069756
[ARM_ITER_01] t=4.08/7.00s target_err=0.088018 max|dq|=0.124010
[ARM_ITER_01] t=4.33/7.00s target_err=0.077975 max|dq|=0.039884
[ARM_ITER_01] t=4.59/7.00s target_err=0.073116 max|dq|=0.054254
[ARM_ITER_01] t=4.85/7.00s target_err=0.062588 max|dq|=0.064427
[ARM_ITER_01] t=5.10/7.00s target_err=0.057716 max|dq|=0.031003
[ARM_ITER_01] t=5.36/7.00s target_err=0.055493 max|dq|=0.036816
[ARM_ITER_01] t=5.61/7.00s target_err=0.046463 max|dq|=0.015501
[ARM_ITER_01] t=5.87/7.00s target_err=0.042957 max|dq|=0.046504
[ARM_ITER_01] t=6.13/7.00s target_err=0.039680 max|dq|=0.036816
[ARM_ITER_01] t=6.38/7.00s target_err=0.039200 max|dq|=0.030680
[ARM_ITER_01] t=6.64/7.00s target_err=0.038943 max|dq|=0.018408
[ARM_ITER_01] t=6.90/7.00s target_err=0.038829 max|dq|=0.018408
[ARM_ITER_01_hold] active_home=0.115321 active_target=0.038787 inactive_hold=0.033758 stable=0.00/0.50
[ARM_ITER_01_hold] active_home=0.115094 active_target=0.038709 inactive_hold=0.033758 stable=0.00/0.50
[ARM_ITER_01_hold] active_home=0.114640 active_target=0.038613 inactive_hold=0.033697 stable=0.00/0.50
[ARM_ITER_01_hold] active_home=0.106677 active_target=0.037355 inactive_hold=0.032547 stable=0.00/0.50
[ARM_ITER_01_hold] active_home=0.094355 active_target=0.016023 inactive_hold=0.018228 stable=0.00/0.50
[ARM_ITER_01_hold] active_home=0.094310 active_target=0.016143 inactive_hold=0.018108 stable=0.00/0.50
[ARM_ITER_01_hold] active_home=0.094310 active_target=0.016155 inactive_hold=0.018108 stable=0.00/0.50
[ARM_ITER_01_hold] active_home=0.094294 active_target=0.016179 inactive_hold=0.018108 stable=0.00/0.50

ARM_ITER_01 RESULT
  HOME error before : 0.289332 rad
  HOME error after  : 0.094279 rad (right_shoulder_yaw, +0.094279)
  Progress          : +0.195053 rad
  Micro-target err  : 0.016191 rad (right_shoulder_pitch)
  Inactive hold err : 0.018108 rad (right_wrist_pitch)
  Stable at HOME    : False
  Final max |dq|    : 0.015501 rad/s
ARM_ITER_01 = CONTINUE

ARM_ITER_02 BEFORE: HOME error=0.094279 rad (right_shoulder_yaw)
ARM_ITER_02 TARGET: step=0.094279 rad (right_shoulder_yaw), nominal remaining=0.000000 rad (left_shoulder_pitch)

========================================================================================================
TRAJECTORY START: ARM_ITER_02
========================================================================================================
Duration       : 5.000s
Max joint delta: 0.094279 rad
Peak velocity  : 0.035355 rad/s
Peak accel     : 0.021773 rad/s^2
[ARM_ITER_02] t=0.00/5.00s target_err=0.094279 max|dq|=0.015501
[ARM_ITER_02] t=0.25/5.00s target_err=0.096217 max|dq|=0.012272
[ARM_ITER_02] t=0.50/5.00s target_err=0.096156 max|dq|=0.015501
[ARM_ITER_02] t=0.75/5.00s target_err=0.095808 max|dq|=0.012272
[ARM_ITER_02] t=1.01/5.00s target_err=0.094839 max|dq|=0.030680
[ARM_ITER_02] t=1.27/5.00s target_err=0.091585 max|dq|=0.015501
[ARM_ITER_02] t=1.53/5.00s target_err=0.087588 max|dq|=0.007751
[ARM_ITER_02] t=1.79/5.00s target_err=0.082790 max|dq|=0.012272
[ARM_ITER_02] t=2.04/5.00s target_err=0.075054 max|dq|=0.024544
[ARM_ITER_02] t=2.30/5.00s target_err=0.069650 max|dq|=0.030680
[ARM_ITER_02] t=2.56/5.00s target_err=0.061521 max|dq|=0.046504
[ARM_ITER_02] t=2.82/5.00s target_err=0.048214 max|dq|=0.023252
[ARM_ITER_02] t=3.08/5.00s target_err=0.042613 max|dq|=0.015501
[ARM_ITER_02] t=3.34/5.00s target_err=0.037270 max|dq|=0.023252
[ARM_ITER_02] t=3.59/5.00s target_err=0.028414 max|dq|=0.031003
[ARM_ITER_02] t=3.85/5.00s target_err=0.021435 max|dq|=0.015340
[ARM_ITER_02] t=4.10/5.00s target_err=0.019119 max|dq|=0.015501
[ARM_ITER_02] t=4.35/5.00s target_err=0.017288 max|dq|=0.018408
[ARM_ITER_02] t=4.61/5.00s target_err=0.016071 max|dq|=0.012272
[ARM_ITER_02] t=4.87/5.00s target_err=0.015999 max|dq|=0.018408
[ARM_ITER_02_hold] active_home=0.015987 active_target=0.015987 inactive_hold=0.007024 stable=0.00/0.50
[ARM_ITER_02_hold] active_home=0.015957 active_target=0.015957 inactive_hold=0.007009 stable=0.25/0.50
[ARM_ITER_02_hold] active_home=0.015969 active_target=0.015969 inactive_hold=0.006994 stable=0.50/0.50
[ARM_ITER_02_hold] active_home=0.015957 active_target=0.015957 inactive_hold=0.006994 stable=0.76/0.50
[ARM_ITER_02_hold] active_home=0.015951 active_target=0.015951 inactive_hold=0.007009 stable=1.01/0.50
[ARM_ITER_02_hold] active_home=0.015951 active_target=0.015951 inactive_hold=0.006994 stable=1.27/0.50
[ARM_ITER_02_hold] active_home=0.015951 active_target=0.015951 inactive_hold=0.006994 stable=1.52/0.50
[ARM_ITER_02_hold] active_home=0.015957 active_target=0.015957 inactive_hold=0.006994 stable=1.78/0.50

ARM_ITER_02 RESULT
  HOME error before : 0.094279 rad
  HOME error after  : 0.015957 rad (right_shoulder_pitch, +0.015957)
  Progress          : +0.078322 rad
  Micro-target err  : 0.015957 rad (right_shoulder_pitch)
  Inactive hold err : 0.006994 rad (right_wrist_roll)
  Stable at HOME    : True
  Final max |dq|    : 0.036816 rad/s
ARM_READY = PASS
========================================================================================================

========================================================================================================
TRAJECTORY START: FINAL_HOME
========================================================================================================
Duration       : 8.000s
Max joint delta: 0.044713 rad
Peak velocity  : 0.010480 rad/s
Peak accel     : 0.004034 rad/s^2
[FINAL_HOME] t=0.00/8.00s target_err=0.044713 max|dq|=0.036816
[FINAL_HOME] t=0.25/8.00s target_err=0.047781 max|dq|=0.012272
[FINAL_HOME] t=0.51/8.00s target_err=0.048057 max|dq|=0.018408
[FINAL_HOME] t=0.76/8.00s target_err=0.048093 max|dq|=0.018408
[FINAL_HOME] t=1.01/8.00s target_err=0.048153 max|dq|=0.012272
[FINAL_HOME] t=1.27/8.00s target_err=0.048153 max|dq|=0.015340
[FINAL_HOME] t=1.53/8.00s target_err=0.048129 max|dq|=0.012272
[FINAL_HOME] t=1.78/8.00s target_err=0.048093 max|dq|=0.018408
[FINAL_HOME] t=2.03/8.00s target_err=0.048057 max|dq|=0.018408
[FINAL_HOME] t=2.29/8.00s target_err=0.047913 max|dq|=0.012272
[FINAL_HOME] t=2.55/8.00s target_err=0.047805 max|dq|=0.015501
[FINAL_HOME] t=2.81/8.00s target_err=0.047625 max|dq|=0.018408
[FINAL_HOME] t=3.07/8.00s target_err=0.047362 max|dq|=0.009204
[FINAL_HOME] t=3.33/8.00s target_err=0.047062 max|dq|=0.021476
[FINAL_HOME] t=3.59/8.00s target_err=0.046475 max|dq|=0.006136
[FINAL_HOME] t=3.85/8.00s target_err=0.045648 max|dq|=0.012272
[FINAL_HOME] t=4.11/8.00s target_err=0.044282 max|dq|=0.012272
[FINAL_HOME] t=4.36/8.00s target_err=0.042880 max|dq|=0.012272
[FINAL_HOME] t=4.62/8.00s target_err=0.041969 max|dq|=0.012272
[FINAL_HOME] t=4.88/8.00s target_err=0.041058 max|dq|=0.012272
[FINAL_HOME] t=5.14/8.00s target_err=0.040159 max|dq|=0.024544
[FINAL_HOME] t=5.39/8.00s target_err=0.038469 max|dq|=0.018408
[FINAL_HOME] t=5.64/8.00s target_err=0.036839 max|dq|=0.018408
[FINAL_HOME] t=5.90/8.00s target_err=0.035929 max|dq|=0.012272
[FINAL_HOME] t=6.15/8.00s target_err=0.035114 max|dq|=0.024544
[FINAL_HOME] t=6.40/8.00s target_err=0.034515 max|dq|=0.012272
[FINAL_HOME] t=6.65/8.00s target_err=0.033951 max|dq|=0.006136
[FINAL_HOME] t=6.91/8.00s target_err=0.033196 max|dq|=0.018408
[FINAL_HOME] t=7.16/8.00s target_err=0.032238 max|dq|=0.015501
[FINAL_HOME] t=7.42/8.00s target_err=0.030764 max|dq|=0.018408
[FINAL_HOME] t=7.68/8.00s target_err=0.029541 max|dq|=0.015340
[FINAL_HOME] t=7.93/8.00s target_err=0.029301 max|dq|=0.015340
[FINAL_HOME_hold] max_err=0.029242 best=0.029242 stable=0.00/1.00
[FINAL_HOME_hold] max_err=0.029134 best=0.029134 stable=0.25/1.00
[FINAL_HOME_hold] max_err=0.029014 best=0.029014 stable=0.51/1.00
[FINAL_HOME_hold] max_err=0.028918 best=0.028906 stable=0.77/1.00
[FINAL_HOME_hold] max_err=0.028858 best=0.028846 stable=1.03/1.00
[FINAL_HOME_hold] max_err=0.028810 best=0.028810 stable=1.28/1.00
[FINAL_HOME_hold] max_err=0.028798 best=0.028774 stable=1.54/1.00
[FINAL_HOME_hold] max_err=0.028750 best=0.028738 stable=1.80/1.00
[FINAL_HOME_hold] max_err=0.028738 best=0.028702 stable=2.05/1.00
[FINAL_HOME_hold] max_err=0.028726 best=0.028702 stable=2.31/1.00
[FINAL_HOME_hold] max_err=0.028726 best=0.028702 stable=2.57/1.00
[FINAL_HOME_hold] max_err=0.028726 best=0.028678 stable=2.83/1.00
[FINAL_HOME_hold] max_err=0.028690 best=0.028678 stable=3.09/1.00
[FINAL_HOME_hold] max_err=0.028678 best=0.028678 stable=3.35/1.00
[FINAL_HOME_hold] max_err=0.028666 best=0.028642 stable=3.61/1.00
[FINAL_HOME_hold] max_err=0.028642 best=0.028642 stable=3.86/1.00
[FINAL_HOME_hold] max_err=0.028654 best=0.028642 stable=4.12/1.00
[FINAL_HOME_hold] max_err=0.028630 best=0.028630 stable=4.38/1.00
[FINAL_HOME_hold] max_err=0.028642 best=0.028606 stable=4.64/1.00
[FINAL_HOME_hold] max_err=0.028630 best=0.028606 stable=4.89/1.00
[FINAL_HOME_hold] max_err=0.028618 best=0.028582 stable=5.15/1.00
[FINAL_HOME_hold] max_err=0.028618 best=0.028582 stable=5.40/1.00
[FINAL_HOME_hold] max_err=0.028606 best=0.028582 stable=5.65/1.00
[FINAL_HOME_hold] max_err=0.028606 best=0.028582 stable=5.91/1.00
[FINAL_HOME_hold] max_err=0.028570 best=0.028570 stable=6.17/1.00
[FINAL_HOME_hold] max_err=0.028570 best=0.028570 stable=6.42/1.00
[FINAL_HOME_hold] max_err=0.028558 best=0.028558 stable=6.68/1.00
[FINAL_HOME_hold] max_err=0.028570 best=0.028558 stable=6.94/1.00
[FINAL_HOME_hold] max_err=0.028558 best=0.028546 stable=7.19/1.00
[FINAL_HOME_hold] max_err=0.028546 best=0.028534 stable=7.45/1.00
[FINAL_HOME_hold] max_err=0.028546 best=0.028534 stable=7.70/1.00
[FINAL_HOME_hold] max_err=0.028534 best=0.028522 stable=7.96/1.00
[FINAL_HOME_hold] max_err=0.028510 best=0.028510 stable=8.22/1.00
[FINAL_HOME_hold] max_err=0.028498 best=0.028463 stable=8.48/1.00
[FINAL_HOME_hold] max_err=0.028486 best=0.028463 stable=8.73/1.00
[FINAL_HOME_hold] max_err=0.028498 best=0.028463 stable=8.99/1.00
[FINAL_HOME_hold] max_err=0.028486 best=0.028463 stable=9.24/1.00
[FINAL_HOME_hold] max_err=0.028486 best=0.028463 stable=9.49/1.00
[FINAL_HOME_hold] max_err=0.028475 best=0.028463 stable=9.74/1.00
[FINAL_HOME_hold] max_err=0.028475 best=0.028463 stable=9.99/1.00

========================================================================================================
FINAL_HOME RESULT
========================================================================================================
MAX error      : 0.028463 rad (1.631 deg)
Worst          : right_wrist_pitch
Best hold error: 0.028463 rad
Stable reached : True
Final max |dq| : 0.012272 rad/s

left_shoulder_pitch          target=-0.094586 final=-0.079611 error=+0.014974
left_shoulder_roll           target=-0.005776 final=-0.007215 error=-0.001438
left_shoulder_yaw            target=+0.183094 final=+0.184517 error=+0.001423
left_elbow                   target=+1.197247 final=+1.196142 error=-0.001105
left_wrist_roll              target=-0.080065 final=-0.081382 error=-0.001317
left_wrist_pitch             target=-0.892441 final=-0.903287 error=-0.010846
left_wrist_yaw               target=-0.177546 final=-0.174574 error=+0.002972
right_shoulder_pitch         target=-0.161583 final=-0.146208 error=+0.015376
right_shoulder_roll          target=+0.034586 final=+0.043017 error=+0.008431
right_shoulder_yaw           target=-0.180944 final=-0.168031 error=+0.012913
right_elbow                  target=+1.037027 final=+1.031032 error=-0.005995
right_wrist_roll             target=+0.003240 final=-0.013412 error=-0.016652
right_wrist_pitch            target=-0.529775 final=-0.558237 error=-0.028463
right_wrist_yaw              target=+0.114893 final=+0.120250 error=+0.005357

FINAL_HOME = PASS
AUTO_HOME_READY = PASS
========================================================================================================
LowCmd gains released.
