
========================================================================================================
R1-A7 AUTO-HOME V2 ADAPTIVE RECOVERY PRE-FLIGHT
========================================================================================================
Lowstate age             : 0.000249s [PASS]
Max initial |dq|         : 0.012272 rad/s [PASS]
Current joint limits     : PASS
HOME joint limits        : PASS
MotionSwitcher           : PASS
  status                 : 0
  result                 : {'form': '0', 'name': ''}

Global HOME error        : 0.325695 rad
Wrist HOME error         : 0.325695 rad (left_wrist_pitch)
Arm HOME error           : 0.213002 rad (right_shoulder_pitch)
Direct HOME threshold    : 0.350000 rad
Recovery mode            : DIRECT HOME


First-step trajectory preview:
  FINAL_HOME         duration=11.50s max_delta=0.325695 peak_v=0.053102 peak_a=0.014219 max_step=0.000531
First-step checks        : PASS

Arm gains:
  shoulder pitch         : kp=100.0, kd=3.5
  shoulder roll/yaw/elbow: kp=80.0, kd=3.0
  wrist pitch            : kp=60.0, kd=2.0
  wrist roll/yaw         : kp=40.0, kd=1.5

PRE_FLIGHT = PASS
ROBOT_COMMAND_PUBLISHED = FALSE
========================================================================================================

========================================================================================================
REAL ROBOT AUTO-HOME V2 ARMED
========================================================================================================
Initial global HOME error : 0.325719 rad
Mode                      : DIRECT HOME
LowCmd will remain active until completion or abort.

Type RECOVER HOME V2 exactly to continue.
> 
Starting in 3 seconds...
3
2
1

========================================================================================================
LOWCMD ZERO-DISPLACEMENT TAKEOVER TEST
========================================================================================================
Takeover max drift : 0.001025 rad
Final max |dq|     : 0.012272 rad/s
TAKEOVER_TEST = PASS
========================================================================================================

POST-TAKEOVER V2 DECISION
Global HOME error : 0.325539 rad
Mode              : DIRECT HOME

========================================================================================================
TRAJECTORY START: FINAL_HOME
========================================================================================================
Duration       : 11.500s
Max joint delta: 0.325539 rad
Peak velocity  : 0.053077 rad/s
Peak accel     : 0.014212 rad/s^2
[FINAL_HOME] t=0.00/11.50s target_err=0.325564 max|dq|=0.018408
[FINAL_HOME] t=0.25/11.50s target_err=0.325420 max|dq|=0.018408
[FINAL_HOME] t=0.50/11.50s target_err=0.325324 max|dq|=0.009204
[FINAL_HOME] t=0.75/11.50s target_err=0.325000 max|dq|=0.007751
[FINAL_HOME] t=1.01/11.50s target_err=0.324173 max|dq|=0.009204
[FINAL_HOME] t=1.27/11.50s target_err=0.323526 max|dq|=0.018408
[FINAL_HOME] t=1.53/11.50s target_err=0.322951 max|dq|=0.024544
[FINAL_HOME] t=1.78/11.50s target_err=0.322280 max|dq|=0.012272
[FINAL_HOME] t=2.04/11.50s target_err=0.321057 max|dq|=0.007751
[FINAL_HOME] t=2.29/11.50s target_err=0.318792 max|dq|=0.024544
[FINAL_HOME] t=2.55/11.50s target_err=0.314802 max|dq|=0.036816
[FINAL_HOME] t=2.81/11.50s target_err=0.309984 max|dq|=0.030680
[FINAL_HOME] t=3.07/11.50s target_err=0.303225 max|dq|=0.058291
[FINAL_HOME] t=3.33/11.50s target_err=0.293350 max|dq|=0.110447
[FINAL_HOME] t=3.58/11.50s target_err=0.281653 max|dq|=0.036816
[FINAL_HOME] t=3.84/11.50s target_err=0.272905 max|dq|=0.073631
[FINAL_HOME] t=4.09/11.50s target_err=0.261472 max|dq|=0.067495
[FINAL_HOME] t=4.34/11.50s target_err=0.253119 max|dq|=0.055223
[FINAL_HOME] t=4.60/11.50s target_err=0.239529 max|dq|=0.064427
[FINAL_HOME] t=4.85/11.50s target_err=0.228767 max|dq|=0.085903
[FINAL_HOME] t=5.10/11.50s target_err=0.216028 max|dq|=0.061359
[FINAL_HOME] t=5.36/11.50s target_err=0.200448 max|dq|=0.088971
[FINAL_HOME] t=5.61/11.50s target_err=0.189602 max|dq|=0.046019
[FINAL_HOME] t=5.86/11.50s target_err=0.175725 max|dq|=0.055223
[FINAL_HOME] t=6.12/11.50s target_err=0.162350 max|dq|=0.067495
[FINAL_HOME] t=6.38/11.50s target_err=0.149407 max|dq|=0.085903
[FINAL_HOME] t=6.64/11.50s target_err=0.135578 max|dq|=0.079767
[FINAL_HOME] t=6.90/11.50s target_err=0.126086 max|dq|=0.073631
[FINAL_HOME] t=7.16/11.50s target_err=0.111945 max|dq|=0.042951
[FINAL_HOME] t=7.42/11.50s target_err=0.102046 max|dq|=0.073631
[FINAL_HOME] t=7.67/11.50s target_err=0.088719 max|dq|=0.042951
[FINAL_HOME] t=7.93/11.50s target_err=0.079467 max|dq|=0.042951
[FINAL_HOME] t=8.18/11.50s target_err=0.068118 max|dq|=0.193766
[FINAL_HOME] t=8.43/11.50s target_err=0.062821 max|dq|=0.036816
[FINAL_HOME] t=8.69/11.50s target_err=0.058040 max|dq|=0.036816
[FINAL_HOME] t=8.94/11.50s target_err=0.048860 max|dq|=0.049087
[FINAL_HOME] t=9.19/11.50s target_err=0.041382 max|dq|=0.036816
[FINAL_HOME] t=9.45/11.50s target_err=0.039512 max|dq|=0.049087
[FINAL_HOME] t=9.70/11.50s target_err=0.035030 max|dq|=0.055223
[FINAL_HOME] t=9.95/11.50s target_err=0.030524 max|dq|=0.030680
[FINAL_HOME] t=10.21/11.50s target_err=0.027815 max|dq|=0.030680
[FINAL_HOME] t=10.47/11.50s target_err=0.026521 max|dq|=0.023252
[FINAL_HOME] t=10.72/11.50s target_err=0.025143 max|dq|=0.024544
[FINAL_HOME] t=10.98/11.50s target_err=0.024532 max|dq|=0.012272
[FINAL_HOME] t=11.24/11.50s target_err=0.024088 max|dq|=0.012272
[FINAL_HOME_hold] max_err=0.023813 best=0.023813 stable=0.00/1.00
[FINAL_HOME_hold] max_err=0.023633 best=0.023621 stable=0.25/1.00
[FINAL_HOME_hold] max_err=0.023501 best=0.023501 stable=0.50/1.00
[FINAL_HOME_hold] max_err=0.023477 best=0.023465 stable=0.76/1.00
[FINAL_HOME_hold] max_err=0.023405 best=0.023405 stable=1.01/1.00
[FINAL_HOME_hold] max_err=0.023405 best=0.023393 stable=1.26/1.00
[FINAL_HOME_hold] max_err=0.023369 best=0.023369 stable=1.52/1.00
[FINAL_HOME_hold] max_err=0.023369 best=0.023357 stable=1.77/1.00
[FINAL_HOME_hold] max_err=0.023357 best=0.023357 stable=2.02/1.00
[FINAL_HOME_hold] max_err=0.023333 best=0.023333 stable=2.27/1.00
[FINAL_HOME_hold] max_err=0.023321 best=0.023321 stable=2.53/1.00
[FINAL_HOME_hold] max_err=0.023309 best=0.023309 stable=2.78/1.00
[FINAL_HOME_hold] max_err=0.023297 best=0.023285 stable=3.03/1.00
[FINAL_HOME_hold] max_err=0.023297 best=0.023285 stable=3.29/1.00
[FINAL_HOME_hold] max_err=0.023285 best=0.023285 stable=3.55/1.00
[FINAL_HOME_hold] max_err=0.023273 best=0.023261 stable=3.81/1.00
[FINAL_HOME_hold] max_err=0.023273 best=0.023261 stable=4.07/1.00
[FINAL_HOME_hold] max_err=0.023237 best=0.023237 stable=4.32/1.00
[FINAL_HOME_hold] max_err=0.023249 best=0.023237 stable=4.58/1.00
[FINAL_HOME_hold] max_err=0.023237 best=0.023237 stable=4.83/1.00

========================================================================================================
FINAL_HOME RESULT
========================================================================================================
MAX error      : 0.023237 rad (1.331 deg)
Worst          : right_wrist_pitch
Best hold error: 0.023225 rad
Stable reached : True
Final max |dq| : 0.012272 rad/s

left_shoulder_pitch          target=-0.094586 final=-0.078766 error=+0.015819
left_shoulder_roll           target=-0.005776 final=-0.018228 error=-0.012452
left_shoulder_yaw            target=+0.183094 final=+0.182534 error=-0.000560
left_elbow                   target=+1.197247 final=+1.196066 error=-0.001181
left_wrist_roll              target=-0.080065 final=-0.082835 error=-0.002770
left_wrist_pitch             target=-0.892441 final=-0.907541 error=-0.015100
left_wrist_yaw               target=-0.177546 final=-0.183910 error=-0.006364
right_shoulder_pitch         target=-0.161583 final=-0.143355 error=+0.018228
right_shoulder_roll          target=+0.034586 final=+0.039392 error=+0.004806
right_shoulder_yaw           target=-0.180944 final=-0.179779 error=+0.001166
right_elbow                  target=+1.037027 final=+1.033666 error=-0.003361
right_wrist_roll             target=+0.003240 final=+0.004647 error=+0.001408
right_wrist_pitch            target=-0.529775 final=-0.553012 error=-0.023237
right_wrist_yaw              target=+0.114893 final=+0.117457 error=+0.002565

FINAL_HOME = PASS
AUTO_HOME_READY = PASS
========================================================================================================
LowCmd gains released.
