
========================================================================================================
R1-A7 AUTO-HOME V2.1 ADAPTIVE RECOVERY PRE-FLIGHT
========================================================================================================
Lowstate age             : 0.000444s [PASS]
Max initial |dq|         : 0.012272 rad/s [PASS]
Current joint limits     : PASS
HOME joint limits        : PASS
MotionSwitcher           : PASS
  status                 : 0
  result                 : {'form': '0', 'name': ''}

Global HOME error        : 0.482653 rad
Wrist HOME error         : 0.482653 rad (left_wrist_pitch)
Arm HOME error           : 0.342739 rad (left_elbow)
Direct HOME threshold    : 0.350000 rad
Recovery mode            : ADAPTIVE RECOVERY

Wrist stage delta        : 0.150000 rad
Arm stage delta          : 0.200000 rad
Recovery threshold       : 0.050000 rad
Nominal wrist iterations : 4 / max 12
Nominal arm iterations   : 2 / max 6
Iteration budget         : PASS

First-step trajectory preview:
  WRIST_ITER_01      duration= 5.50s max_delta=0.150000 peak_v=0.051136 peak_a=0.028629 max_step=0.000511
  ARM_ITER_01        duration= 7.00s max_delta=0.200000 peak_v=0.053571 peak_a=0.023565 max_step=0.000536
First-step checks        : PASS

Arm gains:
  shoulder pitch         : kp=100.0, kd=3.5
  shoulder roll/yaw/elbow: kp=80.0, kd=3.0
  wrist pitch            : kp=65.0, kd=2.0
  wrist roll/yaw         : kp=40.0, kd=1.5

PRE_FLIGHT = PASS
ROBOT_COMMAND_PUBLISHED = FALSE
========================================================================================================

========================================================================================================
REAL ROBOT AUTO-HOME V2.1 ARMED
========================================================================================================
Initial global HOME error : 0.482018 rad
Mode                      : ADAPTIVE RECOVERY
LowCmd will remain active until completion or abort.

Type RECOVER HOME V2.1 exactly to continue.
> 
Starting in 3 seconds...
3
2
1

========================================================================================================
LOWCMD ZERO-DISPLACEMENT TAKEOVER TEST
========================================================================================================
Takeover max drift : 0.000712 rad
Final max |dq|     : 0.015340 rad/s
TAKEOVER_TEST = PASS
========================================================================================================

POST-TAKEOVER V2.1 DECISION
Global HOME error : 0.224872 rad
Mode              : DIRECT HOME

========================================================================================================
TRAJECTORY START: FINAL_HOME
========================================================================================================
Duration       : 8.000s
Max joint delta: 0.224872 rad
Peak velocity  : 0.052704 rad/s
Peak accel     : 0.020286 rad/s^2
[FINAL_HOME] t=0.00/8.00s target_err=0.224872 max|dq|=0.015340
[FINAL_HOME] t=0.25/8.00s target_err=0.224896 max|dq|=0.018408
[FINAL_HOME] t=0.50/8.00s target_err=0.224800 max|dq|=0.018408
[FINAL_HOME] t=0.76/8.00s target_err=0.224524 max|dq|=0.012272
[FINAL_HOME] t=1.02/8.00s target_err=0.223722 max|dq|=0.024544
[FINAL_HOME] t=1.28/8.00s target_err=0.222499 max|dq|=0.023252
[FINAL_HOME] t=1.54/8.00s target_err=0.220342 max|dq|=0.031003
[FINAL_HOME] t=1.79/8.00s target_err=0.216747 max|dq|=0.031003
[FINAL_HOME] t=2.05/8.00s target_err=0.212097 max|dq|=0.049087
[FINAL_HOME] t=2.31/8.00s target_err=0.203288 max|dq|=0.024544
[FINAL_HOME] t=2.57/8.00s target_err=0.195607 max|dq|=0.054254
[FINAL_HOME] t=2.82/8.00s target_err=0.188464 max|dq|=0.055223
[FINAL_HOME] t=3.08/8.00s target_err=0.172609 max|dq|=0.062005
[FINAL_HOME] t=3.34/8.00s target_err=0.164639 max|dq|=0.055223
[FINAL_HOME] t=3.60/8.00s target_err=0.152308 max|dq|=0.062005
[FINAL_HOME] t=3.86/8.00s target_err=0.137519 max|dq|=0.067495
[FINAL_HOME] t=4.11/8.00s target_err=0.127764 max|dq|=0.062005
[FINAL_HOME] t=4.36/8.00s target_err=0.112724 max|dq|=0.085903
[FINAL_HOME] t=4.61/8.00s target_err=0.103496 max|dq|=0.079767
[FINAL_HOME] t=4.87/8.00s target_err=0.090397 max|dq|=0.069756
[FINAL_HOME] t=5.12/8.00s target_err=0.081013 max|dq|=0.049087
[FINAL_HOME] t=5.38/8.00s target_err=0.067771 max|dq|=0.042951
[FINAL_HOME] t=5.63/8.00s target_err=0.059574 max|dq|=0.049087
[FINAL_HOME] t=5.89/8.00s target_err=0.049663 max|dq|=0.055223
[FINAL_HOME] t=6.14/8.00s target_err=0.043826 max|dq|=0.030680
[FINAL_HOME] t=6.40/8.00s target_err=0.036983 max|dq|=0.036816
[FINAL_HOME] t=6.65/8.00s target_err=0.031563 max|dq|=0.024544
[FINAL_HOME] t=6.91/8.00s target_err=0.028929 max|dq|=0.024544
[FINAL_HOME] t=7.16/8.00s target_err=0.026929 max|dq|=0.015501
[FINAL_HOME] t=7.42/8.00s target_err=0.026917 max|dq|=0.024544
[FINAL_HOME] t=7.68/8.00s target_err=0.026905 max|dq|=0.012272
[FINAL_HOME] t=7.93/8.00s target_err=0.026917 max|dq|=0.024544
[FINAL_HOME_hold] max_err=0.026905 best=0.026905 stable=0.00/1.00
[FINAL_HOME_hold] max_err=0.026905 best=0.026881 stable=0.25/1.00
[FINAL_HOME_hold] max_err=0.026893 best=0.026869 stable=0.50/1.00
[FINAL_HOME_hold] max_err=0.026929 best=0.026869 stable=0.76/1.00
[FINAL_HOME_hold] max_err=0.026893 best=0.026869 stable=1.02/1.00
[FINAL_HOME_hold] max_err=0.026893 best=0.026869 stable=1.28/1.00
[FINAL_HOME_hold] max_err=0.026893 best=0.026869 stable=1.54/1.00
[FINAL_HOME_hold] max_err=0.026917 best=0.026869 stable=1.80/1.00
[FINAL_HOME_hold] max_err=0.026881 best=0.026869 stable=2.05/1.00
[FINAL_HOME_hold] max_err=0.026881 best=0.026869 stable=2.31/1.00
[FINAL_HOME_hold] max_err=0.026893 best=0.026869 stable=2.57/1.00
[FINAL_HOME_hold] max_err=0.026905 best=0.026869 stable=2.82/1.00
[FINAL_HOME_hold] max_err=0.026893 best=0.026869 stable=3.08/1.00
[FINAL_HOME_hold] max_err=0.026881 best=0.026869 stable=3.33/1.00
[FINAL_HOME_hold] max_err=0.026881 best=0.026869 stable=3.58/1.00
[FINAL_HOME_hold] max_err=0.026881 best=0.026869 stable=3.84/1.00
[FINAL_HOME_hold] max_err=0.026869 best=0.026869 stable=4.10/1.00
[FINAL_HOME_hold] max_err=0.026881 best=0.026869 stable=4.36/1.00
[FINAL_HOME_hold] max_err=0.026881 best=0.026869 stable=4.62/1.00
[FINAL_HOME_hold] max_err=0.026893 best=0.026869 stable=4.87/1.00
[FINAL_HOME_hold] max_err=0.026893 best=0.026869 stable=5.13/1.00
[FINAL_HOME_hold] max_err=0.026893 best=0.026869 stable=5.38/1.00
[FINAL_HOME_hold] max_err=0.026893 best=0.026869 stable=5.63/1.00
[FINAL_HOME_hold] max_err=0.026869 best=0.026869 stable=5.89/1.00
[FINAL_HOME_hold] max_err=0.026881 best=0.026857 stable=6.15/1.00
[FINAL_HOME_hold] max_err=0.026881 best=0.026857 stable=6.41/1.00
[FINAL_HOME_hold] max_err=0.026893 best=0.026857 stable=6.66/1.00
[FINAL_HOME_hold] max_err=0.026881 best=0.026857 stable=6.91/1.00
[FINAL_HOME_hold] max_err=0.026881 best=0.026857 stable=7.17/1.00
[FINAL_HOME_hold] max_err=0.026881 best=0.026857 stable=7.42/1.00
[FINAL_HOME_hold] max_err=0.026881 best=0.026857 stable=7.67/1.00
[FINAL_HOME_hold] max_err=0.026881 best=0.026857 stable=7.93/1.00
[FINAL_HOME_hold] max_err=0.026881 best=0.026857 stable=8.18/1.00
[FINAL_HOME_hold] max_err=0.026881 best=0.026857 stable=8.43/1.00
[FINAL_HOME_hold] max_err=0.026869 best=0.026857 stable=8.68/1.00
[FINAL_HOME_hold] max_err=0.026881 best=0.026857 stable=8.93/1.00
[FINAL_HOME_hold] max_err=0.026881 best=0.026857 stable=9.19/1.00
[FINAL_HOME_hold] max_err=0.026881 best=0.026857 stable=9.45/1.00
[FINAL_HOME_hold] max_err=0.026881 best=0.026857 stable=9.70/1.00
[FINAL_HOME_hold] max_err=0.026881 best=0.026857 stable=9.95/1.00

========================================================================================================
FINAL_HOME RESULT
========================================================================================================
MAX error      : 0.026881 rad (1.540 deg)
Worst          : right_wrist_pitch
Best hold error: 0.026857 rad
Stable reached : True
Final max |dq| : 0.018408 rad/s

left_shoulder_pitch          target=-0.094586 final=-0.089217 error=+0.005369
left_shoulder_roll           target=-0.005776 final=-0.018534 error=-0.012757
left_shoulder_yaw            target=+0.183094 final=+0.179688 error=-0.003406
left_elbow                   target=+1.197247 final=+1.191267 error=-0.005980
left_wrist_roll              target=-0.080065 final=-0.072450 error=+0.007614
left_wrist_pitch             target=-0.892441 final=-0.912323 error=-0.019882
left_wrist_yaw               target=-0.177546 final=-0.177067 error=+0.000479
right_shoulder_pitch         target=-0.161583 final=-0.163111 error=-0.001528
right_shoulder_roll          target=+0.034586 final=+0.034688 error=+0.000102
right_shoulder_yaw           target=-0.180944 final=-0.175903 error=+0.005041
right_elbow                  target=+1.037027 final=+1.016469 error=-0.020557
right_wrist_roll             target=+0.003240 final=+0.003754 error=+0.000515
right_wrist_pitch            target=-0.529775 final=-0.556655 error=-0.026881
right_wrist_yaw              target=+0.114893 final=+0.119794 error=+0.004902

FINAL_HOME = PASS
AUTO_HOME_READY = PASS
========================================================================================================
LowCmd gains released.
