
========================================================================================================
R1-A7 AUTO-HOME V2.1 ADAPTIVE RECOVERY PRE-FLIGHT
========================================================================================================
Lowstate age             : 0.000022s [PASS]
Max initial |dq|         : 0.006136 rad/s [PASS]
Current joint limits     : PASS
HOME joint limits        : PASS
MotionSwitcher           : PASS
  status                 : 0
  result                 : {'form': '0', 'name': ''}

Global HOME error        : 0.419568 rad
Wrist HOME error         : 0.419568 rad (left_wrist_pitch)
Arm HOME error           : 0.309435 rad (right_shoulder_yaw)
Direct HOME threshold    : 0.350000 rad
Recovery mode            : ADAPTIVE RECOVERY

Wrist stage delta        : 0.150000 rad
Arm stage delta          : 0.200000 rad
Recovery threshold       : 0.050000 rad
Nominal wrist iterations : 3 / max 12
Nominal arm iterations   : 2 / max 6
Iteration budget         : PASS

First-step trajectory preview:
  WRIST_ITER_01      duration= 5.50s max_delta=0.150000 peak_v=0.051136 peak_a=0.028629 max_step=0.000511
  ARM_ITER_01        duration= 7.00s max_delta=0.200000 peak_v=0.053571 peak_a=0.023565 max_step=0.000536
First-step checks        : PASS

Arm gains:
  shoulder pitch         : kp=100.0, kd=3.5
  shoulder roll/yaw/elbow: kp=80.0, kd=3.0
  wrist pitch            : kp=60.0, kd=2.0
  wrist roll/yaw         : kp=40.0, kd=1.5

PRE_FLIGHT = PASS
ROBOT_COMMAND_PUBLISHED = FALSE
========================================================================================================

========================================================================================================
REAL ROBOT AUTO-HOME V2.1 ARMED
========================================================================================================
Initial global HOME error : 0.419568 rad
Mode                      : ADAPTIVE RECOVERY
LowCmd will remain active until completion or abort.

Type RECOVER HOME V2.1 exactly to continue.
> 
Starting in 3 seconds...
3
2
1

========================================================================================================
LOWCMD ZERO-DISPLACEMENT TAKEOVER TEST
========================================================================================================
Takeover max drift : 0.000515 rad
Final max |dq|     : 0.023252 rad/s
TAKEOVER_TEST = PASS
========================================================================================================

POST-TAKEOVER V2.1 DECISION
Global HOME error : 0.419400 rad
Mode              : ADAPTIVE RECOVERY

========================================================================================================
ADAPTIVE WRIST RECOVERY
========================================================================================================
Stage delta       : 0.150000 rad
HOME threshold    : 0.050000 rad
Max iterations    : 12
Min progress      : 0.005000 rad
Max stall count   : 2

WRIST_ITER_01 BEFORE: HOME error=0.419400 rad (left_wrist_pitch)
WRIST_ITER_01 TARGET: step=0.150000 rad (left_wrist_pitch), nominal remaining=0.269400 rad (left_wrist_pitch)

========================================================================================================
TRAJECTORY START: WRIST_ITER_01
========================================================================================================
Duration       : 5.500s
Max joint delta: 0.150000 rad
Peak velocity  : 0.051136 rad/s
Peak accel     : 0.028629 rad/s^2
[WRIST_ITER_01] t=0.00/5.50s target_err=0.150000 max|dq|=0.023252
[WRIST_ITER_01] t=0.25/5.50s target_err=0.150012 max|dq|=0.015340
[WRIST_ITER_01] t=0.50/5.50s target_err=0.149916 max|dq|=0.015340
[WRIST_ITER_01] t=0.75/5.50s target_err=0.149497 max|dq|=0.018408
[WRIST_ITER_01] t=1.01/5.50s target_err=0.148238 max|dq|=0.015340
[WRIST_ITER_01] t=1.27/5.50s target_err=0.144967 max|dq|=0.030680
[WRIST_ITER_01] t=1.52/5.50s target_err=0.142282 max|dq|=0.042951
[WRIST_ITER_01] t=1.78/5.50s target_err=0.138974 max|dq|=0.036816
[WRIST_ITER_01] t=2.04/5.50s target_err=0.133174 max|dq|=0.062005
[WRIST_ITER_01] t=2.29/5.50s target_err=0.127194 max|dq|=0.042951
[WRIST_ITER_01] t=2.54/5.50s target_err=0.120711 max|dq|=0.100758
[WRIST_ITER_01] t=2.80/5.50s target_err=0.111986 max|dq|=0.073631
[WRIST_ITER_01] t=3.06/5.50s target_err=0.103573 max|dq|=0.170514
[WRIST_ITER_01] t=3.32/5.50s target_err=0.096814 max|dq|=0.030680
[WRIST_ITER_01] t=3.58/5.50s target_err=0.091062 max|dq|=0.030680
[WRIST_ITER_01] t=3.84/5.50s target_err=0.081067 max|dq|=0.061359
[WRIST_ITER_01] t=4.09/5.50s target_err=0.078250 max|dq|=0.062005
[WRIST_ITER_01] t=4.34/5.50s target_err=0.077376 max|dq|=0.031003
[WRIST_ITER_01] t=4.60/5.50s target_err=0.076968 max|dq|=0.030680
[WRIST_ITER_01] t=4.85/5.50s target_err=0.076692 max|dq|=0.015501
[WRIST_ITER_01] t=5.11/5.50s target_err=0.076477 max|dq|=0.018408
[WRIST_ITER_01] t=5.36/5.50s target_err=0.076189 max|dq|=0.018408
[WRIST_ITER_01_hold] active_home=0.345481 active_target=0.076081 inactive_hold=0.025129 stable=0.00/0.50
[WRIST_ITER_01_hold] active_home=0.345373 active_target=0.075973 inactive_hold=0.025129 stable=0.00/0.50
[WRIST_ITER_01_hold] active_home=0.345278 active_target=0.075878 inactive_hold=0.025144 stable=0.00/0.50
[WRIST_ITER_01_hold] active_home=0.345194 active_target=0.075794 inactive_hold=0.025144 stable=0.00/0.50
[WRIST_ITER_01_hold] active_home=0.345134 active_target=0.075734 inactive_hold=0.025144 stable=0.00/0.50
[WRIST_ITER_01_hold] active_home=0.345062 active_target=0.075662 inactive_hold=0.025159 stable=0.00/0.50
[WRIST_ITER_01_hold] active_home=0.345002 active_target=0.075602 inactive_hold=0.025174 stable=0.00/0.50
[WRIST_ITER_01_hold] active_home=0.344942 active_target=0.075542 inactive_hold=0.025174 stable=0.00/0.50

WRIST_ITER_01 RESULT
  HOME error before : 0.419400 rad
  HOME error after  : 0.344906 rad (left_wrist_pitch, -0.344906)
  Progress          : +0.074494 rad
  Micro-target err  : 0.075506 rad (left_wrist_pitch)
  Inactive hold err : 0.025190 rad (left_elbow)
  Stable at HOME    : False
  Final max |dq|    : 0.015340 rad/s
  Wrist stall count : 0/2 (min progress 0.005000 rad)
WRIST_ITER_01 = CONTINUE

WRIST_ITER_02 BEFORE: HOME error=0.344906 rad (left_wrist_pitch)
WRIST_ITER_02 TARGET: step=0.150000 rad (left_wrist_pitch), nominal remaining=0.194906 rad (left_wrist_pitch)

========================================================================================================
TRAJECTORY START: WRIST_ITER_02
========================================================================================================
Duration       : 5.500s
Max joint delta: 0.150000 rad
Peak velocity  : 0.051136 rad/s
Peak accel     : 0.028629 rad/s^2
[WRIST_ITER_02] t=0.00/5.50s target_err=0.150000 max|dq|=0.015340
[WRIST_ITER_02] t=0.25/5.50s target_err=0.159060 max|dq|=0.012272
[WRIST_ITER_02] t=0.50/5.50s target_err=0.159036 max|dq|=0.003068
[WRIST_ITER_02] t=0.75/5.50s target_err=0.158928 max|dq|=0.012272
[WRIST_ITER_02] t=1.00/5.50s target_err=0.158281 max|dq|=0.012272
[WRIST_ITER_02] t=1.26/5.50s target_err=0.156208 max|dq|=0.015340
[WRIST_ITER_02] t=1.52/5.50s target_err=0.154194 max|dq|=0.012272
[WRIST_ITER_02] t=1.78/5.50s target_err=0.151798 max|dq|=0.018408
[WRIST_ITER_02] t=2.04/5.50s target_err=0.148178 max|dq|=0.009204
[WRIST_ITER_02] t=2.29/5.50s target_err=0.143708 max|dq|=0.023252
[WRIST_ITER_02] t=2.54/5.50s target_err=0.135727 max|dq|=0.018408
[WRIST_ITER_02] t=2.80/5.50s target_err=0.131101 max|dq|=0.007751
[WRIST_ITER_02] t=3.05/5.50s target_err=0.128021 max|dq|=0.012272
[WRIST_ITER_02] t=3.30/5.50s target_err=0.127434 max|dq|=0.015501
[WRIST_ITER_02] t=3.56/5.50s target_err=0.127134 max|dq|=0.015340
[WRIST_ITER_02] t=3.82/5.50s target_err=0.126918 max|dq|=0.015340
[WRIST_ITER_02] t=4.07/5.50s target_err=0.126715 max|dq|=0.012272
[WRIST_ITER_02] t=4.32/5.50s target_err=0.126595 max|dq|=0.024544
[WRIST_ITER_02] t=4.58/5.50s target_err=0.126451 max|dq|=0.015340
[WRIST_ITER_02] t=4.84/5.50s target_err=0.126367 max|dq|=0.018408
[WRIST_ITER_02] t=5.10/5.50s target_err=0.126259 max|dq|=0.018408
[WRIST_ITER_02] t=5.35/5.50s target_err=0.126175 max|dq|=0.015501
[WRIST_ITER_02_hold] active_home=0.321010 active_target=0.126104 inactive_hold=0.021829 stable=0.00/0.50
[WRIST_ITER_02_hold] active_home=0.320938 active_target=0.126032 inactive_hold=0.021829 stable=0.00/0.50
[WRIST_ITER_02_hold] active_home=0.320878 active_target=0.125972 inactive_hold=0.021859 stable=0.00/0.50
[WRIST_ITER_02_hold] active_home=0.320830 active_target=0.125924 inactive_hold=0.021874 stable=0.00/0.50
[WRIST_ITER_02_hold] active_home=0.320770 active_target=0.125864 inactive_hold=0.021905 stable=0.00/0.50
[WRIST_ITER_02_hold] active_home=0.320746 active_target=0.125840 inactive_hold=0.021920 stable=0.00/0.50
[WRIST_ITER_02_hold] active_home=0.320686 active_target=0.125780 inactive_hold=0.021965 stable=0.00/0.50
[WRIST_ITER_02_hold] active_home=0.320650 active_target=0.125744 inactive_hold=0.021965 stable=0.00/0.50

WRIST_ITER_02 RESULT
  HOME error before : 0.344906 rad
  HOME error after  : 0.320614 rad (left_wrist_pitch, -0.320614)
  Progress          : +0.024292 rad
  Micro-target err  : 0.125708 rad (left_wrist_pitch)
  Inactive hold err : 0.021980 rad (left_elbow)
  Stable at HOME    : False
  Final max |dq|    : 0.015340 rad/s
  Wrist stall count : 0/2 (min progress 0.005000 rad)
WRIST_ITER_02 = CONTINUE

WRIST_ITER_03 BEFORE: HOME error=0.320614 rad (left_wrist_pitch)
WRIST_ITER_03 TARGET: step=0.150000 rad (left_wrist_pitch), nominal remaining=0.170614 rad (left_wrist_pitch)

========================================================================================================
TRAJECTORY START: WRIST_ITER_03
========================================================================================================
Duration       : 5.500s
Max joint delta: 0.150000 rad
Peak velocity  : 0.051136 rad/s
Peak accel     : 0.028629 rad/s^2
[WRIST_ITER_03] t=0.00/5.50s target_err=0.150036 max|dq|=0.018408
[WRIST_ITER_03] t=0.25/5.50s target_err=0.159863 max|dq|=0.012272
[WRIST_ITER_03] t=0.50/5.50s target_err=0.159863 max|dq|=0.015340
[WRIST_ITER_03] t=0.75/5.50s target_err=0.159815 max|dq|=0.018408
[WRIST_ITER_03] t=1.01/5.50s target_err=0.159180 max|dq|=0.012272
[WRIST_ITER_03] t=1.26/5.50s target_err=0.157874 max|dq|=0.015340
[WRIST_ITER_03] t=1.51/5.50s target_err=0.155561 max|dq|=0.007751
[WRIST_ITER_03] t=1.77/5.50s target_err=0.151941 max|dq|=0.012272
[WRIST_ITER_03] t=2.03/5.50s target_err=0.148526 max|dq|=0.018408
[WRIST_ITER_03] t=2.29/5.50s target_err=0.143936 max|dq|=0.030680
[WRIST_ITER_03] t=2.55/5.50s target_err=0.138219 max|dq|=0.018408
[WRIST_ITER_03] t=2.81/5.50s target_err=0.131880 max|dq|=0.012272
[WRIST_ITER_03] t=3.07/5.50s target_err=0.128584 max|dq|=0.012272
[WRIST_ITER_03] t=3.33/5.50s target_err=0.126044 max|dq|=0.015340
[WRIST_ITER_03] t=3.58/5.50s target_err=0.124617 max|dq|=0.012272
[WRIST_ITER_03] t=3.84/5.50s target_err=0.122892 max|dq|=0.018408
[WRIST_ITER_03] t=4.10/5.50s target_err=0.121094 max|dq|=0.024544
[WRIST_ITER_03] t=4.36/5.50s target_err=0.120255 max|dq|=0.007751
[WRIST_ITER_03] t=4.61/5.50s target_err=0.119752 max|dq|=0.012272
[WRIST_ITER_03] t=4.87/5.50s target_err=0.119392 max|dq|=0.027612
[WRIST_ITER_03] t=5.12/5.50s target_err=0.119177 max|dq|=0.018408
[WRIST_ITER_03] t=5.37/5.50s target_err=0.118709 max|dq|=0.036816
[WRIST_ITER_03_hold] active_home=0.288928 active_target=0.118314 inactive_hold=0.024100 stable=0.00/0.50
[WRIST_ITER_03_hold] active_home=0.288197 active_target=0.117583 inactive_hold=0.024009 stable=0.00/0.50
[WRIST_ITER_03_hold] active_home=0.287729 active_target=0.117115 inactive_hold=0.024054 stable=0.00/0.50
[WRIST_ITER_03_hold] active_home=0.287370 active_target=0.116756 inactive_hold=0.024115 stable=0.00/0.50
[WRIST_ITER_03_hold] active_home=0.287070 active_target=0.116456 inactive_hold=0.024160 stable=0.00/0.50
[WRIST_ITER_03_hold] active_home=0.286735 active_target=0.116121 inactive_hold=0.024236 stable=0.00/0.50
[WRIST_ITER_03_hold] active_home=0.286543 active_target=0.115929 inactive_hold=0.024312 stable=0.00/0.50
[WRIST_ITER_03_hold] active_home=0.286327 active_target=0.115713 inactive_hold=0.024387 stable=0.00/0.50

WRIST_ITER_03 RESULT
  HOME error before : 0.320614 rad
  HOME error after  : 0.286016 rad (left_wrist_pitch, -0.286016)
  Progress          : +0.034598 rad
  Micro-target err  : 0.115402 rad (left_wrist_pitch)
  Inactive hold err : 0.024463 rad (left_elbow)
  Stable at HOME    : False
  Final max |dq|    : 0.015340 rad/s
  Wrist stall count : 0/2 (min progress 0.005000 rad)
WRIST_ITER_03 = CONTINUE

WRIST_ITER_04 BEFORE: HOME error=0.286016 rad (left_wrist_pitch)
WRIST_ITER_04 TARGET: step=0.150000 rad (left_wrist_pitch), nominal remaining=0.136016 rad (left_wrist_pitch)

========================================================================================================
TRAJECTORY START: WRIST_ITER_04
========================================================================================================
Duration       : 5.500s
Max joint delta: 0.150000 rad
Peak velocity  : 0.051136 rad/s
Peak accel     : 0.028629 rad/s^2
[WRIST_ITER_04] t=0.00/5.50s target_err=0.150000 max|dq|=0.015340
[WRIST_ITER_04] t=0.25/5.50s target_err=0.160043 max|dq|=0.012272
[WRIST_ITER_04] t=0.51/5.50s target_err=0.160031 max|dq|=0.015501
[WRIST_ITER_04] t=0.76/5.50s target_err=0.159815 max|dq|=0.015340
[WRIST_ITER_04] t=1.02/5.50s target_err=0.158856 max|dq|=0.024544
[WRIST_ITER_04] t=1.28/5.50s target_err=0.156723 max|dq|=0.023252
[WRIST_ITER_04] t=1.53/5.50s target_err=0.154350 max|dq|=0.015340
[WRIST_ITER_04] t=1.79/5.50s target_err=0.151714 max|dq|=0.015501
[WRIST_ITER_04] t=2.05/5.50s target_err=0.147627 max|dq|=0.015501
[WRIST_ITER_04] t=2.31/5.50s target_err=0.143577 max|dq|=0.021476
[WRIST_ITER_04] t=2.57/5.50s target_err=0.137285 max|dq|=0.042951
[WRIST_ITER_04] t=2.82/5.50s target_err=0.128261 max|dq|=0.049087
[WRIST_ITER_04] t=3.08/5.50s target_err=0.123060 max|dq|=0.027612
[WRIST_ITER_04] t=3.34/5.50s target_err=0.121693 max|dq|=0.018408
[WRIST_ITER_04] t=3.59/5.50s target_err=0.121214 max|dq|=0.024544
[WRIST_ITER_04] t=3.85/5.50s target_err=0.120962 max|dq|=0.018408
[WRIST_ITER_04] t=4.10/5.50s target_err=0.120770 max|dq|=0.015501
[WRIST_ITER_04] t=4.36/5.50s target_err=0.120615 max|dq|=0.015340
[WRIST_ITER_04] t=4.61/5.50s target_err=0.120447 max|dq|=0.024544
[WRIST_ITER_04] t=4.87/5.50s target_err=0.120339 max|dq|=0.015501
[WRIST_ITER_04] t=5.13/5.50s target_err=0.120255 max|dq|=0.018408
[WRIST_ITER_04] t=5.38/5.50s target_err=0.120171 max|dq|=0.030680
[WRIST_ITER_04_hold] active_home=0.256199 active_target=0.120183 inactive_hold=0.024160 stable=0.00/0.50
[WRIST_ITER_04_hold] active_home=0.256139 active_target=0.120123 inactive_hold=0.024160 stable=0.00/0.50
[WRIST_ITER_04_hold] active_home=0.256091 active_target=0.120075 inactive_hold=0.024175 stable=0.00/0.50
[WRIST_ITER_04_hold] active_home=0.256043 active_target=0.120027 inactive_hold=0.024190 stable=0.00/0.50
[WRIST_ITER_04_hold] active_home=0.256007 active_target=0.119992 inactive_hold=0.024221 stable=0.00/0.50
[WRIST_ITER_04_hold] active_home=0.255947 active_target=0.119932 inactive_hold=0.024251 stable=0.00/0.50
[WRIST_ITER_04_hold] active_home=0.255887 active_target=0.119872 inactive_hold=0.024266 stable=0.00/0.50
[WRIST_ITER_04_hold] active_home=0.255851 active_target=0.119836 inactive_hold=0.024296 stable=0.00/0.50

WRIST_ITER_04 RESULT
  HOME error before : 0.286016 rad
  HOME error after  : 0.255803 rad (left_wrist_pitch, -0.255803)
  Progress          : +0.030212 rad
  Micro-target err  : 0.119788 rad (left_wrist_pitch)
  Inactive hold err : 0.024311 rad (left_elbow)
  Stable at HOME    : False
  Final max |dq|    : 0.006136 rad/s
  Wrist stall count : 0/2 (min progress 0.005000 rad)
WRIST_ITER_04 = CONTINUE

WRIST_ITER_05 BEFORE: HOME error=0.255803 rad (left_wrist_pitch)
WRIST_ITER_05 TARGET: step=0.150000 rad (left_wrist_pitch), nominal remaining=0.105803 rad (left_wrist_pitch)

========================================================================================================
TRAJECTORY START: WRIST_ITER_05
========================================================================================================
Duration       : 5.500s
Max joint delta: 0.150000 rad
Peak velocity  : 0.051136 rad/s
Peak accel     : 0.028629 rad/s^2
[WRIST_ITER_05] t=0.00/5.50s target_err=0.150000 max|dq|=0.006136
[WRIST_ITER_05] t=0.25/5.50s target_err=0.159827 max|dq|=0.012272
[WRIST_ITER_05] t=0.51/5.50s target_err=0.159803 max|dq|=0.015340
[WRIST_ITER_05] t=0.77/5.50s target_err=0.159731 max|dq|=0.012272
[WRIST_ITER_05] t=1.03/5.50s target_err=0.159096 max|dq|=0.015340
[WRIST_ITER_05] t=1.29/5.50s target_err=0.157442 max|dq|=0.006136
[WRIST_ITER_05] t=1.55/5.50s target_err=0.155285 max|dq|=0.021476
[WRIST_ITER_05] t=1.81/5.50s target_err=0.151858 max|dq|=0.018408
[WRIST_ITER_05] t=2.06/5.50s target_err=0.148861 max|dq|=0.030680
[WRIST_ITER_05] t=2.31/5.50s target_err=0.143241 max|dq|=0.012272
[WRIST_ITER_05] t=2.57/5.50s target_err=0.137500 max|dq|=0.009204
[WRIST_ITER_05] t=2.83/5.50s target_err=0.131400 max|dq|=0.036816
[WRIST_ITER_05] t=3.09/5.50s target_err=0.122292 max|dq|=0.061359
[WRIST_ITER_05] t=3.35/5.50s target_err=0.116684 max|dq|=0.018408
[WRIST_ITER_05] t=3.60/5.50s target_err=0.115378 max|dq|=0.012272
[WRIST_ITER_05] t=3.86/5.50s target_err=0.114311 max|dq|=0.018408
[WRIST_ITER_05] t=4.11/5.50s target_err=0.113424 max|dq|=0.009204
[WRIST_ITER_05] t=4.37/5.50s target_err=0.112897 max|dq|=0.012272
[WRIST_ITER_05] t=4.63/5.50s target_err=0.112597 max|dq|=0.012272
[WRIST_ITER_05] t=4.88/5.50s target_err=0.112465 max|dq|=0.024544
[WRIST_ITER_05] t=5.13/5.50s target_err=0.112334 max|dq|=0.007751
[WRIST_ITER_05] t=5.39/5.50s target_err=0.112250 max|dq|=0.018408
[WRIST_ITER_05_hold] active_home=0.218029 active_target=0.112226 inactive_hold=0.029110 stable=0.00/0.50
[WRIST_ITER_05_hold] active_home=0.217981 active_target=0.112178 inactive_hold=0.029095 stable=0.00/0.50
[WRIST_ITER_05_hold] active_home=0.217933 active_target=0.112130 inactive_hold=0.029095 stable=0.00/0.50
[WRIST_ITER_05_hold] active_home=0.217897 active_target=0.112094 inactive_hold=0.029095 stable=0.00/0.50
[WRIST_ITER_05_hold] active_home=0.217873 active_target=0.112070 inactive_hold=0.029095 stable=0.00/0.50
[WRIST_ITER_05_hold] active_home=0.217849 active_target=0.112046 inactive_hold=0.029110 stable=0.00/0.50
[WRIST_ITER_05_hold] active_home=0.217825 active_target=0.112022 inactive_hold=0.029095 stable=0.00/0.50
[WRIST_ITER_05_hold] active_home=0.217801 active_target=0.111998 inactive_hold=0.029110 stable=0.00/0.50

WRIST_ITER_05 RESULT
  HOME error before : 0.255803 rad
  HOME error after  : 0.217789 rad (left_wrist_pitch, -0.217789)
  Progress          : +0.038014 rad
  Micro-target err  : 0.111986 rad (left_wrist_pitch)
  Inactive hold err : 0.029095 rad (left_elbow)
  Stable at HOME    : False
  Final max |dq|    : 0.018408 rad/s
  Wrist stall count : 0/2 (min progress 0.005000 rad)
WRIST_ITER_05 = CONTINUE

WRIST_ITER_06 BEFORE: HOME error=0.217789 rad (left_wrist_pitch)
WRIST_ITER_06 TARGET: step=0.150000 rad (left_wrist_pitch), nominal remaining=0.067789 rad (left_wrist_pitch)

========================================================================================================
TRAJECTORY START: WRIST_ITER_06
========================================================================================================
Duration       : 5.500s
Max joint delta: 0.150000 rad
Peak velocity  : 0.051136 rad/s
Peak accel     : 0.028629 rad/s^2
[WRIST_ITER_06] t=0.00/5.50s target_err=0.150000 max|dq|=0.018408
[WRIST_ITER_06] t=0.25/5.50s target_err=0.159563 max|dq|=0.024544
[WRIST_ITER_06] t=0.50/5.50s target_err=0.159575 max|dq|=0.015501
[WRIST_ITER_06] t=0.76/5.50s target_err=0.159468 max|dq|=0.012272
[WRIST_ITER_06] t=1.01/5.50s target_err=0.158976 max|dq|=0.015340
[WRIST_ITER_06] t=1.26/5.50s target_err=0.156891 max|dq|=0.015501
[WRIST_ITER_06] t=1.51/5.50s target_err=0.154830 max|dq|=0.015501
[WRIST_ITER_06] t=1.77/5.50s target_err=0.152229 max|dq|=0.024544
[WRIST_ITER_06] t=2.02/5.50s target_err=0.148562 max|dq|=0.015501
[WRIST_ITER_06] t=2.28/5.50s target_err=0.144224 max|dq|=0.015501
[WRIST_ITER_06] t=2.53/5.50s target_err=0.138579 max|dq|=0.024544
[WRIST_ITER_06] t=2.78/5.50s target_err=0.131988 max|dq|=0.030680
[WRIST_ITER_06] t=3.03/5.50s target_err=0.123862 max|dq|=0.012272
[WRIST_ITER_06] t=3.29/5.50s target_err=0.121813 max|dq|=0.012272
[WRIST_ITER_06] t=3.55/5.50s target_err=0.116636 max|dq|=0.018408
[WRIST_ITER_06] t=3.80/5.50s target_err=0.113987 max|dq|=0.024544
[WRIST_ITER_06] t=4.06/5.50s target_err=0.112729 max|dq|=0.024544
[WRIST_ITER_06] t=4.32/5.50s target_err=0.112034 max|dq|=0.012272
[WRIST_ITER_06] t=4.57/5.50s target_err=0.111710 max|dq|=0.024544
[WRIST_ITER_06] t=4.83/5.50s target_err=0.111507 max|dq|=0.021476
[WRIST_ITER_06] t=5.09/5.50s target_err=0.111351 max|dq|=0.018408
[WRIST_ITER_06] t=5.34/5.50s target_err=0.111255 max|dq|=0.015340
[WRIST_ITER_06_hold] active_home=0.178984 active_target=0.111195 inactive_hold=0.026431 stable=0.00/0.50
[WRIST_ITER_06_hold] active_home=0.178936 active_target=0.111147 inactive_hold=0.026416 stable=0.00/0.50
[WRIST_ITER_06_hold] active_home=0.178889 active_target=0.111099 inactive_hold=0.026446 stable=0.00/0.50
[WRIST_ITER_06_hold] active_home=0.178877 active_target=0.111087 inactive_hold=0.026446 stable=0.00/0.50
[WRIST_ITER_06_hold] active_home=0.178841 active_target=0.111051 inactive_hold=0.026446 stable=0.00/0.50
[WRIST_ITER_06_hold] active_home=0.178817 active_target=0.111027 inactive_hold=0.026431 stable=0.00/0.50
[WRIST_ITER_06_hold] active_home=0.178793 active_target=0.111003 inactive_hold=0.026431 stable=0.00/0.50
[WRIST_ITER_06_hold] active_home=0.178781 active_target=0.110991 inactive_hold=0.026431 stable=0.00/0.50

WRIST_ITER_06 RESULT
  HOME error before : 0.217789 rad
  HOME error after  : 0.178769 rad (left_wrist_pitch, -0.178769)
  Progress          : +0.039021 rad
  Micro-target err  : 0.110979 rad (left_wrist_pitch)
  Inactive hold err : 0.026431 rad (left_elbow)
  Stable at HOME    : False
  Final max |dq|    : 0.015501 rad/s
  Wrist stall count : 0/2 (min progress 0.005000 rad)
WRIST_ITER_06 = CONTINUE

WRIST_ITER_07 BEFORE: HOME error=0.178769 rad (left_wrist_pitch)
WRIST_ITER_07 TARGET: step=0.150000 rad (left_wrist_pitch), nominal remaining=0.028769 rad (left_wrist_pitch)

========================================================================================================
TRAJECTORY START: WRIST_ITER_07
========================================================================================================
Duration       : 5.500s
Max joint delta: 0.150000 rad
Peak velocity  : 0.051136 rad/s
Peak accel     : 0.028629 rad/s^2
[WRIST_ITER_07] t=0.00/5.50s target_err=0.150012 max|dq|=0.024544
[WRIST_ITER_07] t=0.25/5.50s target_err=0.162296 max|dq|=0.018408
[WRIST_ITER_07] t=0.50/5.50s target_err=0.162284 max|dq|=0.015340
[WRIST_ITER_07] t=0.75/5.50s target_err=0.162176 max|dq|=0.024544
[WRIST_ITER_07] t=1.01/5.50s target_err=0.161505 max|dq|=0.024544
[WRIST_ITER_07] t=1.27/5.50s target_err=0.159551 max|dq|=0.024544
[WRIST_ITER_07] t=1.52/5.50s target_err=0.155896 max|dq|=0.024544
[WRIST_ITER_07] t=1.78/5.50s target_err=0.152373 max|dq|=0.015501
[WRIST_ITER_07] t=2.04/5.50s target_err=0.149233 max|dq|=0.007751
[WRIST_ITER_07] t=2.30/5.50s target_err=0.143660 max|dq|=0.015501
[WRIST_ITER_07] t=2.56/5.50s target_err=0.137608 max|dq|=0.024544
[WRIST_ITER_07] t=2.81/5.50s target_err=0.131568 max|dq|=0.024544
[WRIST_ITER_07] t=3.07/5.50s target_err=0.130034 max|dq|=0.018408
[WRIST_ITER_07] t=3.33/5.50s target_err=0.129579 max|dq|=0.021476
[WRIST_ITER_07] t=3.58/5.50s target_err=0.129327 max|dq|=0.012272
[WRIST_ITER_07] t=3.83/5.50s target_err=0.129087 max|dq|=0.012272
[WRIST_ITER_07] t=4.09/5.50s target_err=0.128860 max|dq|=0.024544
[WRIST_ITER_07] t=4.34/5.50s target_err=0.128668 max|dq|=0.024544
[WRIST_ITER_07] t=4.60/5.50s target_err=0.128512 max|dq|=0.012272
[WRIST_ITER_07] t=4.86/5.50s target_err=0.128392 max|dq|=0.012272
[WRIST_ITER_07] t=5.12/5.50s target_err=0.128225 max|dq|=0.018408
[WRIST_ITER_07] t=5.37/5.50s target_err=0.128141 max|dq|=0.015340
[WRIST_ITER_07_hold] active_home=0.156850 active_target=0.128081 inactive_hold=0.022783 stable=0.00/0.50
[WRIST_ITER_07_hold] active_home=0.156778 active_target=0.128009 inactive_hold=0.022783 stable=0.00/0.50
[WRIST_ITER_07_hold] active_home=0.156682 active_target=0.127913 inactive_hold=0.022783 stable=0.00/0.50
[WRIST_ITER_07_hold] active_home=0.156610 active_target=0.127841 inactive_hold=0.022783 stable=0.00/0.50
[WRIST_ITER_07_hold] active_home=0.156502 active_target=0.127733 inactive_hold=0.022798 stable=0.00/0.50
[WRIST_ITER_07_hold] active_home=0.156442 active_target=0.127673 inactive_hold=0.022828 stable=0.00/0.50
[WRIST_ITER_07_hold] active_home=0.156358 active_target=0.127589 inactive_hold=0.022828 stable=0.00/0.50
[WRIST_ITER_07_hold] active_home=0.156274 active_target=0.127506 inactive_hold=0.022843 stable=0.00/0.50

WRIST_ITER_07 RESULT
  HOME error before : 0.178769 rad
  HOME error after  : 0.156190 rad (left_wrist_pitch, -0.156190)
  Progress          : +0.022578 rad
  Micro-target err  : 0.127422 rad (left_wrist_pitch)
  Inactive hold err : 0.022874 rad (left_elbow)
  Stable at HOME    : False
  Final max |dq|    : 0.015501 rad/s
  Wrist stall count : 0/2 (min progress 0.005000 rad)
WRIST_ITER_07 = CONTINUE

WRIST_ITER_08 BEFORE: HOME error=0.156190 rad (left_wrist_pitch)
WRIST_ITER_08 TARGET: step=0.150000 rad (left_wrist_pitch), nominal remaining=0.006190 rad (left_wrist_pitch)

========================================================================================================
TRAJECTORY START: WRIST_ITER_08
========================================================================================================
Duration       : 5.500s
Max joint delta: 0.150000 rad
Peak velocity  : 0.051136 rad/s
Peak accel     : 0.028629 rad/s^2
[WRIST_ITER_08] t=0.00/5.50s target_err=0.150000 max|dq|=0.015501
[WRIST_ITER_08] t=0.25/5.50s target_err=0.162655 max|dq|=0.021476
[WRIST_ITER_08] t=0.50/5.50s target_err=0.162643 max|dq|=0.021476
[WRIST_ITER_08] t=0.76/5.50s target_err=0.162476 max|dq|=0.015340
[WRIST_ITER_08] t=1.02/5.50s target_err=0.161936 max|dq|=0.018408
[WRIST_ITER_08] t=1.28/5.50s target_err=0.159432 max|dq|=0.024544
[WRIST_ITER_08] t=1.54/5.50s target_err=0.156495 max|dq|=0.027612
[WRIST_ITER_08] t=1.79/5.50s target_err=0.153451 max|dq|=0.012272
[WRIST_ITER_08] t=2.05/5.50s target_err=0.149437 max|dq|=0.024544
[WRIST_ITER_08] t=2.31/5.50s target_err=0.144379 max|dq|=0.012272
[WRIST_ITER_08] t=2.56/5.50s target_err=0.140245 max|dq|=0.012272
[WRIST_ITER_08] t=2.81/5.50s target_err=0.129962 max|dq|=0.030680
[WRIST_ITER_08] t=3.07/5.50s target_err=0.127026 max|dq|=0.018408
[WRIST_ITER_08] t=3.33/5.50s target_err=0.126115 max|dq|=0.018408
[WRIST_ITER_08] t=3.59/5.50s target_err=0.124953 max|dq|=0.009204
[WRIST_ITER_08] t=3.85/5.50s target_err=0.124042 max|dq|=0.018408
[WRIST_ITER_08] t=4.11/5.50s target_err=0.122880 max|dq|=0.012272
[WRIST_ITER_08] t=4.37/5.50s target_err=0.120687 max|dq|=0.024544
[WRIST_ITER_08] t=4.63/5.50s target_err=0.117798 max|dq|=0.012272
[WRIST_ITER_08] t=4.88/5.50s target_err=0.111770 max|dq|=0.030680
[WRIST_ITER_08] t=5.13/5.50s target_err=0.106449 max|dq|=0.018408
[WRIST_ITER_08] t=5.39/5.50s target_err=0.104556 max|dq|=0.036816
[WRIST_ITER_08_hold] active_home=0.109560 active_target=0.103369 inactive_hold=0.028550 stable=0.00/0.50
[WRIST_ITER_08_hold] active_home=0.106827 active_target=0.100637 inactive_hold=0.028686 stable=0.00/0.50
[WRIST_ITER_08_hold] active_home=0.105389 active_target=0.099199 inactive_hold=0.028747 stable=0.00/0.50
[WRIST_ITER_08_hold] active_home=0.104490 active_target=0.098300 inactive_hold=0.028974 stable=0.00/0.50
[WRIST_ITER_08_hold] active_home=0.103975 active_target=0.097785 inactive_hold=0.029125 stable=0.00/0.50
[WRIST_ITER_08_hold] active_home=0.103711 active_target=0.097521 inactive_hold=0.029201 stable=0.00/0.50
[WRIST_ITER_08_hold] active_home=0.103496 active_target=0.097305 inactive_hold=0.029307 stable=0.00/0.50
[WRIST_ITER_08_hold] active_home=0.103232 active_target=0.097042 inactive_hold=0.029413 stable=0.00/0.50

WRIST_ITER_08 RESULT
  HOME error before : 0.156190 rad
  HOME error after  : 0.103124 rad (left_wrist_pitch, -0.103124)
  Progress          : +0.053066 rad
  Micro-target err  : 0.096934 rad (left_wrist_pitch)
  Inactive hold err : 0.029428 rad (left_elbow)
  Stable at HOME    : False
  Final max |dq|    : 0.024544 rad/s
  Wrist stall count : 0/2 (min progress 0.005000 rad)
WRIST_ITER_08 = CONTINUE

WRIST_ITER_09 BEFORE: HOME error=0.103124 rad (left_wrist_pitch)
WRIST_ITER_09 TARGET: step=0.103124 rad (left_wrist_pitch), nominal remaining=0.000000 rad (left_wrist_roll)

========================================================================================================
TRAJECTORY START: WRIST_ITER_09
========================================================================================================
Duration       : 5.000s
Max joint delta: 0.103124 rad
Peak velocity  : 0.038672 rad/s
Peak accel     : 0.023816 rad/s^2
[WRIST_ITER_09] t=0.00/5.00s target_err=0.103124 max|dq|=0.024544
[WRIST_ITER_09] t=0.25/5.00s target_err=0.114713 max|dq|=0.015340
[WRIST_ITER_09] t=0.50/5.00s target_err=0.114725 max|dq|=0.012272
[WRIST_ITER_09] t=0.76/5.00s target_err=0.114653 max|dq|=0.018408
[WRIST_ITER_09] t=1.02/5.00s target_err=0.114162 max|dq|=0.036816
[WRIST_ITER_09] t=1.28/5.00s target_err=0.113011 max|dq|=0.015501
[WRIST_ITER_09] t=1.54/5.00s target_err=0.110998 max|dq|=0.018408
[WRIST_ITER_09] t=1.80/5.00s target_err=0.107187 max|dq|=0.030680
[WRIST_ITER_09] t=2.06/5.00s target_err=0.104466 max|dq|=0.018408
[WRIST_ITER_09] t=2.32/5.00s target_err=0.100368 max|dq|=0.024544
[WRIST_ITER_09] t=2.57/5.00s target_err=0.093417 max|dq|=0.031003
[WRIST_ITER_09] t=2.83/5.00s target_err=0.088324 max|dq|=0.042951
[WRIST_ITER_09] t=3.08/5.00s target_err=0.083039 max|dq|=0.024544
[WRIST_ITER_09] t=3.33/5.00s target_err=0.076867 max|dq|=0.049087
[WRIST_ITER_09] t=3.58/5.00s target_err=0.069185 max|dq|=0.023252
[WRIST_ITER_09] t=3.84/5.00s target_err=0.065650 max|dq|=0.024544
[WRIST_ITER_09] t=4.09/5.00s target_err=0.062150 max|dq|=0.012272
[WRIST_ITER_09] t=4.35/5.00s target_err=0.060784 max|dq|=0.015340
[WRIST_ITER_09] t=4.61/5.00s target_err=0.060257 max|dq|=0.015340
[WRIST_ITER_09] t=4.87/5.00s target_err=0.059741 max|dq|=0.018408
[WRIST_ITER_09_hold] active_home=0.059574 active_target=0.059574 inactive_hold=0.030473 stable=0.00/0.50
[WRIST_ITER_09_hold] active_home=0.059274 active_target=0.059274 inactive_hold=0.030533 stable=0.00/0.50
[WRIST_ITER_09_hold] active_home=0.059034 active_target=0.059034 inactive_hold=0.030518 stable=0.00/0.50
[WRIST_ITER_09_hold] active_home=0.058747 active_target=0.058747 inactive_hold=0.030518 stable=0.00/0.50
[WRIST_ITER_09_hold] active_home=0.058531 active_target=0.058531 inactive_hold=0.030518 stable=0.00/0.50
[WRIST_ITER_09_hold] active_home=0.058267 active_target=0.058267 inactive_hold=0.030518 stable=0.00/0.50
[WRIST_ITER_09_hold] active_home=0.058040 active_target=0.058040 inactive_hold=0.030518 stable=0.00/0.50
[WRIST_ITER_09_hold] active_home=0.057812 active_target=0.057812 inactive_hold=0.030548 stable=0.00/0.50

WRIST_ITER_09 RESULT
  HOME error before : 0.103124 rad
  HOME error after  : 0.057524 rad (left_wrist_pitch, -0.057524)
  Progress          : +0.045600 rad
  Micro-target err  : 0.057524 rad (left_wrist_pitch)
  Inactive hold err : 0.030670 rad (left_elbow)
  Stable at HOME    : False
  Final max |dq|    : 0.012272 rad/s
  Wrist stall count : 0/2 (min progress 0.005000 rad)
WRIST_ITER_09 = CONTINUE

WRIST_ITER_10 BEFORE: HOME error=0.057524 rad (left_wrist_pitch)
WRIST_ITER_10 TARGET: step=0.057524 rad (left_wrist_pitch), nominal remaining=0.000000 rad (left_wrist_roll)

========================================================================================================
TRAJECTORY START: WRIST_ITER_10
========================================================================================================
Duration       : 5.000s
Max joint delta: 0.057524 rad
Peak velocity  : 0.021572 rad/s
Peak accel     : 0.013285 rad/s^2
[WRIST_ITER_10] t=0.00/5.00s target_err=0.057524 max|dq|=0.012272
[WRIST_ITER_10] t=0.25/5.00s target_err=0.068909 max|dq|=0.021476
[WRIST_ITER_10] t=0.51/5.00s target_err=0.068921 max|dq|=0.018408
[WRIST_ITER_10] t=0.77/5.00s target_err=0.068885 max|dq|=0.015501
[WRIST_ITER_10] t=1.03/5.00s target_err=0.068801 max|dq|=0.021476
[WRIST_ITER_10] t=1.28/5.00s target_err=0.068346 max|dq|=0.015340
[WRIST_ITER_10] t=1.53/5.00s target_err=0.067291 max|dq|=0.012272
[WRIST_ITER_10] t=1.79/5.00s target_err=0.065638 max|dq|=0.015340
[WRIST_ITER_10] t=2.04/5.00s target_err=0.063804 max|dq|=0.036816
[WRIST_ITER_10] t=2.30/5.00s target_err=0.061695 max|dq|=0.023252
[WRIST_ITER_10] t=2.56/5.00s target_err=0.060329 max|dq|=0.030680
[WRIST_ITER_10] t=2.81/5.00s target_err=0.057776 max|dq|=0.021476
[WRIST_ITER_10] t=3.06/5.00s target_err=0.054396 max|dq|=0.030680
[WRIST_ITER_10] t=3.31/5.00s target_err=0.052167 max|dq|=0.009204
[WRIST_ITER_10] t=3.57/5.00s target_err=0.049747 max|dq|=0.015340
[WRIST_ITER_10] t=3.83/5.00s target_err=0.047973 max|dq|=0.030680
[WRIST_ITER_10] t=4.09/5.00s target_err=0.047038 max|dq|=0.015340
[WRIST_ITER_10] t=4.35/5.00s target_err=0.046247 max|dq|=0.018408
[WRIST_ITER_10] t=4.61/5.00s target_err=0.045624 max|dq|=0.015501
[WRIST_ITER_10] t=4.87/5.00s target_err=0.045157 max|dq|=0.018408
[WRIST_ITER_10_hold] active_home=0.044941 active_target=0.044941 inactive_hold=0.017651 stable=0.00/0.50
[WRIST_ITER_10_hold] active_home=0.044533 active_target=0.044533 inactive_hold=0.017681 stable=0.25/0.50
[WRIST_ITER_10_hold] active_home=0.044294 active_target=0.044294 inactive_hold=0.017666 stable=0.50/0.50
[WRIST_ITER_10_hold] active_home=0.044078 active_target=0.044078 inactive_hold=0.017666 stable=0.75/0.50
[WRIST_ITER_10_hold] active_home=0.043826 active_target=0.043826 inactive_hold=0.017666 stable=1.01/0.50
[WRIST_ITER_10_hold] active_home=0.043647 active_target=0.043647 inactive_hold=0.017651 stable=1.26/0.50
[WRIST_ITER_10_hold] active_home=0.043503 active_target=0.043503 inactive_hold=0.017651 stable=1.51/0.50
[WRIST_ITER_10_hold] active_home=0.043359 active_target=0.043359 inactive_hold=0.017636 stable=1.76/0.50

WRIST_ITER_10 RESULT
  HOME error before : 0.057524 rad
  HOME error after  : 0.043275 rad (left_wrist_pitch, -0.043275)
  Progress          : +0.014249 rad
  Micro-target err  : 0.043275 rad (left_wrist_pitch)
  Inactive hold err : 0.017636 rad (left_elbow)
  Stable at HOME    : True
  Final max |dq|    : 0.024544 rad/s
WRIST_READY = PASS
========================================================================================================

========================================================================================================
ADAPTIVE ARM RECOVERY
========================================================================================================
Stage delta       : 0.200000 rad
HOME threshold    : 0.050000 rad
Max iterations    : 6

ARM_ITER_01 BEFORE: HOME error=0.314400 rad (right_shoulder_yaw)
ARM_ITER_01 TARGET: step=0.200000 rad (right_shoulder_yaw), nominal remaining=0.114400 rad (right_shoulder_yaw)

========================================================================================================
TRAJECTORY START: ARM_ITER_01
========================================================================================================
Duration       : 7.000s
Max joint delta: 0.200000 rad
Peak velocity  : 0.053571 rad/s
Peak accel     : 0.023565 rad/s^2
[ARM_ITER_01] t=0.00/7.00s target_err=0.200000 max|dq|=0.012272
[ARM_ITER_01] t=0.25/7.00s target_err=0.200621 max|dq|=0.027612
[ARM_ITER_01] t=0.50/7.00s target_err=0.200545 max|dq|=0.012272
[ARM_ITER_01] t=0.75/7.00s target_err=0.200242 max|dq|=0.027612
[ARM_ITER_01] t=1.01/7.00s target_err=0.199092 max|dq|=0.018408
[ARM_ITER_01] t=1.27/7.00s target_err=0.195474 max|dq|=0.018408
[ARM_ITER_01] t=1.52/7.00s target_err=0.188359 max|dq|=0.046504
[ARM_ITER_01] t=1.78/7.00s target_err=0.181501 max|dq|=0.031003
[ARM_ITER_01] t=2.04/7.00s target_err=0.176672 max|dq|=0.031003
[ARM_ITER_01] t=2.30/7.00s target_err=0.167680 max|dq|=0.031003
[ARM_ITER_01] t=2.55/7.00s target_err=0.156584 max|dq|=0.031003
[ARM_ITER_01] t=2.81/7.00s target_err=0.148940 max|dq|=0.036816
[ARM_ITER_01] t=3.07/7.00s target_err=0.129745 max|dq|=0.064427
[ARM_ITER_01] t=3.33/7.00s target_err=0.119829 max|dq|=0.054254
[ARM_ITER_01] t=3.58/7.00s target_err=0.106341 max|dq|=0.076699
[ARM_ITER_01] t=3.83/7.00s target_err=0.092884 max|dq|=0.100758
[ARM_ITER_01] t=4.09/7.00s target_err=0.077731 max|dq|=0.076699
[ARM_ITER_01] t=4.35/7.00s target_err=0.067482 max|dq|=0.031003
[ARM_ITER_01] t=4.61/7.00s target_err=0.054498 max|dq|=0.049087
[ARM_ITER_01] t=4.87/7.00s target_err=0.044261 max|dq|=0.122718
[ARM_ITER_01] t=5.12/7.00s target_err=0.038338 max|dq|=0.031003
[ARM_ITER_01] t=5.37/7.00s target_err=0.035389 max|dq|=0.018408
[ARM_ITER_01] t=5.63/7.00s target_err=0.027492 max|dq|=0.031003
[ARM_ITER_01] t=5.89/7.00s target_err=0.022536 max|dq|=0.015340
[ARM_ITER_01] t=6.14/7.00s target_err=0.020649 max|dq|=0.012272
[ARM_ITER_01] t=6.40/7.00s target_err=0.019996 max|dq|=0.018408
[ARM_ITER_01] t=6.65/7.00s target_err=0.019870 max|dq|=0.030680
[ARM_ITER_01] t=6.91/7.00s target_err=0.019792 max|dq|=0.018408
[ARM_ITER_01_hold] active_home=0.121694 active_target=0.019792 inactive_hold=0.011649 stable=0.00/0.50
[ARM_ITER_01_hold] active_home=0.121634 active_target=0.019774 inactive_hold=0.011625 stable=0.00/0.50
[ARM_ITER_01_hold] active_home=0.121573 active_target=0.019792 inactive_hold=0.011637 stable=0.00/0.50
[ARM_ITER_01_hold] active_home=0.121512 active_target=0.019768 inactive_hold=0.011625 stable=0.00/0.50
[ARM_ITER_01_hold] active_home=0.121482 active_target=0.019768 inactive_hold=0.011613 stable=0.00/0.50
[ARM_ITER_01_hold] active_home=0.121452 active_target=0.019756 inactive_hold=0.011613 stable=0.00/0.50
[ARM_ITER_01_hold] active_home=0.121437 active_target=0.019750 inactive_hold=0.011601 stable=0.00/0.50
[ARM_ITER_01_hold] active_home=0.121407 active_target=0.019756 inactive_hold=0.011625 stable=0.00/0.50

ARM_ITER_01 RESULT
  HOME error before : 0.314400 rad
  HOME error after  : 0.121391 rad (right_shoulder_yaw, +0.121391)
  Progress          : +0.193009 rad
  Micro-target err  : 0.019750 rad (left_shoulder_pitch)
  Inactive hold err : 0.011625 rad (right_wrist_pitch)
  Stable at HOME    : False
  Final max |dq|    : 0.018408 rad/s
ARM_ITER_01 = CONTINUE

ARM_ITER_02 BEFORE: HOME error=0.121391 rad (right_shoulder_yaw)
ARM_ITER_02 TARGET: step=0.121391 rad (right_shoulder_yaw), nominal remaining=0.000000 rad (left_shoulder_pitch)

========================================================================================================
TRAJECTORY START: ARM_ITER_02
========================================================================================================
Duration       : 5.000s
Max joint delta: 0.121391 rad
Peak velocity  : 0.045522 rad/s
Peak accel     : 0.028034 rad/s^2
[ARM_ITER_02] t=0.00/5.00s target_err=0.121391 max|dq|=0.018408
[ARM_ITER_02] t=0.25/5.00s target_err=0.123995 max|dq|=0.012272
[ARM_ITER_02] t=0.50/5.00s target_err=0.123919 max|dq|=0.018408
[ARM_ITER_02] t=0.75/5.00s target_err=0.123344 max|dq|=0.018408
[ARM_ITER_02] t=1.01/5.00s target_err=0.121452 max|dq|=0.024544
[ARM_ITER_02] t=1.26/5.00s target_err=0.117577 max|dq|=0.030680
[ARM_ITER_02] t=1.51/5.00s target_err=0.111082 max|dq|=0.023252
[ARM_ITER_02] t=1.77/5.00s target_err=0.102151 max|dq|=0.023252
[ARM_ITER_02] t=2.02/5.00s target_err=0.094567 max|dq|=0.015501
[ARM_ITER_02] t=2.27/5.00s target_err=0.087028 max|dq|=0.015501
[ARM_ITER_02] t=2.53/5.00s target_err=0.074857 max|dq|=0.046504
[ARM_ITER_02] t=2.78/5.00s target_err=0.064791 max|dq|=0.046504
[ARM_ITER_02] t=3.04/5.00s target_err=0.050319 max|dq|=0.046504
[ARM_ITER_02] t=3.30/5.00s target_err=0.040570 max|dq|=0.023252
[ARM_ITER_02] t=3.56/5.00s target_err=0.031941 max|dq|=0.038753
[ARM_ITER_02] t=3.81/5.00s target_err=0.022177 max|dq|=0.023252
[ARM_ITER_02] t=4.07/5.00s target_err=0.019654 max|dq|=0.024544
[ARM_ITER_02] t=4.33/5.00s target_err=0.019378 max|dq|=0.018408
[ARM_ITER_02] t=4.59/5.00s target_err=0.018977 max|dq|=0.015501
[ARM_ITER_02] t=4.85/5.00s target_err=0.018665 max|dq|=0.018408
[ARM_ITER_02_hold] active_home=0.018600 active_target=0.018600 inactive_hold=0.005716 stable=0.00/0.50
[ARM_ITER_02_hold] active_home=0.018462 active_target=0.018462 inactive_hold=0.005704 stable=0.25/0.50
[ARM_ITER_02_hold] active_home=0.018408 active_target=0.018408 inactive_hold=0.005693 stable=0.50/0.50
[ARM_ITER_02_hold] active_home=0.018384 active_target=0.018384 inactive_hold=0.005669 stable=0.76/0.50
[ARM_ITER_02_hold] active_home=0.018378 active_target=0.018378 inactive_hold=0.005657 stable=1.02/0.50
[ARM_ITER_02_hold] active_home=0.018372 active_target=0.018372 inactive_hold=0.005633 stable=1.27/0.50
[ARM_ITER_02_hold] active_home=0.018366 active_target=0.018366 inactive_hold=0.005609 stable=1.52/0.50
[ARM_ITER_02_hold] active_home=0.018360 active_target=0.018360 inactive_hold=0.005609 stable=1.78/0.50

ARM_ITER_02 RESULT
  HOME error before : 0.121391 rad
  HOME error after  : 0.018372 rad (left_shoulder_pitch, +0.018372)
  Progress          : +0.103020 rad
  Micro-target err  : 0.018372 rad (left_shoulder_pitch)
  Inactive hold err : 0.005621 rad (right_wrist_yaw)
  Stable at HOME    : True
  Final max |dq|    : 0.018408 rad/s
ARM_READY = PASS
========================================================================================================

========================================================================================================
TRAJECTORY START: FINAL_HOME
========================================================================================================
Duration       : 8.000s
Max joint delta: 0.044342 rad
Peak velocity  : 0.010393 rad/s
Peak accel     : 0.004000 rad/s^2
[FINAL_HOME] t=0.00/8.00s target_err=0.044330 max|dq|=0.018408
[FINAL_HOME] t=0.25/8.00s target_err=0.045780 max|dq|=0.015501
[FINAL_HOME] t=0.51/8.00s target_err=0.045768 max|dq|=0.018408
[FINAL_HOME] t=0.77/8.00s target_err=0.045744 max|dq|=0.015501
[FINAL_HOME] t=1.03/8.00s target_err=0.045684 max|dq|=0.015501
[FINAL_HOME] t=1.29/8.00s target_err=0.045636 max|dq|=0.018408
[FINAL_HOME] t=1.54/8.00s target_err=0.045540 max|dq|=0.009204
[FINAL_HOME] t=1.79/8.00s target_err=0.045348 max|dq|=0.018408
[FINAL_HOME] t=2.04/8.00s target_err=0.044893 max|dq|=0.012272
[FINAL_HOME] t=2.29/8.00s target_err=0.044138 max|dq|=0.015501
[FINAL_HOME] t=2.55/8.00s target_err=0.043167 max|dq|=0.021476
[FINAL_HOME] t=2.81/8.00s target_err=0.042149 max|dq|=0.015501
[FINAL_HOME] t=3.07/8.00s target_err=0.041118 max|dq|=0.012272
[FINAL_HOME] t=3.33/8.00s target_err=0.039884 max|dq|=0.023252
[FINAL_HOME] t=3.58/8.00s target_err=0.039200 max|dq|=0.018408
[FINAL_HOME] t=3.83/8.00s target_err=0.038385 max|dq|=0.007751
[FINAL_HOME] t=4.09/8.00s target_err=0.037415 max|dq|=0.009204
[FINAL_HOME] t=4.35/8.00s target_err=0.036300 max|dq|=0.024544
[FINAL_HOME] t=4.60/8.00s target_err=0.035497 max|dq|=0.018408
[FINAL_HOME] t=4.86/8.00s target_err=0.034634 max|dq|=0.018408
[FINAL_HOME] t=5.11/8.00s target_err=0.033819 max|dq|=0.018408
[FINAL_HOME] t=5.37/8.00s target_err=0.032202 max|dq|=0.018408
[FINAL_HOME] t=5.62/8.00s target_err=0.029277 max|dq|=0.015340
[FINAL_HOME] t=5.88/8.00s target_err=0.028319 max|dq|=0.030680
[FINAL_HOME] t=6.13/8.00s target_err=0.027480 max|dq|=0.030680
[FINAL_HOME] t=6.38/8.00s target_err=0.026449 max|dq|=0.024544
[FINAL_HOME] t=6.64/8.00s target_err=0.025131 max|dq|=0.021476
[FINAL_HOME] t=6.89/8.00s target_err=0.024544 max|dq|=0.024544
[FINAL_HOME] t=7.15/8.00s target_err=0.024100 max|dq|=0.012272
[FINAL_HOME] t=7.40/8.00s target_err=0.023825 max|dq|=0.023252
[FINAL_HOME] t=7.66/8.00s target_err=0.023621 max|dq|=0.018408
[FINAL_HOME] t=7.92/8.00s target_err=0.023513 max|dq|=0.012272
[FINAL_HOME_hold] max_err=0.023501 best=0.023501 stable=0.00/1.00
[FINAL_HOME_hold] max_err=0.023465 best=0.023453 stable=0.25/1.00
[FINAL_HOME_hold] max_err=0.023441 best=0.023441 stable=0.50/1.00
[FINAL_HOME_hold] max_err=0.023429 best=0.023417 stable=0.75/1.00
[FINAL_HOME_hold] max_err=0.023393 best=0.023381 stable=1.01/1.00
[FINAL_HOME_hold] max_err=0.023393 best=0.023381 stable=1.26/1.00
[FINAL_HOME_hold] max_err=0.023381 best=0.023381 stable=1.51/1.00
[FINAL_HOME_hold] max_err=0.023357 best=0.023357 stable=1.77/1.00
[FINAL_HOME_hold] max_err=0.023357 best=0.023357 stable=2.02/1.00
[FINAL_HOME_hold] max_err=0.023357 best=0.023345 stable=2.28/1.00
[FINAL_HOME_hold] max_err=0.023345 best=0.023333 stable=2.53/1.00
[FINAL_HOME_hold] max_err=0.023345 best=0.023333 stable=2.78/1.00
[FINAL_HOME_hold] max_err=0.023321 best=0.023321 stable=3.04/1.00
[FINAL_HOME_hold] max_err=0.023309 best=0.023285 stable=3.29/1.00
[FINAL_HOME_hold] max_err=0.023297 best=0.023273 stable=3.54/1.00
[FINAL_HOME_hold] max_err=0.023285 best=0.023273 stable=3.80/1.00
[FINAL_HOME_hold] max_err=0.023273 best=0.023261 stable=4.06/1.00
[FINAL_HOME_hold] max_err=0.023249 best=0.023249 stable=4.32/1.00
[FINAL_HOME_hold] max_err=0.023249 best=0.023225 stable=4.57/1.00
[FINAL_HOME_hold] max_err=0.023237 best=0.023213 stable=4.82/1.00

========================================================================================================
FINAL_HOME RESULT
========================================================================================================
MAX error      : 0.023237 rad (1.331 deg)
Worst          : right_wrist_pitch
Best hold error: 0.023213 rad
Stable reached : True
Final max |dq| : 0.007751 rad/s

left_shoulder_pitch          target=-0.094586 final=-0.079491 error=+0.015094
left_shoulder_roll           target=-0.005776 final=-0.011942 error=-0.006166
left_shoulder_yaw            target=+0.183094 final=+0.180596 error=-0.002498
left_elbow                   target=+1.197247 final=+1.196384 error=-0.000863
left_wrist_roll              target=-0.080065 final=-0.076159 error=+0.003906
left_wrist_pitch             target=-0.892441 final=-0.906031 error=-0.013590
left_wrist_yaw               target=-0.177546 final=-0.177235 error=+0.000312
right_shoulder_pitch         target=-0.161583 final=-0.145650 error=+0.015933
right_shoulder_roll          target=+0.034586 final=+0.044947 error=+0.010360
right_shoulder_yaw           target=-0.180944 final=-0.172709 error=+0.008235
right_elbow                  target=+1.037027 final=+1.034271 error=-0.002755
right_wrist_roll             target=+0.003240 final=+0.001756 error=-0.001484
right_wrist_pitch            target=-0.529775 final=-0.553012 error=-0.023237
right_wrist_yaw              target=+0.114893 final=+0.121113 error=+0.006220

FINAL_HOME = PASS
AUTO_HOME_READY = PASS
========================================================================================================
LowCmd gains released.
