
========================================================================================================
R1-A7 AUTO-HOME V2 ADAPTIVE RECOVERY PRE-FLIGHT
========================================================================================================
Lowstate age             : 0.000027s [PASS]
Max initial |dq|         : 0.012272 rad/s [PASS]
Current joint limits     : PASS
HOME joint limits        : PASS
MotionSwitcher           : PASS
  status                 : 0
  result                 : {'form': '0', 'name': ''}

Global HOME error        : 0.503182 rad
Wrist HOME error         : 0.503182 rad (right_wrist_pitch)
Arm HOME error           : 0.264869 rad (right_shoulder_pitch)
Direct HOME threshold    : 0.350000 rad
Recovery mode            : ADAPTIVE RECOVERY

Wrist stage delta        : 0.150000 rad
Arm stage delta          : 0.200000 rad
Recovery threshold       : 0.050000 rad
Nominal wrist iterations : 4 / max 8
Nominal arm iterations   : 2 / max 6
Iteration budget         : PASS

First-step trajectory preview:
  WRIST_ITER_01      duration= 5.50s max_delta=0.150000 peak_v=0.051136 peak_a=0.028629 max_step=0.000511
  ARM_ITER_01        duration= 7.00s max_delta=0.200000 peak_v=0.053571 peak_a=0.023565 max_step=0.000536
First-step checks        : PASS

Arm gains:
  shoulder pitch         : kp=100.0, kd=3.5
  shoulder roll/yaw/elbow: kp=80.0, kd=3.0
  wrist pitch            : kp=60.0, kd=2.0
  wrist roll/yaw         : kp=40.0, kd=1.5

PRE_FLIGHT = PASS
ROBOT_COMMAND_PUBLISHED = FALSE
========================================================================================================

========================================================================================================
REAL ROBOT AUTO-HOME V2 ARMED
========================================================================================================
Initial global HOME error : 0.503170 rad
Mode                      : ADAPTIVE RECOVERY
LowCmd will remain active until completion or abort.

Type RECOVER HOME V2 exactly to continue.
> 
Starting in 3 seconds...
3
2
1

========================================================================================================
LOWCMD ZERO-DISPLACEMENT TAKEOVER TEST
========================================================================================================
Takeover max drift : 0.000288 rad
Final max |dq|     : 0.024544 rad/s
TAKEOVER_TEST = PASS
========================================================================================================

POST-TAKEOVER V2 DECISION
Global HOME error : 0.503182 rad
Mode              : ADAPTIVE RECOVERY

========================================================================================================
ADAPTIVE WRIST RECOVERY
========================================================================================================
Stage delta       : 0.150000 rad
HOME threshold    : 0.050000 rad
Max iterations    : 8

WRIST_ITER_01 BEFORE: HOME error=0.503182 rad (right_wrist_pitch)
WRIST_ITER_01 TARGET: step=0.150000 rad (right_wrist_pitch), nominal remaining=0.353182 rad (right_wrist_pitch)

========================================================================================================
TRAJECTORY START: WRIST_ITER_01
========================================================================================================
Duration       : 5.500s
Max joint delta: 0.150000 rad
Peak velocity  : 0.051136 rad/s
Peak accel     : 0.028629 rad/s^2
[WRIST_ITER_01] t=0.00/5.50s target_err=0.150000 max|dq|=0.024544
[WRIST_ITER_01] t=0.25/5.50s target_err=0.150060 max|dq|=0.012272
[WRIST_ITER_01] t=0.50/5.50s target_err=0.149988 max|dq|=0.021476
[WRIST_ITER_01] t=0.76/5.50s target_err=0.149976 max|dq|=0.015340
[WRIST_ITER_01] t=1.01/5.50s target_err=0.149760 max|dq|=0.009204
[WRIST_ITER_01] t=1.26/5.50s target_err=0.149317 max|dq|=0.030680
[WRIST_ITER_01] t=1.52/5.50s target_err=0.147699 max|dq|=0.018408
[WRIST_ITER_01] t=1.77/5.50s target_err=0.144331 max|dq|=0.024544
[WRIST_ITER_01] t=2.03/5.50s target_err=0.138603 max|dq|=0.042951
[WRIST_ITER_01] t=2.28/5.50s target_err=0.131209 max|dq|=0.018408
[WRIST_ITER_01] t=2.53/5.50s target_err=0.123563 max|dq|=0.030680
[WRIST_ITER_01] t=2.79/5.50s target_err=0.115449 max|dq|=0.061359
[WRIST_ITER_01] t=3.04/5.50s target_err=0.104831 max|dq|=0.079767
[WRIST_ITER_01] t=3.29/5.50s target_err=0.095448 max|dq|=0.036816
[WRIST_ITER_01] t=3.55/5.50s target_err=0.088089 max|dq|=0.030680
[WRIST_ITER_01] t=3.80/5.50s target_err=0.083883 max|dq|=0.042951
[WRIST_ITER_01] t=4.06/5.50s target_err=0.081690 max|dq|=0.055223
[WRIST_ITER_01] t=4.31/5.50s target_err=0.080755 max|dq|=0.030680
[WRIST_ITER_01] t=4.57/5.50s target_err=0.079365 max|dq|=0.024544
[WRIST_ITER_01] t=4.82/5.50s target_err=0.078190 max|dq|=0.015501
[WRIST_ITER_01] t=5.08/5.50s target_err=0.076980 max|dq|=0.012272
[WRIST_ITER_01] t=5.34/5.50s target_err=0.076716 max|dq|=0.015501
[WRIST_ITER_01_hold] active_home=0.409609 active_target=0.076669 inactive_hold=0.026522 stable=0.00/0.50
[WRIST_ITER_01_hold] active_home=0.409273 active_target=0.076525 inactive_hold=0.026522 stable=0.00/0.50
[WRIST_ITER_01_hold] active_home=0.408962 active_target=0.076357 inactive_hold=0.026522 stable=0.00/0.50
[WRIST_ITER_01_hold] active_home=0.408770 active_target=0.076201 inactive_hold=0.026537 stable=0.00/0.50
[WRIST_ITER_01_hold] active_home=0.408626 active_target=0.076117 inactive_hold=0.026537 stable=0.00/0.50
[WRIST_ITER_01_hold] active_home=0.408482 active_target=0.076033 inactive_hold=0.026537 stable=0.00/0.50
[WRIST_ITER_01_hold] active_home=0.408410 active_target=0.075938 inactive_hold=0.026552 stable=0.00/0.50
[WRIST_ITER_01_hold] active_home=0.408279 active_target=0.075866 inactive_hold=0.026552 stable=0.00/0.50

WRIST_ITER_01 RESULT
  HOME error before : 0.503182 rad
  HOME error after  : 0.408219 rad (right_wrist_pitch, -0.408219)
  Progress          : +0.094963 rad
  Micro-target err  : 0.075818 rad (left_wrist_pitch)
  Inactive hold err : 0.026552 rad (left_elbow)
  Stable at HOME    : False
  Final max |dq|    : 0.015501 rad/s
WRIST_ITER_01 = CONTINUE

WRIST_ITER_02 BEFORE: HOME error=0.408219 rad (right_wrist_pitch)
WRIST_ITER_02 TARGET: step=0.150000 rad (right_wrist_pitch), nominal remaining=0.258219 rad (right_wrist_pitch)

========================================================================================================
TRAJECTORY START: WRIST_ITER_02
========================================================================================================
Duration       : 5.500s
Max joint delta: 0.150000 rad
Peak velocity  : 0.051136 rad/s
Peak accel     : 0.028629 rad/s^2
[WRIST_ITER_02] t=0.00/5.50s target_err=0.150000 max|dq|=0.015501
[WRIST_ITER_02] t=0.25/5.50s target_err=0.161157 max|dq|=0.021476
[WRIST_ITER_02] t=0.50/5.50s target_err=0.161157 max|dq|=0.024544
[WRIST_ITER_02] t=0.76/5.50s target_err=0.161097 max|dq|=0.018408
[WRIST_ITER_02] t=1.02/5.50s target_err=0.160702 max|dq|=0.018408
[WRIST_ITER_02] t=1.27/5.50s target_err=0.159659 max|dq|=0.018408
[WRIST_ITER_02] t=1.53/5.50s target_err=0.157706 max|dq|=0.018408
[WRIST_ITER_02] t=1.78/5.50s target_err=0.154434 max|dq|=0.024544
[WRIST_ITER_02] t=2.04/5.50s target_err=0.150024 max|dq|=0.024544
[WRIST_ITER_02] t=2.29/5.50s target_err=0.144367 max|dq|=0.036816
[WRIST_ITER_02] t=2.54/5.50s target_err=0.138291 max|dq|=0.049087
[WRIST_ITER_02] t=2.79/5.50s target_err=0.133642 max|dq|=0.055223
[WRIST_ITER_02] t=3.04/5.50s target_err=0.124078 max|dq|=0.036816
[WRIST_ITER_02] t=3.30/5.50s target_err=0.121418 max|dq|=0.024544
[WRIST_ITER_02] t=3.55/5.50s target_err=0.118074 max|dq|=0.012272
[WRIST_ITER_02] t=3.80/5.50s target_err=0.115785 max|dq|=0.015340
[WRIST_ITER_02] t=4.06/5.50s target_err=0.114371 max|dq|=0.012272
[WRIST_ITER_02] t=4.32/5.50s target_err=0.113388 max|dq|=0.018408
[WRIST_ITER_02] t=4.57/5.50s target_err=0.111758 max|dq|=0.012272
[WRIST_ITER_02] t=4.83/5.50s target_err=0.110872 max|dq|=0.012272
[WRIST_ITER_02] t=5.08/5.50s target_err=0.109997 max|dq|=0.007751
[WRIST_ITER_02] t=5.34/5.50s target_err=0.109541 max|dq|=0.012272
[WRIST_ITER_02_hold] active_home=0.358940 active_target=0.109278 inactive_hold=0.029459 stable=0.00/0.50
[WRIST_ITER_02_hold] active_home=0.358244 active_target=0.109038 inactive_hold=0.029716 stable=0.00/0.50
[WRIST_ITER_02_hold] active_home=0.357813 active_target=0.108666 inactive_hold=0.029897 stable=0.00/0.50
[WRIST_ITER_02_hold] active_home=0.357549 active_target=0.108079 inactive_hold=0.030003 stable=0.00/0.50
[WRIST_ITER_02_hold] active_home=0.357298 active_target=0.107360 inactive_hold=0.030079 stable=0.00/0.50
[WRIST_ITER_02_hold] active_home=0.357106 active_target=0.106725 inactive_hold=0.030155 stable=0.00/0.50
[WRIST_ITER_02_hold] active_home=0.356986 active_target=0.106377 inactive_hold=0.030246 stable=0.00/0.50
[WRIST_ITER_02_hold] active_home=0.356890 active_target=0.106102 inactive_hold=0.030246 stable=0.00/0.50

WRIST_ITER_02 RESULT
  HOME error before : 0.408219 rad
  HOME error after  : 0.356806 rad (right_wrist_pitch, -0.356806)
  Progress          : +0.051412 rad
  Micro-target err  : 0.105898 rad (left_wrist_pitch)
  Inactive hold err : 0.030261 rad (right_elbow)
  Stable at HOME    : False
  Final max |dq|    : 0.012272 rad/s
WRIST_ITER_02 = CONTINUE

WRIST_ITER_03 BEFORE: HOME error=0.356806 rad (right_wrist_pitch)
WRIST_ITER_03 TARGET: step=0.150000 rad (left_wrist_pitch), nominal remaining=0.206806 rad (right_wrist_pitch)

========================================================================================================
TRAJECTORY START: WRIST_ITER_03
========================================================================================================
Duration       : 5.500s
Max joint delta: 0.150000 rad
Peak velocity  : 0.051136 rad/s
Peak accel     : 0.028629 rad/s^2
[WRIST_ITER_03] t=0.00/5.50s target_err=0.150000 max|dq|=0.012272
[WRIST_ITER_03] t=0.25/5.50s target_err=0.161433 max|dq|=0.009204
[WRIST_ITER_03] t=0.51/5.50s target_err=0.161457 max|dq|=0.012272
[WRIST_ITER_03] t=0.76/5.50s target_err=0.161373 max|dq|=0.009204
[WRIST_ITER_03] t=1.01/5.50s target_err=0.161026 max|dq|=0.018408
[WRIST_ITER_03] t=1.27/5.50s target_err=0.159444 max|dq|=0.018408
[WRIST_ITER_03] t=1.52/5.50s target_err=0.158293 max|dq|=0.024544
[WRIST_ITER_03] t=1.78/5.50s target_err=0.155537 max|dq|=0.024544
[WRIST_ITER_03] t=2.03/5.50s target_err=0.150288 max|dq|=0.030680
[WRIST_ITER_03] t=2.29/5.50s target_err=0.145590 max|dq|=0.018408
[WRIST_ITER_03] t=2.55/5.50s target_err=0.137956 max|dq|=0.061359
[WRIST_ITER_03] t=2.81/5.50s target_err=0.129195 max|dq|=0.042951
[WRIST_ITER_03] t=3.07/5.50s target_err=0.119452 max|dq|=0.042951
[WRIST_ITER_03] t=3.32/5.50s target_err=0.115378 max|dq|=0.009204
[WRIST_ITER_03] t=3.58/5.50s target_err=0.114850 max|dq|=0.024544
[WRIST_ITER_03] t=3.83/5.50s target_err=0.114599 max|dq|=0.007751
[WRIST_ITER_03] t=4.08/5.50s target_err=0.114443 max|dq|=0.024544
[WRIST_ITER_03] t=4.33/5.50s target_err=0.114311 max|dq|=0.007751
[WRIST_ITER_03] t=4.59/5.50s target_err=0.114203 max|dq|=0.012272
[WRIST_ITER_03] t=4.84/5.50s target_err=0.114107 max|dq|=0.030680
[WRIST_ITER_03] t=5.10/5.50s target_err=0.114059 max|dq|=0.018408
[WRIST_ITER_03] t=5.36/5.50s target_err=0.113999 max|dq|=0.015501
[WRIST_ITER_03_hold] active_home=0.317354 active_target=0.113964 inactive_hold=0.028717 stable=0.00/0.50
[WRIST_ITER_03_hold] active_home=0.317282 active_target=0.113928 inactive_hold=0.028732 stable=0.00/0.50
[WRIST_ITER_03_hold] active_home=0.317210 active_target=0.113880 inactive_hold=0.028732 stable=0.00/0.50
[WRIST_ITER_03_hold] active_home=0.317151 active_target=0.113844 inactive_hold=0.028747 stable=0.00/0.50
[WRIST_ITER_03_hold] active_home=0.317079 active_target=0.113832 inactive_hold=0.028762 stable=0.00/0.50
[WRIST_ITER_03_hold] active_home=0.317007 active_target=0.113808 inactive_hold=0.028777 stable=0.00/0.50
[WRIST_ITER_03_hold] active_home=0.316947 active_target=0.113772 inactive_hold=0.028792 stable=0.00/0.50
[WRIST_ITER_03_hold] active_home=0.316899 active_target=0.113736 inactive_hold=0.028808 stable=0.00/0.50

WRIST_ITER_03 RESULT
  HOME error before : 0.356806 rad
  HOME error after  : 0.316851 rad (right_wrist_pitch, -0.316851)
  Progress          : +0.039955 rad
  Micro-target err  : 0.113724 rad (left_wrist_pitch)
  Inactive hold err : 0.028792 rad (right_elbow)
  Stable at HOME    : False
  Final max |dq|    : 0.015340 rad/s
WRIST_ITER_03 = CONTINUE

WRIST_ITER_04 BEFORE: HOME error=0.316851 rad (right_wrist_pitch)
WRIST_ITER_04 TARGET: step=0.150000 rad (left_wrist_pitch), nominal remaining=0.166851 rad (right_wrist_pitch)

========================================================================================================
TRAJECTORY START: WRIST_ITER_04
========================================================================================================
Duration       : 5.500s
Max joint delta: 0.150000 rad
Peak velocity  : 0.051136 rad/s
Peak accel     : 0.028629 rad/s^2
[WRIST_ITER_04] t=0.00/5.50s target_err=0.150000 max|dq|=0.015340
[WRIST_ITER_04] t=0.25/5.50s target_err=0.161121 max|dq|=0.030680
[WRIST_ITER_04] t=0.51/5.50s target_err=0.161109 max|dq|=0.018408
[WRIST_ITER_04] t=0.76/5.50s target_err=0.160990 max|dq|=0.012272
[WRIST_ITER_04] t=1.02/5.50s target_err=0.160522 max|dq|=0.012272
[WRIST_ITER_04] t=1.27/5.50s target_err=0.159288 max|dq|=0.021476
[WRIST_ITER_04] t=1.53/5.50s target_err=0.158557 max|dq|=0.024544
[WRIST_ITER_04] t=1.79/5.50s target_err=0.156124 max|dq|=0.024544
[WRIST_ITER_04] t=2.04/5.50s target_err=0.151786 max|dq|=0.030680
[WRIST_ITER_04] t=2.30/5.50s target_err=0.143768 max|dq|=0.024544
[WRIST_ITER_04] t=2.56/5.50s target_err=0.136074 max|dq|=0.036816
[WRIST_ITER_04] t=2.81/5.50s target_err=0.129016 max|dq|=0.042951
[WRIST_ITER_04] t=3.06/5.50s target_err=0.121262 max|dq|=0.036816
[WRIST_ITER_04] t=3.32/5.50s target_err=0.119033 max|dq|=0.018408
[WRIST_ITER_04] t=3.58/5.50s target_err=0.116372 max|dq|=0.012272
[WRIST_ITER_04] t=3.83/5.50s target_err=0.114694 max|dq|=0.030680
[WRIST_ITER_04] t=4.09/5.50s target_err=0.112753 max|dq|=0.012272
[WRIST_ITER_04] t=4.34/5.50s target_err=0.112154 max|dq|=0.015501
[WRIST_ITER_04] t=4.60/5.50s target_err=0.111686 max|dq|=0.015501
[WRIST_ITER_04] t=4.86/5.50s target_err=0.111339 max|dq|=0.015501
[WRIST_ITER_04] t=5.12/5.50s target_err=0.111075 max|dq|=0.015501
[WRIST_ITER_04] t=5.38/5.50s target_err=0.110895 max|dq|=0.018408
[WRIST_ITER_04_hold] active_home=0.277686 active_target=0.110836 inactive_hold=0.026794 stable=0.00/0.50
[WRIST_ITER_04_hold] active_home=0.277519 active_target=0.110668 inactive_hold=0.026794 stable=0.00/0.50
[WRIST_ITER_04_hold] active_home=0.277279 active_target=0.110536 inactive_hold=0.026794 stable=0.00/0.50
[WRIST_ITER_04_hold] active_home=0.277087 active_target=0.110440 inactive_hold=0.026794 stable=0.00/0.50
[WRIST_ITER_04_hold] active_home=0.276824 active_target=0.110368 inactive_hold=0.026794 stable=0.00/0.50
[WRIST_ITER_04_hold] active_home=0.276608 active_target=0.110296 inactive_hold=0.026809 stable=0.00/0.50
[WRIST_ITER_04_hold] active_home=0.276440 active_target=0.110224 inactive_hold=0.026809 stable=0.00/0.50
[WRIST_ITER_04_hold] active_home=0.276320 active_target=0.110188 inactive_hold=0.026794 stable=0.00/0.50

WRIST_ITER_04 RESULT
  HOME error before : 0.316851 rad
  HOME error after  : 0.276236 rad (right_wrist_pitch, -0.276236)
  Progress          : +0.040615 rad
  Micro-target err  : 0.110153 rad (left_wrist_pitch)
  Inactive hold err : 0.026794 rad (right_elbow)
  Stable at HOME    : False
  Final max |dq|    : 0.030680 rad/s
WRIST_ITER_04 = CONTINUE

WRIST_ITER_05 BEFORE: HOME error=0.276236 rad (right_wrist_pitch)
WRIST_ITER_05 TARGET: step=0.150000 rad (left_wrist_pitch), nominal remaining=0.126236 rad (right_wrist_pitch)

========================================================================================================
TRAJECTORY START: WRIST_ITER_05
========================================================================================================
Duration       : 5.500s
Max joint delta: 0.150000 rad
Peak velocity  : 0.051136 rad/s
Peak accel     : 0.028629 rad/s^2
[WRIST_ITER_05] t=0.00/5.50s target_err=0.150000 max|dq|=0.030680
[WRIST_ITER_05] t=0.25/5.50s target_err=0.161145 max|dq|=0.015501
[WRIST_ITER_05] t=0.50/5.50s target_err=0.161157 max|dq|=0.012272
[WRIST_ITER_05] t=0.76/5.50s target_err=0.161085 max|dq|=0.015501
[WRIST_ITER_05] t=1.02/5.50s target_err=0.160570 max|dq|=0.012272
[WRIST_ITER_05] t=1.28/5.50s target_err=0.159599 max|dq|=0.012272
[WRIST_ITER_05] t=1.54/5.50s target_err=0.158701 max|dq|=0.018408
[WRIST_ITER_05] t=1.80/5.50s target_err=0.154758 max|dq|=0.036816
[WRIST_ITER_05] t=2.06/5.50s target_err=0.149305 max|dq|=0.030680
[WRIST_ITER_05] t=2.32/5.50s target_err=0.142534 max|dq|=0.036816
[WRIST_ITER_05] t=2.57/5.50s target_err=0.135247 max|dq|=0.055223
[WRIST_ITER_05] t=2.82/5.50s target_err=0.127745 max|dq|=0.030680
[WRIST_ITER_05] t=3.08/5.50s target_err=0.120651 max|dq|=0.049087
[WRIST_ITER_05] t=3.33/5.50s target_err=0.115270 max|dq|=0.036816
[WRIST_ITER_05] t=3.59/5.50s target_err=0.113244 max|dq|=0.015340
[WRIST_ITER_05] t=3.84/5.50s target_err=0.112909 max|dq|=0.024544
[WRIST_ITER_05] t=4.09/5.50s target_err=0.112705 max|dq|=0.012272
[WRIST_ITER_05] t=4.35/5.50s target_err=0.112537 max|dq|=0.018408
[WRIST_ITER_05] t=4.60/5.50s target_err=0.112381 max|dq|=0.030680
[WRIST_ITER_05] t=4.85/5.50s target_err=0.112178 max|dq|=0.018408
[WRIST_ITER_05] t=5.11/5.50s target_err=0.111902 max|dq|=0.012272
[WRIST_ITER_05] t=5.36/5.50s target_err=0.111638 max|dq|=0.015501
[WRIST_ITER_05_hold] active_home=0.237719 active_target=0.111483 inactive_hold=0.030215 stable=0.00/0.50
[WRIST_ITER_05_hold] active_home=0.237443 active_target=0.111207 inactive_hold=0.030745 stable=0.00/0.50
[WRIST_ITER_05_hold] active_home=0.237240 active_target=0.111003 inactive_hold=0.032547 stable=0.00/0.50
[WRIST_ITER_05_hold] active_home=0.236676 active_target=0.110440 inactive_hold=0.034091 stable=0.00/0.50
[WRIST_ITER_05_hold] active_home=0.233345 active_target=0.107108 inactive_hold=0.034651 stable=0.00/0.50
[WRIST_ITER_05_hold] active_home=0.232614 active_target=0.106377 inactive_hold=0.034696 stable=0.00/0.50
[WRIST_ITER_05_hold] active_home=0.232326 active_target=0.106090 inactive_hold=0.034742 stable=0.00/0.50
[WRIST_ITER_05_hold] active_home=0.232122 active_target=0.105886 inactive_hold=0.034787 stable=0.00/0.50

WRIST_ITER_05 RESULT
  HOME error before : 0.276236 rad
  HOME error after  : 0.231991 rad (right_wrist_pitch, -0.231991)
  Progress          : +0.044246 rad
  Micro-target err  : 0.105754 rad (right_wrist_pitch)
  Inactive hold err : 0.034848 rad (left_elbow)
  Stable at HOME    : False
  Final max |dq|    : 0.015501 rad/s
WRIST_ITER_05 = CONTINUE

WRIST_ITER_06 BEFORE: HOME error=0.231991 rad (right_wrist_pitch)
WRIST_ITER_06 TARGET: step=0.150000 rad (right_wrist_pitch), nominal remaining=0.081991 rad (right_wrist_pitch)

========================================================================================================
TRAJECTORY START: WRIST_ITER_06
========================================================================================================
Duration       : 5.500s
Max joint delta: 0.150000 rad
Peak velocity  : 0.051136 rad/s
Peak accel     : 0.028629 rad/s^2
[WRIST_ITER_06] t=0.00/5.50s target_err=0.150000 max|dq|=0.015501
[WRIST_ITER_06] t=0.25/5.50s target_err=0.160103 max|dq|=0.036816
[WRIST_ITER_06] t=0.51/5.50s target_err=0.160163 max|dq|=0.012272
[WRIST_ITER_06] t=0.76/5.50s target_err=0.160139 max|dq|=0.009204
[WRIST_ITER_06] t=1.01/5.50s target_err=0.160007 max|dq|=0.015340
[WRIST_ITER_06] t=1.27/5.50s target_err=0.159611 max|dq|=0.024544
[WRIST_ITER_06] t=1.52/5.50s target_err=0.158748 max|dq|=0.018408
[WRIST_ITER_06] t=1.77/5.50s target_err=0.156124 max|dq|=0.023252
[WRIST_ITER_06] t=2.03/5.50s target_err=0.150947 max|dq|=0.012272
[WRIST_ITER_06] t=2.29/5.50s target_err=0.145853 max|dq|=0.042951
[WRIST_ITER_06] t=2.55/5.50s target_err=0.135763 max|dq|=0.036816
[WRIST_ITER_06] t=2.81/5.50s target_err=0.129267 max|dq|=0.030680
[WRIST_ITER_06] t=3.06/5.50s target_err=0.120447 max|dq|=0.055223
[WRIST_ITER_06] t=3.32/5.50s target_err=0.114191 max|dq|=0.024544
[WRIST_ITER_06] t=3.57/5.50s target_err=0.109146 max|dq|=0.024544
[WRIST_ITER_06] t=3.83/5.50s target_err=0.106353 max|dq|=0.012272
[WRIST_ITER_06] t=4.08/5.50s target_err=0.105395 max|dq|=0.024544
[WRIST_ITER_06] t=4.33/5.50s target_err=0.104855 max|dq|=0.024544
[WRIST_ITER_06] t=4.59/5.50s target_err=0.104412 max|dq|=0.021476
[WRIST_ITER_06] t=4.84/5.50s target_err=0.104017 max|dq|=0.018408
[WRIST_ITER_06] t=5.09/5.50s target_err=0.103321 max|dq|=0.015501
[WRIST_ITER_06] t=5.34/5.50s target_err=0.101236 max|dq|=0.036816
[WRIST_ITER_06_hold] active_home=0.180698 active_target=0.098708 inactive_hold=0.031653 stable=0.00/0.50
[WRIST_ITER_06_hold] active_home=0.179763 active_target=0.097773 inactive_hold=0.031956 stable=0.00/0.50
[WRIST_ITER_06_hold] active_home=0.178996 active_target=0.097006 inactive_hold=0.031865 stable=0.00/0.50
[WRIST_ITER_06_hold] active_home=0.177834 active_target=0.095843 inactive_hold=0.031850 stable=0.00/0.50
[WRIST_ITER_06_hold] active_home=0.175425 active_target=0.093434 inactive_hold=0.031881 stable=0.00/0.50
[WRIST_ITER_06_hold] active_home=0.173831 active_target=0.091841 inactive_hold=0.031926 stable=0.00/0.50
[WRIST_ITER_06_hold] active_home=0.173400 active_target=0.091409 inactive_hold=0.031926 stable=0.00/0.50
[WRIST_ITER_06_hold] active_home=0.173100 active_target=0.091110 inactive_hold=0.031926 stable=0.00/0.50

WRIST_ITER_06 RESULT
  HOME error before : 0.231991 rad
  HOME error after  : 0.172884 rad (right_wrist_pitch, -0.172884)
  Progress          : +0.059106 rad
  Micro-target err  : 0.090894 rad (right_wrist_pitch)
  Inactive hold err : 0.031926 rad (right_elbow)
  Stable at HOME    : False
  Final max |dq|    : 0.012272 rad/s
WRIST_ITER_06 = CONTINUE

WRIST_ITER_07 BEFORE: HOME error=0.172884 rad (right_wrist_pitch)
WRIST_ITER_07 TARGET: step=0.150000 rad (right_wrist_pitch), nominal remaining=0.022884 rad (right_wrist_pitch)

========================================================================================================
TRAJECTORY START: WRIST_ITER_07
========================================================================================================
Duration       : 5.500s
Max joint delta: 0.150000 rad
Peak velocity  : 0.051136 rad/s
Peak accel     : 0.028629 rad/s^2
[WRIST_ITER_07] t=0.00/5.50s target_err=0.150000 max|dq|=0.012272
[WRIST_ITER_07] t=0.25/5.50s target_err=0.160079 max|dq|=0.007751
[WRIST_ITER_07] t=0.51/5.50s target_err=0.160115 max|dq|=0.024544
[WRIST_ITER_07] t=0.77/5.50s target_err=0.160031 max|dq|=0.015340
[WRIST_ITER_07] t=1.03/5.50s target_err=0.159875 max|dq|=0.030680
[WRIST_ITER_07] t=1.29/5.50s target_err=0.159420 max|dq|=0.009204
[WRIST_ITER_07] t=1.54/5.50s target_err=0.158437 max|dq|=0.024544
[WRIST_ITER_07] t=1.80/5.50s target_err=0.155357 max|dq|=0.015340
[WRIST_ITER_07] t=2.05/5.50s target_err=0.149904 max|dq|=0.018408
[WRIST_ITER_07] t=2.30/5.50s target_err=0.143493 max|dq|=0.018408
[WRIST_ITER_07] t=2.55/5.50s target_err=0.135631 max|dq|=0.036816
[WRIST_ITER_07] t=2.81/5.50s target_err=0.127494 max|dq|=0.042951
[WRIST_ITER_07] t=3.07/5.50s target_err=0.117139 max|dq|=0.079767
[WRIST_ITER_07] t=3.32/5.50s target_err=0.109182 max|dq|=0.018408
[WRIST_ITER_07] t=3.57/5.50s target_err=0.104891 max|dq|=0.015501
[WRIST_ITER_07] t=3.82/5.50s target_err=0.103981 max|dq|=0.015501
[WRIST_ITER_07] t=4.08/5.50s target_err=0.103226 max|dq|=0.018408
[WRIST_ITER_07] t=4.33/5.50s target_err=0.102710 max|dq|=0.024544
[WRIST_ITER_07] t=4.58/5.50s target_err=0.102207 max|dq|=0.018408
[WRIST_ITER_07] t=4.84/5.50s target_err=0.101596 max|dq|=0.024544
[WRIST_ITER_07] t=5.09/5.50s target_err=0.101008 max|dq|=0.009204
[WRIST_ITER_07] t=5.34/5.50s target_err=0.100565 max|dq|=0.018408
[WRIST_ITER_07_hold] active_home=0.123186 active_target=0.100301 inactive_hold=0.030306 stable=0.00/0.50
[WRIST_ITER_07_hold] active_home=0.122922 active_target=0.100038 inactive_hold=0.030367 stable=0.00/0.50
[WRIST_ITER_07_hold] active_home=0.122754 active_target=0.099870 inactive_hold=0.030427 stable=0.00/0.50
[WRIST_ITER_07_hold] active_home=0.122587 active_target=0.099702 inactive_hold=0.030488 stable=0.00/0.50
[WRIST_ITER_07_hold] active_home=0.122443 active_target=0.099558 inactive_hold=0.030548 stable=0.00/0.50
[WRIST_ITER_07_hold] active_home=0.122335 active_target=0.099450 inactive_hold=0.030594 stable=0.00/0.50
[WRIST_ITER_07_hold] active_home=0.122263 active_target=0.099379 inactive_hold=0.030609 stable=0.00/0.50
[WRIST_ITER_07_hold] active_home=0.122179 active_target=0.099295 inactive_hold=0.030624 stable=0.00/0.50

WRIST_ITER_07 RESULT
  HOME error before : 0.172884 rad
  HOME error after  : 0.122119 rad (right_wrist_pitch, -0.122119)
  Progress          : +0.050765 rad
  Micro-target err  : 0.099235 rad (right_wrist_pitch)
  Inactive hold err : 0.030624 rad (right_elbow)
  Stable at HOME    : False
  Final max |dq|    : 0.012272 rad/s
WRIST_ITER_07 = CONTINUE

WRIST_ITER_08 BEFORE: HOME error=0.122119 rad (right_wrist_pitch)
WRIST_ITER_08 TARGET: step=0.122119 rad (right_wrist_pitch), nominal remaining=0.000000 rad (left_wrist_roll)

========================================================================================================
TRAJECTORY START: WRIST_ITER_08
========================================================================================================
Duration       : 5.000s
Max joint delta: 0.122119 rad
Peak velocity  : 0.045795 rad/s
Peak accel     : 0.028202 rad/s^2
[WRIST_ITER_08] t=0.00/5.00s target_err=0.122119 max|dq|=0.024544
[WRIST_ITER_08] t=0.25/5.00s target_err=0.131551 max|dq|=0.015501
[WRIST_ITER_08] t=0.50/5.00s target_err=0.131587 max|dq|=0.009204
[WRIST_ITER_08] t=0.76/5.00s target_err=0.131491 max|dq|=0.007751
[WRIST_ITER_08] t=1.01/5.00s target_err=0.131263 max|dq|=0.021476
[WRIST_ITER_08] t=1.26/5.00s target_err=0.130916 max|dq|=0.018408
[WRIST_ITER_08] t=1.52/5.00s target_err=0.129957 max|dq|=0.015501
[WRIST_ITER_08] t=1.78/5.00s target_err=0.126937 max|dq|=0.024544
[WRIST_ITER_08] t=2.04/5.00s target_err=0.122119 max|dq|=0.012272
[WRIST_ITER_08] t=2.29/5.00s target_err=0.115804 max|dq|=0.030680
[WRIST_ITER_08] t=2.55/5.00s target_err=0.108241 max|dq|=0.036816
[WRIST_ITER_08] t=2.80/5.00s target_err=0.101039 max|dq|=0.015501
[WRIST_ITER_08] t=3.05/5.00s target_err=0.092171 max|dq|=0.030680
[WRIST_ITER_08] t=3.31/5.00s target_err=0.084812 max|dq|=0.030680
[WRIST_ITER_08] t=3.57/5.00s target_err=0.079647 max|dq|=0.018408
[WRIST_ITER_08] t=3.83/5.00s target_err=0.077442 max|dq|=0.015340
[WRIST_ITER_08] t=4.09/5.00s target_err=0.076675 max|dq|=0.015501
[WRIST_ITER_08] t=4.35/5.00s target_err=0.075513 max|dq|=0.012272
[WRIST_ITER_08] t=4.61/5.00s target_err=0.074290 max|dq|=0.012272
[WRIST_ITER_08] t=4.87/5.00s target_err=0.073152 max|dq|=0.018408
[WRIST_ITER_08_hold] active_home=0.072660 active_target=0.072660 inactive_hold=0.031971 stable=0.00/0.50
[WRIST_ITER_08_hold] active_home=0.072001 active_target=0.072001 inactive_hold=0.032138 stable=0.00/0.50
[WRIST_ITER_08_hold] active_home=0.071702 active_target=0.071702 inactive_hold=0.032183 stable=0.00/0.50
[WRIST_ITER_08_hold] active_home=0.071474 active_target=0.071474 inactive_hold=0.032214 stable=0.00/0.50
[WRIST_ITER_08_hold] active_home=0.071270 active_target=0.071270 inactive_hold=0.032229 stable=0.00/0.50
[WRIST_ITER_08_hold] active_home=0.070959 active_target=0.070959 inactive_hold=0.032259 stable=0.00/0.50
[WRIST_ITER_08_hold] active_home=0.070563 active_target=0.070563 inactive_hold=0.032304 stable=0.00/0.50
[WRIST_ITER_08_hold] active_home=0.069928 active_target=0.069928 inactive_hold=0.032471 stable=0.00/0.50

WRIST_ITER_08 RESULT
  HOME error before : 0.122119 rad
  HOME error after  : 0.069580 rad (right_wrist_pitch, -0.069580)
  Progress          : +0.052539 rad
  Micro-target err  : 0.069580 rad (right_wrist_pitch)
  Inactive hold err : 0.032547 rad (right_elbow)
  Stable at HOME    : False
  Final max |dq|    : 0.007751 rad/s
WRIST_ITER_08 = CONTINUE

WRIST_READY = FAIL
Reason: max iterations reached with HOME error 0.069580 rad (right_wrist_pitch, -0.069580)
========================================================================================================
RECOVERY ABORTED: WRIST adaptive recovery failed.
LowCmd gains released.
