
========================================================================================================
R1-A7 AUTO-HOME V2 ADAPTIVE RECOVERY PRE-FLIGHT
========================================================================================================
Lowstate age             : 0.000482s [PASS]
Max initial |dq|         : 0.018408 rad/s [PASS]
Current joint limits     : PASS
HOME joint limits        : PASS
MotionSwitcher           : PASS
  status                 : 0
  result                 : {'form': '0', 'name': ''}

Global HOME error        : 0.368685 rad
Wrist HOME error         : 0.262119 rad (left_wrist_pitch)
Arm HOME error           : 0.368685 rad (right_shoulder_yaw)
Direct HOME threshold    : 0.350000 rad
Recovery mode            : ADAPTIVE RECOVERY

Wrist stage delta        : 0.150000 rad
Arm stage delta          : 0.200000 rad
Recovery threshold       : 0.050000 rad
Nominal wrist iterations : 2 / max 8
Nominal arm iterations   : 2 / max 6
Iteration budget         : PASS

First-step trajectory preview:
  WRIST_ITER_01      duration= 5.50s max_delta=0.150000 peak_v=0.051136 peak_a=0.028629 max_step=0.000511
  ARM_ITER_01        duration= 7.00s max_delta=0.200000 peak_v=0.053571 peak_a=0.023565 max_step=0.000536
First-step checks        : PASS

Arm gains:
  shoulder pitch         : kp=100.0, kd=3.5
  shoulder roll/yaw/elbow: kp=80.0, kd=3.0
  wrist pitch            : kp=60.0, kd=2.0
  wrist roll/yaw         : kp=40.0, kd=1.5

PRE_FLIGHT = PASS
ROBOT_COMMAND_PUBLISHED = FALSE
========================================================================================================

========================================================================================================
REAL ROBOT AUTO-HOME V2 ARMED
========================================================================================================
Initial global HOME error : 0.368700 rad
Mode                      : ADAPTIVE RECOVERY
LowCmd will remain active until completion or abort.

Type RECOVER HOME V2 exactly to continue.
> 
Starting in 3 seconds...
3
2
1

========================================================================================================
LOWCMD ZERO-DISPLACEMENT TAKEOVER TEST
========================================================================================================
Takeover max drift : 0.000252 rad
Final max |dq|     : 0.018408 rad/s
TAKEOVER_TEST = PASS
========================================================================================================

POST-TAKEOVER V2 DECISION
Global HOME error : 0.368867 rad
Mode              : ADAPTIVE RECOVERY

========================================================================================================
ADAPTIVE WRIST RECOVERY
========================================================================================================
Stage delta       : 0.150000 rad
HOME threshold    : 0.050000 rad
Max iterations    : 8

WRIST_ITER_01 BEFORE: HOME error=0.262359 rad (left_wrist_pitch)
WRIST_ITER_01 TARGET: step=0.150000 rad (left_wrist_pitch), nominal remaining=0.112359 rad (left_wrist_pitch)

========================================================================================================
TRAJECTORY START: WRIST_ITER_01
========================================================================================================
Duration       : 5.500s
Max joint delta: 0.150000 rad
Peak velocity  : 0.051136 rad/s
Peak accel     : 0.028629 rad/s^2
[WRIST_ITER_01] t=0.00/5.50s target_err=0.150000 max|dq|=0.018408
[WRIST_ITER_01] t=0.25/5.50s target_err=0.150036 max|dq|=0.018408
[WRIST_ITER_01] t=0.51/5.50s target_err=0.149916 max|dq|=0.023252
[WRIST_ITER_01] t=0.77/5.50s target_err=0.149449 max|dq|=0.021476
[WRIST_ITER_01] t=1.03/5.50s target_err=0.148238 max|dq|=0.012272
[WRIST_ITER_01] t=1.28/5.50s target_err=0.145614 max|dq|=0.036816
[WRIST_ITER_01] t=1.54/5.50s target_err=0.142474 max|dq|=0.030680
[WRIST_ITER_01] t=1.79/5.50s target_err=0.137920 max|dq|=0.018408
[WRIST_ITER_01] t=2.04/5.50s target_err=0.133797 max|dq|=0.018408
[WRIST_ITER_01] t=2.30/5.50s target_err=0.129459 max|dq|=0.030680
[WRIST_ITER_01] t=2.55/5.50s target_err=0.123431 max|dq|=0.015501
[WRIST_ITER_01] t=2.80/5.50s target_err=0.113808 max|dq|=0.038753
[WRIST_ITER_01] t=3.06/5.50s target_err=0.105814 max|dq|=0.042951
[WRIST_ITER_01] t=3.31/5.50s target_err=0.098480 max|dq|=0.024544
[WRIST_ITER_01] t=3.57/5.50s target_err=0.092056 max|dq|=0.015501
[WRIST_ITER_01] t=3.82/5.50s target_err=0.087682 max|dq|=0.012272
[WRIST_ITER_01] t=4.07/5.50s target_err=0.086915 max|dq|=0.018408
[WRIST_ITER_01] t=4.32/5.50s target_err=0.086460 max|dq|=0.030680
[WRIST_ITER_01] t=4.58/5.50s target_err=0.085992 max|dq|=0.018408
[WRIST_ITER_01] t=4.83/5.50s target_err=0.085573 max|dq|=0.015501
[WRIST_ITER_01] t=5.09/5.50s target_err=0.085261 max|dq|=0.018408
[WRIST_ITER_01] t=5.34/5.50s target_err=0.085034 max|dq|=0.007751
[WRIST_ITER_01_hold] active_home=0.197296 active_target=0.084938 inactive_hold=0.023963 stable=0.00/0.50
[WRIST_ITER_01_hold] active_home=0.197105 active_target=0.084746 inactive_hold=0.024039 stable=0.00/0.50
[WRIST_ITER_01_hold] active_home=0.196937 active_target=0.084578 inactive_hold=0.024100 stable=0.00/0.50
[WRIST_ITER_01_hold] active_home=0.196781 active_target=0.084422 inactive_hold=0.024130 stable=0.00/0.50
[WRIST_ITER_01_hold] active_home=0.196661 active_target=0.084302 inactive_hold=0.024130 stable=0.00/0.50
[WRIST_ITER_01_hold] active_home=0.196601 active_target=0.084243 inactive_hold=0.024130 stable=0.00/0.50
[WRIST_ITER_01_hold] active_home=0.196505 active_target=0.084147 inactive_hold=0.024145 stable=0.00/0.50
[WRIST_ITER_01_hold] active_home=0.196457 active_target=0.084099 inactive_hold=0.024145 stable=0.00/0.50

WRIST_ITER_01 RESULT
  HOME error before : 0.262359 rad
  HOME error after  : 0.196398 rad (left_wrist_pitch, -0.196398)
  Progress          : +0.065961 rad
  Micro-target err  : 0.084039 rad (left_wrist_pitch)
  Inactive hold err : 0.024145 rad (left_elbow)
  Stable at HOME    : False
  Final max |dq|    : 0.012272 rad/s
WRIST_ITER_01 = CONTINUE

WRIST_ITER_02 BEFORE: HOME error=0.196398 rad (left_wrist_pitch)
WRIST_ITER_02 TARGET: step=0.150000 rad (left_wrist_pitch), nominal remaining=0.046398 rad (left_wrist_pitch)

========================================================================================================
TRAJECTORY START: WRIST_ITER_02
========================================================================================================
Duration       : 5.500s
Max joint delta: 0.150000 rad
Peak velocity  : 0.051136 rad/s
Peak accel     : 0.028629 rad/s^2
[WRIST_ITER_02] t=0.00/5.50s target_err=0.150000 max|dq|=0.012272
[WRIST_ITER_02] t=0.25/5.50s target_err=0.164345 max|dq|=0.030680
[WRIST_ITER_02] t=0.50/5.50s target_err=0.164441 max|dq|=0.015340
[WRIST_ITER_02] t=0.76/5.50s target_err=0.164369 max|dq|=0.018408
[WRIST_ITER_02] t=1.02/5.50s target_err=0.163986 max|dq|=0.024544
[WRIST_ITER_02] t=1.27/5.50s target_err=0.162176 max|dq|=0.015501
[WRIST_ITER_02] t=1.52/5.50s target_err=0.158437 max|dq|=0.015501
[WRIST_ITER_02] t=1.77/5.50s target_err=0.154290 max|dq|=0.023252
[WRIST_ITER_02] t=2.02/5.50s target_err=0.149772 max|dq|=0.024544
[WRIST_ITER_02] t=2.28/5.50s target_err=0.145074 max|dq|=0.018408
[WRIST_ITER_02] t=2.53/5.50s target_err=0.138339 max|dq|=0.055223
[WRIST_ITER_02] t=2.78/5.50s target_err=0.122844 max|dq|=0.049087
[WRIST_ITER_02] t=3.04/5.50s target_err=0.113963 max|dq|=0.049087
[WRIST_ITER_02] t=3.29/5.50s target_err=0.107636 max|dq|=0.055223
[WRIST_ITER_02] t=3.54/5.50s target_err=0.102207 max|dq|=0.030680
[WRIST_ITER_02] t=3.80/5.50s target_err=0.100373 max|dq|=0.012272
[WRIST_ITER_02] t=4.06/5.50s target_err=0.099894 max|dq|=0.009204
[WRIST_ITER_02] t=4.31/5.50s target_err=0.099702 max|dq|=0.012272
[WRIST_ITER_02] t=4.57/5.50s target_err=0.099594 max|dq|=0.018408
[WRIST_ITER_02] t=4.82/5.50s target_err=0.099546 max|dq|=0.015340
[WRIST_ITER_02] t=5.08/5.50s target_err=0.099474 max|dq|=0.021476
[WRIST_ITER_02] t=5.34/5.50s target_err=0.099427 max|dq|=0.018408
[WRIST_ITER_02_hold] active_home=0.145776 active_target=0.099379 inactive_hold=0.026431 stable=0.00/0.50
[WRIST_ITER_02_hold] active_home=0.145716 active_target=0.099319 inactive_hold=0.026431 stable=0.00/0.50
[WRIST_ITER_02_hold] active_home=0.145680 active_target=0.099283 inactive_hold=0.026431 stable=0.00/0.50
[WRIST_ITER_02_hold] active_home=0.145644 active_target=0.099247 inactive_hold=0.026431 stable=0.00/0.50
[WRIST_ITER_02_hold] active_home=0.145620 active_target=0.099223 inactive_hold=0.026431 stable=0.00/0.50
[WRIST_ITER_02_hold] active_home=0.145584 active_target=0.099187 inactive_hold=0.026416 stable=0.00/0.50
[WRIST_ITER_02_hold] active_home=0.145536 active_target=0.099139 inactive_hold=0.026416 stable=0.00/0.50
[WRIST_ITER_02_hold] active_home=0.145525 active_target=0.099127 inactive_hold=0.026431 stable=0.00/0.50

WRIST_ITER_02 RESULT
  HOME error before : 0.196398 rad
  HOME error after  : 0.145512 rad (left_wrist_pitch, -0.145512)
  Progress          : +0.050885 rad
  Micro-target err  : 0.099115 rad (left_wrist_pitch)
  Inactive hold err : 0.026431 rad (left_elbow)
  Stable at HOME    : False
  Final max |dq|    : 0.012272 rad/s
WRIST_ITER_02 = CONTINUE

WRIST_ITER_03 BEFORE: HOME error=0.145512 rad (left_wrist_pitch)
WRIST_ITER_03 TARGET: step=0.145512 rad (left_wrist_pitch), nominal remaining=0.000000 rad (left_wrist_roll)

========================================================================================================
TRAJECTORY START: WRIST_ITER_03
========================================================================================================
Duration       : 5.500s
Max joint delta: 0.145512 rad
Peak velocity  : 0.049607 rad/s
Peak accel     : 0.027772 rad/s^2
[WRIST_ITER_03] t=0.00/5.50s target_err=0.145512 max|dq|=0.012272
[WRIST_ITER_03] t=0.25/5.50s target_err=0.156646 max|dq|=0.024544
[WRIST_ITER_03] t=0.51/5.50s target_err=0.156634 max|dq|=0.015340
[WRIST_ITER_03] t=0.77/5.50s target_err=0.156562 max|dq|=0.012272
[WRIST_ITER_03] t=1.02/5.50s target_err=0.156035 max|dq|=0.024544
[WRIST_ITER_03] t=1.27/5.50s target_err=0.153865 max|dq|=0.036816
[WRIST_ITER_03] t=1.53/5.50s target_err=0.151133 max|dq|=0.024544
[WRIST_ITER_03] t=1.79/5.50s target_err=0.147502 max|dq|=0.009204
[WRIST_ITER_03] t=2.04/5.50s target_err=0.143511 max|dq|=0.036816
[WRIST_ITER_03] t=2.30/5.50s target_err=0.137279 max|dq|=0.030680
[WRIST_ITER_03] t=2.55/5.50s target_err=0.130137 max|dq|=0.049087
[WRIST_ITER_03] t=2.81/5.50s target_err=0.122718 max|dq|=0.049087
[WRIST_ITER_03] t=3.06/5.50s target_err=0.113311 max|dq|=0.024544
[WRIST_ITER_03] t=3.31/5.50s target_err=0.105629 max|dq|=0.024544
[WRIST_ITER_03] t=3.57/5.50s target_err=0.102453 max|dq|=0.018408
[WRIST_ITER_03] t=3.83/5.50s target_err=0.100320 max|dq|=0.012272
[WRIST_ITER_03] t=4.09/5.50s target_err=0.094112 max|dq|=0.024544
[WRIST_ITER_03] t=4.35/5.50s target_err=0.091476 max|dq|=0.018408
[WRIST_ITER_03] t=4.60/5.50s target_err=0.090541 max|dq|=0.018408
[WRIST_ITER_03] t=4.86/5.50s target_err=0.089906 max|dq|=0.018408
[WRIST_ITER_03] t=5.11/5.50s target_err=0.089390 max|dq|=0.018408
[WRIST_ITER_03] t=5.36/5.50s target_err=0.089127 max|dq|=0.018408
[WRIST_ITER_03_hold] active_home=0.089019 active_target=0.089019 inactive_hold=0.032380 stable=0.00/0.50
[WRIST_ITER_03_hold] active_home=0.088827 active_target=0.088827 inactive_hold=0.032410 stable=0.00/0.50
[WRIST_ITER_03_hold] active_home=0.088683 active_target=0.088683 inactive_hold=0.032441 stable=0.00/0.50
[WRIST_ITER_03_hold] active_home=0.088504 active_target=0.088504 inactive_hold=0.032486 stable=0.00/0.50
[WRIST_ITER_03_hold] active_home=0.088300 active_target=0.088300 inactive_hold=0.032592 stable=0.00/0.50
[WRIST_ITER_03_hold] active_home=0.088120 active_target=0.088120 inactive_hold=0.032668 stable=0.00/0.50
[WRIST_ITER_03_hold] active_home=0.087988 active_target=0.087988 inactive_hold=0.032713 stable=0.00/0.50
[WRIST_ITER_03_hold] active_home=0.087916 active_target=0.087916 inactive_hold=0.032759 stable=0.00/0.50

WRIST_ITER_03 RESULT
  HOME error before : 0.145512 rad
  HOME error after  : 0.087856 rad (left_wrist_pitch, -0.087856)
  Progress          : +0.057656 rad
  Micro-target err  : 0.087856 rad (left_wrist_pitch)
  Inactive hold err : 0.032774 rad (left_elbow)
  Stable at HOME    : False
  Final max |dq|    : 0.018408 rad/s
WRIST_ITER_03 = CONTINUE

WRIST_ITER_04 BEFORE: HOME error=0.087856 rad (left_wrist_pitch)
WRIST_ITER_04 TARGET: step=0.087856 rad (left_wrist_pitch), nominal remaining=0.000000 rad (left_wrist_roll)

========================================================================================================
TRAJECTORY START: WRIST_ITER_04
========================================================================================================
Duration       : 5.000s
Max joint delta: 0.087856 rad
Peak velocity  : 0.032946 rad/s
Peak accel     : 0.020290 rad/s^2
[WRIST_ITER_04] t=0.00/5.00s target_err=0.087856 max|dq|=0.018408
[WRIST_ITER_04] t=0.25/5.00s target_err=0.098930 max|dq|=0.012272
[WRIST_ITER_04] t=0.51/5.00s target_err=0.099002 max|dq|=0.012272
[WRIST_ITER_04] t=0.76/5.00s target_err=0.098942 max|dq|=0.024544
[WRIST_ITER_04] t=1.02/5.00s target_err=0.098762 max|dq|=0.036816
[WRIST_ITER_04] t=1.27/5.00s target_err=0.097600 max|dq|=0.007751
[WRIST_ITER_04] t=1.53/5.00s target_err=0.094987 max|dq|=0.015501
[WRIST_ITER_04] t=1.79/5.00s target_err=0.092710 max|dq|=0.030680
[WRIST_ITER_04] t=2.04/5.00s target_err=0.090361 max|dq|=0.012272
[WRIST_ITER_04] t=2.29/5.00s target_err=0.086694 max|dq|=0.015501
[WRIST_ITER_04] t=2.54/5.00s target_err=0.083938 max|dq|=0.015340
[WRIST_ITER_04] t=2.80/5.00s target_err=0.080414 max|dq|=0.024544
[WRIST_ITER_04] t=3.06/5.00s target_err=0.069736 max|dq|=0.042951
[WRIST_ITER_04] t=3.32/5.00s target_err=0.063960 max|dq|=0.024544
[WRIST_ITER_04] t=3.58/5.00s target_err=0.060496 max|dq|=0.015501
[WRIST_ITER_04] t=3.83/5.00s target_err=0.057656 max|dq|=0.012272
[WRIST_ITER_04] t=4.09/5.00s target_err=0.053917 max|dq|=0.009204
[WRIST_ITER_04] t=4.35/5.00s target_err=0.052143 max|dq|=0.018408
[WRIST_ITER_04] t=4.61/5.00s target_err=0.051280 max|dq|=0.012272
[WRIST_ITER_04] t=4.86/5.00s target_err=0.050645 max|dq|=0.018408
[WRIST_ITER_04_hold] active_home=0.050310 active_target=0.050310 inactive_hold=0.024932 stable=0.00/0.50
[WRIST_ITER_04_hold] active_home=0.049938 active_target=0.049938 inactive_hold=0.024947 stable=0.05/0.50
[WRIST_ITER_04_hold] active_home=0.049747 active_target=0.049747 inactive_hold=0.024978 stable=0.31/0.50
[WRIST_ITER_04_hold] active_home=0.049579 active_target=0.049579 inactive_hold=0.024978 stable=0.56/0.50
[WRIST_ITER_04_hold] active_home=0.049531 active_target=0.049531 inactive_hold=0.024962 stable=0.82/0.50
[WRIST_ITER_04_hold] active_home=0.049483 active_target=0.049483 inactive_hold=0.024962 stable=1.08/0.50
[WRIST_ITER_04_hold] active_home=0.049447 active_target=0.049447 inactive_hold=0.024962 stable=1.34/0.50
[WRIST_ITER_04_hold] active_home=0.049411 active_target=0.049411 inactive_hold=0.024962 stable=1.59/0.50

WRIST_ITER_04 RESULT
  HOME error before : 0.087856 rad
  HOME error after  : 0.049375 rad (left_wrist_pitch, -0.049375)
  Progress          : +0.038481 rad
  Micro-target err  : 0.049375 rad (left_wrist_pitch)
  Inactive hold err : 0.024962 rad (left_elbow)
  Stable at HOME    : True
  Final max |dq|    : 0.012272 rad/s
WRIST_READY = PASS
========================================================================================================

========================================================================================================
ADAPTIVE ARM RECOVERY
========================================================================================================
Stage delta       : 0.200000 rad
HOME threshold    : 0.050000 rad
Max iterations    : 6

ARM_ITER_01 BEFORE: HOME error=0.368882 rad (right_shoulder_yaw)
ARM_ITER_01 TARGET: step=0.200000 rad (left_shoulder_yaw), nominal remaining=0.168882 rad (right_shoulder_yaw)

========================================================================================================
TRAJECTORY START: ARM_ITER_01
========================================================================================================
Duration       : 7.000s
Max joint delta: 0.200000 rad
Peak velocity  : 0.053571 rad/s
Peak accel     : 0.023565 rad/s^2
[ARM_ITER_01] t=0.00/7.00s target_err=0.200000 max|dq|=0.012272
[ARM_ITER_01] t=0.25/7.00s target_err=0.200242 max|dq|=0.012272
[ARM_ITER_01] t=0.50/7.00s target_err=0.200136 max|dq|=0.024544
[ARM_ITER_01] t=0.76/7.00s target_err=0.199879 max|dq|=0.015501
[ARM_ITER_01] t=1.02/7.00s target_err=0.199016 max|dq|=0.018408
[ARM_ITER_01] t=1.27/7.00s target_err=0.196094 max|dq|=0.018408
[ARM_ITER_01] t=1.52/7.00s target_err=0.192189 max|dq|=0.024544
[ARM_ITER_01] t=1.78/7.00s target_err=0.186436 max|dq|=0.036816
[ARM_ITER_01] t=2.03/7.00s target_err=0.178444 max|dq|=0.036816
[ARM_ITER_01] t=2.28/7.00s target_err=0.171314 max|dq|=0.038753
[ARM_ITER_01] t=2.54/7.00s target_err=0.160793 max|dq|=0.054254
[ARM_ITER_01] t=2.79/7.00s target_err=0.148168 max|dq|=0.070563
[ARM_ITER_01] t=3.04/7.00s target_err=0.137692 max|dq|=0.046504
[ARM_ITER_01] t=3.30/7.00s target_err=0.123720 max|dq|=0.088971
[ARM_ITER_01] t=3.55/7.00s target_err=0.111307 max|dq|=0.054254
[ARM_ITER_01] t=3.80/7.00s target_err=0.099242 max|dq|=0.046504
[ARM_ITER_01] t=4.06/7.00s target_err=0.083468 max|dq|=0.061359
[ARM_ITER_01] t=4.31/7.00s target_err=0.071206 max|dq|=0.054254
[ARM_ITER_01] t=4.57/7.00s target_err=0.058172 max|dq|=0.023252
[ARM_ITER_01] t=4.82/7.00s target_err=0.050358 max|dq|=0.125786
[ARM_ITER_01] t=5.07/7.00s target_err=0.043647 max|dq|=0.046504
[ARM_ITER_01] t=5.32/7.00s target_err=0.038793 max|dq|=0.046504
[ARM_ITER_01] t=5.58/7.00s target_err=0.035521 max|dq|=0.023252
[ARM_ITER_01] t=5.84/7.00s target_err=0.028798 max|dq|=0.012272
[ARM_ITER_01] t=6.10/7.00s target_err=0.025820 max|dq|=0.024544
[ARM_ITER_01] t=6.36/7.00s target_err=0.023315 max|dq|=0.024544
[ARM_ITER_01] t=6.61/7.00s target_err=0.022674 max|dq|=0.018408
[ARM_ITER_01] t=6.87/7.00s target_err=0.022524 max|dq|=0.015340
[ARM_ITER_01_hold] active_home=0.176721 active_target=0.022470 inactive_hold=0.012967 stable=0.00/0.50
[ARM_ITER_01_hold] active_home=0.176463 active_target=0.022393 inactive_hold=0.012931 stable=0.00/0.50
[ARM_ITER_01_hold] active_home=0.176161 active_target=0.022339 inactive_hold=0.012895 stable=0.00/0.50
[ARM_ITER_01_hold] active_home=0.176055 active_target=0.022291 inactive_hold=0.012871 stable=0.00/0.50
[ARM_ITER_01_hold] active_home=0.175828 active_target=0.022273 inactive_hold=0.012811 stable=0.00/0.50
[ARM_ITER_01_hold] active_home=0.175752 active_target=0.022219 inactive_hold=0.012775 stable=0.00/0.50
[ARM_ITER_01_hold] active_home=0.175676 active_target=0.022183 inactive_hold=0.012763 stable=0.00/0.50
[ARM_ITER_01_hold] active_home=0.175585 active_target=0.022165 inactive_hold=0.012727 stable=0.00/0.50

ARM_ITER_01 RESULT
  HOME error before : 0.368882 rad
  HOME error after  : 0.175525 rad (right_shoulder_yaw, +0.175525)
  Progress          : +0.193357 rad
  Micro-target err  : 0.022153 rad (right_shoulder_pitch)
  Inactive hold err : 0.012715 rad (right_wrist_pitch)
  Stable at HOME    : False
  Final max |dq|    : 0.012272 rad/s
ARM_ITER_01 = CONTINUE

ARM_ITER_02 BEFORE: HOME error=0.175525 rad (right_shoulder_yaw)
ARM_ITER_02 TARGET: step=0.175525 rad (right_shoulder_yaw), nominal remaining=0.000000 rad (left_shoulder_pitch)

========================================================================================================
TRAJECTORY START: ARM_ITER_02
========================================================================================================
Duration       : 6.500s
Max joint delta: 0.175525 rad
Peak velocity  : 0.050632 rad/s
Peak accel     : 0.023986 rad/s^2
[ARM_ITER_02] t=0.00/6.50s target_err=0.175525 max|dq|=0.018408
[ARM_ITER_02] t=0.25/6.50s target_err=0.177962 max|dq|=0.012272
[ARM_ITER_02] t=0.51/6.50s target_err=0.177932 max|dq|=0.012272
[ARM_ITER_02] t=0.76/6.50s target_err=0.177584 max|dq|=0.018408
[ARM_ITER_02] t=1.02/6.50s target_err=0.175464 max|dq|=0.015501
[ARM_ITER_02] t=1.28/6.50s target_err=0.172982 max|dq|=0.012272
[ARM_ITER_02] t=1.53/6.50s target_err=0.169470 max|dq|=0.024544
[ARM_ITER_02] t=1.79/6.50s target_err=0.165715 max|dq|=0.015501
[ARM_ITER_02] t=2.05/6.50s target_err=0.157329 max|dq|=0.046504
[ARM_ITER_02] t=2.30/6.50s target_err=0.144886 max|dq|=0.018408
[ARM_ITER_02] t=2.56/6.50s target_err=0.138043 max|dq|=0.031003
[ARM_ITER_02] t=2.82/6.50s target_err=0.124449 max|dq|=0.046504
[ARM_ITER_02] t=3.08/6.50s target_err=0.109463 max|dq|=0.085257
[ARM_ITER_02] t=3.33/6.50s target_err=0.095354 max|dq|=0.023252
[ARM_ITER_02] t=3.58/6.50s target_err=0.086468 max|dq|=0.031003
[ARM_ITER_02] t=3.84/6.50s target_err=0.073888 max|dq|=0.023252
[ARM_ITER_02] t=4.09/6.50s target_err=0.063701 max|dq|=0.054254
[ARM_ITER_02] t=4.34/6.50s target_err=0.047972 max|dq|=0.062005
[ARM_ITER_02] t=4.60/6.50s target_err=0.039813 max|dq|=0.046504
[ARM_ITER_02] t=4.85/6.50s target_err=0.031078 max|dq|=0.038753
[ARM_ITER_02] t=5.10/6.50s target_err=0.022601 max|dq|=0.031003
[ARM_ITER_02] t=5.35/6.50s target_err=0.018847 max|dq|=0.012272
[ARM_ITER_02] t=5.61/6.50s target_err=0.018024 max|dq|=0.015501
[ARM_ITER_02] t=5.86/6.50s target_err=0.018036 max|dq|=0.015501
[ARM_ITER_02] t=6.12/6.50s target_err=0.017988 max|dq|=0.024544
[ARM_ITER_02] t=6.37/6.50s target_err=0.018024 max|dq|=0.015501
[ARM_ITER_02_hold] active_home=0.017988 active_target=0.017988 inactive_hold=0.011289 stable=0.00/0.50
[ARM_ITER_02_hold] active_home=0.017910 active_target=0.017910 inactive_hold=0.011289 stable=0.25/0.50
[ARM_ITER_02_hold] active_home=0.017731 active_target=0.017731 inactive_hold=0.011253 stable=0.50/0.50
[ARM_ITER_02_hold] active_home=0.017323 active_target=0.017323 inactive_hold=0.011265 stable=0.76/0.50
[ARM_ITER_02_hold] active_home=0.016934 active_target=0.016934 inactive_hold=0.011265 stable=1.01/0.50
[ARM_ITER_02_hold] active_home=0.016928 active_target=0.016928 inactive_hold=0.011289 stable=1.27/0.50
[ARM_ITER_02_hold] active_home=0.016934 active_target=0.016934 inactive_hold=0.011265 stable=1.52/0.50
[ARM_ITER_02_hold] active_home=0.016928 active_target=0.016928 inactive_hold=0.011265 stable=1.78/0.50

ARM_ITER_02 RESULT
  HOME error before : 0.175525 rad
  HOME error after  : 0.016922 rad (right_shoulder_pitch, +0.016922)
  Progress          : +0.158603 rad
  Micro-target err  : 0.016922 rad (right_shoulder_pitch)
  Inactive hold err : 0.011265 rad (right_wrist_yaw)
  Stable at HOME    : True
  Final max |dq|    : 0.024544 rad/s
ARM_READY = PASS
========================================================================================================

========================================================================================================
TRAJECTORY START: FINAL_HOME
========================================================================================================
Duration       : 8.000s
Max joint delta: 0.046894 rad
Peak velocity  : 0.010991 rad/s
Peak accel     : 0.004230 rad/s^2
[FINAL_HOME] t=0.00/8.00s target_err=0.046894 max|dq|=0.024544
[FINAL_HOME] t=0.25/8.00s target_err=0.046858 max|dq|=0.015501
[FINAL_HOME] t=0.51/8.00s target_err=0.046858 max|dq|=0.012272
[FINAL_HOME] t=0.76/8.00s target_err=0.046774 max|dq|=0.018408
[FINAL_HOME] t=1.02/8.00s target_err=0.046487 max|dq|=0.012272
[FINAL_HOME] t=1.28/8.00s target_err=0.046139 max|dq|=0.024544
[FINAL_HOME] t=1.54/8.00s target_err=0.045516 max|dq|=0.030680
[FINAL_HOME] t=1.79/8.00s target_err=0.044725 max|dq|=0.018408
[FINAL_HOME] t=2.04/8.00s target_err=0.043778 max|dq|=0.015340
[FINAL_HOME] t=2.30/8.00s target_err=0.043083 max|dq|=0.018408
[FINAL_HOME] t=2.55/8.00s target_err=0.042280 max|dq|=0.018408
[FINAL_HOME] t=2.81/8.00s target_err=0.041513 max|dq|=0.009204
[FINAL_HOME] t=3.07/8.00s target_err=0.041334 max|dq|=0.012272
[FINAL_HOME] t=3.33/8.00s target_err=0.041130 max|dq|=0.018408
[FINAL_HOME] t=3.59/8.00s target_err=0.040890 max|dq|=0.015501
[FINAL_HOME] t=3.85/8.00s target_err=0.040255 max|dq|=0.024544
[FINAL_HOME] t=4.11/8.00s target_err=0.038949 max|dq|=0.024544
[FINAL_HOME] t=4.36/8.00s target_err=0.037415 max|dq|=0.024544
[FINAL_HOME] t=4.62/8.00s target_err=0.035953 max|dq|=0.012272
[FINAL_HOME] t=4.88/8.00s target_err=0.034730 max|dq|=0.024544
[FINAL_HOME] t=5.14/8.00s target_err=0.033580 max|dq|=0.012272
[FINAL_HOME] t=5.40/8.00s target_err=0.031219 max|dq|=0.012272
[FINAL_HOME] t=5.65/8.00s target_err=0.028918 max|dq|=0.018408
[FINAL_HOME] t=5.90/8.00s target_err=0.027983 max|dq|=0.018408
[FINAL_HOME] t=6.16/8.00s target_err=0.026976 max|dq|=0.018408
[FINAL_HOME] t=6.42/8.00s target_err=0.025742 max|dq|=0.024544
[FINAL_HOME] t=6.67/8.00s target_err=0.024496 max|dq|=0.018408
[FINAL_HOME] t=6.92/8.00s target_err=0.023921 max|dq|=0.015340
[FINAL_HOME] t=7.18/8.00s target_err=0.023561 max|dq|=0.012272
[FINAL_HOME] t=7.44/8.00s target_err=0.023357 max|dq|=0.024544
[FINAL_HOME] t=7.70/8.00s target_err=0.023213 max|dq|=0.018408
[FINAL_HOME] t=7.95/8.00s target_err=0.023118 max|dq|=0.018408
[FINAL_HOME_hold] max_err=0.023082 best=0.023082 stable=0.00/1.00
[FINAL_HOME_hold] max_err=0.023010 best=0.023010 stable=0.25/1.00
[FINAL_HOME_hold] max_err=0.022938 best=0.022926 stable=0.50/1.00
[FINAL_HOME_hold] max_err=0.022890 best=0.022890 stable=0.76/1.00
[FINAL_HOME_hold] max_err=0.022830 best=0.022830 stable=1.02/1.00
[FINAL_HOME_hold] max_err=0.022794 best=0.022782 stable=1.28/1.00
[FINAL_HOME_hold] max_err=0.022758 best=0.022758 stable=1.53/1.00
[FINAL_HOME_hold] max_err=0.022722 best=0.022722 stable=1.79/1.00
[FINAL_HOME_hold] max_err=0.022662 best=0.022650 stable=2.04/1.00
[FINAL_HOME_hold] max_err=0.022626 best=0.022626 stable=2.30/1.00
[FINAL_HOME_hold] max_err=0.022590 best=0.022590 stable=2.56/1.00
[FINAL_HOME_hold] max_err=0.022566 best=0.022566 stable=2.81/1.00
[FINAL_HOME_hold] max_err=0.022542 best=0.022530 stable=3.06/1.00
[FINAL_HOME_hold] max_err=0.022518 best=0.022506 stable=3.31/1.00
[FINAL_HOME_hold] max_err=0.022494 best=0.022470 stable=3.56/1.00
[FINAL_HOME_hold] max_err=0.022482 best=0.022470 stable=3.82/1.00
[FINAL_HOME_hold] max_err=0.022482 best=0.022446 stable=4.08/1.00
[FINAL_HOME_hold] max_err=0.022434 best=0.022434 stable=4.33/1.00
[FINAL_HOME_hold] max_err=0.022411 best=0.022411 stable=4.59/1.00
[FINAL_HOME_hold] max_err=0.022399 best=0.022375 stable=4.85/1.00

========================================================================================================
FINAL_HOME RESULT
========================================================================================================
MAX error      : 0.022387 rad (1.283 deg)
Worst          : right_wrist_pitch
Best hold error: 0.022375 rad
Stable reached : True
Final max |dq| : 0.015501 rad/s

left_shoulder_pitch          target=-0.094586 final=-0.080816 error=+0.013770
left_shoulder_roll           target=-0.005776 final=-0.012032 error=-0.006256
left_shoulder_yaw            target=+0.183094 final=+0.180157 error=-0.002937
left_elbow                   target=+1.197247 final=+1.196445 error=-0.000802
left_wrist_roll              target=-0.080065 final=-0.076674 error=+0.003391
left_wrist_pitch             target=-0.892441 final=-0.905348 error=-0.012907
left_wrist_yaw               target=-0.177546 final=-0.180255 error=-0.002708
right_shoulder_pitch         target=-0.161583 final=-0.144302 error=+0.017281
right_shoulder_roll          target=+0.034586 final=+0.051059 error=+0.016472
right_shoulder_yaw           target=-0.180944 final=-0.172255 error=+0.008689
right_elbow                  target=+1.037027 final=+1.036360 error=-0.000666
right_wrist_roll             target=+0.003240 final=+0.000984 error=-0.002256
right_wrist_pitch            target=-0.529775 final=-0.552161 error=-0.022387
right_wrist_yaw              target=+0.114893 final=+0.128818 error=+0.013926

FINAL_HOME = PASS
AUTO_HOME_READY = PASS
========================================================================================================
LowCmd gains released.
