
========================================================================================================
R1-A7 AUTO-HOME V2 ADAPTIVE RECOVERY PRE-FLIGHT
========================================================================================================
Lowstate age             : 0.000108s [PASS]
Max initial |dq|         : 0.018408 rad/s [PASS]
Current joint limits     : PASS
HOME joint limits        : PASS
MotionSwitcher           : PASS
  status                 : 0
  result                 : {'form': '0', 'name': ''}

Global HOME error        : 0.167396 rad
Wrist HOME error         : 0.100763 rad (right_wrist_pitch)
Arm HOME error           : 0.167396 rad (right_shoulder_roll)
Direct HOME threshold    : 0.350000 rad
Recovery mode            : DIRECT HOME


First-step trajectory preview:
  FINAL_HOME         duration= 8.00s max_delta=0.167396 peak_v=0.039233 peak_a=0.015101 max_step=0.000392
First-step checks        : PASS

Arm gains:
  shoulder pitch         : kp=100.0, kd=3.5
  shoulder roll/yaw/elbow: kp=80.0, kd=3.0
  wrist pitch            : kp=60.0, kd=2.0
  wrist roll/yaw         : kp=40.0, kd=1.5

PRE_FLIGHT = PASS
ROBOT_COMMAND_PUBLISHED = FALSE
========================================================================================================

========================================================================================================
REAL ROBOT AUTO-HOME V2 ARMED
========================================================================================================
Initial global HOME error : 0.167390 rad
Mode                      : DIRECT HOME
LowCmd will remain active until completion or abort.

Type RECOVER HOME V2 exactly to continue.
> 
Starting in 3 seconds...
3
2
1

========================================================================================================
LOWCMD ZERO-DISPLACEMENT TAKEOVER TEST
========================================================================================================
Takeover max drift : 0.007041 rad
Final max |dq|     : 0.018408 rad/s
TAKEOVER_TEST = PASS
========================================================================================================

POST-TAKEOVER V2 DECISION
Global HOME error : 0.167420 rad
Mode              : DIRECT HOME

========================================================================================================
TRAJECTORY START: FINAL_HOME
========================================================================================================
Duration       : 8.000s
Max joint delta: 0.167420 rad
Peak velocity  : 0.039239 rad/s
Peak accel     : 0.015103 rad/s^2
[FINAL_HOME] t=0.00/8.00s target_err=0.167420 max|dq|=0.018408
[FINAL_HOME] t=0.25/8.00s target_err=0.167420 max|dq|=0.015340
[FINAL_HOME] t=0.50/8.00s target_err=0.167438 max|dq|=0.018408
[FINAL_HOME] t=0.75/8.00s target_err=0.167396 max|dq|=0.015340
[FINAL_HOME] t=1.01/8.00s target_err=0.167192 max|dq|=0.030680
[FINAL_HOME] t=1.26/8.00s target_err=0.166814 max|dq|=0.009204
[FINAL_HOME] t=1.52/8.00s target_err=0.166461 max|dq|=0.012272
[FINAL_HOME] t=1.78/8.00s target_err=0.161817 max|dq|=0.052155
[FINAL_HOME] t=2.04/8.00s target_err=0.157916 max|dq|=0.012272
[FINAL_HOME] t=2.29/8.00s target_err=0.155298 max|dq|=0.030680
[FINAL_HOME] t=2.54/8.00s target_err=0.146807 max|dq|=0.046504
[FINAL_HOME] t=2.80/8.00s target_err=0.135050 max|dq|=0.049087
[FINAL_HOME] t=3.05/8.00s target_err=0.126871 max|dq|=0.024544
[FINAL_HOME] t=3.30/8.00s target_err=0.124252 max|dq|=0.052155
[FINAL_HOME] t=3.56/8.00s target_err=0.115756 max|dq|=0.064427
[FINAL_HOME] t=3.81/8.00s target_err=0.102237 max|dq|=0.027612
[FINAL_HOME] t=4.07/8.00s target_err=0.099535 max|dq|=0.058291
[FINAL_HOME] t=4.33/8.00s target_err=0.095221 max|dq|=0.098175
[FINAL_HOME] t=4.59/8.00s target_err=0.073943 max|dq|=0.110447
[FINAL_HOME] t=4.84/8.00s target_err=0.068843 max|dq|=0.024544
[FINAL_HOME] t=5.09/8.00s target_err=0.067130 max|dq|=0.085903
[FINAL_HOME] t=5.35/8.00s target_err=0.053821 max|dq|=0.058291
[FINAL_HOME] t=5.60/8.00s target_err=0.048560 max|dq|=0.031003
[FINAL_HOME] t=5.85/8.00s target_err=0.045264 max|dq|=0.031003
[FINAL_HOME] t=6.11/8.00s target_err=0.036378 max|dq|=0.067495
[FINAL_HOME] t=6.37/8.00s target_err=0.028900 max|dq|=0.064427
[FINAL_HOME] t=6.63/8.00s target_err=0.028696 max|dq|=0.012272
[FINAL_HOME] t=6.89/8.00s target_err=0.027851 max|dq|=0.015501
[FINAL_HOME] t=7.14/8.00s target_err=0.027420 max|dq|=0.007751
[FINAL_HOME] t=7.40/8.00s target_err=0.023597 max|dq|=0.085903
[FINAL_HOME] t=7.66/8.00s target_err=0.019211 max|dq|=0.027612
[FINAL_HOME] t=7.92/8.00s target_err=0.019019 max|dq|=0.012272
[FINAL_HOME_hold] max_err=0.018983 best=0.018983 stable=0.00/1.00
[FINAL_HOME_hold] max_err=0.018923 best=0.018923 stable=0.25/1.00
[FINAL_HOME_hold] max_err=0.018899 best=0.018899 stable=0.50/1.00
[FINAL_HOME_hold] max_err=0.018887 best=0.018863 stable=0.75/1.00
[FINAL_HOME_hold] max_err=0.018875 best=0.018863 stable=1.01/1.00
[FINAL_HOME_hold] max_err=0.018875 best=0.018863 stable=1.27/1.00
[FINAL_HOME_hold] max_err=0.018863 best=0.018863 stable=1.53/1.00
[FINAL_HOME_hold] max_err=0.018863 best=0.018851 stable=1.79/1.00
[FINAL_HOME_hold] max_err=0.018851 best=0.018839 stable=2.04/1.00
[FINAL_HOME_hold] max_err=0.018851 best=0.018839 stable=2.29/1.00
[FINAL_HOME_hold] max_err=0.018851 best=0.018839 stable=2.54/1.00
[FINAL_HOME_hold] max_err=0.018839 best=0.018827 stable=2.79/1.00
[FINAL_HOME_hold] max_err=0.018839 best=0.018815 stable=3.05/1.00
[FINAL_HOME_hold] max_err=0.018839 best=0.018815 stable=3.30/1.00
[FINAL_HOME_hold] max_err=0.018827 best=0.018815 stable=3.56/1.00
[FINAL_HOME_hold] max_err=0.018851 best=0.018815 stable=3.81/1.00
[FINAL_HOME_hold] max_err=0.018839 best=0.018815 stable=4.07/1.00
[FINAL_HOME_hold] max_err=0.018839 best=0.018815 stable=4.33/1.00
[FINAL_HOME_hold] max_err=0.018827 best=0.018815 stable=4.59/1.00
[FINAL_HOME_hold] max_err=0.018839 best=0.018815 stable=4.84/1.00

========================================================================================================
FINAL_HOME RESULT
========================================================================================================
MAX error      : 0.018827 rad (1.079 deg)
Worst          : right_wrist_pitch
Best hold error: 0.018815 rad
Stable reached : True
Final max |dq| : 0.018408 rad/s

left_shoulder_pitch          target=-0.094586 final=-0.078832 error=+0.015753
left_shoulder_roll           target=-0.005776 final=+0.004584 error=+0.010360
left_shoulder_yaw            target=+0.183094 final=+0.188286 error=+0.005192
left_elbow                   target=+1.197247 final=+1.196944 error=-0.000303
left_wrist_roll              target=-0.080065 final=-0.093220 error=-0.013155
left_wrist_pitch             target=-0.892441 final=-0.898829 error=-0.006388
left_wrist_yaw               target=-0.177546 final=-0.170284 error=+0.007262
right_shoulder_pitch         target=-0.161583 final=-0.143014 error=+0.018570
right_shoulder_roll          target=+0.034586 final=+0.016628 error=-0.017958
right_shoulder_yaw           target=-0.180944 final=-0.187575 error=-0.006630
right_elbow                  target=+1.037027 final=+1.035316 error=-0.001711
right_wrist_roll             target=+0.003240 final=+0.002831 error=-0.000409
right_wrist_pitch            target=-0.529775 final=-0.548602 error=-0.018827
right_wrist_yaw              target=+0.114893 final=+0.111789 error=-0.003104

FINAL_HOME = PASS
AUTO_HOME_READY = PASS
========================================================================================================
LowCmd gains released.
