
========================================================================================================
R1-A7 AUTO-HOME V2 ADAPTIVE RECOVERY PRE-FLIGHT
========================================================================================================
Lowstate age             : 0.000025s [PASS]
Max initial |dq|         : 0.012272 rad/s [PASS]
Current joint limits     : PASS
HOME joint limits        : PASS
MotionSwitcher           : PASS
  status                 : 0
  result                 : {'form': '0', 'name': ''}

Global HOME error        : 0.518258 rad
Wrist HOME error         : 0.518258 rad (left_wrist_pitch)
Arm HOME error           : 0.404971 rad (left_elbow)
Direct HOME threshold    : 0.350000 rad
Recovery mode            : ADAPTIVE RECOVERY

Wrist stage delta        : 0.150000 rad
Arm stage delta          : 0.200000 rad
Recovery threshold       : 0.050000 rad
Nominal wrist iterations : 4 / max 8
Nominal arm iterations   : 3 / max 6
Iteration budget         : PASS

First-step trajectory preview:
  WRIST_ITER_01      duration= 5.50s max_delta=0.150000 peak_v=0.051136 peak_a=0.028629 max_step=0.000511
  ARM_ITER_01        duration= 7.00s max_delta=0.200000 peak_v=0.053571 peak_a=0.023565 max_step=0.000536
First-step checks        : PASS

Arm gains:
  shoulder pitch         : kp=100.0, kd=3.5
  shoulder roll/yaw/elbow: kp=80.0, kd=3.0
  wrist pitch            : kp=60.0, kd=2.0
  wrist roll/yaw         : kp=40.0, kd=1.5

PRE_FLIGHT = PASS
ROBOT_COMMAND_PUBLISHED = FALSE
========================================================================================================

========================================================================================================
REAL ROBOT AUTO-HOME V2 ARMED
========================================================================================================
Initial global HOME error : 0.518234 rad
Mode                      : ADAPTIVE RECOVERY
LowCmd will remain active until completion or abort.

Type RECOVER HOME V2 exactly to continue.
> 
Starting in 3 seconds...
3
2
1

========================================================================================================
LOWCMD ZERO-DISPLACEMENT TAKEOVER TEST
========================================================================================================
Takeover max drift : 0.000182 rad
Final max |dq|     : 0.012272 rad/s
TAKEOVER_TEST = PASS
========================================================================================================

POST-TAKEOVER V2 DECISION
Global HOME error : 0.517719 rad
Mode              : ADAPTIVE RECOVERY

========================================================================================================
ADAPTIVE WRIST RECOVERY
========================================================================================================
Stage delta       : 0.150000 rad
HOME threshold    : 0.050000 rad
Max iterations    : 8

WRIST_ITER_01 BEFORE: HOME error=0.517719 rad (left_wrist_pitch)
WRIST_ITER_01 TARGET: step=0.150000 rad (right_wrist_pitch), nominal remaining=0.367719 rad (left_wrist_pitch)

========================================================================================================
TRAJECTORY START: WRIST_ITER_01
========================================================================================================
Duration       : 5.500s
Max joint delta: 0.150000 rad
Peak velocity  : 0.051136 rad/s
Peak accel     : 0.028629 rad/s^2
[WRIST_ITER_01] t=0.00/5.50s target_err=0.150000 max|dq|=0.012272
[WRIST_ITER_01] t=0.25/5.50s target_err=0.149988 max|dq|=0.024544
[WRIST_ITER_01] t=0.50/5.50s target_err=0.150000 max|dq|=0.018408
[WRIST_ITER_01] t=0.76/5.50s target_err=0.149940 max|dq|=0.012272
[WRIST_ITER_01] t=1.02/5.50s target_err=0.149640 max|dq|=0.036816
[WRIST_ITER_01] t=1.27/5.50s target_err=0.149341 max|dq|=0.024544
[WRIST_ITER_01] t=1.53/5.50s target_err=0.148118 max|dq|=0.061359
[WRIST_ITER_01] t=1.79/5.50s target_err=0.144080 max|dq|=0.042951
[WRIST_ITER_01] t=2.05/5.50s target_err=0.139993 max|dq|=0.042951
[WRIST_ITER_01] t=2.30/5.50s target_err=0.133510 max|dq|=0.170514
[WRIST_ITER_01] t=2.55/5.50s target_err=0.123071 max|dq|=0.042951
[WRIST_ITER_01] t=2.81/5.50s target_err=0.114647 max|dq|=0.077506
[WRIST_ITER_01] t=3.07/5.50s target_err=0.102171 max|dq|=0.055223
[WRIST_ITER_01] t=3.33/5.50s target_err=0.091745 max|dq|=0.092039
[WRIST_ITER_01] t=3.59/5.50s target_err=0.085765 max|dq|=0.042951
[WRIST_ITER_01] t=3.84/5.50s target_err=0.079856 max|dq|=0.036816
[WRIST_ITER_01] t=4.09/5.50s target_err=0.073840 max|dq|=0.061359
[WRIST_ITER_01] t=4.35/5.50s target_err=0.069957 max|dq|=0.018408
[WRIST_ITER_01] t=4.61/5.50s target_err=0.068232 max|dq|=0.018408
[WRIST_ITER_01] t=4.86/5.50s target_err=0.067704 max|dq|=0.012272
[WRIST_ITER_01] t=5.11/5.50s target_err=0.067369 max|dq|=0.015340
[WRIST_ITER_01] t=5.36/5.50s target_err=0.067165 max|dq|=0.015501
[WRIST_ITER_01_hold] active_home=0.434812 active_target=0.067093 inactive_hold=0.025901 stable=0.00/0.50
[WRIST_ITER_01_hold] active_home=0.434680 active_target=0.066961 inactive_hold=0.026007 stable=0.00/0.50
[WRIST_ITER_01_hold] active_home=0.434560 active_target=0.066842 inactive_hold=0.026083 stable=0.00/0.50
[WRIST_ITER_01_hold] active_home=0.434452 active_target=0.066734 inactive_hold=0.026113 stable=0.00/0.50
[WRIST_ITER_01_hold] active_home=0.434392 active_target=0.066674 inactive_hold=0.026128 stable=0.00/0.50
[WRIST_ITER_01_hold] active_home=0.434356 active_target=0.066638 inactive_hold=0.026128 stable=0.00/0.50
[WRIST_ITER_01_hold] active_home=0.434284 active_target=0.066566 inactive_hold=0.026128 stable=0.00/0.50
[WRIST_ITER_01_hold] active_home=0.434248 active_target=0.066530 inactive_hold=0.026143 stable=0.00/0.50

WRIST_ITER_01 RESULT
  HOME error before : 0.517719 rad
  HOME error after  : 0.434212 rad (left_wrist_pitch, -0.434212)
  Progress          : +0.083506 rad
  Micro-target err  : 0.066494 rad (left_wrist_pitch)
  Inactive hold err : 0.026143 rad (left_elbow)
  Stable at HOME    : False
  Final max |dq|    : 0.012272 rad/s
WRIST_ITER_01 = CONTINUE

WRIST_ITER_02 BEFORE: HOME error=0.434212 rad (left_wrist_pitch)
WRIST_ITER_02 TARGET: step=0.150000 rad (right_wrist_pitch), nominal remaining=0.284212 rad (left_wrist_pitch)

========================================================================================================
TRAJECTORY START: WRIST_ITER_02
========================================================================================================
Duration       : 5.500s
Max joint delta: 0.150000 rad
Peak velocity  : 0.051136 rad/s
Peak accel     : 0.028629 rad/s^2
[WRIST_ITER_02] t=0.00/5.50s target_err=0.150012 max|dq|=0.018408
[WRIST_ITER_02] t=0.25/5.50s target_err=0.158749 max|dq|=0.018408
[WRIST_ITER_02] t=0.50/5.50s target_err=0.158713 max|dq|=0.018408
[WRIST_ITER_02] t=0.76/5.50s target_err=0.158617 max|dq|=0.012272
[WRIST_ITER_02] t=1.02/5.50s target_err=0.158269 max|dq|=0.024544
[WRIST_ITER_02] t=1.28/5.50s target_err=0.157910 max|dq|=0.012272
[WRIST_ITER_02] t=1.54/5.50s target_err=0.156388 max|dq|=0.018408
[WRIST_ITER_02] t=1.79/5.50s target_err=0.152217 max|dq|=0.018408
[WRIST_ITER_02] t=2.05/5.50s target_err=0.148238 max|dq|=0.030680
[WRIST_ITER_02] t=2.31/5.50s target_err=0.141443 max|dq|=0.042951
[WRIST_ITER_02] t=2.56/5.50s target_err=0.135523 max|dq|=0.030680
[WRIST_ITER_02] t=2.82/5.50s target_err=0.129507 max|dq|=0.055223
[WRIST_ITER_02] t=3.07/5.50s target_err=0.122844 max|dq|=0.036816
[WRIST_ITER_02] t=3.32/5.50s target_err=0.117954 max|dq|=0.036816
[WRIST_ITER_02] t=3.58/5.50s target_err=0.115414 max|dq|=0.024544
[WRIST_ITER_02] t=3.84/5.50s target_err=0.114479 max|dq|=0.018408
[WRIST_ITER_02] t=4.10/5.50s target_err=0.113604 max|dq|=0.015501
[WRIST_ITER_02] t=4.36/5.50s target_err=0.111303 max|dq|=0.030680
[WRIST_ITER_02] t=4.61/5.50s target_err=0.109601 max|dq|=0.012272
[WRIST_ITER_02] t=4.86/5.50s target_err=0.108930 max|dq|=0.030680
[WRIST_ITER_02] t=5.12/5.50s target_err=0.108654 max|dq|=0.012272
[WRIST_ITER_02] t=5.38/5.50s target_err=0.108439 max|dq|=0.021476
[WRIST_ITER_02_hold] active_home=0.392603 active_target=0.108391 inactive_hold=0.031048 stable=0.00/0.50
[WRIST_ITER_02_hold] active_home=0.392495 active_target=0.108283 inactive_hold=0.031063 stable=0.00/0.50
[WRIST_ITER_02_hold] active_home=0.392411 active_target=0.108199 inactive_hold=0.031078 stable=0.00/0.50
[WRIST_ITER_02_hold] active_home=0.392340 active_target=0.108127 inactive_hold=0.031078 stable=0.00/0.50
[WRIST_ITER_02_hold] active_home=0.392256 active_target=0.108043 inactive_hold=0.031078 stable=0.00/0.50
[WRIST_ITER_02_hold] active_home=0.392196 active_target=0.107983 inactive_hold=0.031109 stable=0.00/0.50
[WRIST_ITER_02_hold] active_home=0.392124 active_target=0.107911 inactive_hold=0.031139 stable=0.00/0.50
[WRIST_ITER_02_hold] active_home=0.392076 active_target=0.107863 inactive_hold=0.031169 stable=0.00/0.50

WRIST_ITER_02 RESULT
  HOME error before : 0.434212 rad
  HOME error after  : 0.392028 rad (left_wrist_pitch, -0.392028)
  Progress          : +0.042184 rad
  Micro-target err  : 0.107816 rad (left_wrist_pitch)
  Inactive hold err : 0.031215 rad (left_elbow)
  Stable at HOME    : False
  Final max |dq|    : 0.015501 rad/s
WRIST_ITER_02 = CONTINUE

WRIST_ITER_03 BEFORE: HOME error=0.392028 rad (left_wrist_pitch)
WRIST_ITER_03 TARGET: step=0.150000 rad (right_wrist_pitch), nominal remaining=0.242028 rad (left_wrist_pitch)

========================================================================================================
TRAJECTORY START: WRIST_ITER_03
========================================================================================================
Duration       : 5.500s
Max joint delta: 0.150000 rad
Peak velocity  : 0.051136 rad/s
Peak accel     : 0.028629 rad/s^2
[WRIST_ITER_03] t=0.00/5.50s target_err=0.150000 max|dq|=0.015501
[WRIST_ITER_03] t=0.25/5.50s target_err=0.160438 max|dq|=0.009204
[WRIST_ITER_03] t=0.51/5.50s target_err=0.160426 max|dq|=0.024544
[WRIST_ITER_03] t=0.76/5.50s target_err=0.160259 max|dq|=0.018408
[WRIST_ITER_03] t=1.01/5.50s target_err=0.159827 max|dq|=0.012272
[WRIST_ITER_03] t=1.27/5.50s target_err=0.159432 max|dq|=0.012272
[WRIST_ITER_03] t=1.53/5.50s target_err=0.158089 max|dq|=0.018408
[WRIST_ITER_03] t=1.78/5.50s target_err=0.154818 max|dq|=0.015340
[WRIST_ITER_03] t=2.04/5.50s target_err=0.150348 max|dq|=0.021476
[WRIST_ITER_03] t=2.30/5.50s target_err=0.145111 max|dq|=0.036816
[WRIST_ITER_03] t=2.55/5.50s target_err=0.134408 max|dq|=0.049087
[WRIST_ITER_03] t=2.81/5.50s target_err=0.126775 max|dq|=0.036816
[WRIST_ITER_03] t=3.06/5.50s target_err=0.122580 max|dq|=0.042951
[WRIST_ITER_03] t=3.32/5.50s target_err=0.121214 max|dq|=0.036816
[WRIST_ITER_03] t=3.58/5.50s target_err=0.120135 max|dq|=0.049087
[WRIST_ITER_03] t=3.83/5.50s target_err=0.119500 max|dq|=0.009204
[WRIST_ITER_03] t=4.09/5.50s target_err=0.119165 max|dq|=0.024544
[WRIST_ITER_03] t=4.34/5.50s target_err=0.118973 max|dq|=0.024544
[WRIST_ITER_03] t=4.60/5.50s target_err=0.118829 max|dq|=0.024544
[WRIST_ITER_03] t=4.86/5.50s target_err=0.118709 max|dq|=0.007751
[WRIST_ITER_03] t=5.12/5.50s target_err=0.118613 max|dq|=0.015501
[WRIST_ITER_03] t=5.38/5.50s target_err=0.118470 max|dq|=0.018408
[WRIST_ITER_03_hold] active_home=0.360438 active_target=0.118410 inactive_hold=0.030276 stable=0.00/0.50
[WRIST_ITER_03_hold] active_home=0.360282 active_target=0.118254 inactive_hold=0.030276 stable=0.00/0.50
[WRIST_ITER_03_hold] active_home=0.360186 active_target=0.118158 inactive_hold=0.030261 stable=0.00/0.50
[WRIST_ITER_03_hold] active_home=0.359994 active_target=0.117966 inactive_hold=0.030261 stable=0.00/0.50
[WRIST_ITER_03_hold] active_home=0.359802 active_target=0.117774 inactive_hold=0.030215 stable=0.00/0.50
[WRIST_ITER_03_hold] active_home=0.359443 active_target=0.117415 inactive_hold=0.030185 stable=0.00/0.50
[WRIST_ITER_03_hold] active_home=0.359119 active_target=0.117091 inactive_hold=0.030155 stable=0.00/0.50
[WRIST_ITER_03_hold] active_home=0.358892 active_target=0.116864 inactive_hold=0.030185 stable=0.00/0.50

WRIST_ITER_03 RESULT
  HOME error before : 0.392028 rad
  HOME error after  : 0.358700 rad (left_wrist_pitch, -0.358700)
  Progress          : +0.033328 rad
  Micro-target err  : 0.116672 rad (left_wrist_pitch)
  Inactive hold err : 0.030185 rad (right_elbow)
  Stable at HOME    : False
  Final max |dq|    : 0.012272 rad/s
WRIST_ITER_03 = CONTINUE

WRIST_ITER_04 BEFORE: HOME error=0.358700 rad (left_wrist_pitch)
WRIST_ITER_04 TARGET: step=0.150000 rad (right_wrist_pitch), nominal remaining=0.208700 rad (left_wrist_pitch)

========================================================================================================
TRAJECTORY START: WRIST_ITER_04
========================================================================================================
Duration       : 5.500s
Max joint delta: 0.150000 rad
Peak velocity  : 0.051136 rad/s
Peak accel     : 0.028629 rad/s^2
[WRIST_ITER_04] t=0.00/5.50s target_err=0.150000 max|dq|=0.012272
[WRIST_ITER_04] t=0.25/5.50s target_err=0.160954 max|dq|=0.015340
[WRIST_ITER_04] t=0.51/5.50s target_err=0.160894 max|dq|=0.018408
[WRIST_ITER_04] t=0.76/5.50s target_err=0.160774 max|dq|=0.015340
[WRIST_ITER_04] t=1.01/5.50s target_err=0.160199 max|dq|=0.006136
[WRIST_ITER_04] t=1.27/5.50s target_err=0.159839 max|dq|=0.007751
[WRIST_ITER_04] t=1.53/5.50s target_err=0.158617 max|dq|=0.012272
[WRIST_ITER_04] t=1.79/5.50s target_err=0.155573 max|dq|=0.018408
[WRIST_ITER_04] t=2.05/5.50s target_err=0.149928 max|dq|=0.024544
[WRIST_ITER_04] t=2.31/5.50s target_err=0.142366 max|dq|=0.049087
[WRIST_ITER_04] t=2.56/5.50s target_err=0.135715 max|dq|=0.055223
[WRIST_ITER_04] t=2.82/5.50s target_err=0.127038 max|dq|=0.036816
[WRIST_ITER_04] t=3.08/5.50s target_err=0.121202 max|dq|=0.018408
[WRIST_ITER_04] t=3.33/5.50s target_err=0.119812 max|dq|=0.055223
[WRIST_ITER_04] t=3.59/5.50s target_err=0.118721 max|dq|=0.012272
[WRIST_ITER_04] t=3.84/5.50s target_err=0.117870 max|dq|=0.030680
[WRIST_ITER_04] t=4.09/5.50s target_err=0.116756 max|dq|=0.030680
[WRIST_ITER_04] t=4.35/5.50s target_err=0.116037 max|dq|=0.024544
[WRIST_ITER_04] t=4.60/5.50s target_err=0.115713 max|dq|=0.021476
[WRIST_ITER_04] t=4.86/5.50s target_err=0.115449 max|dq|=0.018408
[WRIST_ITER_04] t=5.12/5.50s target_err=0.115114 max|dq|=0.007751
[WRIST_ITER_04] t=5.37/5.50s target_err=0.114922 max|dq|=0.009204
[WRIST_ITER_04_hold] active_home=0.323574 active_target=0.114874 inactive_hold=0.037603 stable=0.00/0.50
[WRIST_ITER_04_hold] active_home=0.323466 active_target=0.114766 inactive_hold=0.037603 stable=0.00/0.50
[WRIST_ITER_04_hold] active_home=0.323370 active_target=0.114670 inactive_hold=0.037587 stable=0.00/0.50
[WRIST_ITER_04_hold] active_home=0.323263 active_target=0.114563 inactive_hold=0.037603 stable=0.00/0.50
[WRIST_ITER_04_hold] active_home=0.323191 active_target=0.114491 inactive_hold=0.037603 stable=0.00/0.50
[WRIST_ITER_04_hold] active_home=0.323131 active_target=0.114431 inactive_hold=0.037587 stable=0.00/0.50
[WRIST_ITER_04_hold] active_home=0.323083 active_target=0.114383 inactive_hold=0.037587 stable=0.00/0.50
[WRIST_ITER_04_hold] active_home=0.323059 active_target=0.114359 inactive_hold=0.037587 stable=0.00/0.50

WRIST_ITER_04 RESULT
  HOME error before : 0.358700 rad
  HOME error after  : 0.323035 rad (left_wrist_pitch, -0.323035)
  Progress          : +0.035665 rad
  Micro-target err  : 0.114335 rad (left_wrist_pitch)
  Inactive hold err : 0.037587 rad (right_elbow)
  Stable at HOME    : False
  Final max |dq|    : 0.009204 rad/s
WRIST_ITER_04 = CONTINUE

WRIST_ITER_05 BEFORE: HOME error=0.323035 rad (left_wrist_pitch)
WRIST_ITER_05 TARGET: step=0.150000 rad (left_wrist_pitch), nominal remaining=0.173035 rad (left_wrist_pitch)

========================================================================================================
TRAJECTORY START: WRIST_ITER_05
========================================================================================================
Duration       : 5.500s
Max joint delta: 0.150000 rad
Peak velocity  : 0.051136 rad/s
Peak accel     : 0.028629 rad/s^2
[WRIST_ITER_05] t=0.00/5.50s target_err=0.150000 max|dq|=0.009204
[WRIST_ITER_05] t=0.25/5.50s target_err=0.160930 max|dq|=0.015340
[WRIST_ITER_05] t=0.51/5.50s target_err=0.160906 max|dq|=0.018408
[WRIST_ITER_05] t=0.76/5.50s target_err=0.160786 max|dq|=0.015340
[WRIST_ITER_05] t=1.01/5.50s target_err=0.160342 max|dq|=0.018408
[WRIST_ITER_05] t=1.27/5.50s target_err=0.158653 max|dq|=0.018408
[WRIST_ITER_05] t=1.52/5.50s target_err=0.156591 max|dq|=0.015340
[WRIST_ITER_05] t=1.78/5.50s target_err=0.154015 max|dq|=0.030680
[WRIST_ITER_05] t=2.03/5.50s target_err=0.150731 max|dq|=0.018408
[WRIST_ITER_05] t=2.28/5.50s target_err=0.147819 max|dq|=0.036816
[WRIST_ITER_05] t=2.54/5.50s target_err=0.141395 max|dq|=0.030680
[WRIST_ITER_05] t=2.79/5.50s target_err=0.133414 max|dq|=0.061359
[WRIST_ITER_05] t=3.04/5.50s target_err=0.127062 max|dq|=0.024544
[WRIST_ITER_05] t=3.30/5.50s target_err=0.123755 max|dq|=0.015340
[WRIST_ITER_05] t=3.56/5.50s target_err=0.122029 max|dq|=0.024544
[WRIST_ITER_05] t=3.82/5.50s target_err=0.119548 max|dq|=0.027612
[WRIST_ITER_05] t=4.08/5.50s target_err=0.118026 max|dq|=0.024544
[WRIST_ITER_05] t=4.33/5.50s target_err=0.117583 max|dq|=0.012272
[WRIST_ITER_05] t=4.59/5.50s target_err=0.117331 max|dq|=0.024544
[WRIST_ITER_05] t=4.84/5.50s target_err=0.117067 max|dq|=0.009204
[WRIST_ITER_05] t=5.09/5.50s target_err=0.116936 max|dq|=0.012272
[WRIST_ITER_05] t=5.34/5.50s target_err=0.116804 max|dq|=0.015340
[WRIST_ITER_05_hold] active_home=0.289803 active_target=0.116768 inactive_hold=0.028490 stable=0.00/0.50
[WRIST_ITER_05_hold] active_home=0.289707 active_target=0.116672 inactive_hold=0.028505 stable=0.00/0.50
[WRIST_ITER_05_hold] active_home=0.289635 active_target=0.116600 inactive_hold=0.028550 stable=0.00/0.50
[WRIST_ITER_05_hold] active_home=0.289575 active_target=0.116540 inactive_hold=0.028565 stable=0.00/0.50
[WRIST_ITER_05_hold] active_home=0.289503 active_target=0.116468 inactive_hold=0.028596 stable=0.00/0.50
[WRIST_ITER_05_hold] active_home=0.289455 active_target=0.116420 inactive_hold=0.028611 stable=0.00/0.50
[WRIST_ITER_05_hold] active_home=0.289395 active_target=0.116360 inactive_hold=0.028641 stable=0.00/0.50
[WRIST_ITER_05_hold] active_home=0.289371 active_target=0.116336 inactive_hold=0.028656 stable=0.00/0.50

WRIST_ITER_05 RESULT
  HOME error before : 0.323035 rad
  HOME error after  : 0.289311 rad (left_wrist_pitch, -0.289311)
  Progress          : +0.033724 rad
  Micro-target err  : 0.116276 rad (left_wrist_pitch)
  Inactive hold err : 0.028671 rad (left_elbow)
  Stable at HOME    : False
  Final max |dq|    : 0.012272 rad/s
WRIST_ITER_05 = CONTINUE

WRIST_ITER_06 BEFORE: HOME error=0.289311 rad (left_wrist_pitch)
WRIST_ITER_06 TARGET: step=0.150000 rad (left_wrist_pitch), nominal remaining=0.139311 rad (left_wrist_pitch)

========================================================================================================
TRAJECTORY START: WRIST_ITER_06
========================================================================================================
Duration       : 5.500s
Max joint delta: 0.150000 rad
Peak velocity  : 0.051136 rad/s
Peak accel     : 0.028629 rad/s^2
[WRIST_ITER_06] t=0.00/5.50s target_err=0.150000 max|dq|=0.006136
[WRIST_ITER_06] t=0.25/5.50s target_err=0.162008 max|dq|=0.006136
[WRIST_ITER_06] t=0.50/5.50s target_err=0.161924 max|dq|=0.012272
[WRIST_ITER_06] t=0.75/5.50s target_err=0.161876 max|dq|=0.018408
[WRIST_ITER_06] t=1.00/5.50s target_err=0.161577 max|dq|=0.012272
[WRIST_ITER_06] t=1.26/5.50s target_err=0.160474 max|dq|=0.012272
[WRIST_ITER_06] t=1.51/5.50s target_err=0.157766 max|dq|=0.015340
[WRIST_ITER_06] t=1.77/5.50s target_err=0.152145 max|dq|=0.036816
[WRIST_ITER_06] t=2.02/5.50s target_err=0.148610 max|dq|=0.018408
[WRIST_ITER_06] t=2.27/5.50s target_err=0.144595 max|dq|=0.030680
[WRIST_ITER_06] t=2.53/5.50s target_err=0.138615 max|dq|=0.015501
[WRIST_ITER_06] t=2.79/5.50s target_err=0.132180 max|dq|=0.024544
[WRIST_ITER_06] t=3.05/5.50s target_err=0.127853 max|dq|=0.024544
[WRIST_ITER_06] t=3.30/5.50s target_err=0.124797 max|dq|=0.018408
[WRIST_ITER_06] t=3.55/5.50s target_err=0.123335 max|dq|=0.015501
[WRIST_ITER_06] t=3.81/5.50s target_err=0.122532 max|dq|=0.018408
[WRIST_ITER_06] t=4.07/5.50s target_err=0.122065 max|dq|=0.015501
[WRIST_ITER_06] t=4.32/5.50s target_err=0.121789 max|dq|=0.018408
[WRIST_ITER_06] t=4.57/5.50s target_err=0.121561 max|dq|=0.012272
[WRIST_ITER_06] t=4.83/5.50s target_err=0.121310 max|dq|=0.018408
[WRIST_ITER_06] t=5.09/5.50s target_err=0.121022 max|dq|=0.030680
[WRIST_ITER_06] t=5.34/5.50s target_err=0.120794 max|dq|=0.030680
[WRIST_ITER_06_hold] active_home=0.259986 active_target=0.120675 inactive_hold=0.025644 stable=0.00/0.50
[WRIST_ITER_06_hold] active_home=0.259794 active_target=0.120483 inactive_hold=0.025644 stable=0.00/0.50
[WRIST_ITER_06_hold] active_home=0.259590 active_target=0.120279 inactive_hold=0.025644 stable=0.00/0.50
[WRIST_ITER_06_hold] active_home=0.259459 active_target=0.120147 inactive_hold=0.025644 stable=0.00/0.50
[WRIST_ITER_06_hold] active_home=0.259339 active_target=0.120027 inactive_hold=0.025644 stable=0.00/0.50
[WRIST_ITER_06_hold] active_home=0.259219 active_target=0.119908 inactive_hold=0.025644 stable=0.00/0.50
[WRIST_ITER_06_hold] active_home=0.259111 active_target=0.119800 inactive_hold=0.025644 stable=0.00/0.50
[WRIST_ITER_06_hold] active_home=0.259027 active_target=0.119716 inactive_hold=0.025644 stable=0.00/0.50

WRIST_ITER_06 RESULT
  HOME error before : 0.289311 rad
  HOME error after  : 0.258967 rad (left_wrist_pitch, -0.258967)
  Progress          : +0.030344 rad
  Micro-target err  : 0.119656 rad (left_wrist_pitch)
  Inactive hold err : 0.025644 rad (left_elbow)
  Stable at HOME    : False
  Final max |dq|    : 0.024544 rad/s
WRIST_ITER_06 = CONTINUE

WRIST_ITER_07 BEFORE: HOME error=0.258967 rad (left_wrist_pitch)
WRIST_ITER_07 TARGET: step=0.150000 rad (left_wrist_pitch), nominal remaining=0.108967 rad (left_wrist_pitch)

========================================================================================================
TRAJECTORY START: WRIST_ITER_07
========================================================================================================
Duration       : 5.500s
Max joint delta: 0.150000 rad
Peak velocity  : 0.051136 rad/s
Peak accel     : 0.028629 rad/s^2
[WRIST_ITER_07] t=0.00/5.50s target_err=0.150000 max|dq|=0.024544
[WRIST_ITER_07] t=0.25/5.50s target_err=0.161541 max|dq|=0.012272
[WRIST_ITER_07] t=0.51/5.50s target_err=0.161505 max|dq|=0.012272
[WRIST_ITER_07] t=0.76/5.50s target_err=0.161385 max|dq|=0.007751
[WRIST_ITER_07] t=1.02/5.50s target_err=0.160894 max|dq|=0.012272
[WRIST_ITER_07] t=1.27/5.50s target_err=0.159144 max|dq|=0.018408
[WRIST_ITER_07] t=1.53/5.50s target_err=0.156495 max|dq|=0.009204
[WRIST_ITER_07] t=1.79/5.50s target_err=0.152157 max|dq|=0.024544
[WRIST_ITER_07] t=2.04/5.50s target_err=0.148514 max|dq|=0.018408
[WRIST_ITER_07] t=2.30/5.50s target_err=0.144727 max|dq|=0.012272
[WRIST_ITER_07] t=2.56/5.50s target_err=0.138495 max|dq|=0.036816
[WRIST_ITER_07] t=2.82/5.50s target_err=0.132287 max|dq|=0.030680
[WRIST_ITER_07] t=3.08/5.50s target_err=0.128069 max|dq|=0.018408
[WRIST_ITER_07] t=3.33/5.50s target_err=0.126547 max|dq|=0.030680
[WRIST_ITER_07] t=3.59/5.50s target_err=0.125732 max|dq|=0.024544
[WRIST_ITER_07] t=3.85/5.50s target_err=0.124725 max|dq|=0.007751
[WRIST_ITER_07] t=4.11/5.50s target_err=0.123755 max|dq|=0.012272
[WRIST_ITER_07] t=4.37/5.50s target_err=0.123119 max|dq|=0.018408
[WRIST_ITER_07] t=4.63/5.50s target_err=0.122652 max|dq|=0.012272
[WRIST_ITER_07] t=4.89/5.50s target_err=0.122221 max|dq|=0.012272
[WRIST_ITER_07] t=5.15/5.50s target_err=0.121897 max|dq|=0.012272
[WRIST_ITER_07] t=5.41/5.50s target_err=0.121681 max|dq|=0.012272
[WRIST_ITER_07_hold] active_home=0.230565 active_target=0.121597 inactive_hold=0.024584 stable=0.00/0.50
[WRIST_ITER_07_hold] active_home=0.230349 active_target=0.121382 inactive_hold=0.024614 stable=0.00/0.50
[WRIST_ITER_07_hold] active_home=0.230181 active_target=0.121214 inactive_hold=0.024614 stable=0.00/0.50
[WRIST_ITER_07_hold] active_home=0.230001 active_target=0.121034 inactive_hold=0.024599 stable=0.00/0.50
[WRIST_ITER_07_hold] active_home=0.228539 active_target=0.119572 inactive_hold=0.024175 stable=0.00/0.50
[WRIST_ITER_07_hold] active_home=0.226694 active_target=0.117726 inactive_hold=0.024433 stable=0.00/0.50
[WRIST_ITER_07_hold] active_home=0.225771 active_target=0.116804 inactive_hold=0.024539 stable=0.00/0.50
[WRIST_ITER_07_hold] active_home=0.224956 active_target=0.115989 inactive_hold=0.024569 stable=0.00/0.50

WRIST_ITER_07 RESULT
  HOME error before : 0.258967 rad
  HOME error after  : 0.224501 rad (left_wrist_pitch, -0.224501)
  Progress          : +0.034467 rad
  Micro-target err  : 0.115533 rad (left_wrist_pitch)
  Inactive hold err : 0.024569 rad (left_elbow)
  Stable at HOME    : False
  Final max |dq|    : 0.009204 rad/s
WRIST_ITER_07 = CONTINUE

WRIST_ITER_08 BEFORE: HOME error=0.224501 rad (left_wrist_pitch)
WRIST_ITER_08 TARGET: step=0.150000 rad (left_wrist_pitch), nominal remaining=0.074501 rad (left_wrist_pitch)

========================================================================================================
TRAJECTORY START: WRIST_ITER_08
========================================================================================================
Duration       : 5.500s
Max joint delta: 0.150000 rad
Peak velocity  : 0.051136 rad/s
Peak accel     : 0.028629 rad/s^2
[WRIST_ITER_08] t=0.00/5.50s target_err=0.150000 max|dq|=0.009204
[WRIST_ITER_08] t=0.25/5.50s target_err=0.162224 max|dq|=0.007751
[WRIST_ITER_08] t=0.51/5.50s target_err=0.162176 max|dq|=0.018408
[WRIST_ITER_08] t=0.77/5.50s target_err=0.162092 max|dq|=0.012272
[WRIST_ITER_08] t=1.02/5.50s target_err=0.161577 max|dq|=0.015501
[WRIST_ITER_08] t=1.28/5.50s target_err=0.160270 max|dq|=0.018408
[WRIST_ITER_08] t=1.54/5.50s target_err=0.156519 max|dq|=0.012272
[WRIST_ITER_08] t=1.79/5.50s target_err=0.152169 max|dq|=0.018408
[WRIST_ITER_08] t=2.04/5.50s target_err=0.148238 max|dq|=0.015340
[WRIST_ITER_08] t=2.29/5.50s target_err=0.143313 max|dq|=0.012272
[WRIST_ITER_08] t=2.55/5.50s target_err=0.137273 max|dq|=0.024544
[WRIST_ITER_08] t=2.81/5.50s target_err=0.129327 max|dq|=0.018408
[WRIST_ITER_08] t=3.06/5.50s target_err=0.120555 max|dq|=0.042951
[WRIST_ITER_08] t=3.31/5.50s target_err=0.117439 max|dq|=0.012272
[WRIST_ITER_08] t=3.57/5.50s target_err=0.116576 max|dq|=0.015501
[WRIST_ITER_08] t=3.83/5.50s target_err=0.116109 max|dq|=0.012272
[WRIST_ITER_08] t=4.09/5.50s target_err=0.115869 max|dq|=0.012272
[WRIST_ITER_08] t=4.35/5.50s target_err=0.115665 max|dq|=0.018408
[WRIST_ITER_08] t=4.61/5.50s target_err=0.115449 max|dq|=0.012272
[WRIST_ITER_08] t=4.86/5.50s target_err=0.115186 max|dq|=0.018408
[WRIST_ITER_08] t=5.12/5.50s target_err=0.114874 max|dq|=0.012272
[WRIST_ITER_08] t=5.38/5.50s target_err=0.114671 max|dq|=0.012272
[WRIST_ITER_08_hold] active_home=0.189099 active_target=0.114599 inactive_hold=0.025174 stable=0.00/0.50
[WRIST_ITER_08_hold] active_home=0.188907 active_target=0.114407 inactive_hold=0.025235 stable=0.00/0.50
[WRIST_ITER_08_hold] active_home=0.188740 active_target=0.114239 inactive_hold=0.025280 stable=0.00/0.50
[WRIST_ITER_08_hold] active_home=0.188548 active_target=0.114047 inactive_hold=0.025401 stable=0.00/0.50
[WRIST_ITER_08_hold] active_home=0.188320 active_target=0.113820 inactive_hold=0.025522 stable=0.00/0.50
[WRIST_ITER_08_hold] active_home=0.187985 active_target=0.113484 inactive_hold=0.025750 stable=0.00/0.50
[WRIST_ITER_08_hold] active_home=0.187529 active_target=0.113029 inactive_hold=0.026022 stable=0.00/0.50
[WRIST_ITER_08_hold] active_home=0.186810 active_target=0.112310 inactive_hold=0.026522 stable=0.00/0.50

WRIST_ITER_08 RESULT
  HOME error before : 0.224501 rad
  HOME error after  : 0.185396 rad (left_wrist_pitch, -0.185396)
  Progress          : +0.039105 rad
  Micro-target err  : 0.110895 rad (left_wrist_pitch)
  Inactive hold err : 0.027521 rad (left_elbow)
  Stable at HOME    : False
  Final max |dq|    : 0.018408 rad/s
WRIST_ITER_08 = CONTINUE

WRIST_READY = FAIL
Reason: max iterations reached with HOME error 0.185396 rad (left_wrist_pitch, -0.185396)
========================================================================================================
RECOVERY ABORTED: WRIST adaptive recovery failed.
LowCmd gains released.
