
========================================================================================================
R1-A7 AUTO-HOME V2.1 ADAPTIVE RECOVERY PRE-FLIGHT
========================================================================================================
Lowstate age             : 0.000020s [PASS]
Max initial |dq|         : 0.018408 rad/s [PASS]
Current joint limits     : PASS
HOME joint limits        : PASS
MotionSwitcher           : PASS
  status                 : 0
  result                 : {'form': '0', 'name': ''}

Global HOME error        : 0.380417 rad
Wrist HOME error         : 0.353343 rad (left_wrist_yaw)
Arm HOME error           : 0.380417 rad (right_shoulder_yaw)
Direct HOME threshold    : 0.350000 rad
Recovery mode            : ADAPTIVE RECOVERY

Wrist stage delta        : 0.150000 rad
Arm stage delta          : 0.200000 rad
Recovery threshold       : 0.050000 rad
Nominal wrist iterations : 3 / max 12
Nominal arm iterations   : 2 / max 6
Iteration budget         : PASS

First-step trajectory preview:
  WRIST_ITER_01      duration= 5.50s max_delta=0.150000 peak_v=0.051136 peak_a=0.028629 max_step=0.000511
  ARM_ITER_01        duration= 7.00s max_delta=0.200000 peak_v=0.053571 peak_a=0.023565 max_step=0.000536
First-step checks        : PASS

Arm gains:
  shoulder pitch         : kp=100.0, kd=3.5
  shoulder roll/yaw/elbow: kp=80.0, kd=3.0
  wrist pitch            : kp=60.0, kd=2.0
  wrist roll/yaw         : kp=40.0, kd=1.5

PRE_FLIGHT = PASS
ROBOT_COMMAND_PUBLISHED = FALSE
========================================================================================================

========================================================================================================
REAL ROBOT AUTO-HOME V2.1 ARMED
========================================================================================================
Initial global HOME error : 0.380417 rad
Mode                      : ADAPTIVE RECOVERY
LowCmd will remain active until completion or abort.

Type RECOVER HOME V2.1 exactly to continue.
> 1787725081.928597 [0]        tev: ddsi_udp_conn_write to udp/239.255.0.1:7400 failed with retcode -1
1787725083.327341 [0]        tev: ddsi_udp_conn_write to udp/239.255.0.1:7400 failed with retcode -1
1787725083.427308 [0]        tev: ddsi_udp_conn_write to udp/239.255.0.1:7400 failed with retcode -1
1787725083.427330 [0]        tev: ddsi_udp_conn_write to udp/239.255.0.1:7400 failed with retcode -1
1787725083.527405 [0]        tev: ddsi_udp_conn_write to udp/239.255.0.1:7400 failed with retcode -1
1787725083.627448 [0]        tev: ddsi_udp_conn_write to udp/239.255.0.1:7400 failed with retcode -1
1787725083.727536 [0]        tev: ddsi_udp_conn_write to udp/239.255.0.1:7400 failed with retcode -1
1787725083.827688 [0]        tev: ddsi_udp_conn_write to udp/239.255.0.1:7400 failed with retcode -1
1787725083.927830 [0]        tev: ddsi_udp_conn_write to udp/239.255.0.1:7400 failed with retcode -1
1787725084.127976 [0]        tev: ddsi_udp_conn_write to udp/239.255.0.1:7400 failed with retcode -1
1787725084.328169 [0]        tev: ddsi_udp_conn_write to udp/239.255.0.1:7400 failed with retcode -1
