
========================================================================================================
R1-A7 AUTO-HOME V2 ADAPTIVE RECOVERY PRE-FLIGHT
========================================================================================================
Lowstate age             : 0.000021s [PASS]
Max initial |dq|         : 0.024544 rad/s [PASS]
Current joint limits     : PASS
HOME joint limits        : PASS
MotionSwitcher           : PASS
  status                 : 0
  result                 : {'form': '0', 'name': ''}

Global HOME error        : 0.375777 rad
Wrist HOME error         : 0.375777 rad (left_wrist_pitch)
Arm HOME error           : 0.284685 rad (left_elbow)
Direct HOME threshold    : 0.350000 rad
Recovery mode            : ADAPTIVE RECOVERY

Wrist stage delta        : 0.150000 rad
Arm stage delta          : 0.200000 rad
Recovery threshold       : 0.050000 rad
Nominal wrist iterations : 3 / max 8
Nominal arm iterations   : 2 / max 6
Iteration budget         : PASS

First-step trajectory preview:
  WRIST_ITER_01      duration= 5.50s max_delta=0.150000 peak_v=0.051136 peak_a=0.028629 max_step=0.000511
  ARM_ITER_01        duration= 7.00s max_delta=0.200000 peak_v=0.053571 peak_a=0.023565 max_step=0.000536
First-step checks        : PASS

Arm gains:
  shoulder pitch         : kp=100.0, kd=3.5
  shoulder roll/yaw/elbow: kp=80.0, kd=3.0
  wrist pitch            : kp=60.0, kd=2.0
  wrist roll/yaw         : kp=40.0, kd=1.5

PRE_FLIGHT = PASS
ROBOT_COMMAND_PUBLISHED = FALSE
========================================================================================================

========================================================================================================
REAL ROBOT AUTO-HOME V2 ARMED
========================================================================================================
Initial global HOME error : 0.375777 rad
Mode                      : ADAPTIVE RECOVERY
LowCmd will remain active until completion or abort.

Type RECOVER HOME V2 exactly to continue.
> 
Starting in 3 seconds...
3
2
1

========================================================================================================
LOWCMD ZERO-DISPLACEMENT TAKEOVER TEST
========================================================================================================
Takeover max drift : 0.000272 rad
Final max |dq|     : 0.024544 rad/s
TAKEOVER_TEST = PASS
========================================================================================================

POST-TAKEOVER V2 DECISION
Global HOME error : 0.375777 rad
Mode              : ADAPTIVE RECOVERY

========================================================================================================
ADAPTIVE WRIST RECOVERY
========================================================================================================
Stage delta       : 0.150000 rad
HOME threshold    : 0.050000 rad
Max iterations    : 8

WRIST_ITER_01 BEFORE: HOME error=0.375777 rad (left_wrist_pitch)
WRIST_ITER_01 TARGET: step=0.150000 rad (left_wrist_yaw), nominal remaining=0.225777 rad (left_wrist_pitch)

========================================================================================================
TRAJECTORY START: WRIST_ITER_01
========================================================================================================
Duration       : 5.500s
Max joint delta: 0.150000 rad
Peak velocity  : 0.051136 rad/s
Peak accel     : 0.028629 rad/s^2
[WRIST_ITER_01] t=0.00/5.50s target_err=0.150012 max|dq|=0.012272
[WRIST_ITER_01] t=0.25/5.50s target_err=0.149988 max|dq|=0.018408
[WRIST_ITER_01] t=0.51/5.50s target_err=0.149748 max|dq|=0.024544
[WRIST_ITER_01] t=0.76/5.50s target_err=0.148838 max|dq|=0.018408
[WRIST_ITER_01] t=1.02/5.50s target_err=0.148035 max|dq|=0.030680
[WRIST_ITER_01] t=1.27/5.50s target_err=0.144703 max|dq|=0.042951
[WRIST_ITER_01] t=1.53/5.50s target_err=0.141863 max|dq|=0.085257
[WRIST_ITER_01] t=1.78/5.50s target_err=0.138927 max|dq|=0.042951
[WRIST_ITER_01] t=2.04/5.50s target_err=0.134421 max|dq|=0.061359
[WRIST_ITER_01] t=2.30/5.50s target_err=0.126319 max|dq|=0.240270
[WRIST_ITER_01] t=2.55/5.50s target_err=0.120255 max|dq|=0.036816
[WRIST_ITER_01] t=2.80/5.50s target_err=0.114671 max|dq|=0.098175
[WRIST_ITER_01] t=3.06/5.50s target_err=0.104244 max|dq|=0.018408
[WRIST_ITER_01] t=3.31/5.50s target_err=0.097617 max|dq|=0.042951
[WRIST_ITER_01] t=3.56/5.50s target_err=0.092488 max|dq|=0.061359
[WRIST_ITER_01] t=3.82/5.50s target_err=0.083320 max|dq|=0.042951
[WRIST_ITER_01] t=4.08/5.50s target_err=0.078514 max|dq|=0.046504
[WRIST_ITER_01] t=4.34/5.50s target_err=0.076645 max|dq|=0.012272
[WRIST_ITER_01] t=4.60/5.50s target_err=0.075482 max|dq|=0.024544
[WRIST_ITER_01] t=4.86/5.50s target_err=0.074667 max|dq|=0.012272
[WRIST_ITER_01] t=5.12/5.50s target_err=0.073720 max|dq|=0.021476
[WRIST_ITER_01] t=5.37/5.50s target_err=0.071971 max|dq|=0.015501
[WRIST_ITER_01_hold] active_home=0.296466 active_target=0.070688 inactive_hold=0.025084 stable=0.00/0.50
[WRIST_ITER_01_hold] active_home=0.287178 active_target=0.061401 inactive_hold=0.027309 stable=0.00/0.50
[WRIST_ITER_01_hold] active_home=0.285165 active_target=0.059387 inactive_hold=0.027960 stable=0.00/0.50
[WRIST_ITER_01_hold] active_home=0.284889 active_target=0.059112 inactive_hold=0.027990 stable=0.00/0.50
[WRIST_ITER_01_hold] active_home=0.284589 active_target=0.058812 inactive_hold=0.028066 stable=0.00/0.50
[WRIST_ITER_01_hold] active_home=0.284398 active_target=0.058620 inactive_hold=0.028111 stable=0.00/0.50
[WRIST_ITER_01_hold] active_home=0.284290 active_target=0.058512 inactive_hold=0.028111 stable=0.00/0.50
[WRIST_ITER_01_hold] active_home=0.284218 active_target=0.058441 inactive_hold=0.028126 stable=0.00/0.50

WRIST_ITER_01 RESULT
  HOME error before : 0.375777 rad
  HOME error after  : 0.284170 rad (left_wrist_pitch, -0.284170)
  Progress          : +0.091607 rad
  Micro-target err  : 0.058393 rad (left_wrist_pitch)
  Inactive hold err : 0.028126 rad (left_elbow)
  Stable at HOME    : False
  Final max |dq|    : 0.012272 rad/s
WRIST_ITER_01 = CONTINUE

WRIST_ITER_02 BEFORE: HOME error=0.284170 rad (left_wrist_pitch)
WRIST_ITER_02 TARGET: step=0.150000 rad (left_wrist_pitch), nominal remaining=0.134170 rad (left_wrist_pitch)

========================================================================================================
TRAJECTORY START: WRIST_ITER_02
========================================================================================================
Duration       : 5.500s
Max joint delta: 0.150000 rad
Peak velocity  : 0.051136 rad/s
Peak accel     : 0.028629 rad/s^2
[WRIST_ITER_02] t=0.00/5.50s target_err=0.150000 max|dq|=0.012272
[WRIST_ITER_02] t=0.25/5.50s target_err=0.157550 max|dq|=0.012272
[WRIST_ITER_02] t=0.51/5.50s target_err=0.157538 max|dq|=0.015340
[WRIST_ITER_02] t=0.76/5.50s target_err=0.157394 max|dq|=0.018408
[WRIST_ITER_02] t=1.01/5.50s target_err=0.156795 max|dq|=0.024544
[WRIST_ITER_02] t=1.27/5.50s target_err=0.155561 max|dq|=0.012272
[WRIST_ITER_02] t=1.53/5.50s target_err=0.153907 max|dq|=0.012272
[WRIST_ITER_02] t=1.79/5.50s target_err=0.151282 max|dq|=0.030680
[WRIST_ITER_02] t=2.05/5.50s target_err=0.147208 max|dq|=0.018408
[WRIST_ITER_02] t=2.30/5.50s target_err=0.139658 max|dq|=0.036816
[WRIST_ITER_02] t=2.56/5.50s target_err=0.133258 max|dq|=0.024544
[WRIST_ITER_02] t=2.82/5.50s target_err=0.127230 max|dq|=0.027612
[WRIST_ITER_02] t=3.08/5.50s target_err=0.121082 max|dq|=0.015340
[WRIST_ITER_02] t=3.34/5.50s target_err=0.109649 max|dq|=0.024544
[WRIST_ITER_02] t=3.59/5.50s target_err=0.107803 max|dq|=0.009204
[WRIST_ITER_02] t=3.84/5.50s target_err=0.106581 max|dq|=0.015340
[WRIST_ITER_02] t=4.09/5.50s target_err=0.105958 max|dq|=0.024544
[WRIST_ITER_02] t=4.35/5.50s target_err=0.105574 max|dq|=0.012272
[WRIST_ITER_02] t=4.60/5.50s target_err=0.105347 max|dq|=0.018408
[WRIST_ITER_02] t=4.86/5.50s target_err=0.105131 max|dq|=0.018408
[WRIST_ITER_02] t=5.12/5.50s target_err=0.104987 max|dq|=0.015501
[WRIST_ITER_02] t=5.38/5.50s target_err=0.104891 max|dq|=0.030680
[WRIST_ITER_02_hold] active_home=0.239037 active_target=0.104867 inactive_hold=0.030079 stable=0.00/0.50
[WRIST_ITER_02_hold] active_home=0.238942 active_target=0.104772 inactive_hold=0.030079 stable=0.00/0.50
[WRIST_ITER_02_hold] active_home=0.238882 active_target=0.104712 inactive_hold=0.030079 stable=0.00/0.50
[WRIST_ITER_02_hold] active_home=0.238858 active_target=0.104688 inactive_hold=0.030079 stable=0.00/0.50
[WRIST_ITER_02_hold] active_home=0.238810 active_target=0.104640 inactive_hold=0.030079 stable=0.00/0.50
[WRIST_ITER_02_hold] active_home=0.238762 active_target=0.104592 inactive_hold=0.030079 stable=0.00/0.50
[WRIST_ITER_02_hold] active_home=0.238738 active_target=0.104568 inactive_hold=0.030079 stable=0.00/0.50
[WRIST_ITER_02_hold] active_home=0.238714 active_target=0.104544 inactive_hold=0.030079 stable=0.00/0.50

WRIST_ITER_02 RESULT
  HOME error before : 0.284170 rad
  HOME error after  : 0.238678 rad (left_wrist_pitch, -0.238678)
  Progress          : +0.045492 rad
  Micro-target err  : 0.104508 rad (left_wrist_pitch)
  Inactive hold err : 0.030079 rad (left_elbow)
  Stable at HOME    : False
  Final max |dq|    : 0.030680 rad/s
WRIST_ITER_02 = CONTINUE

WRIST_ITER_03 BEFORE: HOME error=0.238678 rad (left_wrist_pitch)
WRIST_ITER_03 TARGET: step=0.150000 rad (left_wrist_pitch), nominal remaining=0.088678 rad (left_wrist_pitch)

========================================================================================================
TRAJECTORY START: WRIST_ITER_03
========================================================================================================
Duration       : 5.500s
Max joint delta: 0.150000 rad
Peak velocity  : 0.051136 rad/s
Peak accel     : 0.028629 rad/s^2
[WRIST_ITER_03] t=0.00/5.50s target_err=0.150000 max|dq|=0.030680
[WRIST_ITER_03] t=0.25/5.50s target_err=0.159204 max|dq|=0.015501
[WRIST_ITER_03] t=0.51/5.50s target_err=0.159240 max|dq|=0.015501
[WRIST_ITER_03] t=0.76/5.50s target_err=0.159168 max|dq|=0.030680
[WRIST_ITER_03] t=1.02/5.50s target_err=0.158784 max|dq|=0.024544
[WRIST_ITER_03] t=1.28/5.50s target_err=0.157598 max|dq|=0.012272
[WRIST_ITER_03] t=1.54/5.50s target_err=0.155369 max|dq|=0.024544
[WRIST_ITER_03] t=1.80/5.50s target_err=0.152469 max|dq|=0.030680
[WRIST_ITER_03] t=2.05/5.50s target_err=0.149724 max|dq|=0.018408
[WRIST_ITER_03] t=2.30/5.50s target_err=0.145051 max|dq|=0.018408
[WRIST_ITER_03] t=2.56/5.50s target_err=0.133306 max|dq|=0.024544
[WRIST_ITER_03] t=2.82/5.50s target_err=0.124390 max|dq|=0.030680
[WRIST_ITER_03] t=3.07/5.50s target_err=0.118673 max|dq|=0.024544
[WRIST_ITER_03] t=3.33/5.50s target_err=0.115713 max|dq|=0.007751
[WRIST_ITER_03] t=3.59/5.50s target_err=0.114934 max|dq|=0.006136
[WRIST_ITER_03] t=3.85/5.50s target_err=0.114431 max|dq|=0.018408
[WRIST_ITER_03] t=4.10/5.50s target_err=0.114107 max|dq|=0.012272
[WRIST_ITER_03] t=4.35/5.50s target_err=0.113784 max|dq|=0.018408
[WRIST_ITER_03] t=4.61/5.50s target_err=0.113592 max|dq|=0.015501
[WRIST_ITER_03] t=4.86/5.50s target_err=0.113460 max|dq|=0.030680
[WRIST_ITER_03] t=5.11/5.50s target_err=0.113352 max|dq|=0.009204
[WRIST_ITER_03] t=5.37/5.50s target_err=0.113280 max|dq|=0.018408
[WRIST_ITER_03_hold] active_home=0.201922 active_target=0.113244 inactive_hold=0.029110 stable=0.00/0.50
[WRIST_ITER_03_hold] active_home=0.201850 active_target=0.113172 inactive_hold=0.029125 stable=0.00/0.50
[WRIST_ITER_03_hold] active_home=0.201778 active_target=0.113101 inactive_hold=0.029141 stable=0.00/0.50
[WRIST_ITER_03_hold] active_home=0.201730 active_target=0.113053 inactive_hold=0.029141 stable=0.00/0.50
[WRIST_ITER_03_hold] active_home=0.201683 active_target=0.113005 inactive_hold=0.029156 stable=0.00/0.50
[WRIST_ITER_03_hold] active_home=0.201647 active_target=0.112969 inactive_hold=0.029171 stable=0.00/0.50
[WRIST_ITER_03_hold] active_home=0.201575 active_target=0.112897 inactive_hold=0.029171 stable=0.00/0.50
[WRIST_ITER_03_hold] active_home=0.201539 active_target=0.112861 inactive_hold=0.029171 stable=0.00/0.50

WRIST_ITER_03 RESULT
  HOME error before : 0.238678 rad
  HOME error after  : 0.201503 rad (left_wrist_pitch, -0.201503)
  Progress          : +0.037175 rad
  Micro-target err  : 0.112825 rad (left_wrist_pitch)
  Inactive hold err : 0.029201 rad (left_elbow)
  Stable at HOME    : False
  Final max |dq|    : 0.007751 rad/s
WRIST_ITER_03 = CONTINUE

WRIST_ITER_04 BEFORE: HOME error=0.201503 rad (left_wrist_pitch)
WRIST_ITER_04 TARGET: step=0.150000 rad (left_wrist_pitch), nominal remaining=0.051503 rad (left_wrist_pitch)

========================================================================================================
TRAJECTORY START: WRIST_ITER_04
========================================================================================================
Duration       : 5.500s
Max joint delta: 0.150000 rad
Peak velocity  : 0.051136 rad/s
Peak accel     : 0.028629 rad/s^2
[WRIST_ITER_04] t=0.00/5.50s target_err=0.150012 max|dq|=0.012272
[WRIST_ITER_04] t=0.25/5.50s target_err=0.161349 max|dq|=0.018408
[WRIST_ITER_04] t=0.50/5.50s target_err=0.161337 max|dq|=0.015501
[WRIST_ITER_04] t=0.75/5.50s target_err=0.161277 max|dq|=0.012272
[WRIST_ITER_04] t=1.01/5.50s target_err=0.160942 max|dq|=0.012272
[WRIST_ITER_04] t=1.27/5.50s target_err=0.159851 max|dq|=0.006136
[WRIST_ITER_04] t=1.53/5.50s target_err=0.156579 max|dq|=0.031003
[WRIST_ITER_04] t=1.78/5.50s target_err=0.152840 max|dq|=0.015501
[WRIST_ITER_04] t=2.04/5.50s target_err=0.148886 max|dq|=0.012272
[WRIST_ITER_04] t=2.30/5.50s target_err=0.144727 max|dq|=0.024544
[WRIST_ITER_04] t=2.56/5.50s target_err=0.139454 max|dq|=0.030680
[WRIST_ITER_04] t=2.82/5.50s target_err=0.128512 max|dq|=0.030680
[WRIST_ITER_04] t=3.07/5.50s target_err=0.126032 max|dq|=0.006136
[WRIST_ITER_04] t=3.32/5.50s target_err=0.124282 max|dq|=0.024544
[WRIST_ITER_04] t=3.57/5.50s target_err=0.121130 max|dq|=0.018408
[WRIST_ITER_04] t=3.83/5.50s target_err=0.119452 max|dq|=0.012272
[WRIST_ITER_04] t=4.08/5.50s target_err=0.118230 max|dq|=0.009204
[WRIST_ITER_04] t=4.34/5.50s target_err=0.117810 max|dq|=0.027612
[WRIST_ITER_04] t=4.60/5.50s target_err=0.117595 max|dq|=0.018408
[WRIST_ITER_04] t=4.86/5.50s target_err=0.117367 max|dq|=0.024544
[WRIST_ITER_04] t=5.12/5.50s target_err=0.117235 max|dq|=0.012272
[WRIST_ITER_04] t=5.37/5.50s target_err=0.117151 max|dq|=0.012272
[WRIST_ITER_04_hold] active_home=0.168594 active_target=0.117091 inactive_hold=0.026946 stable=0.00/0.50
[WRIST_ITER_04_hold] active_home=0.168510 active_target=0.117007 inactive_hold=0.026976 stable=0.00/0.50
[WRIST_ITER_04_hold] active_home=0.168414 active_target=0.116912 inactive_hold=0.027006 stable=0.00/0.50
[WRIST_ITER_04_hold] active_home=0.168211 active_target=0.116708 inactive_hold=0.027097 stable=0.00/0.50
[WRIST_ITER_04_hold] active_home=0.168067 active_target=0.116564 inactive_hold=0.027158 stable=0.00/0.50
[WRIST_ITER_04_hold] active_home=0.167983 active_target=0.116480 inactive_hold=0.027173 stable=0.00/0.50
[WRIST_ITER_04_hold] active_home=0.167911 active_target=0.116408 inactive_hold=0.027188 stable=0.00/0.50
[WRIST_ITER_04_hold] active_home=0.167851 active_target=0.116348 inactive_hold=0.027233 stable=0.00/0.50

WRIST_ITER_04 RESULT
  HOME error before : 0.201503 rad
  HOME error after  : 0.167827 rad (left_wrist_pitch, -0.167827)
  Progress          : +0.033676 rad
  Micro-target err  : 0.116324 rad (left_wrist_pitch)
  Inactive hold err : 0.027233 rad (left_elbow)
  Stable at HOME    : False
  Final max |dq|    : 0.018408 rad/s
WRIST_ITER_04 = CONTINUE

WRIST_ITER_05 BEFORE: HOME error=0.167827 rad (left_wrist_pitch)
WRIST_ITER_05 TARGET: step=0.150000 rad (left_wrist_pitch), nominal remaining=0.017827 rad (left_wrist_pitch)

========================================================================================================
TRAJECTORY START: WRIST_ITER_05
========================================================================================================
Duration       : 5.500s
Max joint delta: 0.150000 rad
Peak velocity  : 0.051136 rad/s
Peak accel     : 0.028629 rad/s^2
[WRIST_ITER_05] t=0.00/5.50s target_err=0.150000 max|dq|=0.018408
[WRIST_ITER_05] t=0.25/5.50s target_err=0.160906 max|dq|=0.024544
[WRIST_ITER_05] t=0.51/5.50s target_err=0.160954 max|dq|=0.012272
[WRIST_ITER_05] t=0.76/5.50s target_err=0.160870 max|dq|=0.015340
[WRIST_ITER_05] t=1.02/5.50s target_err=0.160426 max|dq|=0.015501
[WRIST_ITER_05] t=1.27/5.50s target_err=0.159276 max|dq|=0.012272
[WRIST_ITER_05] t=1.53/5.50s target_err=0.155417 max|dq|=0.018408
[WRIST_ITER_05] t=1.79/5.50s target_err=0.152708 max|dq|=0.021476
[WRIST_ITER_05] t=2.05/5.50s target_err=0.149389 max|dq|=0.036816
[WRIST_ITER_05] t=2.30/5.50s target_err=0.142845 max|dq|=0.030680
[WRIST_ITER_05] t=2.55/5.50s target_err=0.135835 max|dq|=0.049087
[WRIST_ITER_05] t=2.80/5.50s target_err=0.128716 max|dq|=0.042951
[WRIST_ITER_05] t=3.06/5.50s target_err=0.118553 max|dq|=0.030680
[WRIST_ITER_05] t=3.32/5.50s target_err=0.114814 max|dq|=0.015501
[WRIST_ITER_05] t=3.58/5.50s target_err=0.113748 max|dq|=0.018408
[WRIST_ITER_05] t=3.84/5.50s target_err=0.113208 max|dq|=0.018408
[WRIST_ITER_05] t=4.10/5.50s target_err=0.112813 max|dq|=0.018408
[WRIST_ITER_05] t=4.36/5.50s target_err=0.112525 max|dq|=0.018408
[WRIST_ITER_05] t=4.61/5.50s target_err=0.112286 max|dq|=0.007751
[WRIST_ITER_05] t=4.86/5.50s target_err=0.112130 max|dq|=0.007751
[WRIST_ITER_05] t=5.12/5.50s target_err=0.111998 max|dq|=0.036816
[WRIST_ITER_05] t=5.38/5.50s target_err=0.111842 max|dq|=0.018408
[WRIST_ITER_05_hold] active_home=0.129621 active_target=0.111794 inactive_hold=0.029035 stable=0.00/0.50
[WRIST_ITER_05_hold] active_home=0.129550 active_target=0.111722 inactive_hold=0.029050 stable=0.00/0.50
[WRIST_ITER_05_hold] active_home=0.129454 active_target=0.111627 inactive_hold=0.029035 stable=0.00/0.50
[WRIST_ITER_05_hold] active_home=0.129406 active_target=0.111579 inactive_hold=0.029050 stable=0.00/0.50
[WRIST_ITER_05_hold] active_home=0.129334 active_target=0.111507 inactive_hold=0.029035 stable=0.00/0.50
[WRIST_ITER_05_hold] active_home=0.129274 active_target=0.111447 inactive_hold=0.029050 stable=0.00/0.50
[WRIST_ITER_05_hold] active_home=0.129226 active_target=0.111399 inactive_hold=0.029050 stable=0.00/0.50
[WRIST_ITER_05_hold] active_home=0.129178 active_target=0.111351 inactive_hold=0.029035 stable=0.00/0.50

WRIST_ITER_05 RESULT
  HOME error before : 0.167827 rad
  HOME error after  : 0.129118 rad (left_wrist_pitch, -0.129118)
  Progress          : +0.038709 rad
  Micro-target err  : 0.111291 rad (left_wrist_pitch)
  Inactive hold err : 0.029050 rad (left_elbow)
  Stable at HOME    : False
  Final max |dq|    : 0.018408 rad/s
WRIST_ITER_05 = CONTINUE

WRIST_ITER_06 BEFORE: HOME error=0.129118 rad (left_wrist_pitch)
WRIST_ITER_06 TARGET: step=0.129118 rad (left_wrist_pitch), nominal remaining=0.000000 rad (left_wrist_roll)

========================================================================================================
TRAJECTORY START: WRIST_ITER_06
========================================================================================================
Duration       : 5.000s
Max joint delta: 0.129118 rad
Peak velocity  : 0.048419 rad/s
Peak accel     : 0.029819 rad/s^2
[WRIST_ITER_06] t=0.00/5.00s target_err=0.129118 max|dq|=0.015340
[WRIST_ITER_06] t=0.25/5.00s target_err=0.140036 max|dq|=0.012272
[WRIST_ITER_06] t=0.50/5.00s target_err=0.140048 max|dq|=0.018408
[WRIST_ITER_06] t=0.75/5.00s target_err=0.139952 max|dq|=0.018408
[WRIST_ITER_06] t=1.01/5.00s target_err=0.139532 max|dq|=0.024544
[WRIST_ITER_06] t=1.26/5.00s target_err=0.137699 max|dq|=0.024544
[WRIST_ITER_06] t=1.51/5.00s target_err=0.134811 max|dq|=0.012272
[WRIST_ITER_06] t=1.77/5.00s target_err=0.130964 max|dq|=0.021476
[WRIST_ITER_06] t=2.02/5.00s target_err=0.126302 max|dq|=0.030680
[WRIST_ITER_06] t=2.27/5.00s target_err=0.122215 max|dq|=0.015501
[WRIST_ITER_06] t=2.53/5.00s target_err=0.115420 max|dq|=0.049087
[WRIST_ITER_06] t=2.78/5.00s target_err=0.110315 max|dq|=0.015501
[WRIST_ITER_06] t=3.03/5.00s target_err=0.104107 max|dq|=0.024544
[WRIST_ITER_06] t=3.29/5.00s target_err=0.100020 max|dq|=0.024544
[WRIST_ITER_06] t=3.55/5.00s target_err=0.096593 max|dq|=0.036816
[WRIST_ITER_06] t=3.80/5.00s target_err=0.093465 max|dq|=0.009204
[WRIST_ITER_06] t=4.06/5.00s target_err=0.091260 max|dq|=0.012272
[WRIST_ITER_06] t=4.32/5.00s target_err=0.087593 max|dq|=0.018408
[WRIST_ITER_06] t=4.57/5.00s target_err=0.086502 max|dq|=0.009204
[WRIST_ITER_06] t=4.83/5.00s target_err=0.086155 max|dq|=0.012272
[WRIST_ITER_06_hold] active_home=0.085963 active_target=0.085963 inactive_hold=0.027203 stable=0.00/0.50
[WRIST_ITER_06_hold] active_home=0.085723 active_target=0.085723 inactive_hold=0.027233 stable=0.00/0.50
[WRIST_ITER_06_hold] active_home=0.085519 active_target=0.085519 inactive_hold=0.027248 stable=0.00/0.50
[WRIST_ITER_06_hold] active_home=0.085316 active_target=0.085316 inactive_hold=0.027294 stable=0.00/0.50
[WRIST_ITER_06_hold] active_home=0.085184 active_target=0.085184 inactive_hold=0.027324 stable=0.00/0.50
[WRIST_ITER_06_hold] active_home=0.085052 active_target=0.085052 inactive_hold=0.027354 stable=0.00/0.50
[WRIST_ITER_06_hold] active_home=0.084968 active_target=0.084968 inactive_hold=0.027400 stable=0.00/0.50
[WRIST_ITER_06_hold] active_home=0.084884 active_target=0.084884 inactive_hold=0.027415 stable=0.00/0.50

WRIST_ITER_06 RESULT
  HOME error before : 0.129118 rad
  HOME error after  : 0.084836 rad (left_wrist_pitch, -0.084836)
  Progress          : +0.044282 rad
  Micro-target err  : 0.084836 rad (left_wrist_pitch)
  Inactive hold err : 0.027445 rad (left_elbow)
  Stable at HOME    : False
  Final max |dq|    : 0.015501 rad/s
WRIST_ITER_06 = CONTINUE

WRIST_ITER_07 BEFORE: HOME error=0.084836 rad (left_wrist_pitch)
WRIST_ITER_07 TARGET: step=0.084836 rad (left_wrist_pitch), nominal remaining=0.000000 rad (left_wrist_roll)

========================================================================================================
TRAJECTORY START: WRIST_ITER_07
========================================================================================================
Duration       : 5.000s
Max joint delta: 0.084836 rad
Peak velocity  : 0.031814 rad/s
Peak accel     : 0.019592 rad/s^2
[WRIST_ITER_07] t=0.00/5.00s target_err=0.084848 max|dq|=0.018408
[WRIST_ITER_07] t=0.25/5.00s target_err=0.095083 max|dq|=0.021476
[WRIST_ITER_07] t=0.50/5.00s target_err=0.095119 max|dq|=0.015501
[WRIST_ITER_07] t=0.76/5.00s target_err=0.095083 max|dq|=0.012272
[WRIST_ITER_07] t=1.02/5.00s target_err=0.094663 max|dq|=0.030680
[WRIST_ITER_07] t=1.27/5.00s target_err=0.093705 max|dq|=0.009204
[WRIST_ITER_07] t=1.53/5.00s target_err=0.092051 max|dq|=0.012272
[WRIST_ITER_07] t=1.79/5.00s target_err=0.089918 max|dq|=0.015501
[WRIST_ITER_07] t=2.04/5.00s target_err=0.087005 max|dq|=0.036816
[WRIST_ITER_07] t=2.30/5.00s target_err=0.084956 max|dq|=0.012272
[WRIST_ITER_07] t=2.55/5.00s target_err=0.082224 max|dq|=0.018408
[WRIST_ITER_07] t=2.80/5.00s target_err=0.078892 max|dq|=0.030680
[WRIST_ITER_07] t=3.06/5.00s target_err=0.073655 max|dq|=0.012272
[WRIST_ITER_07] t=3.31/5.00s target_err=0.069293 max|dq|=0.012272
[WRIST_ITER_07] t=3.56/5.00s target_err=0.065949 max|dq|=0.012272
[WRIST_ITER_07] t=3.82/5.00s target_err=0.062066 max|dq|=0.024544
[WRIST_ITER_07] t=4.07/5.00s target_err=0.060377 max|dq|=0.012272
[WRIST_ITER_07] t=4.33/5.00s target_err=0.058711 max|dq|=0.015501
[WRIST_ITER_07] t=4.58/5.00s target_err=0.055775 max|dq|=0.015501
[WRIST_ITER_07] t=4.84/5.00s target_err=0.054804 max|dq|=0.024544
[WRIST_ITER_07_hold] active_home=0.054360 active_target=0.054360 inactive_hold=0.023645 stable=0.00/0.50
[WRIST_ITER_07_hold] active_home=0.053941 active_target=0.053941 inactive_hold=0.023767 stable=0.00/0.50
[WRIST_ITER_07_hold] active_home=0.053761 active_target=0.053761 inactive_hold=0.023812 stable=0.00/0.50
[WRIST_ITER_07_hold] active_home=0.053617 active_target=0.053617 inactive_hold=0.023812 stable=0.00/0.50
[WRIST_ITER_07_hold] active_home=0.053414 active_target=0.053414 inactive_hold=0.023812 stable=0.00/0.50
[WRIST_ITER_07_hold] active_home=0.053258 active_target=0.053258 inactive_hold=0.023812 stable=0.00/0.50
[WRIST_ITER_07_hold] active_home=0.053210 active_target=0.053210 inactive_hold=0.023827 stable=0.00/0.50
[WRIST_ITER_07_hold] active_home=0.053150 active_target=0.053150 inactive_hold=0.023827 stable=0.00/0.50

WRIST_ITER_07 RESULT
  HOME error before : 0.084836 rad
  HOME error after  : 0.053114 rad (left_wrist_pitch, -0.053114)
  Progress          : +0.031722 rad
  Micro-target err  : 0.053114 rad (left_wrist_pitch)
  Inactive hold err : 0.023812 rad (left_elbow)
  Stable at HOME    : False
  Final max |dq|    : 0.012272 rad/s
WRIST_ITER_07 = CONTINUE

WRIST_ITER_08 BEFORE: HOME error=0.053114 rad (left_wrist_pitch)
WRIST_ITER_08 TARGET: step=0.053114 rad (left_wrist_pitch), nominal remaining=0.000000 rad (left_wrist_roll)

========================================================================================================
TRAJECTORY START: WRIST_ITER_08
========================================================================================================
Duration       : 5.000s
Max joint delta: 0.053114 rad
Peak velocity  : 0.019918 rad/s
Peak accel     : 0.012266 rad/s^2
[WRIST_ITER_08] t=0.00/5.00s target_err=0.053114 max|dq|=0.012272
[WRIST_ITER_08] t=0.25/5.00s target_err=0.064056 max|dq|=0.024544
[WRIST_ITER_08] t=0.51/5.00s target_err=0.064056 max|dq|=0.030680
[WRIST_ITER_08] t=0.76/5.00s target_err=0.064068 max|dq|=0.024544
[WRIST_ITER_08] t=1.02/5.00s target_err=0.063972 max|dq|=0.007751
[WRIST_ITER_08] t=1.28/5.00s target_err=0.063672 max|dq|=0.012272
[WRIST_ITER_08] t=1.53/5.00s target_err=0.062845 max|dq|=0.012272
[WRIST_ITER_08] t=1.79/5.00s target_err=0.061383 max|dq|=0.021476
[WRIST_ITER_08] t=2.05/5.00s target_err=0.060113 max|dq|=0.024544
[WRIST_ITER_08] t=2.30/5.00s target_err=0.058183 max|dq|=0.030680
[WRIST_ITER_08] t=2.56/5.00s target_err=0.054576 max|dq|=0.018408
[WRIST_ITER_08] t=2.81/5.00s target_err=0.052575 max|dq|=0.015340
[WRIST_ITER_08] t=3.07/5.00s target_err=0.050753 max|dq|=0.018408
[WRIST_ITER_08] t=3.33/5.00s target_err=0.048680 max|dq|=0.015501
[WRIST_ITER_08] t=3.59/5.00s target_err=0.047338 max|dq|=0.012272
[WRIST_ITER_08] t=3.84/5.00s target_err=0.046391 max|dq|=0.018408
[WRIST_ITER_08] t=4.10/5.00s target_err=0.045348 max|dq|=0.007751
[WRIST_ITER_08] t=4.36/5.00s target_err=0.044138 max|dq|=0.018408
[WRIST_ITER_08] t=4.61/5.00s target_err=0.043443 max|dq|=0.007751
[WRIST_ITER_08] t=4.87/5.00s target_err=0.043107 max|dq|=0.007751
[WRIST_ITER_08_hold] active_home=0.042987 active_target=0.042987 inactive_hold=0.017605 stable=0.00/0.50
[WRIST_ITER_08_hold] active_home=0.042856 active_target=0.042856 inactive_hold=0.017621 stable=0.25/0.50
[WRIST_ITER_08_hold] active_home=0.042760 active_target=0.042760 inactive_hold=0.017651 stable=0.50/0.50
[WRIST_ITER_08_hold] active_home=0.042676 active_target=0.042676 inactive_hold=0.017666 stable=0.76/0.50
[WRIST_ITER_08_hold] active_home=0.042604 active_target=0.042604 inactive_hold=0.017681 stable=1.01/0.50
[WRIST_ITER_08_hold] active_home=0.042532 active_target=0.042532 inactive_hold=0.017696 stable=1.26/0.50
[WRIST_ITER_08_hold] active_home=0.042520 active_target=0.042520 inactive_hold=0.017681 stable=1.52/0.50
[WRIST_ITER_08_hold] active_home=0.042496 active_target=0.042496 inactive_hold=0.017696 stable=1.77/0.50

WRIST_ITER_08 RESULT
  HOME error before : 0.053114 rad
  HOME error after  : 0.042460 rad (left_wrist_pitch, -0.042460)
  Progress          : +0.010654 rad
  Micro-target err  : 0.042460 rad (left_wrist_pitch)
  Inactive hold err : 0.017681 rad (left_elbow)
  Stable at HOME    : True
  Final max |dq|    : 0.018408 rad/s
WRIST_READY = PASS
========================================================================================================

========================================================================================================
ADAPTIVE ARM RECOVERY
========================================================================================================
Stage delta       : 0.200000 rad
HOME threshold    : 0.050000 rad
Max iterations    : 6

ARM_ITER_01 BEFORE: HOME error=0.240845 rad (right_shoulder_yaw)
ARM_ITER_01 TARGET: step=0.200000 rad (right_shoulder_yaw), nominal remaining=0.040845 rad (right_shoulder_yaw)

========================================================================================================
TRAJECTORY START: ARM_ITER_01
========================================================================================================
Duration       : 7.000s
Max joint delta: 0.200000 rad
Peak velocity  : 0.053571 rad/s
Peak accel     : 0.023565 rad/s^2
[ARM_ITER_01] t=0.00/7.00s target_err=0.200000 max|dq|=0.018408
[ARM_ITER_01] t=0.25/7.00s target_err=0.200242 max|dq|=0.015501
[ARM_ITER_01] t=0.50/7.00s target_err=0.200182 max|dq|=0.012272
[ARM_ITER_01] t=0.75/7.00s target_err=0.199864 max|dq|=0.006136
[ARM_ITER_01] t=1.01/7.00s target_err=0.198668 max|dq|=0.024544
[ARM_ITER_01] t=1.26/7.00s target_err=0.195413 max|dq|=0.024544
[ARM_ITER_01] t=1.51/7.00s target_err=0.190478 max|dq|=0.031003
[ARM_ITER_01] t=1.76/7.00s target_err=0.183818 max|dq|=0.031003
[ARM_ITER_01] t=2.02/7.00s target_err=0.177687 max|dq|=0.058291
[ARM_ITER_01] t=2.28/7.00s target_err=0.167726 max|dq|=0.054254
[ARM_ITER_01] t=2.53/7.00s target_err=0.154208 max|dq|=0.031003
[ARM_ITER_01] t=2.78/7.00s target_err=0.146169 max|dq|=0.093008
[ARM_ITER_01] t=3.04/7.00s target_err=0.131258 max|dq|=0.085257
[ARM_ITER_01] t=3.30/7.00s target_err=0.120117 max|dq|=0.038753
[ARM_ITER_01] t=3.56/7.00s target_err=0.104988 max|dq|=0.054254
[ARM_ITER_01] t=3.81/7.00s target_err=0.095628 max|dq|=0.077506
[ARM_ITER_01] t=4.07/7.00s target_err=0.082613 max|dq|=0.107379
[ARM_ITER_01] t=4.33/7.00s target_err=0.071732 max|dq|=0.054254
[ARM_ITER_01] t=4.59/7.00s target_err=0.057920 max|dq|=0.054254
[ARM_ITER_01] t=4.85/7.00s target_err=0.053456 max|dq|=0.046504
[ARM_ITER_01] t=5.10/7.00s target_err=0.043269 max|dq|=0.070563
[ARM_ITER_01] t=5.36/7.00s target_err=0.037481 max|dq|=0.023252
[ARM_ITER_01] t=5.62/7.00s target_err=0.030632 max|dq|=0.031003
[ARM_ITER_01] t=5.88/7.00s target_err=0.027420 max|dq|=0.015501
[ARM_ITER_01] t=6.14/7.00s target_err=0.022171 max|dq|=0.024544
[ARM_ITER_01] t=6.40/7.00s target_err=0.020163 max|dq|=0.239301
[ARM_ITER_01] t=6.65/7.00s target_err=0.019402 max|dq|=0.015340
[ARM_ITER_01] t=6.90/7.00s target_err=0.019175 max|dq|=0.018408
[ARM_ITER_01_hold] active_home=0.044339 active_target=0.019091 inactive_hold=0.008916 stable=0.00/0.50
[ARM_ITER_01_hold] active_home=0.044127 active_target=0.018977 inactive_hold=0.008940 stable=0.25/0.50
[ARM_ITER_01_hold] active_home=0.044051 active_target=0.018875 inactive_hold=0.008916 stable=0.50/0.50
[ARM_ITER_01_hold] active_home=0.044036 active_target=0.018809 inactive_hold=0.008928 stable=0.76/0.50
[ARM_ITER_01_hold] active_home=0.044036 active_target=0.018761 inactive_hold=0.008916 stable=1.02/0.50
[ARM_ITER_01_hold] active_home=0.044021 active_target=0.018731 inactive_hold=0.008928 stable=1.27/0.50
[ARM_ITER_01_hold] active_home=0.044051 active_target=0.018677 inactive_hold=0.008928 stable=1.52/0.50
[ARM_ITER_01_hold] active_home=0.044036 active_target=0.018671 inactive_hold=0.008928 stable=1.78/0.50

ARM_ITER_01 RESULT
  HOME error before : 0.240845 rad
  HOME error after  : 0.044021 rad (right_shoulder_yaw, +0.044021)
  Progress          : +0.196824 rad
  Micro-target err  : 0.018635 rad (right_shoulder_pitch)
  Inactive hold err : 0.008928 rad (right_wrist_pitch)
  Stable at HOME    : True
  Final max |dq|    : 0.015340 rad/s
ARM_READY = PASS
========================================================================================================

========================================================================================================
TRAJECTORY START: FINAL_HOME
========================================================================================================
Duration       : 8.000s
Max joint delta: 0.044021 rad
Peak velocity  : 0.010317 rad/s
Peak accel     : 0.003971 rad/s^2
[FINAL_HOME] t=0.00/8.00s target_err=0.044021 max|dq|=0.015340
[FINAL_HOME] t=0.25/8.00s target_err=0.045141 max|dq|=0.021476
[FINAL_HOME] t=0.51/8.00s target_err=0.045096 max|dq|=0.012272
[FINAL_HOME] t=0.76/8.00s target_err=0.045096 max|dq|=0.018408
[FINAL_HOME] t=1.02/8.00s target_err=0.045035 max|dq|=0.024544
[FINAL_HOME] t=1.28/8.00s target_err=0.044884 max|dq|=0.018408
[FINAL_HOME] t=1.53/8.00s target_err=0.044612 max|dq|=0.012272
[FINAL_HOME] t=1.79/8.00s target_err=0.044173 max|dq|=0.007751
[FINAL_HOME] t=2.04/8.00s target_err=0.043279 max|dq|=0.018408
[FINAL_HOME] t=2.29/8.00s target_err=0.042553 max|dq|=0.012272
[FINAL_HOME] t=2.54/8.00s target_err=0.041826 max|dq|=0.012272
[FINAL_HOME] t=2.80/8.00s target_err=0.040857 max|dq|=0.012272
[FINAL_HOME] t=3.06/8.00s target_err=0.039041 max|dq|=0.021476
[FINAL_HOME] t=3.31/8.00s target_err=0.037739 max|dq|=0.030680
[FINAL_HOME] t=3.56/8.00s target_err=0.034469 max|dq|=0.030680
[FINAL_HOME] t=3.82/8.00s target_err=0.032214 max|dq|=0.012272
[FINAL_HOME] t=4.08/8.00s target_err=0.029289 max|dq|=0.024544
[FINAL_HOME] t=4.34/8.00s target_err=0.027791 max|dq|=0.012272
[FINAL_HOME] t=4.60/8.00s target_err=0.026797 max|dq|=0.015501
[FINAL_HOME] t=4.86/8.00s target_err=0.026617 max|dq|=0.024544
[FINAL_HOME] t=5.12/8.00s target_err=0.026317 max|dq|=0.018408
[FINAL_HOME] t=5.38/8.00s target_err=0.025778 max|dq|=0.018408
[FINAL_HOME] t=5.64/8.00s target_err=0.025143 max|dq|=0.015501
[FINAL_HOME] t=5.89/8.00s target_err=0.024711 max|dq|=0.012272
[FINAL_HOME] t=6.14/8.00s target_err=0.024244 max|dq|=0.023252
[FINAL_HOME] t=6.40/8.00s target_err=0.023813 max|dq|=0.018408
[FINAL_HOME] t=6.65/8.00s target_err=0.023393 max|dq|=0.009204
[FINAL_HOME] t=6.91/8.00s target_err=0.023070 max|dq|=0.015501
[FINAL_HOME] t=7.16/8.00s target_err=0.022830 max|dq|=0.015501
[FINAL_HOME] t=7.41/8.00s target_err=0.022650 max|dq|=0.018408
[FINAL_HOME] t=7.67/8.00s target_err=0.022482 max|dq|=0.021476
[FINAL_HOME] t=7.92/8.00s target_err=0.022303 max|dq|=0.021476
[FINAL_HOME_hold] max_err=0.022255 best=0.022255 stable=0.00/1.00
[FINAL_HOME_hold] max_err=0.022123 best=0.022123 stable=0.25/1.00
[FINAL_HOME_hold] max_err=0.021979 best=0.021979 stable=0.51/1.00
[FINAL_HOME_hold] max_err=0.021895 best=0.021895 stable=0.76/1.00
[FINAL_HOME_hold] max_err=0.021835 best=0.021835 stable=1.01/1.00
[FINAL_HOME_hold] max_err=0.021787 best=0.021787 stable=1.27/1.00
[FINAL_HOME_hold] max_err=0.021727 best=0.021727 stable=1.52/1.00
[FINAL_HOME_hold] max_err=0.021691 best=0.021691 stable=1.77/1.00
[FINAL_HOME_hold] max_err=0.021667 best=0.021655 stable=2.02/1.00
[FINAL_HOME_hold] max_err=0.021644 best=0.021644 stable=2.28/1.00
[FINAL_HOME_hold] max_err=0.021632 best=0.021632 stable=2.53/1.00
[FINAL_HOME_hold] max_err=0.021644 best=0.021632 stable=2.79/1.00
[FINAL_HOME_hold] max_err=0.021620 best=0.021608 stable=3.04/1.00
[FINAL_HOME_hold] max_err=0.021620 best=0.021608 stable=3.29/1.00
[FINAL_HOME_hold] max_err=0.021620 best=0.021596 stable=3.55/1.00
[FINAL_HOME_hold] max_err=0.021596 best=0.021572 stable=3.81/1.00
[FINAL_HOME_hold] max_err=0.021596 best=0.021572 stable=4.07/1.00
[FINAL_HOME_hold] max_err=0.021584 best=0.021572 stable=4.33/1.00
[FINAL_HOME_hold] max_err=0.021584 best=0.021572 stable=4.58/1.00
[FINAL_HOME_hold] max_err=0.021572 best=0.021548 stable=4.83/1.00

========================================================================================================
FINAL_HOME RESULT
========================================================================================================
MAX error      : 0.021572 rad (1.236 deg)
Worst          : right_wrist_pitch
Best hold error: 0.021548 rad
Stable reached : True
Final max |dq| : 0.006136 rad/s

left_shoulder_pitch          target=-0.094586 final=-0.079018 error=+0.015568
left_shoulder_roll           target=-0.005776 final=-0.004260 error=+0.001516
left_shoulder_yaw            target=+0.183094 final=+0.185168 error=+0.002074
left_elbow                   target=+1.197247 final=+1.198216 error=+0.000969
left_wrist_roll              target=-0.080065 final=-0.077007 error=+0.003058
left_wrist_pitch             target=-0.892441 final=-0.906139 error=-0.013698
left_wrist_yaw               target=-0.177546 final=-0.174898 error=+0.002649
right_shoulder_pitch         target=-0.161583 final=-0.144332 error=+0.017251
right_shoulder_roll          target=+0.034586 final=+0.042814 error=+0.008227
right_shoulder_yaw           target=-0.180944 final=-0.172694 error=+0.008250
right_elbow                  target=+1.037027 final=+1.033000 error=-0.004027
right_wrist_roll             target=+0.003240 final=+0.001695 error=-0.001544
right_wrist_pitch            target=-0.529775 final=-0.551346 error=-0.021572
right_wrist_yaw              target=+0.114893 final=+0.116738 error=+0.001846

FINAL_HOME = PASS
AUTO_HOME_READY = PASS
========================================================================================================
LowCmd gains released.
