
========================================================================================================
R1-A7 AUTO-HOME V2 ADAPTIVE RECOVERY PRE-FLIGHT
========================================================================================================
Lowstate age             : 0.000173s [PASS]
Max initial |dq|         : 0.009204 rad/s [PASS]
Current joint limits     : PASS
HOME joint limits        : PASS
MotionSwitcher           : PASS
  status                 : 0
  result                 : {'form': '0', 'name': ''}

Global HOME error        : 0.085855 rad
Wrist HOME error         : 0.085855 rad (left_wrist_pitch)
Arm HOME error           : 0.053377 rad (left_elbow)
Direct HOME threshold    : 0.350000 rad
Recovery mode            : DIRECT HOME


First-step trajectory preview:
  FINAL_HOME         duration= 8.00s max_delta=0.085855 peak_v=0.020122 peak_a=0.007745 max_step=0.000201
First-step checks        : PASS

Arm gains:
  shoulder pitch         : kp=100.0, kd=3.5
  shoulder roll/yaw/elbow: kp=80.0, kd=3.0
  wrist pitch            : kp=60.0, kd=2.0
  wrist roll/yaw         : kp=40.0, kd=1.5

PRE_FLIGHT = PASS
ROBOT_COMMAND_PUBLISHED = FALSE
========================================================================================================

========================================================================================================
REAL ROBOT AUTO-HOME V2 ARMED
========================================================================================================
Initial global HOME error : 0.085867 rad
Mode                      : DIRECT HOME
LowCmd will remain active until completion or abort.

Type RECOVER HOME V2 exactly to continue.
> 
Starting in 3 seconds...
3
2
1

========================================================================================================
LOWCMD ZERO-DISPLACEMENT TAKEOVER TEST
========================================================================================================
Takeover max drift : 0.000257 rad
Final max |dq|     : 0.018408 rad/s
TAKEOVER_TEST = PASS
========================================================================================================

POST-TAKEOVER V2 DECISION
Global HOME error : 0.085855 rad
Mode              : DIRECT HOME

========================================================================================================
TRAJECTORY START: FINAL_HOME
========================================================================================================
Duration       : 8.000s
Max joint delta: 0.085855 rad
Peak velocity  : 0.020122 rad/s
Peak accel     : 0.007745 rad/s^2
[FINAL_HOME] t=0.00/8.00s target_err=0.085879 max|dq|=0.024544
[FINAL_HOME] t=0.25/8.00s target_err=0.085855 max|dq|=0.018408
[FINAL_HOME] t=0.51/8.00s target_err=0.085879 max|dq|=0.015340
[FINAL_HOME] t=0.77/8.00s target_err=0.085771 max|dq|=0.012272
[FINAL_HOME] t=1.03/8.00s target_err=0.085591 max|dq|=0.018408
[FINAL_HOME] t=1.29/8.00s target_err=0.085280 max|dq|=0.015501
[FINAL_HOME] t=1.55/8.00s target_err=0.084944 max|dq|=0.007751
[FINAL_HOME] t=1.81/8.00s target_err=0.084249 max|dq|=0.018408
[FINAL_HOME] t=2.07/8.00s target_err=0.083123 max|dq|=0.009204
[FINAL_HOME] t=2.32/8.00s target_err=0.082032 max|dq|=0.018408
[FINAL_HOME] t=2.58/8.00s target_err=0.080438 max|dq|=0.012272
[FINAL_HOME] t=2.83/8.00s target_err=0.076483 max|dq|=0.015501
[FINAL_HOME] t=3.09/8.00s target_err=0.072097 max|dq|=0.018408
[FINAL_HOME] t=3.35/8.00s target_err=0.067267 max|dq|=0.023252
[FINAL_HOME] t=3.60/8.00s target_err=0.063852 max|dq|=0.009204
[FINAL_HOME] t=3.85/8.00s target_err=0.060568 max|dq|=0.018408
[FINAL_HOME] t=4.11/8.00s target_err=0.056566 max|dq|=0.030680
[FINAL_HOME] t=4.36/8.00s target_err=0.050609 max|dq|=0.018408
[FINAL_HOME] t=4.61/8.00s target_err=0.045744 max|dq|=0.024544
[FINAL_HOME] t=4.86/8.00s target_err=0.041202 max|dq|=0.012272
[FINAL_HOME] t=5.12/8.00s target_err=0.037726 max|dq|=0.015501
[FINAL_HOME] t=5.37/8.00s target_err=0.033855 max|dq|=0.024544
[FINAL_HOME] t=5.63/8.00s target_err=0.028522 max|dq|=0.018408
[FINAL_HOME] t=5.89/8.00s target_err=0.026593 max|dq|=0.012272
[FINAL_HOME] t=6.15/8.00s target_err=0.025658 max|dq|=0.018408
[FINAL_HOME] t=6.41/8.00s target_err=0.024592 max|dq|=0.007751
[FINAL_HOME] t=6.66/8.00s target_err=0.024004 max|dq|=0.012272
[FINAL_HOME] t=6.92/8.00s target_err=0.023657 max|dq|=0.018408
[FINAL_HOME] t=7.17/8.00s target_err=0.023477 max|dq|=0.023252
[FINAL_HOME] t=7.42/8.00s target_err=0.023345 max|dq|=0.018408
[FINAL_HOME] t=7.67/8.00s target_err=0.023189 max|dq|=0.018408
[FINAL_HOME] t=7.93/8.00s target_err=0.023046 max|dq|=0.015501
[FINAL_HOME_hold] max_err=0.023010 best=0.023010 stable=0.00/1.00
[FINAL_HOME_hold] max_err=0.022914 best=0.022902 stable=0.25/1.00
[FINAL_HOME_hold] max_err=0.022854 best=0.022842 stable=0.50/1.00
[FINAL_HOME_hold] max_err=0.022794 best=0.022794 stable=0.75/1.00
[FINAL_HOME_hold] max_err=0.022758 best=0.022746 stable=1.01/1.00
[FINAL_HOME_hold] max_err=0.022722 best=0.022698 stable=1.26/1.00
[FINAL_HOME_hold] max_err=0.022674 best=0.022674 stable=1.51/1.00
[FINAL_HOME_hold] max_err=0.022650 best=0.022638 stable=1.77/1.00
[FINAL_HOME_hold] max_err=0.022626 best=0.022626 stable=2.02/1.00
[FINAL_HOME_hold] max_err=0.022614 best=0.022602 stable=2.28/1.00
[FINAL_HOME_hold] max_err=0.022590 best=0.022578 stable=2.54/1.00
[FINAL_HOME_hold] max_err=0.022566 best=0.022554 stable=2.80/1.00
[FINAL_HOME_hold] max_err=0.022542 best=0.022542 stable=3.05/1.00
[FINAL_HOME_hold] max_err=0.022506 best=0.022506 stable=3.31/1.00
[FINAL_HOME_hold] max_err=0.022506 best=0.022494 stable=3.57/1.00
[FINAL_HOME_hold] max_err=0.022506 best=0.022482 stable=3.82/1.00
[FINAL_HOME_hold] max_err=0.022482 best=0.022470 stable=4.07/1.00
[FINAL_HOME_hold] max_err=0.022482 best=0.022458 stable=4.33/1.00
[FINAL_HOME_hold] max_err=0.022446 best=0.022434 stable=4.58/1.00
[FINAL_HOME_hold] max_err=0.022434 best=0.022422 stable=4.84/1.00

========================================================================================================
FINAL_HOME RESULT
========================================================================================================
MAX error      : 0.022434 rad (1.285 deg)
Worst          : right_wrist_pitch
Best hold error: 0.022411 rad
Stable reached : True
Final max |dq| : 0.012272 rad/s

left_shoulder_pitch          target=-0.094586 final=-0.079246 error=+0.015340
left_shoulder_roll           target=-0.005776 final=-0.004458 error=+0.001318
left_shoulder_yaw            target=+0.183094 final=+0.184850 error=+0.001756
left_elbow                   target=+1.197247 final=+1.197247 error=-0.000000
left_wrist_roll              target=-0.080065 final=-0.076946 error=+0.003118
left_wrist_pitch             target=-0.892441 final=-0.905540 error=-0.013099
left_wrist_yaw               target=-0.177546 final=-0.174922 error=+0.002625
right_shoulder_pitch         target=-0.161583 final=-0.143565 error=+0.018018
right_shoulder_roll          target=+0.034586 final=+0.042478 error=+0.007892
right_shoulder_yaw           target=-0.180944 final=-0.177190 error=+0.003754
right_elbow                  target=+1.037027 final=+1.031910 error=-0.005117
right_wrist_roll             target=+0.003240 final=+0.001938 error=-0.001302
right_wrist_pitch            target=-0.529775 final=-0.552209 error=-0.022434
right_wrist_yaw              target=+0.114893 final=+0.115384 error=+0.000491

FINAL_HOME = PASS
AUTO_HOME_READY = PASS
========================================================================================================
LowCmd gains released.
