
========================================================================================================
R1-A7 AUTO-HOME V2 ADAPTIVE RECOVERY PRE-FLIGHT
========================================================================================================
Lowstate age             : 0.000110s [PASS]
Max initial |dq|         : 0.012272 rad/s [PASS]
Current joint limits     : PASS
HOME joint limits        : PASS
MotionSwitcher           : PASS
  status                 : 0
  result                 : {'form': '0', 'name': ''}

Global HOME error        : 0.335235 rad
Wrist HOME error         : 0.335235 rad (left_wrist_pitch)
Arm HOME error           : 0.269274 rad (right_shoulder_yaw)
Direct HOME threshold    : 0.350000 rad
Recovery mode            : DIRECT HOME


First-step trajectory preview:
  FINAL_HOME         duration=12.00s max_delta=0.335235 peak_v=0.052380 peak_a=0.013441 max_step=0.000524
First-step checks        : PASS

Arm gains:
  shoulder pitch         : kp=100.0, kd=3.5
  shoulder roll/yaw/elbow: kp=80.0, kd=3.0
  wrist pitch            : kp=60.0, kd=2.0
  wrist roll/yaw         : kp=40.0, kd=1.5

PRE_FLIGHT = PASS
ROBOT_COMMAND_PUBLISHED = FALSE
========================================================================================================

========================================================================================================
REAL ROBOT AUTO-HOME V2 ARMED
========================================================================================================
Initial global HOME error : 0.335247 rad
Mode                      : DIRECT HOME
LowCmd will remain active until completion or abort.

Type RECOVER HOME V2 exactly to continue.
> 
Starting in 3 seconds...
3
2
1

========================================================================================================
LOWCMD ZERO-DISPLACEMENT TAKEOVER TEST
========================================================================================================
Takeover max drift : 0.000197 rad
Final max |dq|     : 0.018408 rad/s
TAKEOVER_TEST = PASS
========================================================================================================

POST-TAKEOVER V2 DECISION
Global HOME error : 0.335259 rad
Mode              : DIRECT HOME

========================================================================================================
TRAJECTORY START: FINAL_HOME
========================================================================================================
Duration       : 12.000s
Max joint delta: 0.335259 rad
Peak velocity  : 0.052384 rad/s
Peak accel     : 0.013442 rad/s^2
[FINAL_HOME] t=0.00/12.00s target_err=0.335259 max|dq|=0.015501
[FINAL_HOME] t=0.25/12.00s target_err=0.335247 max|dq|=0.018408
[FINAL_HOME] t=0.50/12.00s target_err=0.335223 max|dq|=0.030680
[FINAL_HOME] t=0.75/12.00s target_err=0.334935 max|dq|=0.018408
[FINAL_HOME] t=1.01/12.00s target_err=0.334180 max|dq|=0.018408
[FINAL_HOME] t=1.27/12.00s target_err=0.333305 max|dq|=0.012272
[FINAL_HOME] t=1.52/12.00s target_err=0.331939 max|dq|=0.024544
[FINAL_HOME] t=1.78/12.00s target_err=0.330357 max|dq|=0.023252
[FINAL_HOME] t=2.04/12.00s target_err=0.328140 max|dq|=0.009204
[FINAL_HOME] t=2.29/12.00s target_err=0.325599 max|dq|=0.023252
[FINAL_HOME] t=2.55/12.00s target_err=0.322136 max|dq|=0.023252
[FINAL_HOME] t=2.80/12.00s target_err=0.317846 max|dq|=0.030680
[FINAL_HOME] t=3.06/12.00s target_err=0.310092 max|dq|=0.049087
[FINAL_HOME] t=3.32/12.00s target_err=0.302686 max|dq|=0.030680
[FINAL_HOME] t=3.57/12.00s target_err=0.293506 max|dq|=0.049087
[FINAL_HOME] t=3.83/12.00s target_err=0.285213 max|dq|=0.067495
[FINAL_HOME] t=4.09/12.00s target_err=0.277507 max|dq|=0.055223
[FINAL_HOME] t=4.35/12.00s target_err=0.262407 max|dq|=0.038753
[FINAL_HOME] t=4.61/12.00s target_err=0.254617 max|dq|=0.042951
[FINAL_HOME] t=4.86/12.00s target_err=0.240799 max|dq|=0.055223
[FINAL_HOME] t=5.12/12.00s target_err=0.229917 max|dq|=0.036816
[FINAL_HOME] t=5.38/12.00s target_err=0.214158 max|dq|=0.067495
[FINAL_HOME] t=5.63/12.00s target_err=0.202246 max|dq|=0.067495
[FINAL_HOME] t=5.88/12.00s target_err=0.191077 max|dq|=0.023252
[FINAL_HOME] t=6.14/12.00s target_err=0.177582 max|dq|=0.049087
[FINAL_HOME] t=6.40/12.00s target_err=0.164244 max|dq|=0.038753
[FINAL_HOME] t=6.66/12.00s target_err=0.151097 max|dq|=0.054254
[FINAL_HOME] t=6.91/12.00s target_err=0.134966 max|dq|=0.055223
[FINAL_HOME] t=7.16/12.00s target_err=0.126721 max|dq|=0.042951
[FINAL_HOME] t=7.42/12.00s target_err=0.111861 max|dq|=0.098175
[FINAL_HOME] t=7.68/12.00s target_err=0.102070 max|dq|=0.076699
[FINAL_HOME] t=7.94/12.00s target_err=0.089211 max|dq|=0.046504
[FINAL_HOME] t=8.20/12.00s target_err=0.079947 max|dq|=0.038753
[FINAL_HOME] t=8.46/12.00s target_err=0.067855 max|dq|=0.030680
[FINAL_HOME] t=8.72/12.00s target_err=0.060113 max|dq|=0.024544
[FINAL_HOME] t=8.97/12.00s target_err=0.051748 max|dq|=0.036816
[FINAL_HOME] t=9.23/12.00s target_err=0.045169 max|dq|=0.046504
[FINAL_HOME] t=9.48/12.00s target_err=0.038721 max|dq|=0.015501
[FINAL_HOME] t=9.73/12.00s target_err=0.033652 max|dq|=0.030680
[FINAL_HOME] t=9.99/12.00s target_err=0.027534 max|dq|=0.023252
[FINAL_HOME] t=10.24/12.00s target_err=0.024508 max|dq|=0.024544
[FINAL_HOME] t=10.50/12.00s target_err=0.023705 max|dq|=0.024544
[FINAL_HOME] t=10.76/12.00s target_err=0.023381 max|dq|=0.015501
[FINAL_HOME] t=11.02/12.00s target_err=0.023189 max|dq|=0.027612
[FINAL_HOME] t=11.28/12.00s target_err=0.023142 max|dq|=0.024544
[FINAL_HOME] t=11.54/12.00s target_err=0.023070 max|dq|=0.023252
[FINAL_HOME] t=11.80/12.00s target_err=0.023022 max|dq|=0.018408
[FINAL_HOME_hold] max_err=0.023010 best=0.023010 stable=0.00/1.00
[FINAL_HOME_hold] max_err=0.022962 best=0.022962 stable=0.25/1.00
[FINAL_HOME_hold] max_err=0.022950 best=0.022938 stable=0.51/1.00
[FINAL_HOME_hold] max_err=0.022914 best=0.022914 stable=0.76/1.00
[FINAL_HOME_hold] max_err=0.022914 best=0.022902 stable=1.02/1.00
[FINAL_HOME_hold] max_err=0.022854 best=0.022854 stable=1.28/1.00
[FINAL_HOME_hold] max_err=0.022842 best=0.022830 stable=1.54/1.00
[FINAL_HOME_hold] max_err=0.022806 best=0.022806 stable=1.79/1.00
[FINAL_HOME_hold] max_err=0.022794 best=0.022782 stable=2.05/1.00
[FINAL_HOME_hold] max_err=0.022770 best=0.022746 stable=2.31/1.00
[FINAL_HOME_hold] max_err=0.022734 best=0.022734 stable=2.57/1.00
[FINAL_HOME_hold] max_err=0.022722 best=0.022722 stable=2.83/1.00
[FINAL_HOME_hold] max_err=0.022710 best=0.022710 stable=3.09/1.00
[FINAL_HOME_hold] max_err=0.022674 best=0.022674 stable=3.35/1.00
[FINAL_HOME_hold] max_err=0.022662 best=0.022662 stable=3.60/1.00
[FINAL_HOME_hold] max_err=0.022662 best=0.022650 stable=3.86/1.00
[FINAL_HOME_hold] max_err=0.022650 best=0.022638 stable=4.12/1.00
[FINAL_HOME_hold] max_err=0.022638 best=0.022614 stable=4.37/1.00
[FINAL_HOME_hold] max_err=0.022626 best=0.022614 stable=4.63/1.00
[FINAL_HOME_hold] max_err=0.022614 best=0.022590 stable=4.88/1.00

========================================================================================================
FINAL_HOME RESULT
========================================================================================================
MAX error      : 0.022626 rad (1.296 deg)
Worst          : right_wrist_pitch
Best hold error: 0.022590 rad
Stable reached : True
Final max |dq| : 0.018408 rad/s

left_shoulder_pitch          target=-0.094586 final=-0.074812 error=+0.019774
left_shoulder_roll           target=-0.005776 final=+0.004476 error=+0.010253
left_shoulder_yaw            target=+0.183094 final=+0.187847 error=+0.004753
left_elbow                   target=+1.197247 final=+1.196323 error=-0.000924
left_wrist_roll              target=-0.080065 final=-0.079535 error=+0.000530
left_wrist_pitch             target=-0.892441 final=-0.904629 error=-0.012188
left_wrist_yaw               target=-0.177546 final=-0.177235 error=+0.000312
right_shoulder_pitch         target=-0.161583 final=-0.143176 error=+0.018408
right_shoulder_roll          target=+0.034586 final=+0.033130 error=-0.001456
right_shoulder_yaw           target=-0.180944 final=-0.180233 error=+0.000712
right_elbow                  target=+1.037027 final=+1.033787 error=-0.003240
right_wrist_roll             target=+0.003240 final=+0.002392 error=-0.000848
right_wrist_pitch            target=-0.529775 final=-0.552401 error=-0.022626
right_wrist_yaw              target=+0.114893 final=+0.114162 error=-0.000731

FINAL_HOME = PASS
AUTO_HOME_READY = PASS
========================================================================================================
LowCmd gains released.
