
========================================================================================================
R1-A7 AUTO-HOME V2.1 ADAPTIVE RECOVERY PRE-FLIGHT
========================================================================================================
Lowstate age             : 0.000481s [PASS]
Max initial |dq|         : 0.015340 rad/s [PASS]
Current joint limits     : PASS
HOME joint limits        : PASS
MotionSwitcher           : PASS
  status                 : 0
  result                 : {'form': '0', 'name': ''}

Global HOME error        : 0.356663 rad
Wrist HOME error         : 0.356663 rad (left_wrist_pitch)
Arm HOME error           : 0.289771 rad (right_shoulder_yaw)
Direct HOME threshold    : 0.350000 rad
Recovery mode            : ADAPTIVE RECOVERY

Wrist stage delta        : 0.150000 rad
Arm stage delta          : 0.200000 rad
Recovery threshold       : 0.050000 rad
Nominal wrist iterations : 3 / max 12
Nominal arm iterations   : 2 / max 6
Iteration budget         : PASS

First-step trajectory preview:
  WRIST_ITER_01      duration= 5.50s max_delta=0.150000 peak_v=0.051136 peak_a=0.028629 max_step=0.000511
  ARM_ITER_01        duration= 7.00s max_delta=0.200000 peak_v=0.053571 peak_a=0.023565 max_step=0.000536
First-step checks        : PASS

Arm gains:
  shoulder pitch         : kp=100.0, kd=3.5
  shoulder roll/yaw/elbow: kp=80.0, kd=3.0
  wrist pitch            : kp=65.0, kd=2.0
  wrist roll/yaw         : kp=40.0, kd=1.5

PRE_FLIGHT = PASS
ROBOT_COMMAND_PUBLISHED = FALSE
========================================================================================================

========================================================================================================
REAL ROBOT AUTO-HOME V2.1 ARMED
========================================================================================================
Initial global HOME error : 0.356663 rad
Mode                      : ADAPTIVE RECOVERY
LowCmd will remain active until completion or abort.

Type RECOVER HOME V2.1 exactly to continue.
> 
Starting in 3 seconds...
3
2
1

========================================================================================================
LOWCMD ZERO-DISPLACEMENT TAKEOVER TEST
========================================================================================================
Takeover max drift : 0.000348 rad
Final max |dq|     : 0.015501 rad/s
TAKEOVER_TEST = PASS
========================================================================================================

POST-TAKEOVER V2.1 DECISION
Global HOME error : 0.356651 rad
Mode              : ADAPTIVE RECOVERY

========================================================================================================
ADAPTIVE WRIST RECOVERY
========================================================================================================
Stage delta       : 0.150000 rad
HOME threshold    : 0.050000 rad
Max iterations    : 12
Min progress      : 0.005000 rad
Max stall count   : 2

WRIST_ITER_01 BEFORE: HOME error=0.356651 rad (left_wrist_pitch)
WRIST_ITER_01 TARGET: step=0.150000 rad (left_wrist_pitch), nominal remaining=0.206651 rad (left_wrist_pitch)

========================================================================================================
TRAJECTORY START: WRIST_ITER_01
========================================================================================================
Duration       : 5.500s
Max joint delta: 0.150000 rad
Peak velocity  : 0.051136 rad/s
Peak accel     : 0.028629 rad/s^2
[WRIST_ITER_01] t=0.00/5.50s target_err=0.150000 max|dq|=0.015501
[WRIST_ITER_01] t=0.25/5.50s target_err=0.149976 max|dq|=0.021476
[WRIST_ITER_01] t=0.51/5.50s target_err=0.149868 max|dq|=0.015340
[WRIST_ITER_01] t=0.76/5.50s target_err=0.149365 max|dq|=0.009204
[WRIST_ITER_01] t=1.02/5.50s target_err=0.148094 max|dq|=0.036816
[WRIST_ITER_01] t=1.27/5.50s target_err=0.146165 max|dq|=0.033748
[WRIST_ITER_01] t=1.53/5.50s target_err=0.142534 max|dq|=0.012272
[WRIST_ITER_01] t=1.79/5.50s target_err=0.138795 max|dq|=0.018408
[WRIST_ITER_01] t=2.04/5.50s target_err=0.133845 max|dq|=0.085257
[WRIST_ITER_01] t=2.29/5.50s target_err=0.124282 max|dq|=0.038753
[WRIST_ITER_01] t=2.55/5.50s target_err=0.116588 max|dq|=0.036816
[WRIST_ITER_01] t=2.81/5.50s target_err=0.108331 max|dq|=0.036816
[WRIST_ITER_01] t=3.07/5.50s target_err=0.099450 max|dq|=0.055223
[WRIST_ITER_01] t=3.33/5.50s target_err=0.090822 max|dq|=0.092039
[WRIST_ITER_01] t=3.58/5.50s target_err=0.083080 max|dq|=0.046504
[WRIST_ITER_01] t=3.84/5.50s target_err=0.076680 max|dq|=0.061359
[WRIST_ITER_01] t=4.09/5.50s target_err=0.073828 max|dq|=0.018408
[WRIST_ITER_01] t=4.35/5.50s target_err=0.069454 max|dq|=0.062005
[WRIST_ITER_01] t=4.61/5.50s target_err=0.064816 max|dq|=0.046504
[WRIST_ITER_01] t=4.87/5.50s target_err=0.063546 max|dq|=0.018408
[WRIST_ITER_01] t=5.13/5.50s target_err=0.063198 max|dq|=0.018408
[WRIST_ITER_01] t=5.38/5.50s target_err=0.062899 max|dq|=0.012272
[WRIST_ITER_01_hold] active_home=0.269417 active_target=0.062767 inactive_hold=0.030957 stable=0.00/0.50
[WRIST_ITER_01_hold] active_home=0.269178 active_target=0.062527 inactive_hold=0.031048 stable=0.00/0.50
[WRIST_ITER_01_hold] active_home=0.269022 active_target=0.062371 inactive_hold=0.031063 stable=0.00/0.50
[WRIST_ITER_01_hold] active_home=0.268842 active_target=0.062192 inactive_hold=0.031078 stable=0.00/0.50
[WRIST_ITER_01_hold] active_home=0.268686 active_target=0.062036 inactive_hold=0.031108 stable=0.00/0.50
[WRIST_ITER_01_hold] active_home=0.268411 active_target=0.061760 inactive_hold=0.031184 stable=0.00/0.50
[WRIST_ITER_01_hold] active_home=0.268123 active_target=0.061473 inactive_hold=0.031290 stable=0.00/0.50
[WRIST_ITER_01_hold] active_home=0.267931 active_target=0.061281 inactive_hold=0.031366 stable=0.00/0.50

WRIST_ITER_01 RESULT
  HOME error before : 0.356651 rad
  HOME error after  : 0.267776 rad (left_wrist_pitch, -0.267776)
  Progress          : +0.088875 rad
  Micro-target err  : 0.061125 rad (left_wrist_pitch)
  Inactive hold err : 0.031366 rad (left_elbow)
  Stable at HOME    : False
  Final max |dq|    : 0.012272 rad/s
  Wrist stall count : 0/2 (min progress 0.005000 rad)
WRIST_ITER_01 = CONTINUE

WRIST_ITER_02 BEFORE: HOME error=0.267776 rad (left_wrist_pitch)
WRIST_ITER_02 TARGET: step=0.150000 rad (left_wrist_pitch), nominal remaining=0.117776 rad (left_wrist_pitch)

========================================================================================================
TRAJECTORY START: WRIST_ITER_02
========================================================================================================
Duration       : 5.500s
Max joint delta: 0.150000 rad
Peak velocity  : 0.051136 rad/s
Peak accel     : 0.028629 rad/s^2
[WRIST_ITER_02] t=0.00/5.50s target_err=0.150024 max|dq|=0.007751
[WRIST_ITER_02] t=0.25/5.50s target_err=0.161613 max|dq|=0.012272
[WRIST_ITER_02] t=0.51/5.50s target_err=0.161613 max|dq|=0.015340
[WRIST_ITER_02] t=0.76/5.50s target_err=0.161493 max|dq|=0.012272
[WRIST_ITER_02] t=1.01/5.50s target_err=0.161002 max|dq|=0.012272
[WRIST_ITER_02] t=1.27/5.50s target_err=0.159492 max|dq|=0.015501
[WRIST_ITER_02] t=1.53/5.50s target_err=0.156424 max|dq|=0.024544
[WRIST_ITER_02] t=1.79/5.50s target_err=0.150072 max|dq|=0.030680
[WRIST_ITER_02] t=2.05/5.50s target_err=0.145973 max|dq|=0.030680
[WRIST_ITER_02] t=2.30/5.50s target_err=0.140808 max|dq|=0.042951
[WRIST_ITER_02] t=2.55/5.50s target_err=0.134385 max|dq|=0.073631
[WRIST_ITER_02] t=2.81/5.50s target_err=0.124306 max|dq|=0.042951
[WRIST_ITER_02] t=3.07/5.50s target_err=0.119680 max|dq|=0.012272
[WRIST_ITER_02] t=3.33/5.50s target_err=0.118230 max|dq|=0.024544
[WRIST_ITER_02] t=3.58/5.50s target_err=0.117834 max|dq|=0.012272
[WRIST_ITER_02] t=3.83/5.50s target_err=0.117595 max|dq|=0.012272
[WRIST_ITER_02] t=4.09/5.50s target_err=0.117415 max|dq|=0.018408
[WRIST_ITER_02] t=4.34/5.50s target_err=0.117247 max|dq|=0.018408
[WRIST_ITER_02] t=4.59/5.50s target_err=0.117127 max|dq|=0.012272
[WRIST_ITER_02] t=4.85/5.50s target_err=0.116983 max|dq|=0.012272
[WRIST_ITER_02] t=5.11/5.50s target_err=0.116852 max|dq|=0.015501
[WRIST_ITER_02] t=5.36/5.50s target_err=0.116720 max|dq|=0.009204
[WRIST_ITER_02_hold] active_home=0.234411 active_target=0.116636 inactive_hold=0.027445 stable=0.00/0.50
[WRIST_ITER_02_hold] active_home=0.234316 active_target=0.116540 inactive_hold=0.027475 stable=0.00/0.50
[WRIST_ITER_02_hold] active_home=0.234184 active_target=0.116408 inactive_hold=0.027536 stable=0.00/0.50
[WRIST_ITER_02_hold] active_home=0.234028 active_target=0.116252 inactive_hold=0.027627 stable=0.00/0.50
[WRIST_ITER_02_hold] active_home=0.233860 active_target=0.116085 inactive_hold=0.027748 stable=0.00/0.50
[WRIST_ITER_02_hold] active_home=0.233704 active_target=0.115929 inactive_hold=0.027778 stable=0.00/0.50
[WRIST_ITER_02_hold] active_home=0.233501 active_target=0.115725 inactive_hold=0.027884 stable=0.00/0.50
[WRIST_ITER_02_hold] active_home=0.233285 active_target=0.115509 inactive_hold=0.028036 stable=0.00/0.50

WRIST_ITER_02 RESULT
  HOME error before : 0.267776 rad
  HOME error after  : 0.233117 rad (left_wrist_pitch, -0.233117)
  Progress          : +0.034658 rad
  Micro-target err  : 0.115342 rad (left_wrist_pitch)
  Inactive hold err : 0.028126 rad (left_elbow)
  Stable at HOME    : False
  Final max |dq|    : 0.030680 rad/s
  Wrist stall count : 0/2 (min progress 0.005000 rad)
WRIST_ITER_02 = CONTINUE

WRIST_ITER_03 BEFORE: HOME error=0.233117 rad (left_wrist_pitch)
WRIST_ITER_03 TARGET: step=0.150000 rad (left_wrist_pitch), nominal remaining=0.083117 rad (left_wrist_pitch)

========================================================================================================
TRAJECTORY START: WRIST_ITER_03
========================================================================================================
Duration       : 5.500s
Max joint delta: 0.150000 rad
Peak velocity  : 0.051136 rad/s
Peak accel     : 0.028629 rad/s^2
[WRIST_ITER_03] t=0.00/5.50s target_err=0.150000 max|dq|=0.030680
[WRIST_ITER_03] t=0.25/5.50s target_err=0.161049 max|dq|=0.018408
[WRIST_ITER_03] t=0.51/5.50s target_err=0.160990 max|dq|=0.006136
[WRIST_ITER_03] t=0.76/5.50s target_err=0.160906 max|dq|=0.018408
[WRIST_ITER_03] t=1.01/5.50s target_err=0.160498 max|dq|=0.036816
[WRIST_ITER_03] t=1.27/5.50s target_err=0.159252 max|dq|=0.030680
[WRIST_ITER_03] t=1.53/5.50s target_err=0.156256 max|dq|=0.031003
[WRIST_ITER_03] t=1.79/5.50s target_err=0.152265 max|dq|=0.015501
[WRIST_ITER_03] t=2.05/5.50s target_err=0.147783 max|dq|=0.023252
[WRIST_ITER_03] t=2.30/5.50s target_err=0.139777 max|dq|=0.012272
[WRIST_ITER_03] t=2.56/5.50s target_err=0.134852 max|dq|=0.036816
[WRIST_ITER_03] t=2.82/5.50s target_err=0.128476 max|dq|=0.012272
[WRIST_ITER_03] t=3.08/5.50s target_err=0.123035 max|dq|=0.042951
[WRIST_ITER_03] t=3.34/5.50s target_err=0.118673 max|dq|=0.018408
[WRIST_ITER_03] t=3.59/5.50s target_err=0.112621 max|dq|=0.012272
[WRIST_ITER_03] t=3.84/5.50s target_err=0.108954 max|dq|=0.007751
[WRIST_ITER_03] t=4.10/5.50s target_err=0.108271 max|dq|=0.006136
[WRIST_ITER_03] t=4.35/5.50s target_err=0.107803 max|dq|=0.018408
[WRIST_ITER_03] t=4.60/5.50s target_err=0.107480 max|dq|=0.030680
[WRIST_ITER_03] t=4.86/5.50s target_err=0.107288 max|dq|=0.024544
[WRIST_ITER_03] t=5.11/5.50s target_err=0.107120 max|dq|=0.007751
[WRIST_ITER_03] t=5.37/5.50s target_err=0.106965 max|dq|=0.018408
[WRIST_ITER_03_hold] active_home=0.189998 active_target=0.106881 inactive_hold=0.029019 stable=0.00/0.50
[WRIST_ITER_03_hold] active_home=0.189806 active_target=0.106689 inactive_hold=0.029110 stable=0.00/0.50
[WRIST_ITER_03_hold] active_home=0.189674 active_target=0.106557 inactive_hold=0.029186 stable=0.00/0.50
[WRIST_ITER_03_hold] active_home=0.189423 active_target=0.106306 inactive_hold=0.029368 stable=0.00/0.50
[WRIST_ITER_03_hold] active_home=0.189231 active_target=0.106114 inactive_hold=0.029489 stable=0.00/0.50
[WRIST_ITER_03_hold] active_home=0.189003 active_target=0.105886 inactive_hold=0.029655 stable=0.00/0.50
[WRIST_ITER_03_hold] active_home=0.188823 active_target=0.105706 inactive_hold=0.029731 stable=0.00/0.50
[WRIST_ITER_03_hold] active_home=0.188644 active_target=0.105526 inactive_hold=0.029852 stable=0.00/0.50

WRIST_ITER_03 RESULT
  HOME error before : 0.233117 rad
  HOME error after  : 0.188452 rad (left_wrist_pitch, -0.188452)
  Progress          : +0.044665 rad
  Micro-target err  : 0.105335 rad (left_wrist_pitch)
  Inactive hold err : 0.030003 rad (left_elbow)
  Stable at HOME    : False
  Final max |dq|    : 0.012272 rad/s
  Wrist stall count : 0/2 (min progress 0.005000 rad)
WRIST_ITER_03 = CONTINUE

WRIST_ITER_04 BEFORE: HOME error=0.188452 rad (left_wrist_pitch)
WRIST_ITER_04 TARGET: step=0.150000 rad (left_wrist_pitch), nominal remaining=0.038452 rad (left_wrist_pitch)

========================================================================================================
TRAJECTORY START: WRIST_ITER_04
========================================================================================================
Duration       : 5.500s
Max joint delta: 0.150000 rad
Peak velocity  : 0.051136 rad/s
Peak accel     : 0.028629 rad/s^2
[WRIST_ITER_04] t=0.00/5.50s target_err=0.150000 max|dq|=0.009204
[WRIST_ITER_04] t=0.25/5.50s target_err=0.160810 max|dq|=0.015501
[WRIST_ITER_04] t=0.51/5.50s target_err=0.160810 max|dq|=0.024544
[WRIST_ITER_04] t=0.77/5.50s target_err=0.160666 max|dq|=0.012272
[WRIST_ITER_04] t=1.03/5.50s target_err=0.160043 max|dq|=0.015340
[WRIST_ITER_04] t=1.29/5.50s target_err=0.158209 max|dq|=0.024544
[WRIST_ITER_04] t=1.54/5.50s target_err=0.155501 max|dq|=0.023252
[WRIST_ITER_04] t=1.80/5.50s target_err=0.152936 max|dq|=0.018408
[WRIST_ITER_04] t=2.05/5.50s target_err=0.148850 max|dq|=0.036816
[WRIST_ITER_04] t=2.30/5.50s target_err=0.142546 max|dq|=0.042951
[WRIST_ITER_04] t=2.56/5.50s target_err=0.138543 max|dq|=0.018408
[WRIST_ITER_04] t=2.81/5.50s target_err=0.131281 max|dq|=0.031003
[WRIST_ITER_04] t=3.07/5.50s target_err=0.122844 max|dq|=0.049087
[WRIST_ITER_04] t=3.32/5.50s target_err=0.114862 max|dq|=0.036816
[WRIST_ITER_04] t=3.58/5.50s target_err=0.111207 max|dq|=0.030680
[WRIST_ITER_04] t=3.84/5.50s target_err=0.108750 max|dq|=0.012272
[WRIST_ITER_04] t=4.09/5.50s target_err=0.108067 max|dq|=0.012272
[WRIST_ITER_04] t=4.35/5.50s target_err=0.107768 max|dq|=0.018408
[WRIST_ITER_04] t=4.61/5.50s target_err=0.107540 max|dq|=0.015501
[WRIST_ITER_04] t=4.87/5.50s target_err=0.107180 max|dq|=0.018408
[WRIST_ITER_04] t=5.13/5.50s target_err=0.107001 max|dq|=0.018408
[WRIST_ITER_04] t=5.38/5.50s target_err=0.106797 max|dq|=0.018408
[WRIST_ITER_04_hold] active_home=0.145153 active_target=0.106701 inactive_hold=0.032365 stable=0.00/0.50
[WRIST_ITER_04_hold] active_home=0.144949 active_target=0.106497 inactive_hold=0.032395 stable=0.00/0.50
[WRIST_ITER_04_hold] active_home=0.144769 active_target=0.106317 inactive_hold=0.032426 stable=0.00/0.50
[WRIST_ITER_04_hold] active_home=0.144554 active_target=0.106102 inactive_hold=0.032471 stable=0.00/0.50
[WRIST_ITER_04_hold] active_home=0.144314 active_target=0.105862 inactive_hold=0.032592 stable=0.00/0.50
[WRIST_ITER_04_hold] active_home=0.143991 active_target=0.105539 inactive_hold=0.032713 stable=0.00/0.50
[WRIST_ITER_04_hold] active_home=0.143751 active_target=0.105299 inactive_hold=0.032849 stable=0.00/0.50
[WRIST_ITER_04_hold] active_home=0.143307 active_target=0.104855 inactive_hold=0.033046 stable=0.00/0.50

WRIST_ITER_04 RESULT
  HOME error before : 0.188452 rad
  HOME error after  : 0.142960 rad (left_wrist_pitch, -0.142960)
  Progress          : +0.045492 rad
  Micro-target err  : 0.104508 rad (left_wrist_pitch)
  Inactive hold err : 0.033198 rad (left_elbow)
  Stable at HOME    : False
  Final max |dq|    : 0.007751 rad/s
  Wrist stall count : 0/2 (min progress 0.005000 rad)
WRIST_ITER_04 = CONTINUE

WRIST_ITER_05 BEFORE: HOME error=0.142960 rad (left_wrist_pitch)
WRIST_ITER_05 TARGET: step=0.142960 rad (left_wrist_pitch), nominal remaining=0.000000 rad (left_wrist_roll)

========================================================================================================
TRAJECTORY START: WRIST_ITER_05
========================================================================================================
Duration       : 5.000s
Max joint delta: 0.142960 rad
Peak velocity  : 0.053610 rad/s
Peak accel     : 0.033015 rad/s^2
[WRIST_ITER_05] t=0.00/5.00s target_err=0.142960 max|dq|=0.007751
[WRIST_ITER_05] t=0.25/5.00s target_err=0.155304 max|dq|=0.007751
[WRIST_ITER_05] t=0.50/5.00s target_err=0.155292 max|dq|=0.012272
[WRIST_ITER_05] t=0.76/5.00s target_err=0.155160 max|dq|=0.007751
[WRIST_ITER_05] t=1.02/5.00s target_err=0.154225 max|dq|=0.023252
[WRIST_ITER_05] t=1.28/5.00s target_err=0.151804 max|dq|=0.018408
[WRIST_ITER_05] t=1.53/5.00s target_err=0.148569 max|dq|=0.015501
[WRIST_ITER_05] t=1.79/5.00s target_err=0.144338 max|dq|=0.031003
[WRIST_ITER_05] t=2.05/5.00s target_err=0.136381 max|dq|=0.030680
[WRIST_ITER_05] t=2.31/5.00s target_err=0.130041 max|dq|=0.030680
[WRIST_ITER_05] t=2.56/5.00s target_err=0.122575 max|dq|=0.036816
[WRIST_ITER_05] t=2.81/5.00s target_err=0.115324 max|dq|=0.030680
[WRIST_ITER_05] t=3.06/5.00s target_err=0.112724 max|dq|=0.012272
[WRIST_ITER_05] t=3.32/5.00s target_err=0.111166 max|dq|=0.018408
[WRIST_ITER_05] t=3.57/5.00s target_err=0.108505 max|dq|=0.012272
[WRIST_ITER_05] t=3.83/5.00s target_err=0.107115 max|dq|=0.024544
[WRIST_ITER_05] t=4.08/5.00s target_err=0.106420 max|dq|=0.012272
[WRIST_ITER_05] t=4.34/5.00s target_err=0.105869 max|dq|=0.030680
[WRIST_ITER_05] t=4.59/5.00s target_err=0.105461 max|dq|=0.015501
[WRIST_ITER_05] t=4.84/5.00s target_err=0.104994 max|dq|=0.018408
[WRIST_ITER_05_hold] active_home=0.104730 active_target=0.104730 inactive_hold=0.030109 stable=0.00/0.50
[WRIST_ITER_05_hold] active_home=0.103951 active_target=0.103951 inactive_hold=0.030064 stable=0.00/0.50
[WRIST_ITER_05_hold] active_home=0.103496 active_target=0.103496 inactive_hold=0.030064 stable=0.00/0.50
[WRIST_ITER_05_hold] active_home=0.103100 active_target=0.103100 inactive_hold=0.030064 stable=0.00/0.50
[WRIST_ITER_05_hold] active_home=0.102645 active_target=0.102645 inactive_hold=0.030094 stable=0.00/0.50
[WRIST_ITER_05_hold] active_home=0.102237 active_target=0.102237 inactive_hold=0.030109 stable=0.00/0.50
[WRIST_ITER_05_hold] active_home=0.101794 active_target=0.101794 inactive_hold=0.030124 stable=0.00/0.50
[WRIST_ITER_05_hold] active_home=0.101470 active_target=0.101470 inactive_hold=0.030170 stable=0.00/0.50

WRIST_ITER_05 RESULT
  HOME error before : 0.142960 rad
  HOME error after  : 0.101183 rad (left_wrist_pitch, -0.101183)
  Progress          : +0.041777 rad
  Micro-target err  : 0.101183 rad (left_wrist_pitch)
  Inactive hold err : 0.030261 rad (left_elbow)
  Stable at HOME    : False
  Final max |dq|    : 0.012272 rad/s
  Wrist stall count : 0/2 (min progress 0.005000 rad)
WRIST_ITER_05 = CONTINUE

WRIST_ITER_06 BEFORE: HOME error=0.101183 rad (left_wrist_pitch)
WRIST_ITER_06 TARGET: step=0.101183 rad (left_wrist_pitch), nominal remaining=0.000000 rad (left_wrist_roll)

========================================================================================================
TRAJECTORY START: WRIST_ITER_06
========================================================================================================
Duration       : 5.000s
Max joint delta: 0.101183 rad
Peak velocity  : 0.037944 rad/s
Peak accel     : 0.023367 rad/s^2
[WRIST_ITER_06] t=0.00/5.00s target_err=0.101195 max|dq|=0.018408
[WRIST_ITER_06] t=0.25/5.00s target_err=0.113383 max|dq|=0.012272
[WRIST_ITER_06] t=0.51/5.00s target_err=0.113371 max|dq|=0.024544
[WRIST_ITER_06] t=0.76/5.00s target_err=0.113311 max|dq|=0.009204
[WRIST_ITER_06] t=1.02/5.00s target_err=0.112975 max|dq|=0.012272
[WRIST_ITER_06] t=1.28/5.00s target_err=0.111933 max|dq|=0.012272
[WRIST_ITER_06] t=1.53/5.00s target_err=0.109476 max|dq|=0.024544
[WRIST_ITER_06] t=1.79/5.00s target_err=0.106204 max|dq|=0.018408
[WRIST_ITER_06] t=2.04/5.00s target_err=0.103580 max|dq|=0.024544
[WRIST_ITER_06] t=2.29/5.00s target_err=0.099241 max|dq|=0.042951
[WRIST_ITER_06] t=2.55/5.00s target_err=0.092494 max|dq|=0.031003
[WRIST_ITER_06] t=2.80/5.00s target_err=0.087449 max|dq|=0.018408
[WRIST_ITER_06] t=3.05/5.00s target_err=0.083051 max|dq|=0.023252
[WRIST_ITER_06] t=3.30/5.00s target_err=0.078581 max|dq|=0.018408
[WRIST_ITER_06] t=3.56/5.00s target_err=0.071162 max|dq|=0.007751
[WRIST_ITER_06] t=3.82/5.00s target_err=0.066321 max|dq|=0.030680
[WRIST_ITER_06] t=4.08/5.00s target_err=0.062689 max|dq|=0.042951
[WRIST_ITER_06] t=4.34/5.00s target_err=0.061263 max|dq|=0.027612
[WRIST_ITER_06] t=4.60/5.00s target_err=0.060760 max|dq|=0.015340
[WRIST_ITER_06] t=4.85/5.00s target_err=0.060508 max|dq|=0.012272
[WRIST_ITER_06_hold] active_home=0.060377 active_target=0.060377 inactive_hold=0.029746 stable=0.00/0.50
[WRIST_ITER_06_hold] active_home=0.060173 active_target=0.060173 inactive_hold=0.029746 stable=0.00/0.50
[WRIST_ITER_06_hold] active_home=0.060017 active_target=0.060017 inactive_hold=0.029731 stable=0.00/0.50
[WRIST_ITER_06_hold] active_home=0.059945 active_target=0.059945 inactive_hold=0.029761 stable=0.00/0.50
[WRIST_ITER_06_hold] active_home=0.059861 active_target=0.059861 inactive_hold=0.029746 stable=0.00/0.50
[WRIST_ITER_06_hold] active_home=0.059813 active_target=0.059813 inactive_hold=0.029746 stable=0.00/0.50
[WRIST_ITER_06_hold] active_home=0.059741 active_target=0.059741 inactive_hold=0.029761 stable=0.00/0.50
[WRIST_ITER_06_hold] active_home=0.059693 active_target=0.059693 inactive_hold=0.029761 stable=0.00/0.50

WRIST_ITER_06 RESULT
  HOME error before : 0.101183 rad
  HOME error after  : 0.059658 rad (left_wrist_pitch, -0.059658)
  Progress          : +0.041525 rad
  Micro-target err  : 0.059658 rad (left_wrist_pitch)
  Inactive hold err : 0.029761 rad (left_elbow)
  Stable at HOME    : False
  Final max |dq|    : 0.007751 rad/s
  Wrist stall count : 0/2 (min progress 0.005000 rad)
WRIST_ITER_06 = CONTINUE

WRIST_ITER_07 BEFORE: HOME error=0.059658 rad (left_wrist_pitch)
WRIST_ITER_07 TARGET: step=0.059658 rad (left_wrist_pitch), nominal remaining=0.000000 rad (left_wrist_roll)

========================================================================================================
TRAJECTORY START: WRIST_ITER_07
========================================================================================================
Duration       : 5.000s
Max joint delta: 0.059658 rad
Peak velocity  : 0.022372 rad/s
Peak accel     : 0.013777 rad/s^2
[WRIST_ITER_07] t=0.00/5.00s target_err=0.059658 max|dq|=0.007751
[WRIST_ITER_07] t=0.25/5.00s target_err=0.071582 max|dq|=0.018408
[WRIST_ITER_07] t=0.50/5.00s target_err=0.071570 max|dq|=0.015501
[WRIST_ITER_07] t=0.75/5.00s target_err=0.071558 max|dq|=0.007751
[WRIST_ITER_07] t=1.01/5.00s target_err=0.071438 max|dq|=0.018408
[WRIST_ITER_07] t=1.26/5.00s target_err=0.071043 max|dq|=0.018408
[WRIST_ITER_07] t=1.52/5.00s target_err=0.069832 max|dq|=0.018408
[WRIST_ITER_07] t=1.77/5.00s target_err=0.067399 max|dq|=0.024544
[WRIST_ITER_07] t=2.03/5.00s target_err=0.065206 max|dq|=0.024544
[WRIST_ITER_07] t=2.28/5.00s target_err=0.062318 max|dq|=0.018408
[WRIST_ITER_07] t=2.53/5.00s target_err=0.060688 max|dq|=0.012272
[WRIST_ITER_07] t=2.79/5.00s target_err=0.058615 max|dq|=0.018408
[WRIST_ITER_07] t=3.05/5.00s target_err=0.054708 max|dq|=0.042951
[WRIST_ITER_07] t=3.30/5.00s target_err=0.051940 max|dq|=0.024544
[WRIST_ITER_07] t=3.56/5.00s target_err=0.049842 max|dq|=0.021476
[WRIST_ITER_07] t=3.82/5.00s target_err=0.047925 max|dq|=0.018408
[WRIST_ITER_07] t=4.07/5.00s target_err=0.046870 max|dq|=0.007751
[WRIST_ITER_07] t=4.33/5.00s target_err=0.046199 max|dq|=0.012272
[WRIST_ITER_07] t=4.58/5.00s target_err=0.045600 max|dq|=0.015340
[WRIST_ITER_07] t=4.84/5.00s target_err=0.045252 max|dq|=0.018408
[WRIST_ITER_07_hold] active_home=0.045109 active_target=0.045109 inactive_hold=0.020936 stable=0.00/0.50
[WRIST_ITER_07_hold] active_home=0.044929 active_target=0.044929 inactive_hold=0.020966 stable=0.25/0.50
[WRIST_ITER_07_hold] active_home=0.044809 active_target=0.044809 inactive_hold=0.021011 stable=0.51/0.50
[WRIST_ITER_07_hold] active_home=0.044689 active_target=0.044689 inactive_hold=0.021042 stable=0.77/0.50
[WRIST_ITER_07_hold] active_home=0.044545 active_target=0.044545 inactive_hold=0.021087 stable=1.02/0.50
[WRIST_ITER_07_hold] active_home=0.044461 active_target=0.044461 inactive_hold=0.021087 stable=1.28/0.50
[WRIST_ITER_07_hold] active_home=0.044378 active_target=0.044378 inactive_hold=0.021117 stable=1.53/0.50
[WRIST_ITER_07_hold] active_home=0.044318 active_target=0.044318 inactive_hold=0.021133 stable=1.78/0.50

WRIST_ITER_07 RESULT
  HOME error before : 0.059658 rad
  HOME error after  : 0.044270 rad (left_wrist_pitch, -0.044270)
  Progress          : +0.015388 rad
  Micro-target err  : 0.044270 rad (left_wrist_pitch)
  Inactive hold err : 0.021163 rad (left_elbow)
  Stable at HOME    : True
  Final max |dq|    : 0.009204 rad/s
WRIST_READY = PASS
========================================================================================================

========================================================================================================
ADAPTIVE ARM RECOVERY
========================================================================================================
Stage delta       : 0.200000 rad
HOME threshold    : 0.050000 rad
Max iterations    : 6

ARM_ITER_01 BEFORE: HOME error=0.290452 rad (right_shoulder_yaw)
ARM_ITER_01 TARGET: step=0.200000 rad (right_shoulder_yaw), nominal remaining=0.090452 rad (right_shoulder_yaw)

========================================================================================================
TRAJECTORY START: ARM_ITER_01
========================================================================================================
Duration       : 7.000s
Max joint delta: 0.200000 rad
Peak velocity  : 0.053571 rad/s
Peak accel     : 0.023565 rad/s^2
[ARM_ITER_01] t=0.00/7.00s target_err=0.200000 max|dq|=0.024544
[ARM_ITER_01] t=0.25/7.00s target_err=0.200030 max|dq|=0.015501
[ARM_ITER_01] t=0.50/7.00s target_err=0.199985 max|dq|=0.009204
[ARM_ITER_01] t=0.76/7.00s target_err=0.199667 max|dq|=0.007751
[ARM_ITER_01] t=1.02/7.00s target_err=0.198501 max|dq|=0.018408
[ARM_ITER_01] t=1.28/7.00s target_err=0.195580 max|dq|=0.006136
[ARM_ITER_01] t=1.53/7.00s target_err=0.191568 max|dq|=0.018408
[ARM_ITER_01] t=1.78/7.00s target_err=0.184332 max|dq|=0.031003
[ARM_ITER_01] t=2.04/7.00s target_err=0.177944 max|dq|=0.030680
[ARM_ITER_01] t=2.29/7.00s target_err=0.171147 max|dq|=0.031003
[ARM_ITER_01] t=2.54/7.00s target_err=0.158098 max|dq|=0.038753
[ARM_ITER_01] t=2.80/7.00s target_err=0.146941 max|dq|=0.038753
[ARM_ITER_01] t=3.05/7.00s target_err=0.136617 max|dq|=0.046504
[ARM_ITER_01] t=3.30/7.00s target_err=0.123387 max|dq|=0.073631
[ARM_ITER_01] t=3.56/7.00s target_err=0.108249 max|dq|=0.046504
[ARM_ITER_01] t=3.81/7.00s target_err=0.096668 max|dq|=0.061359
[ARM_ITER_01] t=4.07/7.00s target_err=0.082726 max|dq|=0.038753
[ARM_ITER_01] t=4.33/7.00s target_err=0.073114 max|dq|=0.110447
[ARM_ITER_01] t=4.59/7.00s target_err=0.055387 max|dq|=0.077506
[ARM_ITER_01] t=4.85/7.00s target_err=0.048454 max|dq|=0.031003
[ARM_ITER_01] t=5.10/7.00s target_err=0.039265 max|dq|=0.054254
[ARM_ITER_01] t=5.36/7.00s target_err=0.031620 max|dq|=0.023252
[ARM_ITER_01] t=5.61/7.00s target_err=0.029349 max|dq|=0.015501
[ARM_ITER_01] t=5.86/7.00s target_err=0.026773 max|dq|=0.054254
[ARM_ITER_01] t=6.12/7.00s target_err=0.021811 max|dq|=0.018408
[ARM_ITER_01] t=6.37/7.00s target_err=0.021733 max|dq|=0.009204
[ARM_ITER_01] t=6.62/7.00s target_err=0.021685 max|dq|=0.012272
[ARM_ITER_01] t=6.87/7.00s target_err=0.021650 max|dq|=0.024544
[ARM_ITER_01_hold] active_home=0.100062 active_target=0.021644 inactive_hold=0.012655 stable=0.00/0.50
[ARM_ITER_01_hold] active_home=0.099986 active_target=0.021632 inactive_hold=0.012655 stable=0.00/0.50
[ARM_ITER_01_hold] active_home=0.099684 active_target=0.021650 inactive_hold=0.012691 stable=0.00/0.50
[ARM_ITER_01_hold] active_home=0.099593 active_target=0.021644 inactive_hold=0.012667 stable=0.00/0.50
[ARM_ITER_01_hold] active_home=0.099547 active_target=0.021638 inactive_hold=0.012655 stable=0.00/0.50
[ARM_ITER_01_hold] active_home=0.099517 active_target=0.021638 inactive_hold=0.012655 stable=0.00/0.50
[ARM_ITER_01_hold] active_home=0.099517 active_target=0.021632 inactive_hold=0.012667 stable=0.00/0.50
[ARM_ITER_01_hold] active_home=0.099502 active_target=0.021638 inactive_hold=0.012655 stable=0.00/0.50

ARM_ITER_01 RESULT
  HOME error before : 0.290452 rad
  HOME error after  : 0.099502 rad (right_shoulder_yaw, +0.099502)
  Progress          : +0.190950 rad
  Micro-target err  : 0.021632 rad (left_shoulder_pitch)
  Inactive hold err : 0.012655 rad (right_wrist_pitch)
  Stable at HOME    : False
  Final max |dq|    : 0.018408 rad/s
ARM_ITER_01 = CONTINUE

ARM_ITER_02 BEFORE: HOME error=0.099502 rad (right_shoulder_yaw)
ARM_ITER_02 TARGET: step=0.099502 rad (right_shoulder_yaw), nominal remaining=0.000000 rad (left_shoulder_pitch)

========================================================================================================
TRAJECTORY START: ARM_ITER_02
========================================================================================================
Duration       : 5.000s
Max joint delta: 0.099502 rad
Peak velocity  : 0.037313 rad/s
Peak accel     : 0.022979 rad/s^2
[ARM_ITER_02] t=0.00/5.00s target_err=0.099502 max|dq|=0.018408
[ARM_ITER_02] t=0.25/5.00s target_err=0.102635 max|dq|=0.012272
[ARM_ITER_02] t=0.51/5.00s target_err=0.102620 max|dq|=0.015501
[ARM_ITER_02] t=0.77/5.00s target_err=0.102030 max|dq|=0.018408
[ARM_ITER_02] t=1.03/5.00s target_err=0.100244 max|dq|=0.015501
[ARM_ITER_02] t=1.28/5.00s target_err=0.097655 max|dq|=0.015501
[ARM_ITER_02] t=1.54/5.00s target_err=0.093961 max|dq|=0.015501
[ARM_ITER_02] t=1.79/5.00s target_err=0.089329 max|dq|=0.031003
[ARM_ITER_02] t=2.05/5.00s target_err=0.082487 max|dq|=0.054254
[ARM_ITER_02] t=2.30/5.00s target_err=0.073858 max|dq|=0.046504
[ARM_ITER_02] t=2.56/5.00s target_err=0.064064 max|dq|=0.031003
[ARM_ITER_02] t=2.81/5.00s target_err=0.052165 max|dq|=0.069756
[ARM_ITER_02] t=3.06/5.00s target_err=0.042417 max|dq|=0.030680
[ARM_ITER_02] t=3.32/5.00s target_err=0.036770 max|dq|=0.031003
[ARM_ITER_02] t=3.57/5.00s target_err=0.027733 max|dq|=0.031003
[ARM_ITER_02] t=3.82/5.00s target_err=0.021709 max|dq|=0.030680
[ARM_ITER_02] t=4.08/5.00s target_err=0.021650 max|dq|=0.024544
[ARM_ITER_02] t=4.33/5.00s target_err=0.021596 max|dq|=0.030680
[ARM_ITER_02] t=4.59/5.00s target_err=0.021554 max|dq|=0.012272
[ARM_ITER_02] t=4.85/5.00s target_err=0.021512 max|dq|=0.030680
[ARM_ITER_02_hold] active_home=0.021518 active_target=0.021518 inactive_hold=0.013639 stable=0.00/0.50
[ARM_ITER_02_hold] active_home=0.021488 active_target=0.021488 inactive_hold=0.013624 stable=0.25/0.50
[ARM_ITER_02_hold] active_home=0.021482 active_target=0.021482 inactive_hold=0.013609 stable=0.51/0.50
[ARM_ITER_02_hold] active_home=0.021482 active_target=0.021482 inactive_hold=0.013624 stable=0.77/0.50
[ARM_ITER_02_hold] active_home=0.021452 active_target=0.021452 inactive_hold=0.013609 stable=1.03/0.50
[ARM_ITER_02_hold] active_home=0.021470 active_target=0.021470 inactive_hold=0.013624 stable=1.28/0.50
[ARM_ITER_02_hold] active_home=0.021470 active_target=0.021470 inactive_hold=0.013609 stable=1.53/0.50
[ARM_ITER_02_hold] active_home=0.021464 active_target=0.021464 inactive_hold=0.013609 stable=1.79/0.50

ARM_ITER_02 RESULT
  HOME error before : 0.099502 rad
  HOME error after  : 0.021458 rad (left_shoulder_pitch, +0.021458)
  Progress          : +0.078044 rad
  Micro-target err  : 0.021458 rad (left_shoulder_pitch)
  Inactive hold err : 0.013609 rad (right_wrist_roll)
  Stable at HOME    : True
  Final max |dq|    : 0.018408 rad/s
ARM_READY = PASS
========================================================================================================

========================================================================================================
TRAJECTORY START: FINAL_HOME
========================================================================================================
Duration       : 8.000s
Max joint delta: 0.046631 rad
Peak velocity  : 0.010929 rad/s
Peak accel     : 0.004207 rad/s^2
[FINAL_HOME] t=0.00/8.00s target_err=0.046631 max|dq|=0.018408
[FINAL_HOME] t=0.25/8.00s target_err=0.048177 max|dq|=0.024544
[FINAL_HOME] t=0.51/8.00s target_err=0.048165 max|dq|=0.018408
[FINAL_HOME] t=0.76/8.00s target_err=0.048141 max|dq|=0.009204
[FINAL_HOME] t=1.02/8.00s target_err=0.048117 max|dq|=0.024544
[FINAL_HOME] t=1.27/8.00s target_err=0.048069 max|dq|=0.021476
[FINAL_HOME] t=1.52/8.00s target_err=0.047997 max|dq|=0.018408
[FINAL_HOME] t=1.78/8.00s target_err=0.047769 max|dq|=0.015501
[FINAL_HOME] t=2.03/8.00s target_err=0.047350 max|dq|=0.018408
[FINAL_HOME] t=2.29/8.00s target_err=0.046774 max|dq|=0.012272
[FINAL_HOME] t=2.54/8.00s target_err=0.046439 max|dq|=0.024544
[FINAL_HOME] t=2.80/8.00s target_err=0.046307 max|dq|=0.024544
[FINAL_HOME] t=3.05/8.00s target_err=0.046079 max|dq|=0.024544
[FINAL_HOME] t=3.30/8.00s target_err=0.045792 max|dq|=0.012272
[FINAL_HOME] t=3.56/8.00s target_err=0.045169 max|dq|=0.007751
[FINAL_HOME] t=3.82/8.00s target_err=0.044150 max|dq|=0.009204
[FINAL_HOME] t=4.08/8.00s target_err=0.043239 max|dq|=0.012272
[FINAL_HOME] t=4.34/8.00s target_err=0.042424 max|dq|=0.018408
[FINAL_HOME] t=4.60/8.00s target_err=0.041453 max|dq|=0.023252
[FINAL_HOME] t=4.86/8.00s target_err=0.040806 max|dq|=0.024544
[FINAL_HOME] t=5.12/8.00s target_err=0.039584 max|dq|=0.018408
[FINAL_HOME] t=5.37/8.00s target_err=0.038002 max|dq|=0.023252
[FINAL_HOME] t=5.62/8.00s target_err=0.036432 max|dq|=0.018408
[FINAL_HOME] t=5.88/8.00s target_err=0.035665 max|dq|=0.012272
[FINAL_HOME] t=6.13/8.00s target_err=0.034922 max|dq|=0.012272
[FINAL_HOME] t=6.39/8.00s target_err=0.034167 max|dq|=0.018408
[FINAL_HOME] t=6.64/8.00s target_err=0.033472 max|dq|=0.030680
[FINAL_HOME] t=6.89/8.00s target_err=0.031950 max|dq|=0.024544
[FINAL_HOME] t=7.15/8.00s target_err=0.030128 max|dq|=0.009204
[FINAL_HOME] t=7.40/8.00s target_err=0.029349 max|dq|=0.012272
[FINAL_HOME] t=7.65/8.00s target_err=0.029098 max|dq|=0.012272
[FINAL_HOME] t=7.91/8.00s target_err=0.028942 max|dq|=0.012272
[FINAL_HOME_hold] max_err=0.028906 best=0.028906 stable=0.00/1.00
[FINAL_HOME_hold] max_err=0.028822 best=0.028822 stable=0.25/1.00
[FINAL_HOME_hold] max_err=0.028762 best=0.028762 stable=0.51/1.00
[FINAL_HOME_hold] max_err=0.028726 best=0.028726 stable=0.77/1.00
[FINAL_HOME_hold] max_err=0.028690 best=0.028690 stable=1.02/1.00
[FINAL_HOME_hold] max_err=0.028654 best=0.028654 stable=1.28/1.00
[FINAL_HOME_hold] max_err=0.028654 best=0.028630 stable=1.53/1.00
[FINAL_HOME_hold] max_err=0.028618 best=0.028606 stable=1.79/1.00
[FINAL_HOME_hold] max_err=0.028618 best=0.028594 stable=2.04/1.00
[FINAL_HOME_hold] max_err=0.028570 best=0.028570 stable=2.30/1.00
[FINAL_HOME_hold] max_err=0.028558 best=0.028558 stable=2.55/1.00
[FINAL_HOME_hold] max_err=0.028570 best=0.028546 stable=2.80/1.00
[FINAL_HOME_hold] max_err=0.028558 best=0.028546 stable=3.05/1.00
[FINAL_HOME_hold] max_err=0.028546 best=0.028534 stable=3.31/1.00
[FINAL_HOME_hold] max_err=0.028534 best=0.028522 stable=3.56/1.00
[FINAL_HOME_hold] max_err=0.028546 best=0.028522 stable=3.82/1.00
[FINAL_HOME_hold] max_err=0.028534 best=0.028522 stable=4.07/1.00
[FINAL_HOME_hold] max_err=0.028510 best=0.028510 stable=4.33/1.00
[FINAL_HOME_hold] max_err=0.028510 best=0.028498 stable=4.58/1.00
[FINAL_HOME_hold] max_err=0.028510 best=0.028498 stable=4.83/1.00
[FINAL_HOME_hold] max_err=0.028510 best=0.028498 stable=5.09/1.00
[FINAL_HOME_hold] max_err=0.028510 best=0.028475 stable=5.34/1.00
[FINAL_HOME_hold] max_err=0.028498 best=0.028475 stable=5.59/1.00
[FINAL_HOME_hold] max_err=0.028498 best=0.028475 stable=5.85/1.00
[FINAL_HOME_hold] max_err=0.028498 best=0.028475 stable=6.10/1.00
[FINAL_HOME_hold] max_err=0.028475 best=0.028463 stable=6.35/1.00
[FINAL_HOME_hold] max_err=0.028522 best=0.028463 stable=6.61/1.00
[FINAL_HOME_hold] max_err=0.028486 best=0.028463 stable=6.87/1.00
[FINAL_HOME_hold] max_err=0.028486 best=0.028463 stable=7.13/1.00
[FINAL_HOME_hold] max_err=0.028486 best=0.028463 stable=7.39/1.00
[FINAL_HOME_hold] max_err=0.028475 best=0.028463 stable=7.64/1.00
[FINAL_HOME_hold] max_err=0.028475 best=0.028463 stable=7.90/1.00
[FINAL_HOME_hold] max_err=0.028475 best=0.028463 stable=8.16/1.00
[FINAL_HOME_hold] max_err=0.028475 best=0.028451 stable=8.42/1.00
[FINAL_HOME_hold] max_err=0.028475 best=0.028451 stable=8.68/1.00
[FINAL_HOME_hold] max_err=0.028475 best=0.028451 stable=8.93/1.00
[FINAL_HOME_hold] max_err=0.028463 best=0.028451 stable=9.19/1.00
[FINAL_HOME_hold] max_err=0.028463 best=0.028451 stable=9.44/1.00
[FINAL_HOME_hold] max_err=0.028475 best=0.028451 stable=9.69/1.00
[FINAL_HOME_hold] max_err=0.028451 best=0.028439 stable=9.95/1.00

========================================================================================================
FINAL_HOME RESULT
========================================================================================================
MAX error      : 0.028463 rad (1.631 deg)
Worst          : right_wrist_pitch
Best hold error: 0.028439 rad
Stable reached : True
Final max |dq| : 0.007751 rad/s

left_shoulder_pitch          target=-0.094586 final=-0.074997 error=+0.019588
left_shoulder_roll           target=-0.005776 final=-0.010312 error=-0.004536
left_shoulder_yaw            target=+0.183094 final=+0.185849 error=+0.002755
left_elbow                   target=+1.197247 final=+1.195491 error=-0.001756
left_wrist_roll              target=-0.080065 final=-0.091570 error=-0.011505
left_wrist_pitch             target=-0.892441 final=-0.907505 error=-0.015064
left_wrist_yaw               target=-0.177546 final=-0.176863 error=+0.000683
right_shoulder_pitch         target=-0.161583 final=-0.147034 error=+0.014549
right_shoulder_roll          target=+0.034586 final=+0.044150 error=+0.009563
right_shoulder_yaw           target=-0.180944 final=-0.167229 error=+0.013715
right_elbow                  target=+1.037027 final=+1.030472 error=-0.006555
right_wrist_roll             target=+0.003240 final=-0.013564 error=-0.016803
right_wrist_pitch            target=-0.529775 final=-0.558237 error=-0.028463
right_wrist_yaw              target=+0.114893 final=+0.127932 error=+0.013039

FINAL_HOME = PASS
AUTO_HOME_READY = PASS
========================================================================================================
LowCmd gains released.
