
========================================================================================================
R1-A7 AUTO-HOME V2 ADAPTIVE RECOVERY PRE-FLIGHT
========================================================================================================
Lowstate age             : 0.000559s [PASS]
Max initial |dq|         : 0.007751 rad/s [PASS]
Current joint limits     : PASS
HOME joint limits        : PASS
MotionSwitcher           : PASS
  status                 : 0
  result                 : {'form': '0', 'name': ''}

Global HOME error        : 0.377467 rad
Wrist HOME error         : 0.377467 rad (left_wrist_pitch)
Arm HOME error           : 0.240785 rad (left_elbow)
Direct HOME threshold    : 0.350000 rad
Recovery mode            : ADAPTIVE RECOVERY

Wrist stage delta        : 0.150000 rad
Arm stage delta          : 0.200000 rad
Recovery threshold       : 0.050000 rad
Nominal wrist iterations : 3 / max 8
Nominal arm iterations   : 2 / max 6
Iteration budget         : PASS

First-step trajectory preview:
  WRIST_ITER_01      duration= 5.50s max_delta=0.150000 peak_v=0.051136 peak_a=0.028629 max_step=0.000511
  ARM_ITER_01        duration= 7.00s max_delta=0.200000 peak_v=0.053571 peak_a=0.023565 max_step=0.000536
First-step checks        : PASS

Arm gains:
  shoulder pitch         : kp=100.0, kd=3.5
  shoulder roll/yaw/elbow: kp=80.0, kd=3.0
  wrist pitch            : kp=60.0, kd=2.0
  wrist roll/yaw         : kp=40.0, kd=1.5

PRE_FLIGHT = PASS
ROBOT_COMMAND_PUBLISHED = FALSE
========================================================================================================

========================================================================================================
REAL ROBOT AUTO-HOME V2 ARMED
========================================================================================================
Initial global HOME error : 0.377455 rad
Mode                      : ADAPTIVE RECOVERY
LowCmd will remain active until completion or abort.

Type RECOVER HOME V2 exactly to continue.
> 
Starting in 3 seconds...
3
2
1

========================================================================================================
LOWCMD ZERO-DISPLACEMENT TAKEOVER TEST
========================================================================================================
Takeover max drift : 0.000439 rad
Final max |dq|     : 0.015501 rad/s
TAKEOVER_TEST = PASS
========================================================================================================

POST-TAKEOVER V2 DECISION
Global HOME error : 0.377503 rad
Mode              : ADAPTIVE RECOVERY

========================================================================================================
ADAPTIVE WRIST RECOVERY
========================================================================================================
Stage delta       : 0.150000 rad
HOME threshold    : 0.050000 rad
Max iterations    : 8

WRIST_ITER_01 BEFORE: HOME error=0.377503 rad (left_wrist_pitch)
WRIST_ITER_01 TARGET: step=0.150000 rad (left_wrist_pitch), nominal remaining=0.227503 rad (left_wrist_pitch)

========================================================================================================
TRAJECTORY START: WRIST_ITER_01
========================================================================================================
Duration       : 5.500s
Max joint delta: 0.150000 rad
Peak velocity  : 0.051136 rad/s
Peak accel     : 0.028629 rad/s^2
[WRIST_ITER_01] t=0.00/5.50s target_err=0.150000 max|dq|=0.015501
[WRIST_ITER_01] t=0.25/5.50s target_err=0.150000 max|dq|=0.018408
[WRIST_ITER_01] t=0.51/5.50s target_err=0.149844 max|dq|=0.007751
[WRIST_ITER_01] t=0.76/5.50s target_err=0.149197 max|dq|=0.018408
[WRIST_ITER_01] t=1.02/5.50s target_err=0.147687 max|dq|=0.024544
[WRIST_ITER_01] t=1.27/5.50s target_err=0.145650 max|dq|=0.030680
[WRIST_ITER_01] t=1.52/5.50s target_err=0.142486 max|dq|=0.030680
[WRIST_ITER_01] t=1.78/5.50s target_err=0.139070 max|dq|=0.064427
[WRIST_ITER_01] t=2.04/5.50s target_err=0.133941 max|dq|=0.030680
[WRIST_ITER_01] t=2.30/5.50s target_err=0.126427 max|dq|=0.209267
[WRIST_ITER_01] t=2.55/5.50s target_err=0.118613 max|dq|=0.036816
[WRIST_ITER_01] t=2.80/5.50s target_err=0.107947 max|dq|=0.061359
[WRIST_ITER_01] t=3.05/5.50s target_err=0.101188 max|dq|=0.055223
[WRIST_ITER_01] t=3.30/5.50s target_err=0.094645 max|dq|=0.062005
[WRIST_ITER_01] t=3.56/5.50s target_err=0.087454 max|dq|=0.042951
[WRIST_ITER_01] t=3.81/5.50s target_err=0.079928 max|dq|=0.042951
[WRIST_ITER_01] t=4.07/5.50s target_err=0.074979 max|dq|=0.067495
[WRIST_ITER_01] t=4.33/5.50s target_err=0.073109 max|dq|=0.030680
[WRIST_ITER_01] t=4.58/5.50s target_err=0.072726 max|dq|=0.030680
[WRIST_ITER_01] t=4.84/5.50s target_err=0.072450 max|dq|=0.018408
[WRIST_ITER_01] t=5.10/5.50s target_err=0.072102 max|dq|=0.006136
[WRIST_ITER_01] t=5.36/5.50s target_err=0.071371 max|dq|=0.024544
[WRIST_ITER_01_hold] active_home=0.298227 active_target=0.070724 inactive_hold=0.024524 stable=0.00/0.50
[WRIST_ITER_01_hold] active_home=0.297592 active_target=0.070089 inactive_hold=0.024796 stable=0.00/0.50
[WRIST_ITER_01_hold] active_home=0.297377 active_target=0.069873 inactive_hold=0.024857 stable=0.00/0.50
[WRIST_ITER_01_hold] active_home=0.297233 active_target=0.069730 inactive_hold=0.024902 stable=0.00/0.50
[WRIST_ITER_01_hold] active_home=0.297113 active_target=0.069610 inactive_hold=0.024932 stable=0.00/0.50
[WRIST_ITER_01_hold] active_home=0.297029 active_target=0.069526 inactive_hold=0.024963 stable=0.00/0.50
[WRIST_ITER_01_hold] active_home=0.296957 active_target=0.069454 inactive_hold=0.024978 stable=0.00/0.50
[WRIST_ITER_01_hold] active_home=0.296873 active_target=0.069370 inactive_hold=0.024993 stable=0.00/0.50

WRIST_ITER_01 RESULT
  HOME error before : 0.377503 rad
  HOME error after  : 0.296837 rad (left_wrist_pitch, -0.296837)
  Progress          : +0.080666 rad
  Micro-target err  : 0.069334 rad (left_wrist_pitch)
  Inactive hold err : 0.025008 rad (left_elbow)
  Stable at HOME    : False
  Final max |dq|    : 0.018408 rad/s
WRIST_ITER_01 = CONTINUE

WRIST_ITER_02 BEFORE: HOME error=0.296837 rad (left_wrist_pitch)
WRIST_ITER_02 TARGET: step=0.150000 rad (left_wrist_pitch), nominal remaining=0.146837 rad (left_wrist_pitch)

========================================================================================================
TRAJECTORY START: WRIST_ITER_02
========================================================================================================
Duration       : 5.500s
Max joint delta: 0.150000 rad
Peak velocity  : 0.051136 rad/s
Peak accel     : 0.028629 rad/s^2
[WRIST_ITER_02] t=0.00/5.50s target_err=0.149988 max|dq|=0.018408
[WRIST_ITER_02] t=0.25/5.50s target_err=0.159959 max|dq|=0.012272
[WRIST_ITER_02] t=0.51/5.50s target_err=0.159935 max|dq|=0.024544
[WRIST_ITER_02] t=0.77/5.50s target_err=0.159875 max|dq|=0.018408
[WRIST_ITER_02] t=1.02/5.50s target_err=0.159060 max|dq|=0.007751
[WRIST_ITER_02] t=1.28/5.50s target_err=0.156879 max|dq|=0.015340
[WRIST_ITER_02] t=1.53/5.50s target_err=0.154254 max|dq|=0.012272
[WRIST_ITER_02] t=1.78/5.50s target_err=0.152097 max|dq|=0.024544
[WRIST_ITER_02] t=2.04/5.50s target_err=0.147519 max|dq|=0.015501
[WRIST_ITER_02] t=2.29/5.50s target_err=0.141575 max|dq|=0.012272
[WRIST_ITER_02] t=2.55/5.50s target_err=0.137668 max|dq|=0.007751
[WRIST_ITER_02] t=2.81/5.50s target_err=0.132803 max|dq|=0.036816
[WRIST_ITER_02] t=3.06/5.50s target_err=0.130550 max|dq|=0.009204
[WRIST_ITER_02] t=3.32/5.50s target_err=0.129938 max|dq|=0.006136
[WRIST_ITER_02] t=3.58/5.50s target_err=0.129519 max|dq|=0.024544
[WRIST_ITER_02] t=3.84/5.50s target_err=0.129052 max|dq|=0.015340
[WRIST_ITER_02] t=4.10/5.50s target_err=0.128572 max|dq|=0.024544
[WRIST_ITER_02] t=4.36/5.50s target_err=0.127865 max|dq|=0.018408
[WRIST_ITER_02] t=4.62/5.50s target_err=0.126978 max|dq|=0.024544
[WRIST_ITER_02] t=4.87/5.50s target_err=0.126199 max|dq|=0.018408
[WRIST_ITER_02] t=5.12/5.50s target_err=0.125408 max|dq|=0.018408
[WRIST_ITER_02] t=5.38/5.50s target_err=0.125097 max|dq|=0.015501
[WRIST_ITER_02_hold] active_home=0.271850 active_target=0.125013 inactive_hold=0.023600 stable=0.00/0.50
[WRIST_ITER_02_hold] active_home=0.271718 active_target=0.124881 inactive_hold=0.023600 stable=0.00/0.50
[WRIST_ITER_02_hold] active_home=0.271599 active_target=0.124761 inactive_hold=0.023615 stable=0.00/0.50
[WRIST_ITER_02_hold] active_home=0.271443 active_target=0.124605 inactive_hold=0.023630 stable=0.00/0.50
[WRIST_ITER_02_hold] active_home=0.271287 active_target=0.124450 inactive_hold=0.023645 stable=0.00/0.50
[WRIST_ITER_02_hold] active_home=0.271191 active_target=0.124354 inactive_hold=0.023706 stable=0.00/0.50
[WRIST_ITER_02_hold] active_home=0.271083 active_target=0.124246 inactive_hold=0.023751 stable=0.00/0.50
[WRIST_ITER_02_hold] active_home=0.270987 active_target=0.124150 inactive_hold=0.023797 stable=0.00/0.50

WRIST_ITER_02 RESULT
  HOME error before : 0.296837 rad
  HOME error after  : 0.270939 rad (left_wrist_pitch, -0.270939)
  Progress          : +0.025898 rad
  Micro-target err  : 0.124102 rad (left_wrist_pitch)
  Inactive hold err : 0.023812 rad (left_elbow)
  Stable at HOME    : False
  Final max |dq|    : 0.018408 rad/s
WRIST_ITER_02 = CONTINUE

WRIST_ITER_03 BEFORE: HOME error=0.270939 rad (left_wrist_pitch)
WRIST_ITER_03 TARGET: step=0.150000 rad (left_wrist_pitch), nominal remaining=0.120939 rad (left_wrist_pitch)

========================================================================================================
TRAJECTORY START: WRIST_ITER_03
========================================================================================================
Duration       : 5.500s
Max joint delta: 0.150000 rad
Peak velocity  : 0.051136 rad/s
Peak accel     : 0.028629 rad/s^2
[WRIST_ITER_03] t=0.00/5.50s target_err=0.150000 max|dq|=0.018408
[WRIST_ITER_03] t=0.25/5.50s target_err=0.161721 max|dq|=0.007751
[WRIST_ITER_03] t=0.51/5.50s target_err=0.161781 max|dq|=0.018408
[WRIST_ITER_03] t=0.76/5.50s target_err=0.161709 max|dq|=0.018408
[WRIST_ITER_03] t=1.01/5.50s target_err=0.161289 max|dq|=0.018408
[WRIST_ITER_03] t=1.27/5.50s target_err=0.159635 max|dq|=0.042951
[WRIST_ITER_03] t=1.53/5.50s target_err=0.157275 max|dq|=0.030680
[WRIST_ITER_03] t=1.78/5.50s target_err=0.154302 max|dq|=0.018408
[WRIST_ITER_03] t=2.04/5.50s target_err=0.149185 max|dq|=0.024544
[WRIST_ITER_03] t=2.29/5.50s target_err=0.145602 max|dq|=0.018408
[WRIST_ITER_03] t=2.55/5.50s target_err=0.140425 max|dq|=0.036816
[WRIST_ITER_03] t=2.81/5.50s target_err=0.135152 max|dq|=0.018408
[WRIST_ITER_03] t=3.06/5.50s target_err=0.128872 max|dq|=0.036816
[WRIST_ITER_03] t=3.31/5.50s target_err=0.118182 max|dq|=0.052155
[WRIST_ITER_03] t=3.57/5.50s target_err=0.104208 max|dq|=0.067495
[WRIST_ITER_03] t=3.82/5.50s target_err=0.101967 max|dq|=0.007751
[WRIST_ITER_03] t=4.07/5.50s target_err=0.101608 max|dq|=0.012272
[WRIST_ITER_03] t=4.33/5.50s target_err=0.101380 max|dq|=0.009204
[WRIST_ITER_03] t=4.58/5.50s target_err=0.101236 max|dq|=0.018408
[WRIST_ITER_03] t=4.83/5.50s target_err=0.101116 max|dq|=0.012272
[WRIST_ITER_03] t=5.09/5.50s target_err=0.101033 max|dq|=0.018408
[WRIST_ITER_03] t=5.34/5.50s target_err=0.100961 max|dq|=0.015501
[WRIST_ITER_03_hold] active_home=0.221876 active_target=0.100937 inactive_hold=0.031502 stable=0.00/0.50
[WRIST_ITER_03_hold] active_home=0.221804 active_target=0.100865 inactive_hold=0.031517 stable=0.00/0.50
[WRIST_ITER_03_hold] active_home=0.221792 active_target=0.100853 inactive_hold=0.031502 stable=0.00/0.50
[WRIST_ITER_03_hold] active_home=0.221708 active_target=0.100769 inactive_hold=0.031517 stable=0.00/0.50
[WRIST_ITER_03_hold] active_home=0.221660 active_target=0.100721 inactive_hold=0.031517 stable=0.00/0.50
[WRIST_ITER_03_hold] active_home=0.221600 active_target=0.100661 inactive_hold=0.031532 stable=0.00/0.50
[WRIST_ITER_03_hold] active_home=0.221552 active_target=0.100613 inactive_hold=0.031532 stable=0.00/0.50
[WRIST_ITER_03_hold] active_home=0.221516 active_target=0.100577 inactive_hold=0.031532 stable=0.00/0.50

WRIST_ITER_03 RESULT
  HOME error before : 0.270939 rad
  HOME error after  : 0.221504 rad (left_wrist_pitch, -0.221504)
  Progress          : +0.049435 rad
  Micro-target err  : 0.100565 rad (left_wrist_pitch)
  Inactive hold err : 0.031532 rad (left_elbow)
  Stable at HOME    : False
  Final max |dq|    : 0.009204 rad/s
WRIST_ITER_03 = CONTINUE

WRIST_ITER_04 BEFORE: HOME error=0.221504 rad (left_wrist_pitch)
WRIST_ITER_04 TARGET: step=0.150000 rad (left_wrist_pitch), nominal remaining=0.071504 rad (left_wrist_pitch)

========================================================================================================
TRAJECTORY START: WRIST_ITER_04
========================================================================================================
Duration       : 5.500s
Max joint delta: 0.150000 rad
Peak velocity  : 0.051136 rad/s
Peak accel     : 0.028629 rad/s^2
[WRIST_ITER_04] t=0.00/5.50s target_err=0.149988 max|dq|=0.024544
[WRIST_ITER_04] t=0.25/5.50s target_err=0.160990 max|dq|=0.018408
[WRIST_ITER_04] t=0.50/5.50s target_err=0.161145 max|dq|=0.012272
[WRIST_ITER_04] t=0.75/5.50s target_err=0.161050 max|dq|=0.021476
[WRIST_ITER_04] t=1.01/5.50s target_err=0.160618 max|dq|=0.030680
[WRIST_ITER_04] t=1.26/5.50s target_err=0.158593 max|dq|=0.024544
[WRIST_ITER_04] t=1.51/5.50s target_err=0.154722 max|dq|=0.009204
[WRIST_ITER_04] t=1.76/5.50s target_err=0.151881 max|dq|=0.018408
[WRIST_ITER_04] t=2.02/5.50s target_err=0.147855 max|dq|=0.018408
[WRIST_ITER_04] t=2.27/5.50s target_err=0.142534 max|dq|=0.030680
[WRIST_ITER_04] t=2.52/5.50s target_err=0.133618 max|dq|=0.036816
[WRIST_ITER_04] t=2.78/5.50s target_err=0.127242 max|dq|=0.030680
[WRIST_ITER_04] t=3.04/5.50s target_err=0.120675 max|dq|=0.018408
[WRIST_ITER_04] t=3.29/5.50s target_err=0.117187 max|dq|=0.036816
[WRIST_ITER_04] t=3.55/5.50s target_err=0.107947 max|dq|=0.012272
[WRIST_ITER_04] t=3.81/5.50s target_err=0.106857 max|dq|=0.015340
[WRIST_ITER_04] t=4.06/5.50s target_err=0.106569 max|dq|=0.015340
[WRIST_ITER_04] t=4.32/5.50s target_err=0.106329 max|dq|=0.027612
[WRIST_ITER_04] t=4.57/5.50s target_err=0.106162 max|dq|=0.024544
[WRIST_ITER_04] t=4.82/5.50s target_err=0.106042 max|dq|=0.015501
[WRIST_ITER_04] t=5.08/5.50s target_err=0.105922 max|dq|=0.018408
[WRIST_ITER_04] t=5.33/5.50s target_err=0.105862 max|dq|=0.024544
[WRIST_ITER_04_hold] active_home=0.177319 active_target=0.105814 inactive_hold=0.027733 stable=0.00/0.50
[WRIST_ITER_04_hold] active_home=0.177283 active_target=0.105778 inactive_hold=0.027733 stable=0.00/0.50
[WRIST_ITER_04_hold] active_home=0.177223 active_target=0.105718 inactive_hold=0.027748 stable=0.00/0.50
[WRIST_ITER_04_hold] active_home=0.177199 active_target=0.105694 inactive_hold=0.027748 stable=0.00/0.50
[WRIST_ITER_04_hold] active_home=0.177151 active_target=0.105646 inactive_hold=0.027748 stable=0.00/0.50
[WRIST_ITER_04_hold] active_home=0.177139 active_target=0.105634 inactive_hold=0.027748 stable=0.00/0.50
[WRIST_ITER_04_hold] active_home=0.177139 active_target=0.105634 inactive_hold=0.027748 stable=0.00/0.50
[WRIST_ITER_04_hold] active_home=0.177115 active_target=0.105610 inactive_hold=0.027748 stable=0.00/0.50

WRIST_ITER_04 RESULT
  HOME error before : 0.221504 rad
  HOME error after  : 0.177091 rad (left_wrist_pitch, -0.177091)
  Progress          : +0.044414 rad
  Micro-target err  : 0.105586 rad (left_wrist_pitch)
  Inactive hold err : 0.027748 rad (left_elbow)
  Stable at HOME    : False
  Final max |dq|    : 0.021476 rad/s
WRIST_ITER_04 = CONTINUE

WRIST_ITER_05 BEFORE: HOME error=0.177091 rad (left_wrist_pitch)
WRIST_ITER_05 TARGET: step=0.150000 rad (left_wrist_pitch), nominal remaining=0.027091 rad (left_wrist_pitch)

========================================================================================================
TRAJECTORY START: WRIST_ITER_05
========================================================================================================
Duration       : 5.500s
Max joint delta: 0.150000 rad
Peak velocity  : 0.051136 rad/s
Peak accel     : 0.028629 rad/s^2
[WRIST_ITER_05] t=0.00/5.50s target_err=0.150000 max|dq|=0.021476
[WRIST_ITER_05] t=0.25/5.50s target_err=0.159899 max|dq|=0.018408
[WRIST_ITER_05] t=0.51/5.50s target_err=0.159983 max|dq|=0.012272
[WRIST_ITER_05] t=0.77/5.50s target_err=0.159875 max|dq|=0.015340
[WRIST_ITER_05] t=1.02/5.50s target_err=0.159132 max|dq|=0.018408
[WRIST_ITER_05] t=1.28/5.50s target_err=0.157131 max|dq|=0.012272
[WRIST_ITER_05] t=1.54/5.50s target_err=0.154326 max|dq|=0.018408
[WRIST_ITER_05] t=1.79/5.50s target_err=0.151462 max|dq|=0.012272
[WRIST_ITER_05] t=2.04/5.50s target_err=0.147927 max|dq|=0.018408
[WRIST_ITER_05] t=2.29/5.50s target_err=0.143373 max|dq|=0.018408
[WRIST_ITER_05] t=2.55/5.50s target_err=0.136997 max|dq|=0.042951
[WRIST_ITER_05] t=2.80/5.50s target_err=0.125984 max|dq|=0.049087
[WRIST_ITER_05] t=3.06/5.50s target_err=0.115509 max|dq|=0.067495
[WRIST_ITER_05] t=3.32/5.50s target_err=0.104124 max|dq|=0.036816
[WRIST_ITER_05] t=3.58/5.50s target_err=0.099079 max|dq|=0.018408
[WRIST_ITER_05] t=3.84/5.50s target_err=0.098276 max|dq|=0.015340
[WRIST_ITER_05] t=4.10/5.50s target_err=0.097797 max|dq|=0.012272
[WRIST_ITER_05] t=4.36/5.50s target_err=0.097425 max|dq|=0.024544
[WRIST_ITER_05] t=4.61/5.50s target_err=0.097138 max|dq|=0.015501
[WRIST_ITER_05] t=4.87/5.50s target_err=0.096922 max|dq|=0.018408
[WRIST_ITER_05] t=5.13/5.50s target_err=0.096754 max|dq|=0.012272
[WRIST_ITER_05] t=5.39/5.50s target_err=0.096610 max|dq|=0.018408
[WRIST_ITER_05_hold] active_home=0.123641 active_target=0.096550 inactive_hold=0.033833 stable=0.00/0.50
[WRIST_ITER_05_hold] active_home=0.123521 active_target=0.096431 inactive_hold=0.033894 stable=0.00/0.50
[WRIST_ITER_05_hold] active_home=0.123378 active_target=0.096287 inactive_hold=0.033955 stable=0.00/0.50
[WRIST_ITER_05_hold] active_home=0.123234 active_target=0.096143 inactive_hold=0.034015 stable=0.00/0.50
[WRIST_ITER_05_hold] active_home=0.123090 active_target=0.095999 inactive_hold=0.034045 stable=0.00/0.50
[WRIST_ITER_05_hold] active_home=0.122970 active_target=0.095879 inactive_hold=0.034060 stable=0.00/0.50
[WRIST_ITER_05_hold] active_home=0.122862 active_target=0.095771 inactive_hold=0.034106 stable=0.00/0.50
[WRIST_ITER_05_hold] active_home=0.122766 active_target=0.095675 inactive_hold=0.034136 stable=0.00/0.50

WRIST_ITER_05 RESULT
  HOME error before : 0.177091 rad
  HOME error after  : 0.122707 rad (left_wrist_pitch, -0.122707)
  Progress          : +0.054384 rad
  Micro-target err  : 0.095616 rad (left_wrist_pitch)
  Inactive hold err : 0.034197 rad (left_elbow)
  Stable at HOME    : False
  Final max |dq|    : 0.012272 rad/s
WRIST_ITER_05 = CONTINUE

WRIST_ITER_06 BEFORE: HOME error=0.122707 rad (left_wrist_pitch)
WRIST_ITER_06 TARGET: step=0.122707 rad (left_wrist_pitch), nominal remaining=0.000000 rad (left_wrist_roll)

========================================================================================================
TRAJECTORY START: WRIST_ITER_06
========================================================================================================
Duration       : 5.000s
Max joint delta: 0.122707 rad
Peak velocity  : 0.046015 rad/s
Peak accel     : 0.028338 rad/s^2
[WRIST_ITER_06] t=0.00/5.00s target_err=0.122707 max|dq|=0.012272
[WRIST_ITER_06] t=0.25/5.00s target_err=0.134235 max|dq|=0.015340
[WRIST_ITER_06] t=0.51/5.00s target_err=0.134223 max|dq|=0.009204
[WRIST_ITER_06] t=0.76/5.00s target_err=0.134068 max|dq|=0.015501
[WRIST_ITER_06] t=1.01/5.00s target_err=0.133564 max|dq|=0.012272
[WRIST_ITER_06] t=1.27/5.00s target_err=0.131850 max|dq|=0.024544
[WRIST_ITER_06] t=1.52/5.00s target_err=0.129370 max|dq|=0.024544
[WRIST_ITER_06] t=1.77/5.00s target_err=0.126362 max|dq|=0.012272
[WRIST_ITER_06] t=2.03/5.00s target_err=0.122119 max|dq|=0.030680
[WRIST_ITER_06] t=2.29/5.00s target_err=0.114461 max|dq|=0.018408
[WRIST_ITER_06] t=2.54/5.00s target_err=0.105054 max|dq|=0.036816
[WRIST_ITER_06] t=2.80/5.00s target_err=0.094987 max|dq|=0.024544
[WRIST_ITER_06] t=3.06/5.00s target_err=0.088516 max|dq|=0.024544
[WRIST_ITER_06] t=3.31/5.00s target_err=0.084009 max|dq|=0.024544
[WRIST_ITER_06] t=3.57/5.00s target_err=0.081049 max|dq|=0.015501
[WRIST_ITER_06] t=3.82/5.00s target_err=0.080366 max|dq|=0.018408
[WRIST_ITER_06] t=4.08/5.00s target_err=0.079803 max|dq|=0.012272
[WRIST_ITER_06] t=4.33/5.00s target_err=0.078617 max|dq|=0.012272
[WRIST_ITER_06] t=4.58/5.00s target_err=0.075297 max|dq|=0.018408
[WRIST_ITER_06] t=4.84/5.00s target_err=0.074086 max|dq|=0.012272
[WRIST_ITER_06_hold] active_home=0.073727 active_target=0.073727 inactive_hold=0.030276 stable=0.00/0.50
[WRIST_ITER_06_hold] active_home=0.073188 active_target=0.073188 inactive_hold=0.030427 stable=0.00/0.50
[WRIST_ITER_06_hold] active_home=0.072744 active_target=0.072744 inactive_hold=0.030548 stable=0.00/0.50
[WRIST_ITER_06_hold] active_home=0.072265 active_target=0.072265 inactive_hold=0.030760 stable=0.00/0.50
[WRIST_ITER_06_hold] active_home=0.071833 active_target=0.071833 inactive_hold=0.030927 stable=0.00/0.50
[WRIST_ITER_06_hold] active_home=0.071270 active_target=0.071270 inactive_hold=0.031108 stable=0.00/0.50
[WRIST_ITER_06_hold] active_home=0.070743 active_target=0.070743 inactive_hold=0.031093 stable=0.00/0.50
[WRIST_ITER_06_hold] active_home=0.070228 active_target=0.070228 inactive_hold=0.031199 stable=0.00/0.50

WRIST_ITER_06 RESULT
  HOME error before : 0.122707 rad
  HOME error after  : 0.069964 rad (left_wrist_pitch, -0.069964)
  Progress          : +0.052743 rad
  Micro-target err  : 0.069964 rad (left_wrist_pitch)
  Inactive hold err : 0.031275 rad (left_elbow)
  Stable at HOME    : False
  Final max |dq|    : 0.018408 rad/s
WRIST_ITER_06 = CONTINUE

WRIST_ITER_07 BEFORE: HOME error=0.069964 rad (left_wrist_pitch)
WRIST_ITER_07 TARGET: step=0.069964 rad (left_wrist_pitch), nominal remaining=0.000000 rad (left_wrist_roll)

========================================================================================================
TRAJECTORY START: WRIST_ITER_07
========================================================================================================
Duration       : 5.000s
Max joint delta: 0.069964 rad
Peak velocity  : 0.026236 rad/s
Peak accel     : 0.016157 rad/s^2
[WRIST_ITER_07] t=0.00/5.00s target_err=0.069964 max|dq|=0.018408
[WRIST_ITER_07] t=0.25/5.00s target_err=0.083458 max|dq|=0.021476
[WRIST_ITER_07] t=0.51/5.00s target_err=0.083482 max|dq|=0.024544
[WRIST_ITER_07] t=0.76/5.00s target_err=0.083434 max|dq|=0.009204
[WRIST_ITER_07] t=1.01/5.00s target_err=0.083314 max|dq|=0.036816
[WRIST_ITER_07] t=1.27/5.00s target_err=0.082559 max|dq|=0.012272
[WRIST_ITER_07] t=1.52/5.00s target_err=0.081349 max|dq|=0.009204
[WRIST_ITER_07] t=1.77/5.00s target_err=0.079384 max|dq|=0.024544
[WRIST_ITER_07] t=2.03/5.00s target_err=0.074230 max|dq|=0.006136
[WRIST_ITER_07] t=2.28/5.00s target_err=0.071989 max|dq|=0.024544
[WRIST_ITER_07] t=2.53/5.00s target_err=0.068861 max|dq|=0.018408
[WRIST_ITER_07] t=2.79/5.00s target_err=0.065853 max|dq|=0.018408
[WRIST_ITER_07] t=3.05/5.00s target_err=0.062869 max|dq|=0.012272
[WRIST_ITER_07] t=3.30/5.00s target_err=0.060676 max|dq|=0.009204
[WRIST_ITER_07] t=3.56/5.00s target_err=0.056506 max|dq|=0.049087
[WRIST_ITER_07] t=3.81/5.00s target_err=0.051556 max|dq|=0.036816
[WRIST_ITER_07] t=4.07/5.00s target_err=0.049004 max|dq|=0.024544
[WRIST_ITER_07] t=4.33/5.00s target_err=0.047482 max|dq|=0.015340
[WRIST_ITER_07] t=4.58/5.00s target_err=0.046834 max|dq|=0.024544
[WRIST_ITER_07] t=4.84/5.00s target_err=0.046511 max|dq|=0.021476
[WRIST_ITER_07_hold] active_home=0.046367 active_target=0.046367 inactive_hold=0.022813 stable=0.00/0.50
[WRIST_ITER_07_hold] active_home=0.046235 active_target=0.046235 inactive_hold=0.022828 stable=0.25/0.50
[WRIST_ITER_07_hold] active_home=0.046127 active_target=0.046127 inactive_hold=0.022843 stable=0.50/0.50
[WRIST_ITER_07_hold] active_home=0.046043 active_target=0.046043 inactive_hold=0.022858 stable=0.76/0.50
[WRIST_ITER_07_hold] active_home=0.045983 active_target=0.045983 inactive_hold=0.022874 stable=1.02/0.50
[WRIST_ITER_07_hold] active_home=0.045924 active_target=0.045924 inactive_hold=0.022858 stable=1.28/0.50
[WRIST_ITER_07_hold] active_home=0.045900 active_target=0.045900 inactive_hold=0.022874 stable=1.53/0.50
[WRIST_ITER_07_hold] active_home=0.045864 active_target=0.045864 inactive_hold=0.022858 stable=1.78/0.50

WRIST_ITER_07 RESULT
  HOME error before : 0.069964 rad
  HOME error after  : 0.045828 rad (left_wrist_pitch, -0.045828)
  Progress          : +0.024136 rad
  Micro-target err  : 0.045828 rad (left_wrist_pitch)
  Inactive hold err : 0.022874 rad (left_elbow)
  Stable at HOME    : True
  Final max |dq|    : 0.012272 rad/s
WRIST_READY = PASS
========================================================================================================

========================================================================================================
ADAPTIVE ARM RECOVERY
========================================================================================================
Stage delta       : 0.200000 rad
HOME threshold    : 0.050000 rad
Max iterations    : 6

ARM_ITER_01 BEFORE: HOME error=0.248429 rad (right_shoulder_yaw)
ARM_ITER_01 TARGET: step=0.200000 rad (right_shoulder_yaw), nominal remaining=0.048429 rad (right_shoulder_yaw)

========================================================================================================
TRAJECTORY START: ARM_ITER_01
========================================================================================================
Duration       : 7.000s
Max joint delta: 0.200000 rad
Peak velocity  : 0.053571 rad/s
Peak accel     : 0.023565 rad/s^2
[ARM_ITER_01] t=0.00/7.00s target_err=0.200000 max|dq|=0.012272
[ARM_ITER_01] t=0.25/7.00s target_err=0.200242 max|dq|=0.018408
[ARM_ITER_01] t=0.51/7.00s target_err=0.200136 max|dq|=0.006136
[ARM_ITER_01] t=0.76/7.00s target_err=0.199788 max|dq|=0.018408
[ARM_ITER_01] t=1.01/7.00s target_err=0.198955 max|dq|=0.021476
[ARM_ITER_01] t=1.27/7.00s target_err=0.196866 max|dq|=0.023252
[ARM_ITER_01] t=1.52/7.00s target_err=0.194626 max|dq|=0.023252
[ARM_ITER_01] t=1.77/7.00s target_err=0.189752 max|dq|=0.061359
[ARM_ITER_01] t=2.03/7.00s target_err=0.181713 max|dq|=0.046019
[ARM_ITER_01] t=2.28/7.00s target_err=0.173463 max|dq|=0.046504
[ARM_ITER_01] t=2.54/7.00s target_err=0.163578 max|dq|=0.046504
[ARM_ITER_01] t=2.80/7.00s target_err=0.146608 max|dq|=0.085903
[ARM_ITER_01] t=3.06/7.00s target_err=0.137147 max|dq|=0.092039
[ARM_ITER_01] t=3.32/7.00s target_err=0.121494 max|dq|=0.054254
[ARM_ITER_01] t=3.57/7.00s target_err=0.110762 max|dq|=0.100758
[ARM_ITER_01] t=3.82/7.00s target_err=0.095982 max|dq|=0.062005
[ARM_ITER_01] t=4.08/7.00s target_err=0.083021 max|dq|=0.082835
[ARM_ITER_01] t=4.33/7.00s target_err=0.073985 max|dq|=0.054254
[ARM_ITER_01] t=4.58/7.00s target_err=0.058968 max|dq|=0.055223
[ARM_ITER_01] t=4.84/7.00s target_err=0.055379 max|dq|=0.031003
[ARM_ITER_01] t=5.09/7.00s target_err=0.045948 max|dq|=0.031003
[ARM_ITER_01] t=5.34/7.00s target_err=0.038284 max|dq|=0.031003
[ARM_ITER_01] t=5.60/7.00s target_err=0.033855 max|dq|=0.049087
[ARM_ITER_01] t=5.85/7.00s target_err=0.026449 max|dq|=0.042951
[ARM_ITER_01] t=6.10/7.00s target_err=0.022321 max|dq|=0.030680
[ARM_ITER_01] t=6.36/7.00s target_err=0.020853 max|dq|=0.018408
[ARM_ITER_01] t=6.62/7.00s target_err=0.020181 max|dq|=0.012272
[ARM_ITER_01] t=6.87/7.00s target_err=0.019714 max|dq|=0.024544
[ARM_ITER_01_hold] active_home=0.054709 active_target=0.019642 inactive_hold=0.012500 stable=0.00/0.50
[ARM_ITER_01_hold] active_home=0.054663 active_target=0.019570 inactive_hold=0.012488 stable=0.00/0.50
[ARM_ITER_01_hold] active_home=0.054603 active_target=0.019528 inactive_hold=0.012512 stable=0.00/0.50
[ARM_ITER_01_hold] active_home=0.054542 active_target=0.019510 inactive_hold=0.012488 stable=0.00/0.50
[ARM_ITER_01_hold] active_home=0.054497 active_target=0.019492 inactive_hold=0.012500 stable=0.00/0.50
[ARM_ITER_01_hold] active_home=0.054451 active_target=0.019480 inactive_hold=0.012488 stable=0.00/0.50
[ARM_ITER_01_hold] active_home=0.054436 active_target=0.019468 inactive_hold=0.012500 stable=0.00/0.50
[ARM_ITER_01_hold] active_home=0.054406 active_target=0.019462 inactive_hold=0.012488 stable=0.00/0.50

ARM_ITER_01 RESULT
  HOME error before : 0.248429 rad
  HOME error after  : 0.054406 rad (right_shoulder_yaw, +0.054406)
  Progress          : +0.194023 rad
  Micro-target err  : 0.019462 rad (right_shoulder_pitch)
  Inactive hold err : 0.012488 rad (right_wrist_pitch)
  Stable at HOME    : False
  Final max |dq|    : 0.009204 rad/s
ARM_ITER_01 = CONTINUE

ARM_ITER_02 BEFORE: HOME error=0.054406 rad (right_shoulder_yaw)
ARM_ITER_02 TARGET: step=0.054406 rad (right_shoulder_yaw), nominal remaining=0.000000 rad (left_shoulder_pitch)

========================================================================================================
TRAJECTORY START: ARM_ITER_02
========================================================================================================
Duration       : 5.000s
Max joint delta: 0.054406 rad
Peak velocity  : 0.020402 rad/s
Peak accel     : 0.012564 rad/s^2
[ARM_ITER_02] t=0.00/5.00s target_err=0.054406 max|dq|=0.024544
[ARM_ITER_02] t=0.25/5.00s target_err=0.056116 max|dq|=0.007751
[ARM_ITER_02] t=0.50/5.00s target_err=0.056101 max|dq|=0.030680
[ARM_ITER_02] t=0.76/5.00s target_err=0.055965 max|dq|=0.007751
[ARM_ITER_02] t=1.01/5.00s target_err=0.055481 max|dq|=0.018408
[ARM_ITER_02] t=1.27/5.00s target_err=0.054073 max|dq|=0.012272
[ARM_ITER_02] t=1.52/5.00s target_err=0.050470 max|dq|=0.027612
[ARM_ITER_02] t=1.78/5.00s target_err=0.046458 max|dq|=0.015501
[ARM_ITER_02] t=2.04/5.00s target_err=0.044491 max|dq|=0.023252
[ARM_ITER_02] t=2.29/5.00s target_err=0.041629 max|dq|=0.012272
[ARM_ITER_02] t=2.55/5.00s target_err=0.038027 max|dq|=0.012272
[ARM_ITER_02] t=2.80/5.00s target_err=0.033682 max|dq|=0.018408
[ARM_ITER_02] t=3.05/5.00s target_err=0.028141 max|dq|=0.024544
[ARM_ITER_02] t=3.31/5.00s target_err=0.023615 max|dq|=0.015501
[ARM_ITER_02] t=3.57/5.00s target_err=0.020648 max|dq|=0.018408
[ARM_ITER_02] t=3.83/5.00s target_err=0.018995 max|dq|=0.015340
[ARM_ITER_02] t=4.09/5.00s target_err=0.018959 max|dq|=0.007751
[ARM_ITER_02] t=4.34/5.00s target_err=0.018809 max|dq|=0.007751
[ARM_ITER_02] t=4.59/5.00s target_err=0.018540 max|dq|=0.024544
[ARM_ITER_02] t=4.85/5.00s target_err=0.018480 max|dq|=0.012272
[ARM_ITER_02_hold] active_home=0.018336 active_target=0.018336 inactive_hold=0.005812 stable=0.00/0.50
[ARM_ITER_02_hold] active_home=0.018150 active_target=0.018150 inactive_hold=0.005812 stable=0.25/0.50
[ARM_ITER_02_hold] active_home=0.018072 active_target=0.018072 inactive_hold=0.005788 stable=0.50/0.50
[ARM_ITER_02_hold] active_home=0.018054 active_target=0.018054 inactive_hold=0.005800 stable=0.76/0.50
[ARM_ITER_02_hold] active_home=0.018042 active_target=0.018042 inactive_hold=0.005800 stable=1.02/0.50
[ARM_ITER_02_hold] active_home=0.018036 active_target=0.018036 inactive_hold=0.005812 stable=1.27/0.50
[ARM_ITER_02_hold] active_home=0.018024 active_target=0.018024 inactive_hold=0.005800 stable=1.52/0.50
[ARM_ITER_02_hold] active_home=0.018024 active_target=0.018024 inactive_hold=0.005800 stable=1.78/0.50

ARM_ITER_02 RESULT
  HOME error before : 0.054406 rad
  HOME error after  : 0.018024 rad (right_shoulder_pitch, +0.018024)
  Progress          : +0.036382 rad
  Micro-target err  : 0.018024 rad (right_shoulder_pitch)
  Inactive hold err : 0.005812 rad (right_wrist_yaw)
  Stable at HOME    : True
  Final max |dq|    : 0.015501 rad/s
ARM_READY = PASS
========================================================================================================

========================================================================================================
TRAJECTORY START: FINAL_HOME
========================================================================================================
Duration       : 8.000s
Max joint delta: 0.045228 rad
Peak velocity  : 0.010600 rad/s
Peak accel     : 0.004080 rad/s^2
[FINAL_HOME] t=0.00/8.00s target_err=0.045228 max|dq|=0.015501
[FINAL_HOME] t=0.25/8.00s target_err=0.045456 max|dq|=0.015340
[FINAL_HOME] t=0.51/8.00s target_err=0.045456 max|dq|=0.012272
[FINAL_HOME] t=0.76/8.00s target_err=0.045444 max|dq|=0.018408
[FINAL_HOME] t=1.02/8.00s target_err=0.045252 max|dq|=0.024544
[FINAL_HOME] t=1.28/8.00s target_err=0.044941 max|dq|=0.018408
[FINAL_HOME] t=1.53/8.00s target_err=0.044318 max|dq|=0.021476
[FINAL_HOME] t=1.79/8.00s target_err=0.043802 max|dq|=0.012272
[FINAL_HOME] t=2.05/8.00s target_err=0.043263 max|dq|=0.018408
[FINAL_HOME] t=2.31/8.00s target_err=0.042652 max|dq|=0.015501
[FINAL_HOME] t=2.56/8.00s target_err=0.041885 max|dq|=0.012272
[FINAL_HOME] t=2.82/8.00s target_err=0.040734 max|dq|=0.007751
[FINAL_HOME] t=3.08/8.00s target_err=0.040291 max|dq|=0.018408
[FINAL_HOME] t=3.34/8.00s target_err=0.040051 max|dq|=0.012272
[FINAL_HOME] t=3.59/8.00s target_err=0.039668 max|dq|=0.012272
[FINAL_HOME] t=3.85/8.00s target_err=0.038637 max|dq|=0.012272
[FINAL_HOME] t=4.11/8.00s target_err=0.037642 max|dq|=0.018408
[FINAL_HOME] t=4.36/8.00s target_err=0.036240 max|dq|=0.015501
[FINAL_HOME] t=4.62/8.00s target_err=0.035258 max|dq|=0.024544
[FINAL_HOME] t=4.88/8.00s target_err=0.034239 max|dq|=0.018408
[FINAL_HOME] t=5.13/8.00s target_err=0.032849 max|dq|=0.030680
[FINAL_HOME] t=5.39/8.00s target_err=0.029745 max|dq|=0.018408
[FINAL_HOME] t=5.64/8.00s target_err=0.028726 max|dq|=0.012272
[FINAL_HOME] t=5.90/8.00s target_err=0.027863 max|dq|=0.030680
[FINAL_HOME] t=6.16/8.00s target_err=0.026821 max|dq|=0.015501
[FINAL_HOME] t=6.42/8.00s target_err=0.025574 max|dq|=0.015501
[FINAL_HOME] t=6.67/8.00s target_err=0.024400 max|dq|=0.024544
[FINAL_HOME] t=6.93/8.00s target_err=0.023825 max|dq|=0.007751
[FINAL_HOME] t=7.18/8.00s target_err=0.023489 max|dq|=0.012272
[FINAL_HOME] t=7.43/8.00s target_err=0.023261 max|dq|=0.015501
[FINAL_HOME] t=7.68/8.00s target_err=0.023070 max|dq|=0.012272
[FINAL_HOME] t=7.93/8.00s target_err=0.022950 max|dq|=0.012272
[FINAL_HOME_hold] max_err=0.022914 best=0.022914 stable=0.00/1.00
[FINAL_HOME_hold] max_err=0.022818 best=0.022818 stable=0.25/1.00
[FINAL_HOME_hold] max_err=0.022734 best=0.022734 stable=0.50/1.00
[FINAL_HOME_hold] max_err=0.022674 best=0.022674 stable=0.76/1.00
[FINAL_HOME_hold] max_err=0.022614 best=0.022614 stable=1.02/1.00
[FINAL_HOME_hold] max_err=0.022578 best=0.022578 stable=1.27/1.00
[FINAL_HOME_hold] max_err=0.022506 best=0.022506 stable=1.53/1.00
[FINAL_HOME_hold] max_err=0.022446 best=0.022446 stable=1.79/1.00
[FINAL_HOME_hold] max_err=0.022387 best=0.022387 stable=2.04/1.00
[FINAL_HOME_hold] max_err=0.022327 best=0.022327 stable=2.30/1.00
[FINAL_HOME_hold] max_err=0.022291 best=0.022279 stable=2.55/1.00
[FINAL_HOME_hold] max_err=0.022231 best=0.022231 stable=2.80/1.00
[FINAL_HOME_hold] max_err=0.022171 best=0.022171 stable=3.06/1.00
[FINAL_HOME_hold] max_err=0.022159 best=0.022135 stable=3.32/1.00
[FINAL_HOME_hold] max_err=0.022111 best=0.022099 stable=3.57/1.00
[FINAL_HOME_hold] max_err=0.022063 best=0.022051 stable=3.83/1.00
[FINAL_HOME_hold] max_err=0.022051 best=0.022051 stable=4.08/1.00
[FINAL_HOME_hold] max_err=0.022015 best=0.022015 stable=4.34/1.00
[FINAL_HOME_hold] max_err=0.021991 best=0.021979 stable=4.60/1.00
[FINAL_HOME_hold] max_err=0.021955 best=0.021955 stable=4.86/1.00

========================================================================================================
FINAL_HOME RESULT
========================================================================================================
MAX error      : 0.021931 rad (1.257 deg)
Worst          : right_wrist_pitch
Best hold error: 0.021943 rad
Stable reached : True
Final max |dq| : 0.018408 rad/s

left_shoulder_pitch          target=-0.094586 final=-0.080941 error=+0.013644
left_shoulder_roll           target=-0.005776 final=-0.011942 error=-0.006166
left_shoulder_yaw            target=+0.183094 final=+0.180021 error=-0.003073
left_elbow                   target=+1.197247 final=+1.196187 error=-0.001060
left_wrist_roll              target=-0.080065 final=-0.076341 error=+0.003724
left_wrist_pitch             target=-0.892441 final=-0.905181 error=-0.012739
left_wrist_yaw               target=-0.177546 final=-0.181249 error=-0.003703
right_shoulder_pitch         target=-0.161583 final=-0.143907 error=+0.017677
right_shoulder_roll          target=+0.034586 final=+0.045019 error=+0.010432
right_shoulder_yaw           target=-0.180944 final=-0.173315 error=+0.007630
right_elbow                  target=+1.037027 final=+1.036149 error=-0.000878
right_wrist_roll             target=+0.003240 final=+0.003376 error=+0.000136
right_wrist_pitch            target=-0.529775 final=-0.551706 error=-0.021931
right_wrist_yaw              target=+0.114893 final=+0.126769 error=+0.011876

FINAL_HOME = PASS
AUTO_HOME_READY = PASS
========================================================================================================
LowCmd gains released.
