
========================================================================================================
R1-A7 AUTO-HOME V2 ADAPTIVE RECOVERY PRE-FLIGHT
========================================================================================================
Lowstate age             : 0.000511s [PASS]
Max initial |dq|         : 0.012272 rad/s [PASS]
Current joint limits     : PASS
HOME joint limits        : PASS
MotionSwitcher           : PASS
  status                 : 0
  result                 : {'form': '0', 'name': ''}

Global HOME error        : 0.540956 rad
Wrist HOME error         : 0.540956 rad (left_wrist_pitch)
Arm HOME error           : 0.464281 rad (left_elbow)
Direct HOME threshold    : 0.350000 rad
Recovery mode            : ADAPTIVE RECOVERY

Wrist stage delta        : 0.150000 rad
Arm stage delta          : 0.200000 rad
Recovery threshold       : 0.050000 rad
Nominal wrist iterations : 4 / max 8
Nominal arm iterations   : 3 / max 6
Iteration budget         : PASS

First-step trajectory preview:
  WRIST_ITER_01      duration= 5.50s max_delta=0.150000 peak_v=0.051136 peak_a=0.028629 max_step=0.000511
  ARM_ITER_01        duration= 7.00s max_delta=0.200000 peak_v=0.053571 peak_a=0.023565 max_step=0.000536
First-step checks        : PASS

Arm gains:
  shoulder pitch         : kp=100.0, kd=3.5
  shoulder roll/yaw/elbow: kp=80.0, kd=3.0
  wrist pitch            : kp=60.0, kd=2.0
  wrist roll/yaw         : kp=40.0, kd=1.5

PRE_FLIGHT = PASS
ROBOT_COMMAND_PUBLISHED = FALSE
========================================================================================================

========================================================================================================
REAL ROBOT AUTO-HOME V2 ARMED
========================================================================================================
Initial global HOME error : 0.540956 rad
Mode                      : ADAPTIVE RECOVERY
LowCmd will remain active until completion or abort.

Type RECOVER HOME V2 exactly to continue.
> 
Starting in 3 seconds...
3
2
1

========================================================================================================
LOWCMD ZERO-DISPLACEMENT TAKEOVER TEST
========================================================================================================
Takeover max drift : 0.000348 rad
Final max |dq|     : 0.018408 rad/s
TAKEOVER_TEST = PASS
========================================================================================================

POST-TAKEOVER V2 DECISION
Global HOME error : 0.545594 rad
Mode              : ADAPTIVE RECOVERY

========================================================================================================
ADAPTIVE WRIST RECOVERY
========================================================================================================
Stage delta       : 0.150000 rad
HOME threshold    : 0.050000 rad
Max iterations    : 8

WRIST_ITER_01 BEFORE: HOME error=0.545594 rad (left_wrist_pitch)
WRIST_ITER_01 TARGET: step=0.150000 rad (right_wrist_pitch), nominal remaining=0.395594 rad (left_wrist_pitch)

========================================================================================================
TRAJECTORY START: WRIST_ITER_01
========================================================================================================
Duration       : 5.500s
Max joint delta: 0.150000 rad
Peak velocity  : 0.051136 rad/s
Peak accel     : 0.028629 rad/s^2
[WRIST_ITER_01] t=0.00/5.50s target_err=0.150000 max|dq|=0.018408
[WRIST_ITER_01] t=0.25/5.50s target_err=0.150000 max|dq|=0.012272
[WRIST_ITER_01] t=0.51/5.50s target_err=0.149988 max|dq|=0.021476
[WRIST_ITER_01] t=0.76/5.50s target_err=0.149940 max|dq|=0.024544
[WRIST_ITER_01] t=1.01/5.50s target_err=0.149581 max|dq|=0.042951
[WRIST_ITER_01] t=1.27/5.50s target_err=0.149089 max|dq|=0.036816
[WRIST_ITER_01] t=1.53/5.50s target_err=0.148490 max|dq|=0.018408
[WRIST_ITER_01] t=1.78/5.50s target_err=0.144619 max|dq|=0.036816
[WRIST_ITER_01] t=2.04/5.50s target_err=0.139598 max|dq|=0.100758
[WRIST_ITER_01] t=2.30/5.50s target_err=0.133953 max|dq|=0.036816
[WRIST_ITER_01] t=2.55/5.50s target_err=0.126499 max|dq|=0.030680
[WRIST_ITER_01] t=2.81/5.50s target_err=0.117427 max|dq|=0.104311
[WRIST_ITER_01] t=3.07/5.50s target_err=0.108487 max|dq|=0.061359
[WRIST_ITER_01] t=3.33/5.50s target_err=0.102626 max|dq|=0.049087
[WRIST_ITER_01] t=3.59/5.50s target_err=0.099175 max|dq|=0.049087
[WRIST_ITER_01] t=3.84/5.50s target_err=0.096874 max|dq|=0.024544
[WRIST_ITER_01] t=4.10/5.50s target_err=0.094945 max|dq|=0.055223
[WRIST_ITER_01] t=4.35/5.50s target_err=0.092787 max|dq|=0.030680
[WRIST_ITER_01] t=4.60/5.50s target_err=0.091637 max|dq|=0.046504
[WRIST_ITER_01] t=4.86/5.50s target_err=0.091062 max|dq|=0.009204
[WRIST_ITER_01] t=5.11/5.50s target_err=0.090510 max|dq|=0.030680
[WRIST_ITER_01] t=5.36/5.50s target_err=0.089120 max|dq|=0.018408
[WRIST_ITER_01_hold] active_home=0.484175 active_target=0.088581 inactive_hold=0.026915 stable=0.00/0.50
[WRIST_ITER_01_hold] active_home=0.483659 active_target=0.088066 inactive_hold=0.026976 stable=0.00/0.50
[WRIST_ITER_01_hold] active_home=0.483372 active_target=0.087778 inactive_hold=0.027006 stable=0.00/0.50
[WRIST_ITER_01_hold] active_home=0.483120 active_target=0.087526 inactive_hold=0.027036 stable=0.00/0.50
[WRIST_ITER_01_hold] active_home=0.482976 active_target=0.087382 inactive_hold=0.027021 stable=0.00/0.50
[WRIST_ITER_01_hold] active_home=0.482868 active_target=0.087275 inactive_hold=0.027021 stable=0.00/0.50
[WRIST_ITER_01_hold] active_home=0.482785 active_target=0.087191 inactive_hold=0.027021 stable=0.00/0.50
[WRIST_ITER_01_hold] active_home=0.482713 active_target=0.087119 inactive_hold=0.027021 stable=0.00/0.50

WRIST_ITER_01 RESULT
  HOME error before : 0.545594 rad
  HOME error after  : 0.482653 rad (left_wrist_pitch, -0.482653)
  Progress          : +0.062941 rad
  Micro-target err  : 0.087059 rad (left_wrist_pitch)
  Inactive hold err : 0.027036 rad (right_elbow)
  Stable at HOME    : False
  Final max |dq|    : 0.012272 rad/s
WRIST_ITER_01 = CONTINUE

WRIST_ITER_02 BEFORE: HOME error=0.482653 rad (left_wrist_pitch)
WRIST_ITER_02 TARGET: step=0.150000 rad (right_wrist_pitch), nominal remaining=0.332653 rad (left_wrist_pitch)

========================================================================================================
TRAJECTORY START: WRIST_ITER_02
========================================================================================================
Duration       : 5.500s
Max joint delta: 0.150000 rad
Peak velocity  : 0.051136 rad/s
Peak accel     : 0.028629 rad/s^2
[WRIST_ITER_02] t=0.00/5.50s target_err=0.150012 max|dq|=0.012272
[WRIST_ITER_02] t=0.25/5.50s target_err=0.159252 max|dq|=0.015340
[WRIST_ITER_02] t=0.50/5.50s target_err=0.159264 max|dq|=0.018408
[WRIST_ITER_02] t=0.76/5.50s target_err=0.159180 max|dq|=0.018408
[WRIST_ITER_02] t=1.02/5.50s target_err=0.158988 max|dq|=0.018408
[WRIST_ITER_02] t=1.28/5.50s target_err=0.158665 max|dq|=0.015340
[WRIST_ITER_02] t=1.54/5.50s target_err=0.157550 max|dq|=0.012272
[WRIST_ITER_02] t=1.79/5.50s target_err=0.153691 max|dq|=0.030680
[WRIST_ITER_02] t=2.04/5.50s target_err=0.149113 max|dq|=0.031003
[WRIST_ITER_02] t=2.30/5.50s target_err=0.144931 max|dq|=0.055223
[WRIST_ITER_02] t=2.56/5.50s target_err=0.138603 max|dq|=0.036816
[WRIST_ITER_02] t=2.81/5.50s target_err=0.129411 max|dq|=0.024544
[WRIST_ITER_02] t=3.07/5.50s target_err=0.125384 max|dq|=0.024544
[WRIST_ITER_02] t=3.33/5.50s target_err=0.122928 max|dq|=0.015501
[WRIST_ITER_02] t=3.58/5.50s target_err=0.121849 max|dq|=0.024544
[WRIST_ITER_02] t=3.84/5.50s target_err=0.121394 max|dq|=0.012272
[WRIST_ITER_02] t=4.09/5.50s target_err=0.121202 max|dq|=0.024544
[WRIST_ITER_02] t=4.34/5.50s target_err=0.121094 max|dq|=0.015501
[WRIST_ITER_02] t=4.60/5.50s target_err=0.120986 max|dq|=0.012272
[WRIST_ITER_02] t=4.85/5.50s target_err=0.120878 max|dq|=0.018408
[WRIST_ITER_02] t=5.10/5.50s target_err=0.120806 max|dq|=0.018408
[WRIST_ITER_02] t=5.36/5.50s target_err=0.120759 max|dq|=0.024544
[WRIST_ITER_02_hold] active_home=0.453375 active_target=0.120723 inactive_hold=0.027627 stable=0.00/0.50
[WRIST_ITER_02_hold] active_home=0.453315 active_target=0.120663 inactive_hold=0.027687 stable=0.00/0.50
[WRIST_ITER_02_hold] active_home=0.453267 active_target=0.120615 inactive_hold=0.027778 stable=0.00/0.50
[WRIST_ITER_02_hold] active_home=0.453207 active_target=0.120555 inactive_hold=0.027975 stable=0.00/0.50
[WRIST_ITER_02_hold] active_home=0.453136 active_target=0.120483 inactive_hold=0.028157 stable=0.00/0.50
[WRIST_ITER_02_hold] active_home=0.453076 active_target=0.120423 inactive_hold=0.028762 stable=0.00/0.50
[WRIST_ITER_02_hold] active_home=0.453040 active_target=0.120387 inactive_hold=0.029065 stable=0.00/0.50
[WRIST_ITER_02_hold] active_home=0.452992 active_target=0.120339 inactive_hold=0.029231 stable=0.00/0.50

WRIST_ITER_02 RESULT
  HOME error before : 0.482653 rad
  HOME error after  : 0.452956 rad (left_wrist_pitch, -0.452956)
  Progress          : +0.029697 rad
  Micro-target err  : 0.120303 rad (left_wrist_pitch)
  Inactive hold err : 0.029307 rad (right_elbow)
  Stable at HOME    : False
  Final max |dq|    : 0.030680 rad/s
WRIST_ITER_02 = CONTINUE

WRIST_ITER_03 BEFORE: HOME error=0.452956 rad (left_wrist_pitch)
WRIST_ITER_03 TARGET: step=0.150000 rad (left_wrist_pitch), nominal remaining=0.302956 rad (left_wrist_pitch)

========================================================================================================
TRAJECTORY START: WRIST_ITER_03
========================================================================================================
Duration       : 5.500s
Max joint delta: 0.150000 rad
Peak velocity  : 0.051136 rad/s
Peak accel     : 0.028629 rad/s^2
[WRIST_ITER_03] t=0.00/5.50s target_err=0.150000 max|dq|=0.030680
[WRIST_ITER_03] t=0.25/5.50s target_err=0.158617 max|dq|=0.021476
[WRIST_ITER_03] t=0.51/5.50s target_err=0.158581 max|dq|=0.021476
[WRIST_ITER_03] t=0.76/5.50s target_err=0.158497 max|dq|=0.018408
[WRIST_ITER_03] t=1.02/5.50s target_err=0.158113 max|dq|=0.018408
[WRIST_ITER_03] t=1.27/5.50s target_err=0.156999 max|dq|=0.024544
[WRIST_ITER_03] t=1.52/5.50s target_err=0.154913 max|dq|=0.024544
[WRIST_ITER_03] t=1.78/5.50s target_err=0.152061 max|dq|=0.024544
[WRIST_ITER_03] t=2.03/5.50s target_err=0.149712 max|dq|=0.012272
[WRIST_ITER_03] t=2.29/5.50s target_err=0.144391 max|dq|=0.018408
[WRIST_ITER_03] t=2.55/5.50s target_err=0.137752 max|dq|=0.036816
[WRIST_ITER_03] t=2.80/5.50s target_err=0.129375 max|dq|=0.030680
[WRIST_ITER_03] t=3.06/5.50s target_err=0.121621 max|dq|=0.055223
[WRIST_ITER_03] t=3.31/5.50s target_err=0.118925 max|dq|=0.036816
[WRIST_ITER_03] t=3.57/5.50s target_err=0.118038 max|dq|=0.018408
[WRIST_ITER_03] t=3.82/5.50s target_err=0.117762 max|dq|=0.049087
[WRIST_ITER_03] t=4.08/5.50s target_err=0.117523 max|dq|=0.024544
[WRIST_ITER_03] t=4.33/5.50s target_err=0.117343 max|dq|=0.009204
[WRIST_ITER_03] t=4.58/5.50s target_err=0.117259 max|dq|=0.052155
[WRIST_ITER_03] t=4.84/5.50s target_err=0.117151 max|dq|=0.012272
[WRIST_ITER_03] t=5.10/5.50s target_err=0.117043 max|dq|=0.015501
[WRIST_ITER_03] t=5.35/5.50s target_err=0.116959 max|dq|=0.012272
[WRIST_ITER_03_hold] active_home=0.419891 active_target=0.116936 inactive_hold=0.032426 stable=0.00/0.50
[WRIST_ITER_03_hold] active_home=0.419831 active_target=0.116876 inactive_hold=0.032441 stable=0.00/0.50
[WRIST_ITER_03_hold] active_home=0.419760 active_target=0.116804 inactive_hold=0.032441 stable=0.00/0.50
[WRIST_ITER_03_hold] active_home=0.419712 active_target=0.116756 inactive_hold=0.032426 stable=0.00/0.50
[WRIST_ITER_03_hold] active_home=0.419676 active_target=0.116720 inactive_hold=0.032410 stable=0.00/0.50
[WRIST_ITER_03_hold] active_home=0.419640 active_target=0.116684 inactive_hold=0.032426 stable=0.00/0.50
[WRIST_ITER_03_hold] active_home=0.419604 active_target=0.116648 inactive_hold=0.032426 stable=0.00/0.50
[WRIST_ITER_03_hold] active_home=0.419568 active_target=0.116612 inactive_hold=0.032441 stable=0.00/0.50

WRIST_ITER_03 RESULT
  HOME error before : 0.452956 rad
  HOME error after  : 0.419556 rad (left_wrist_pitch, -0.419556)
  Progress          : +0.033400 rad
  Micro-target err  : 0.116600 rad (left_wrist_pitch)
  Inactive hold err : 0.032426 rad (right_elbow)
  Stable at HOME    : False
  Final max |dq|    : 0.018408 rad/s
WRIST_ITER_03 = CONTINUE

WRIST_ITER_04 BEFORE: HOME error=0.419556 rad (left_wrist_pitch)
WRIST_ITER_04 TARGET: step=0.150000 rad (left_wrist_pitch), nominal remaining=0.269556 rad (left_wrist_pitch)

========================================================================================================
TRAJECTORY START: WRIST_ITER_04
========================================================================================================
Duration       : 5.500s
Max joint delta: 0.150000 rad
Peak velocity  : 0.051136 rad/s
Peak accel     : 0.028629 rad/s^2
[WRIST_ITER_04] t=0.00/5.50s target_err=0.149976 max|dq|=0.015501
[WRIST_ITER_04] t=0.25/5.50s target_err=0.160786 max|dq|=0.012272
[WRIST_ITER_04] t=0.51/5.50s target_err=0.160798 max|dq|=0.007751
[WRIST_ITER_04] t=0.77/5.50s target_err=0.160714 max|dq|=0.012272
[WRIST_ITER_04] t=1.03/5.50s target_err=0.160318 max|dq|=0.018408
[WRIST_ITER_04] t=1.29/5.50s target_err=0.158808 max|dq|=0.024544
[WRIST_ITER_04] t=1.55/5.50s target_err=0.156232 max|dq|=0.024544
[WRIST_ITER_04] t=1.81/5.50s target_err=0.152301 max|dq|=0.023252
[WRIST_ITER_04] t=2.06/5.50s target_err=0.148790 max|dq|=0.018408
[WRIST_ITER_04] t=2.32/5.50s target_err=0.145098 max|dq|=0.007751
[WRIST_ITER_04] t=2.57/5.50s target_err=0.140089 max|dq|=0.018408
[WRIST_ITER_04] t=2.83/5.50s target_err=0.135931 max|dq|=0.018408
[WRIST_ITER_04] t=3.09/5.50s target_err=0.129819 max|dq|=0.018408
[WRIST_ITER_04] t=3.35/5.50s target_err=0.126954 max|dq|=0.024544
[WRIST_ITER_04] t=3.61/5.50s target_err=0.126056 max|dq|=0.018408
[WRIST_ITER_04] t=3.86/5.50s target_err=0.125768 max|dq|=0.024544
[WRIST_ITER_04] t=4.12/5.50s target_err=0.125516 max|dq|=0.015501
[WRIST_ITER_04] t=4.37/5.50s target_err=0.125289 max|dq|=0.024544
[WRIST_ITER_04] t=4.63/5.50s target_err=0.125133 max|dq|=0.024544
[WRIST_ITER_04] t=4.88/5.50s target_err=0.124953 max|dq|=0.030680
[WRIST_ITER_04] t=5.14/5.50s target_err=0.124797 max|dq|=0.012272
[WRIST_ITER_04] t=5.40/5.50s target_err=0.124653 max|dq|=0.012272
[WRIST_ITER_04_hold] active_home=0.394161 active_target=0.124605 inactive_hold=0.023827 stable=0.00/0.50
[WRIST_ITER_04_hold] active_home=0.394089 active_target=0.124534 inactive_hold=0.023827 stable=0.00/0.50
[WRIST_ITER_04_hold] active_home=0.394029 active_target=0.124474 inactive_hold=0.023857 stable=0.00/0.50
[WRIST_ITER_04_hold] active_home=0.393981 active_target=0.124426 inactive_hold=0.023872 stable=0.00/0.50
[WRIST_ITER_04_hold] active_home=0.393921 active_target=0.124366 inactive_hold=0.023888 stable=0.00/0.50
[WRIST_ITER_04_hold] active_home=0.393874 active_target=0.124318 inactive_hold=0.023903 stable=0.00/0.50
[WRIST_ITER_04_hold] active_home=0.393838 active_target=0.124282 inactive_hold=0.023933 stable=0.00/0.50
[WRIST_ITER_04_hold] active_home=0.393814 active_target=0.124258 inactive_hold=0.023948 stable=0.00/0.50

WRIST_ITER_04 RESULT
  HOME error before : 0.419556 rad
  HOME error after  : 0.393778 rad (left_wrist_pitch, -0.393778)
  Progress          : +0.025778 rad
  Micro-target err  : 0.124222 rad (left_wrist_pitch)
  Inactive hold err : 0.023963 rad (left_elbow)
  Stable at HOME    : False
  Final max |dq|    : 0.018408 rad/s
WRIST_ITER_04 = CONTINUE

WRIST_ITER_05 BEFORE: HOME error=0.393778 rad (left_wrist_pitch)
WRIST_ITER_05 TARGET: step=0.150000 rad (left_wrist_pitch), nominal remaining=0.243778 rad (left_wrist_pitch)

========================================================================================================
TRAJECTORY START: WRIST_ITER_05
========================================================================================================
Duration       : 5.500s
Max joint delta: 0.150000 rad
Peak velocity  : 0.051136 rad/s
Peak accel     : 0.028629 rad/s^2
[WRIST_ITER_05] t=0.00/5.50s target_err=0.150000 max|dq|=0.018408
[WRIST_ITER_05] t=0.25/5.50s target_err=0.160007 max|dq|=0.027612
[WRIST_ITER_05] t=0.50/5.50s target_err=0.159935 max|dq|=0.012272
[WRIST_ITER_05] t=0.76/5.50s target_err=0.159815 max|dq|=0.012272
[WRIST_ITER_05] t=1.01/5.50s target_err=0.158964 max|dq|=0.027612
[WRIST_ITER_05] t=1.27/5.50s target_err=0.156987 max|dq|=0.024544
[WRIST_ITER_05] t=1.52/5.50s target_err=0.154326 max|dq|=0.012272
[WRIST_ITER_05] t=1.78/5.50s target_err=0.151234 max|dq|=0.012272
[WRIST_ITER_05] t=2.04/5.50s target_err=0.147435 max|dq|=0.018408
[WRIST_ITER_05] t=2.30/5.50s target_err=0.144056 max|dq|=0.018408
[WRIST_ITER_05] t=2.55/5.50s target_err=0.140053 max|dq|=0.018408
[WRIST_ITER_05] t=2.80/5.50s target_err=0.134516 max|dq|=0.024544
[WRIST_ITER_05] t=3.06/5.50s target_err=0.131436 max|dq|=0.015501
[WRIST_ITER_05] t=3.32/5.50s target_err=0.129819 max|dq|=0.012272
[WRIST_ITER_05] t=3.57/5.50s target_err=0.127937 max|dq|=0.027612
[WRIST_ITER_05] t=3.83/5.50s target_err=0.126139 max|dq|=0.012272
[WRIST_ITER_05] t=4.09/5.50s target_err=0.125636 max|dq|=0.015501
[WRIST_ITER_05] t=4.34/5.50s target_err=0.125456 max|dq|=0.018408
[WRIST_ITER_05] t=4.60/5.50s target_err=0.125193 max|dq|=0.018408
[WRIST_ITER_05] t=4.86/5.50s target_err=0.124893 max|dq|=0.021476
[WRIST_ITER_05] t=5.12/5.50s target_err=0.124677 max|dq|=0.009204
[WRIST_ITER_05] t=5.37/5.50s target_err=0.124498 max|dq|=0.007751
[WRIST_ITER_05_hold] active_home=0.368191 active_target=0.124414 inactive_hold=0.023797 stable=0.00/0.50
[WRIST_ITER_05_hold] active_home=0.368036 active_target=0.124258 inactive_hold=0.023797 stable=0.00/0.50
[WRIST_ITER_05_hold] active_home=0.367892 active_target=0.124114 inactive_hold=0.023812 stable=0.00/0.50
[WRIST_ITER_05_hold] active_home=0.367760 active_target=0.123982 inactive_hold=0.023797 stable=0.00/0.50
[WRIST_ITER_05_hold] active_home=0.367652 active_target=0.123874 inactive_hold=0.023797 stable=0.00/0.50
[WRIST_ITER_05_hold] active_home=0.367520 active_target=0.123742 inactive_hold=0.023812 stable=0.00/0.50
[WRIST_ITER_05_hold] active_home=0.367472 active_target=0.123695 inactive_hold=0.023812 stable=0.00/0.50
[WRIST_ITER_05_hold] active_home=0.367400 active_target=0.123623 inactive_hold=0.023812 stable=0.00/0.50

WRIST_ITER_05 RESULT
  HOME error before : 0.393778 rad
  HOME error after  : 0.367340 rad (left_wrist_pitch, -0.367340)
  Progress          : +0.026437 rad
  Micro-target err  : 0.123563 rad (left_wrist_pitch)
  Inactive hold err : 0.023812 rad (left_elbow)
  Stable at HOME    : False
  Final max |dq|    : 0.009204 rad/s
WRIST_ITER_05 = CONTINUE

WRIST_ITER_06 BEFORE: HOME error=0.367340 rad (left_wrist_pitch)
WRIST_ITER_06 TARGET: step=0.150000 rad (left_wrist_pitch), nominal remaining=0.217340 rad (left_wrist_pitch)

========================================================================================================
TRAJECTORY START: WRIST_ITER_06
========================================================================================================
Duration       : 5.500s
Max joint delta: 0.150000 rad
Peak velocity  : 0.051136 rad/s
Peak accel     : 0.028629 rad/s^2
[WRIST_ITER_06] t=0.00/5.50s target_err=0.150012 max|dq|=0.027612
[WRIST_ITER_06] t=0.25/5.50s target_err=0.160055 max|dq|=0.030680
[WRIST_ITER_06] t=0.51/5.50s target_err=0.160139 max|dq|=0.012272
[WRIST_ITER_06] t=0.77/5.50s target_err=0.160067 max|dq|=0.018408
[WRIST_ITER_06] t=1.03/5.50s target_err=0.159623 max|dq|=0.018408
[WRIST_ITER_06] t=1.28/5.50s target_err=0.158269 max|dq|=0.012272
[WRIST_ITER_06] t=1.53/5.50s target_err=0.156292 max|dq|=0.021476
[WRIST_ITER_06] t=1.78/5.50s target_err=0.152493 max|dq|=0.030680
[WRIST_ITER_06] t=2.04/5.50s target_err=0.149796 max|dq|=0.018408
[WRIST_ITER_06] t=2.30/5.50s target_err=0.145590 max|dq|=0.015501
[WRIST_ITER_06] t=2.55/5.50s target_err=0.140748 max|dq|=0.018408
[WRIST_ITER_06] t=2.80/5.50s target_err=0.131964 max|dq|=0.036816
[WRIST_ITER_06] t=3.06/5.50s target_err=0.127661 max|dq|=0.055223
[WRIST_ITER_06] t=3.31/5.50s target_err=0.122952 max|dq|=0.012272
[WRIST_ITER_06] t=3.57/5.50s target_err=0.119261 max|dq|=0.036816
[WRIST_ITER_06] t=3.83/5.50s target_err=0.117930 max|dq|=0.018408
[WRIST_ITER_06] t=4.09/5.50s target_err=0.117235 max|dq|=0.009204
[WRIST_ITER_06] t=4.35/5.50s target_err=0.116624 max|dq|=0.018408
[WRIST_ITER_06] t=4.61/5.50s target_err=0.116205 max|dq|=0.027612
[WRIST_ITER_06] t=4.87/5.50s target_err=0.115737 max|dq|=0.024544
[WRIST_ITER_06] t=5.12/5.50s target_err=0.115390 max|dq|=0.007751
[WRIST_ITER_06] t=5.38/5.50s target_err=0.115150 max|dq|=0.012272
[WRIST_ITER_06_hold] active_home=0.332371 active_target=0.115030 inactive_hold=0.025553 stable=0.00/0.50
[WRIST_ITER_06_hold] active_home=0.332167 active_target=0.114826 inactive_hold=0.025629 stable=0.00/0.50
[WRIST_ITER_06_hold] active_home=0.332011 active_target=0.114671 inactive_hold=0.025704 stable=0.00/0.50
[WRIST_ITER_06_hold] active_home=0.331915 active_target=0.114575 inactive_hold=0.025765 stable=0.00/0.50
[WRIST_ITER_06_hold] active_home=0.331831 active_target=0.114491 inactive_hold=0.025795 stable=0.00/0.50
[WRIST_ITER_06_hold] active_home=0.331759 active_target=0.114419 inactive_hold=0.025795 stable=0.00/0.50
[WRIST_ITER_06_hold] active_home=0.331723 active_target=0.114383 inactive_hold=0.025795 stable=0.00/0.50
[WRIST_ITER_06_hold] active_home=0.331675 active_target=0.114335 inactive_hold=0.025825 stable=0.00/0.50

WRIST_ITER_06 RESULT
  HOME error before : 0.367340 rad
  HOME error after  : 0.331651 rad (left_wrist_pitch, -0.331651)
  Progress          : +0.035689 rad
  Micro-target err  : 0.114311 rad (left_wrist_pitch)
  Inactive hold err : 0.025810 rad (left_elbow)
  Stable at HOME    : False
  Final max |dq|    : 0.018408 rad/s
WRIST_ITER_06 = CONTINUE

WRIST_ITER_07 BEFORE: HOME error=0.331651 rad (left_wrist_pitch)
WRIST_ITER_07 TARGET: step=0.150000 rad (left_wrist_pitch), nominal remaining=0.181651 rad (left_wrist_pitch)

========================================================================================================
TRAJECTORY START: WRIST_ITER_07
========================================================================================================
Duration       : 5.500s
Max joint delta: 0.150000 rad
Peak velocity  : 0.051136 rad/s
Peak accel     : 0.028629 rad/s^2
[WRIST_ITER_07] t=0.00/5.50s target_err=0.150000 max|dq|=0.015340
[WRIST_ITER_07] t=0.25/5.50s target_err=0.160978 max|dq|=0.012272
[WRIST_ITER_07] t=0.50/5.50s target_err=0.161014 max|dq|=0.012272
[WRIST_ITER_07] t=0.75/5.50s target_err=0.160930 max|dq|=0.021476
[WRIST_ITER_07] t=1.01/5.50s target_err=0.160618 max|dq|=0.018408
[WRIST_ITER_07] t=1.26/5.50s target_err=0.159156 max|dq|=0.018408
[WRIST_ITER_07] t=1.51/5.50s target_err=0.155597 max|dq|=0.024544
[WRIST_ITER_07] t=1.77/5.50s target_err=0.152445 max|dq|=0.018408
[WRIST_ITER_07] t=2.02/5.50s target_err=0.148897 max|dq|=0.015340
[WRIST_ITER_07] t=2.27/5.50s target_err=0.145422 max|dq|=0.018408
[WRIST_ITER_07] t=2.53/5.50s target_err=0.140556 max|dq|=0.018408
[WRIST_ITER_07] t=2.79/5.50s target_err=0.132371 max|dq|=0.049087
[WRIST_ITER_07] t=3.05/5.50s target_err=0.123287 max|dq|=0.015501
[WRIST_ITER_07] t=3.31/5.50s target_err=0.121058 max|dq|=0.018408
[WRIST_ITER_07] t=3.57/5.50s target_err=0.120303 max|dq|=0.030680
[WRIST_ITER_07] t=3.83/5.50s target_err=0.119260 max|dq|=0.024544
[WRIST_ITER_07] t=4.09/5.50s target_err=0.118817 max|dq|=0.012272
[WRIST_ITER_07] t=4.34/5.50s target_err=0.118565 max|dq|=0.024544
[WRIST_ITER_07] t=4.60/5.50s target_err=0.118302 max|dq|=0.018408
[WRIST_ITER_07] t=4.86/5.50s target_err=0.118086 max|dq|=0.015340
[WRIST_ITER_07] t=5.11/5.50s target_err=0.117954 max|dq|=0.015501
[WRIST_ITER_07] t=5.37/5.50s target_err=0.117846 max|dq|=0.024544
[WRIST_ITER_07_hold] active_home=0.299426 active_target=0.117774 inactive_hold=0.025265 stable=0.00/0.50
[WRIST_ITER_07_hold] active_home=0.299378 active_target=0.117726 inactive_hold=0.025280 stable=0.00/0.50
[WRIST_ITER_07_hold] active_home=0.299282 active_target=0.117631 inactive_hold=0.025311 stable=0.00/0.50
[WRIST_ITER_07_hold] active_home=0.299222 active_target=0.117571 inactive_hold=0.025311 stable=0.00/0.50
[WRIST_ITER_07_hold] active_home=0.299138 active_target=0.117487 inactive_hold=0.025326 stable=0.00/0.50
[WRIST_ITER_07_hold] active_home=0.299066 active_target=0.117415 inactive_hold=0.025341 stable=0.00/0.50
[WRIST_ITER_07_hold] active_home=0.298970 active_target=0.117319 inactive_hold=0.025356 stable=0.00/0.50
[WRIST_ITER_07_hold] active_home=0.298911 active_target=0.117259 inactive_hold=0.025371 stable=0.00/0.50

WRIST_ITER_07 RESULT
  HOME error before : 0.331651 rad
  HOME error after  : 0.298851 rad (left_wrist_pitch, -0.298851)
  Progress          : +0.032801 rad
  Micro-target err  : 0.117199 rad (left_wrist_pitch)
  Inactive hold err : 0.025401 rad (left_elbow)
  Stable at HOME    : False
  Final max |dq|    : 0.007751 rad/s
WRIST_ITER_07 = CONTINUE

WRIST_ITER_08 BEFORE: HOME error=0.298851 rad (left_wrist_pitch)
WRIST_ITER_08 TARGET: step=0.150000 rad (left_wrist_pitch), nominal remaining=0.148851 rad (left_wrist_pitch)

========================================================================================================
TRAJECTORY START: WRIST_ITER_08
========================================================================================================
Duration       : 5.500s
Max joint delta: 0.150000 rad
Peak velocity  : 0.051136 rad/s
Peak accel     : 0.028629 rad/s^2
[WRIST_ITER_08] t=0.00/5.50s target_err=0.150000 max|dq|=0.012272
[WRIST_ITER_08] t=0.25/5.50s target_err=0.159923 max|dq|=0.021476
[WRIST_ITER_08] t=0.51/5.50s target_err=0.159947 max|dq|=0.018408
[WRIST_ITER_08] t=0.76/5.50s target_err=0.159863 max|dq|=0.012272
[WRIST_ITER_08] t=1.02/5.50s target_err=0.159432 max|dq|=0.015501
[WRIST_ITER_08] t=1.28/5.50s target_err=0.157886 max|dq|=0.036816
[WRIST_ITER_08] t=1.53/5.50s target_err=0.155692 max|dq|=0.024544
[WRIST_ITER_08] t=1.79/5.50s target_err=0.153236 max|dq|=0.015501
[WRIST_ITER_08] t=2.04/5.50s target_err=0.150371 max|dq|=0.024544
[WRIST_ITER_08] t=2.29/5.50s target_err=0.143517 max|dq|=0.049087
[WRIST_ITER_08] t=2.55/5.50s target_err=0.138016 max|dq|=0.024544
[WRIST_ITER_08] t=2.80/5.50s target_err=0.132299 max|dq|=0.018408
[WRIST_ITER_08] t=3.05/5.50s target_err=0.126535 max|dq|=0.024544
[WRIST_ITER_08] t=3.31/5.50s target_err=0.120758 max|dq|=0.018408
[WRIST_ITER_08] t=3.57/5.50s target_err=0.119057 max|dq|=0.018408
[WRIST_ITER_08] t=3.83/5.50s target_err=0.118002 max|dq|=0.018408
[WRIST_ITER_08] t=4.09/5.50s target_err=0.117439 max|dq|=0.015340
[WRIST_ITER_08] t=4.34/5.50s target_err=0.117091 max|dq|=0.018408
[WRIST_ITER_08] t=4.60/5.50s target_err=0.116864 max|dq|=0.024544
[WRIST_ITER_08] t=4.86/5.50s target_err=0.116684 max|dq|=0.006136
[WRIST_ITER_08] t=5.12/5.50s target_err=0.116504 max|dq|=0.018408
[WRIST_ITER_08] t=5.37/5.50s target_err=0.116312 max|dq|=0.021476
[WRIST_ITER_08_hold] active_home=0.264995 active_target=0.116145 inactive_hold=0.026158 stable=0.00/0.50
[WRIST_ITER_08_hold] active_home=0.264851 active_target=0.116001 inactive_hold=0.026219 stable=0.00/0.50
[WRIST_ITER_08_hold] active_home=0.264696 active_target=0.115845 inactive_hold=0.026264 stable=0.00/0.50
[WRIST_ITER_08_hold] active_home=0.264588 active_target=0.115737 inactive_hold=0.026340 stable=0.00/0.50
[WRIST_ITER_08_hold] active_home=0.264444 active_target=0.115593 inactive_hold=0.026431 stable=0.00/0.50
[WRIST_ITER_08_hold] active_home=0.264324 active_target=0.115473 inactive_hold=0.026431 stable=0.00/0.50
[WRIST_ITER_08_hold] active_home=0.264228 active_target=0.115378 inactive_hold=0.026461 stable=0.00/0.50
[WRIST_ITER_08_hold] active_home=0.264192 active_target=0.115342 inactive_hold=0.026491 stable=0.00/0.50

WRIST_ITER_08 RESULT
  HOME error before : 0.298851 rad
  HOME error after  : 0.264144 rad (left_wrist_pitch, -0.264144)
  Progress          : +0.034706 rad
  Micro-target err  : 0.115294 rad (left_wrist_pitch)
  Inactive hold err : 0.026507 rad (left_elbow)
  Stable at HOME    : False
  Final max |dq|    : 0.021476 rad/s
WRIST_ITER_08 = CONTINUE

WRIST_READY = FAIL
Reason: max iterations reached with HOME error 0.264144 rad (left_wrist_pitch, -0.264144)
========================================================================================================
RECOVERY ABORTED: WRIST adaptive recovery failed.
LowCmd gains released.
