
========================================================================================================
R1-A7 AUTO-HOME V2 ADAPTIVE RECOVERY PRE-FLIGHT
========================================================================================================
Lowstate age             : 0.000493s [PASS]
Max initial |dq|         : 0.012272 rad/s [PASS]
Current joint limits     : PASS
HOME joint limits        : PASS
MotionSwitcher           : PASS
  status                 : 0
  result                 : {'form': '0', 'name': ''}

Global HOME error        : 0.040183 rad
Wrist HOME error         : 0.029409 rad (right_wrist_pitch)
Arm HOME error           : 0.040183 rad (right_shoulder_pitch)
Direct HOME threshold    : 0.350000 rad
Recovery mode            : DIRECT HOME


First-step trajectory preview:
  FINAL_HOME         duration= 8.00s max_delta=0.040183 peak_v=0.009418 peak_a=0.003625 max_step=0.000094
First-step checks        : PASS

Arm gains:
  shoulder pitch         : kp=100.0, kd=3.5
  shoulder roll/yaw/elbow: kp=80.0, kd=3.0
  wrist pitch            : kp=60.0, kd=2.0
  wrist roll/yaw         : kp=40.0, kd=1.5

PRE_FLIGHT = PASS
ROBOT_COMMAND_PUBLISHED = FALSE
========================================================================================================

========================================================================================================
REAL ROBOT AUTO-HOME V2 ARMED
========================================================================================================
Initial global HOME error : 0.040171 rad
Mode                      : DIRECT HOME
LowCmd will remain active until completion or abort.

Type RECOVER HOME V2 exactly to continue.
> 
Starting in 3 seconds...
3
2
1

========================================================================================================
LOWCMD ZERO-DISPLACEMENT TAKEOVER TEST
========================================================================================================
Takeover max drift : 0.000635 rad
Final max |dq|     : 0.030680 rad/s
TAKEOVER_TEST = PASS
========================================================================================================

POST-TAKEOVER V2 DECISION
Global HOME error : 0.284412 rad
Mode              : DIRECT HOME

========================================================================================================
TRAJECTORY START: FINAL_HOME
========================================================================================================
Duration       : 10.000s
Max joint delta: 0.284412 rad
Peak velocity  : 0.053327 rad/s
Peak accel     : 0.016421 rad/s^2
[FINAL_HOME] t=0.00/10.00s target_err=0.284412 max|dq|=0.030680
[FINAL_HOME] t=0.25/10.00s target_err=0.284397 max|dq|=0.018408
[FINAL_HOME] t=0.51/10.00s target_err=0.284367 max|dq|=0.015340
[FINAL_HOME] t=0.76/10.00s target_err=0.284291 max|dq|=0.024544
[FINAL_HOME] t=1.01/10.00s target_err=0.284019 max|dq|=0.018408
[FINAL_HOME] t=1.27/10.00s target_err=0.283322 max|dq|=0.015501
[FINAL_HOME] t=1.53/10.00s target_err=0.280582 max|dq|=0.018408
[FINAL_HOME] t=1.78/10.00s target_err=0.277979 max|dq|=0.030680
[FINAL_HOME] t=2.04/10.00s target_err=0.273710 max|dq|=0.031003
[FINAL_HOME] t=2.30/10.00s target_err=0.268169 max|dq|=0.023252
[FINAL_HOME] t=2.55/10.00s target_err=0.260267 max|dq|=0.046504
[FINAL_HOME] t=2.81/10.00s target_err=0.252577 max|dq|=0.038753
[FINAL_HOME] t=3.06/10.00s target_err=0.246174 max|dq|=0.031003
[FINAL_HOME] t=3.32/10.00s target_err=0.232973 max|dq|=0.069756
[FINAL_HOME] t=3.57/10.00s target_err=0.223119 max|dq|=0.046504
[FINAL_HOME] t=3.82/10.00s target_err=0.212083 max|dq|=0.054254
[FINAL_HOME] t=4.08/10.00s target_err=0.201032 max|dq|=0.023252
[FINAL_HOME] t=4.33/10.00s target_err=0.188059 max|dq|=0.095107
[FINAL_HOME] t=4.58/10.00s target_err=0.172754 max|dq|=0.092039
[FINAL_HOME] t=4.84/10.00s target_err=0.159509 max|dq|=0.077506
[FINAL_HOME] t=5.09/10.00s target_err=0.147807 max|dq|=0.038753
[FINAL_HOME] t=5.35/10.00s target_err=0.130716 max|dq|=0.058291
[FINAL_HOME] t=5.60/10.00s target_err=0.120483 max|dq|=0.046504
[FINAL_HOME] t=5.85/10.00s target_err=0.106132 max|dq|=0.054254
[FINAL_HOME] t=6.10/10.00s target_err=0.097519 max|dq|=0.036816
[FINAL_HOME] t=6.36/10.00s target_err=0.083032 max|dq|=0.054254
[FINAL_HOME] t=6.61/10.00s target_err=0.075130 max|dq|=0.049087
[FINAL_HOME] t=6.86/10.00s target_err=0.060173 max|dq|=0.054254
[FINAL_HOME] t=7.12/10.00s target_err=0.053361 max|dq|=0.069756
[FINAL_HOME] t=7.38/10.00s target_err=0.050082 max|dq|=0.031003
[FINAL_HOME] t=7.63/10.00s target_err=0.049860 max|dq|=0.046504
[FINAL_HOME] t=7.88/10.00s target_err=0.035593 max|dq|=0.193282
[FINAL_HOME] t=8.14/10.00s target_err=0.027726 max|dq|=0.024544
[FINAL_HOME] t=8.40/10.00s target_err=0.027737 max|dq|=0.018408
[FINAL_HOME] t=8.66/10.00s target_err=0.027480 max|dq|=0.031003
[FINAL_HOME] t=8.91/10.00s target_err=0.027072 max|dq|=0.018408
[FINAL_HOME] t=9.16/10.00s target_err=0.020733 max|dq|=0.031003
[FINAL_HOME] t=9.42/10.00s target_err=0.020535 max|dq|=0.012272
[FINAL_HOME] t=9.67/10.00s target_err=0.020505 max|dq|=0.021476
[FINAL_HOME] t=9.92/10.00s target_err=0.020433 max|dq|=0.007751
[FINAL_HOME_hold] max_err=0.020427 best=0.020427 stable=0.00/1.00
[FINAL_HOME_hold] max_err=0.020409 best=0.020397 stable=0.25/1.00
[FINAL_HOME_hold] max_err=0.020373 best=0.020367 stable=0.50/1.00
[FINAL_HOME_hold] max_err=0.020367 best=0.020349 stable=0.75/1.00
[FINAL_HOME_hold] max_err=0.020355 best=0.020349 stable=1.00/1.00
[FINAL_HOME_hold] max_err=0.020349 best=0.020349 stable=1.26/1.00
[FINAL_HOME_hold] max_err=0.020349 best=0.020349 stable=1.52/1.00
[FINAL_HOME_hold] max_err=0.020349 best=0.020337 stable=1.77/1.00
[FINAL_HOME_hold] max_err=0.020349 best=0.020337 stable=2.03/1.00
[FINAL_HOME_hold] max_err=0.020349 best=0.020337 stable=2.29/1.00
[FINAL_HOME_hold] max_err=0.020343 best=0.020337 stable=2.54/1.00
[FINAL_HOME_hold] max_err=0.020349 best=0.020337 stable=2.80/1.00
[FINAL_HOME_hold] max_err=0.020337 best=0.020331 stable=3.05/1.00
[FINAL_HOME_hold] max_err=0.020343 best=0.020325 stable=3.30/1.00
[FINAL_HOME_hold] max_err=0.020343 best=0.020325 stable=3.55/1.00
[FINAL_HOME_hold] max_err=0.020349 best=0.020325 stable=3.80/1.00
[FINAL_HOME_hold] max_err=0.020337 best=0.020325 stable=4.06/1.00
[FINAL_HOME_hold] max_err=0.020343 best=0.020325 stable=4.32/1.00
[FINAL_HOME_hold] max_err=0.020331 best=0.020325 stable=4.58/1.00
[FINAL_HOME_hold] max_err=0.020337 best=0.020325 stable=4.83/1.00

========================================================================================================
FINAL_HOME RESULT
========================================================================================================
MAX error      : 0.020343 rad (1.166 deg)
Worst          : left_shoulder_pitch
Best hold error: 0.020325 rad
Stable reached : True
Final max |dq| : 0.024544 rad/s

left_shoulder_pitch          target=-0.094586 final=-0.074242 error=+0.020343
left_shoulder_roll           target=-0.005776 final=+0.012080 error=+0.017856
left_shoulder_yaw            target=+0.183094 final=+0.191980 error=+0.008886
left_elbow                   target=+1.197247 final=+1.198836 error=+0.001590
left_wrist_roll              target=-0.080065 final=-0.096580 error=-0.016516
left_wrist_pitch             target=-0.892441 final=-0.899860 error=-0.007418
left_wrist_yaw               target=-0.177546 final=-0.168666 error=+0.008880
right_shoulder_pitch         target=-0.161583 final=-0.142175 error=+0.019408
right_shoulder_roll          target=+0.034586 final=+0.015286 error=-0.019301
right_shoulder_yaw           target=-0.180944 final=-0.188089 error=-0.007145
right_elbow                  target=+1.037027 final=+1.036376 error=-0.000651
right_wrist_roll             target=+0.003240 final=+0.006721 error=+0.003482
right_wrist_pitch            target=-0.529775 final=-0.547955 error=-0.018180
right_wrist_yaw              target=+0.114893 final=+0.111657 error=-0.003236

FINAL_HOME = PASS
AUTO_HOME_READY = PASS
========================================================================================================
LowCmd gains released.
