
========================================================================================================
R1-A7 AUTO-HOME V2.1 ADAPTIVE RECOVERY PRE-FLIGHT
========================================================================================================
Lowstate age             : 0.000190s [PASS]
Max initial |dq|         : 0.024544 rad/s [PASS]
Current joint limits     : PASS
HOME joint limits        : PASS
MotionSwitcher           : PASS
  status                 : 0
  result                 : {'form': '0', 'name': ''}

Global HOME error        : 0.519636 rad
Wrist HOME error         : 0.519636 rad (left_wrist_pitch)
Arm HOME error           : 0.383490 rad (left_elbow)
Direct HOME threshold    : 0.350000 rad
Recovery mode            : ADAPTIVE RECOVERY

Wrist stage delta        : 0.150000 rad
Arm stage delta          : 0.200000 rad
Recovery threshold       : 0.050000 rad
Nominal wrist iterations : 4 / max 12
Nominal arm iterations   : 2 / max 6
Iteration budget         : PASS

First-step trajectory preview:
  WRIST_ITER_01      duration= 5.50s max_delta=0.150000 peak_v=0.051136 peak_a=0.028629 max_step=0.000511
  ARM_ITER_01        duration= 7.00s max_delta=0.200000 peak_v=0.053571 peak_a=0.023565 max_step=0.000536
First-step checks        : PASS

Arm gains:
  shoulder pitch         : kp=100.0, kd=3.5
  shoulder roll/yaw/elbow: kp=80.0, kd=3.0
  wrist pitch            : kp=65.0, kd=2.0
  wrist roll/yaw         : kp=40.0, kd=1.5

PRE_FLIGHT = PASS
ROBOT_COMMAND_PUBLISHED = FALSE
========================================================================================================

========================================================================================================
REAL ROBOT AUTO-HOME V2.1 ARMED
========================================================================================================
Initial global HOME error : 0.388469 rad
Mode                      : ADAPTIVE RECOVERY
LowCmd will remain active until completion or abort.

Type RECOVER HOME V2.1 exactly to continue.
> 
Starting in 3 seconds...
3
2
1

========================================================================================================
LOWCMD ZERO-DISPLACEMENT TAKEOVER TEST
========================================================================================================
Takeover max drift : 0.000401 rad
Final max |dq|     : 0.024544 rad/s
TAKEOVER_TEST = PASS
========================================================================================================

POST-TAKEOVER V2.1 DECISION
Global HOME error : 0.342857 rad
Mode              : DIRECT HOME

========================================================================================================
TRAJECTORY START: FINAL_HOME
========================================================================================================
Duration       : 12.000s
Max joint delta: 0.342857 rad
Peak velocity  : 0.053571 rad/s
Peak accel     : 0.013746 rad/s^2
[FINAL_HOME] t=0.00/12.00s target_err=0.342857 max|dq|=0.024544
[FINAL_HOME] t=0.25/12.00s target_err=0.342857 max|dq|=0.018408
[FINAL_HOME] t=0.50/12.00s target_err=0.342857 max|dq|=0.012272
[FINAL_HOME] t=0.76/12.00s target_err=0.342677 max|dq|=0.012272
[FINAL_HOME] t=1.01/12.00s target_err=0.342257 max|dq|=0.021476
[FINAL_HOME] t=1.26/12.00s target_err=0.341023 max|dq|=0.012272
[FINAL_HOME] t=1.52/12.00s target_err=0.338914 max|dq|=0.018408
[FINAL_HOME] t=1.77/12.00s target_err=0.338015 max|dq|=0.018408
[FINAL_HOME] t=2.02/12.00s target_err=0.335079 max|dq|=0.007751
[FINAL_HOME] t=2.27/12.00s target_err=0.329914 max|dq|=0.046019
[FINAL_HOME] t=2.52/12.00s target_err=0.325851 max|dq|=0.023252
[FINAL_HOME] t=2.78/12.00s target_err=0.317438 max|dq|=0.023252
[FINAL_HOME] t=3.03/12.00s target_err=0.310068 max|dq|=0.055223
[FINAL_HOME] t=3.28/12.00s target_err=0.303105 max|dq|=0.024544
[FINAL_HOME] t=3.53/12.00s target_err=0.294213 max|dq|=0.055223
[FINAL_HOME] t=3.79/12.00s target_err=0.284973 max|dq|=0.049087
[FINAL_HOME] t=4.05/12.00s target_err=0.271515 max|dq|=0.042951
[FINAL_HOME] t=4.30/12.00s target_err=0.261292 max|dq|=0.049087
[FINAL_HOME] t=4.55/12.00s target_err=0.249835 max|dq|=0.036816
[FINAL_HOME] t=4.81/12.00s target_err=0.237755 max|dq|=0.085903
[FINAL_HOME] t=5.06/12.00s target_err=0.224453 max|dq|=0.046504
[FINAL_HOME] t=5.31/12.00s target_err=0.212181 max|dq|=0.031003
[FINAL_HOME] t=5.57/12.00s target_err=0.198387 max|dq|=0.061359
[FINAL_HOME] t=5.82/12.00s target_err=0.185995 max|dq|=0.061359
[FINAL_HOME] t=6.07/12.00s target_err=0.172657 max|dq|=0.079767
[FINAL_HOME] t=6.33/12.00s target_err=0.158779 max|dq|=0.067495
[FINAL_HOME] t=6.58/12.00s target_err=0.144218 max|dq|=0.042951
[FINAL_HOME] t=6.83/12.00s target_err=0.131850 max|dq|=0.055223
[FINAL_HOME] t=7.09/12.00s target_err=0.116738 max|dq|=0.036816
[FINAL_HOME] t=7.35/12.00s target_err=0.103987 max|dq|=0.108509
[FINAL_HOME] t=7.60/12.00s target_err=0.093549 max|dq|=0.042951
[FINAL_HOME] t=7.85/12.00s target_err=0.079707 max|dq|=0.049087
[FINAL_HOME] t=8.10/12.00s target_err=0.069353 max|dq|=0.067495
[FINAL_HOME] t=8.36/12.00s target_err=0.058495 max|dq|=0.036816
[FINAL_HOME] t=8.62/12.00s target_err=0.050717 max|dq|=0.030680
[FINAL_HOME] t=8.88/12.00s target_err=0.048560 max|dq|=0.049087
[FINAL_HOME] t=9.14/12.00s target_err=0.047422 max|dq|=0.038753
[FINAL_HOME] t=9.39/12.00s target_err=0.047026 max|dq|=0.030680
[FINAL_HOME] t=9.65/12.00s target_err=0.046870 max|dq|=0.049087
[FINAL_HOME] t=9.90/12.00s target_err=0.044270 max|dq|=0.012272
[FINAL_HOME] t=10.16/12.00s target_err=0.043694 max|dq|=0.070563
[FINAL_HOME] t=10.42/12.00s target_err=0.041298 max|dq|=0.030680
[FINAL_HOME] t=10.67/12.00s target_err=0.041238 max|dq|=0.024544
[FINAL_HOME] t=10.92/12.00s target_err=0.038026 max|dq|=0.042951
[FINAL_HOME] t=11.18/12.00s target_err=0.037475 max|dq|=0.012272
[FINAL_HOME] t=11.43/12.00s target_err=0.037343 max|dq|=0.018408
[FINAL_HOME] t=11.69/12.00s target_err=0.037247 max|dq|=0.012272
[FINAL_HOME] t=11.95/12.00s target_err=0.037199 max|dq|=0.012272
[FINAL_HOME_hold] max_err=0.037199 best=0.037199 stable=0.00/1.00
[FINAL_HOME_hold] max_err=0.037151 best=0.037151 stable=0.00/1.00
[FINAL_HOME_hold] max_err=0.037139 best=0.037115 stable=0.00/1.00
[FINAL_HOME_hold] max_err=0.037103 best=0.037103 stable=0.00/1.00
[FINAL_HOME_hold] max_err=0.037091 best=0.037091 stable=0.00/1.00
[FINAL_HOME_hold] max_err=0.037079 best=0.037079 stable=0.00/1.00
[FINAL_HOME_hold] max_err=0.037079 best=0.037067 stable=0.00/1.00
[FINAL_HOME_hold] max_err=0.037067 best=0.037043 stable=0.00/1.00
[FINAL_HOME_hold] max_err=0.037055 best=0.037043 stable=0.00/1.00
[FINAL_HOME_hold] max_err=0.037043 best=0.037031 stable=0.00/1.00
[FINAL_HOME_hold] max_err=0.037043 best=0.037019 stable=0.00/1.00
[FINAL_HOME_hold] max_err=0.037019 best=0.037019 stable=0.00/1.00
[FINAL_HOME_hold] max_err=0.037031 best=0.037019 stable=0.00/1.00
[FINAL_HOME_hold] max_err=0.037031 best=0.037019 stable=0.00/1.00
[FINAL_HOME_hold] max_err=0.037031 best=0.037019 stable=0.00/1.00
[FINAL_HOME_hold] max_err=0.037031 best=0.036995 stable=0.00/1.00
[FINAL_HOME_hold] max_err=0.037031 best=0.036995 stable=0.00/1.00
[FINAL_HOME_hold] max_err=0.037019 best=0.036995 stable=0.00/1.00
[FINAL_HOME_hold] max_err=0.037019 best=0.036995 stable=0.00/1.00
[FINAL_HOME_hold] max_err=0.037007 best=0.036971 stable=0.00/1.00
[FINAL_HOME_hold] max_err=0.036983 best=0.036971 stable=0.00/1.00
[FINAL_HOME_hold] max_err=0.036935 best=0.036935 stable=0.00/1.00
[FINAL_HOME_hold] max_err=0.036780 best=0.036756 stable=0.00/1.00
[FINAL_HOME_hold] max_err=0.036660 best=0.036660 stable=0.00/1.00
[FINAL_HOME_hold] max_err=0.036600 best=0.036588 stable=0.00/1.00
[FINAL_HOME_hold] max_err=0.036564 best=0.036564 stable=0.00/1.00
[FINAL_HOME_hold] max_err=0.036576 best=0.036552 stable=0.00/1.00
[FINAL_HOME_hold] max_err=0.036552 best=0.036516 stable=0.00/1.00
[FINAL_HOME_hold] max_err=0.036528 best=0.036516 stable=0.00/1.00
[FINAL_HOME_hold] max_err=0.036528 best=0.036516 stable=0.00/1.00
[FINAL_HOME_hold] max_err=0.036528 best=0.036516 stable=0.00/1.00
[FINAL_HOME_hold] max_err=0.036516 best=0.036516 stable=0.00/1.00
[FINAL_HOME_hold] max_err=0.036516 best=0.036504 stable=0.00/1.00
[FINAL_HOME_hold] max_err=0.036516 best=0.036504 stable=0.00/1.00
[FINAL_HOME_hold] max_err=0.036504 best=0.036504 stable=0.00/1.00
[FINAL_HOME_hold] max_err=0.036504 best=0.036504 stable=0.00/1.00
[FINAL_HOME_hold] max_err=0.036504 best=0.036480 stable=0.00/1.00
[FINAL_HOME_hold] max_err=0.036504 best=0.036480 stable=0.00/1.00
[FINAL_HOME_hold] max_err=0.036492 best=0.036480 stable=0.00/1.00
[FINAL_HOME_hold] max_err=0.036504 best=0.036480 stable=0.00/1.00

========================================================================================================
FINAL_HOME RESULT
========================================================================================================
MAX error      : 0.036504 rad (2.092 deg)
Worst          : right_wrist_pitch
Best hold error: 0.036480 rad
Stable reached : False
Final max |dq| : 0.018408 rad/s

left_shoulder_pitch          target=-0.094586 final=-0.089648 error=+0.004938
left_shoulder_roll           target=-0.005776 final=-0.027252 error=-0.021476
left_shoulder_yaw            target=+0.183094 final=+0.172149 error=-0.010945
left_elbow                   target=+1.197247 final=+1.191888 error=-0.005359
left_wrist_roll              target=-0.080065 final=-0.063882 error=+0.016182
left_wrist_pitch             target=-0.892441 final=-0.913653 error=-0.021212
left_wrist_yaw               target=-0.177546 final=-0.182532 error=-0.004985
right_shoulder_pitch         target=-0.161583 final=-0.162332 error=-0.000749
right_shoulder_roll          target=+0.034586 final=+0.036516 error=+0.001929
right_shoulder_yaw           target=-0.180944 final=-0.175752 error=+0.005192
right_elbow                  target=+1.037027 final=+1.017756 error=-0.019271
right_wrist_roll             target=+0.003240 final=+0.003754 error=+0.000515
right_wrist_pitch            target=-0.529775 final=-0.566279 error=-0.036504
right_wrist_yaw              target=+0.114893 final=+0.122838 error=+0.007946

FINAL_HOME = FAIL
AUTO_HOME_READY = FAIL
========================================================================================================
LowCmd gains released.
