
========================================================================================================
R1-A7 AUTO-HOME V2 ADAPTIVE RECOVERY PRE-FLIGHT
========================================================================================================
Lowstate age             : 0.001158s [PASS]
Max initial |dq|         : 0.007751 rad/s [PASS]
Current joint limits     : PASS
HOME joint limits        : PASS
MotionSwitcher           : PASS
  status                 : 0
  result                 : {'form': '0', 'name': ''}

Global HOME error        : 0.916494 rad
Wrist HOME error         : 0.916494 rad (left_wrist_yaw)
Arm HOME error           : 0.155936 rad (right_shoulder_yaw)
Direct HOME threshold    : 0.350000 rad
Recovery mode            : ADAPTIVE RECOVERY

Wrist stage delta        : 0.150000 rad
Arm stage delta          : 0.200000 rad
Recovery threshold       : 0.050000 rad
Nominal wrist iterations : 7 / max 8
Nominal arm iterations   : 1 / max 6
Iteration budget         : PASS

First-step trajectory preview:
  WRIST_ITER_01      duration= 5.50s max_delta=0.150000 peak_v=0.051136 peak_a=0.028629 max_step=0.000511
  ARM_ITER_01        duration= 5.50s max_delta=0.155936 peak_v=0.053160 peak_a=0.029762 max_step=0.000532
First-step checks        : PASS

Arm gains:
  shoulder pitch         : kp=100.0, kd=3.5
  shoulder roll/yaw/elbow: kp=80.0, kd=3.0
  wrist pitch            : kp=60.0, kd=2.0
  wrist roll/yaw         : kp=40.0, kd=1.5

PRE_FLIGHT = PASS
ROBOT_COMMAND_PUBLISHED = FALSE
========================================================================================================

========================================================================================================
REAL ROBOT AUTO-HOME V2 ARMED
========================================================================================================
Initial global HOME error : 0.916482 rad
Mode                      : ADAPTIVE RECOVERY
LowCmd will remain active until completion or abort.

Type RECOVER HOME V2 exactly to continue.
> 
Starting in 3 seconds...
3
2
1

========================================================================================================
LOWCMD ZERO-DISPLACEMENT TAKEOVER TEST
========================================================================================================
Takeover max drift : 0.002104 rad
Final max |dq|     : 0.015501 rad/s
TAKEOVER_TEST = PASS
========================================================================================================

POST-TAKEOVER V2 DECISION
Global HOME error : 0.916506 rad
Mode              : ADAPTIVE RECOVERY

========================================================================================================
ADAPTIVE WRIST RECOVERY
========================================================================================================
Stage delta       : 0.150000 rad
HOME threshold    : 0.050000 rad
Max iterations    : 8

WRIST_ITER_01 BEFORE: HOME error=0.916506 rad (left_wrist_yaw)
WRIST_ITER_01 TARGET: step=0.150000 rad (left_wrist_yaw), nominal remaining=0.766506 rad (left_wrist_yaw)

========================================================================================================
TRAJECTORY START: WRIST_ITER_01
========================================================================================================
Duration       : 5.500s
Max joint delta: 0.150000 rad
Peak velocity  : 0.051136 rad/s
Peak accel     : 0.028629 rad/s^2
[WRIST_ITER_01] t=0.00/5.50s target_err=0.150012 max|dq|=0.012272
[WRIST_ITER_01] t=0.25/5.50s target_err=0.150012 max|dq|=0.015340
[WRIST_ITER_01] t=0.50/5.50s target_err=0.149976 max|dq|=0.018408
[WRIST_ITER_01] t=0.76/5.50s target_err=0.149640 max|dq|=0.012272
[WRIST_ITER_01] t=1.01/5.50s target_err=0.146441 max|dq|=0.018408
[WRIST_ITER_01] t=1.26/5.50s target_err=0.141431 max|dq|=0.042951
[WRIST_ITER_01] t=1.52/5.50s target_err=0.136074 max|dq|=0.069756
[WRIST_ITER_01] t=1.78/5.50s target_err=0.129591 max|dq|=0.039884
[WRIST_ITER_01] t=2.04/5.50s target_err=0.120411 max|dq|=0.049087
[WRIST_ITER_01] t=2.29/5.50s target_err=0.111411 max|dq|=0.067495
[WRIST_ITER_01] t=2.55/5.50s target_err=0.101536 max|dq|=0.055223
[WRIST_ITER_01] t=2.80/5.50s target_err=0.090163 max|dq|=0.055223
[WRIST_ITER_01] t=3.06/5.50s target_err=0.078892 max|dq|=0.061359
[WRIST_ITER_01] t=3.31/5.50s target_err=0.071786 max|dq|=0.073631
[WRIST_ITER_01] t=3.57/5.50s target_err=0.063277 max|dq|=0.061359
[WRIST_ITER_01] t=3.82/5.50s target_err=0.057440 max|dq|=0.093008
[WRIST_ITER_01] t=4.07/5.50s target_err=0.051113 max|dq|=0.055223
[WRIST_ITER_01] t=4.33/5.50s target_err=0.046355 max|dq|=0.073631
[WRIST_ITER_01] t=4.58/5.50s target_err=0.042724 max|dq|=0.018408
[WRIST_ITER_01] t=4.84/5.50s target_err=0.041214 max|dq|=0.031003
[WRIST_ITER_01] t=5.10/5.50s target_err=0.040579 max|dq|=0.036816
[WRIST_ITER_01] t=5.36/5.50s target_err=0.040015 max|dq|=0.012272
[WRIST_ITER_01_hold] active_home=0.782019 active_target=0.039716 inactive_hold=0.015441 stable=0.00/0.50
[WRIST_ITER_01_hold] active_home=0.781336 active_target=0.039260 inactive_hold=0.015471 stable=0.00/0.50
[WRIST_ITER_01_hold] active_home=0.780557 active_target=0.038985 inactive_hold=0.015532 stable=0.00/0.50
[WRIST_ITER_01_hold] active_home=0.780173 active_target=0.038853 inactive_hold=0.015562 stable=0.00/0.50
[WRIST_ITER_01_hold] active_home=0.779933 active_target=0.038709 inactive_hold=0.015638 stable=0.00/0.50
[WRIST_ITER_01_hold] active_home=0.779778 active_target=0.038613 inactive_hold=0.015653 stable=0.00/0.50
[WRIST_ITER_01_hold] active_home=0.779694 active_target=0.038529 inactive_hold=0.015683 stable=0.00/0.50
[WRIST_ITER_01_hold] active_home=0.779634 active_target=0.038457 inactive_hold=0.015683 stable=0.00/0.50

WRIST_ITER_01 RESULT
  HOME error before : 0.916506 rad
  HOME error after  : 0.779598 rad (left_wrist_yaw, +0.779598)
  Progress          : +0.136908 rad
  Micro-target err  : 0.038409 rad (right_wrist_pitch)
  Inactive hold err : 0.015713 rad (right_elbow)
  Stable at HOME    : False
  Final max |dq|    : 0.012272 rad/s
WRIST_ITER_01 = CONTINUE

WRIST_ITER_02 BEFORE: HOME error=0.779598 rad (left_wrist_yaw)
WRIST_ITER_02 TARGET: step=0.150000 rad (left_wrist_yaw), nominal remaining=0.629598 rad (left_wrist_yaw)

========================================================================================================
TRAJECTORY START: WRIST_ITER_02
========================================================================================================
Duration       : 5.500s
Max joint delta: 0.150000 rad
Peak velocity  : 0.051136 rad/s
Peak accel     : 0.028629 rad/s^2
[WRIST_ITER_02] t=0.00/5.50s target_err=0.150012 max|dq|=0.021476
[WRIST_ITER_02] t=0.25/5.50s target_err=0.152888 max|dq|=0.018408
[WRIST_ITER_02] t=0.50/5.50s target_err=0.152816 max|dq|=0.015501
[WRIST_ITER_02] t=0.75/5.50s target_err=0.152589 max|dq|=0.012272
[WRIST_ITER_02] t=1.01/5.50s target_err=0.151630 max|dq|=0.018408
[WRIST_ITER_02] t=1.27/5.50s target_err=0.149425 max|dq|=0.036816
[WRIST_ITER_02] t=1.52/5.50s target_err=0.145254 max|dq|=0.024544
[WRIST_ITER_02] t=1.77/5.50s target_err=0.134085 max|dq|=0.055223
[WRIST_ITER_02] t=2.03/5.50s target_err=0.124641 max|dq|=0.079767
[WRIST_ITER_02] t=2.29/5.50s target_err=0.112609 max|dq|=0.024544
[WRIST_ITER_02] t=2.54/5.50s target_err=0.106497 max|dq|=0.036816
[WRIST_ITER_02] t=2.79/5.50s target_err=0.092775 max|dq|=0.134990
[WRIST_ITER_02] t=3.05/5.50s target_err=0.081822 max|dq|=0.067495
[WRIST_ITER_02] t=3.30/5.50s target_err=0.067908 max|dq|=0.018408
[WRIST_ITER_02] t=3.56/5.50s target_err=0.056954 max|dq|=0.061359
[WRIST_ITER_02] t=3.81/5.50s target_err=0.044371 max|dq|=0.067495
[WRIST_ITER_02] t=4.06/5.50s target_err=0.040231 max|dq|=0.067495
[WRIST_ITER_02] t=4.32/5.50s target_err=0.038493 max|dq|=0.042951
[WRIST_ITER_02] t=4.58/5.50s target_err=0.036588 max|dq|=0.042951
[WRIST_ITER_02] t=4.83/5.50s target_err=0.036049 max|dq|=0.024544
[WRIST_ITER_02] t=5.09/5.50s target_err=0.035713 max|dq|=0.030680
[WRIST_ITER_02] t=5.35/5.50s target_err=0.035545 max|dq|=0.018408
[WRIST_ITER_02_hold] active_home=0.645974 active_target=0.035473 inactive_hold=0.016317 stable=0.00/0.50
[WRIST_ITER_02_hold] active_home=0.645770 active_target=0.035365 inactive_hold=0.016329 stable=0.00/0.50
[WRIST_ITER_02_hold] active_home=0.645674 active_target=0.035282 inactive_hold=0.016317 stable=0.00/0.50
[WRIST_ITER_02_hold] active_home=0.645542 active_target=0.035198 inactive_hold=0.016323 stable=0.00/0.50
[WRIST_ITER_02_hold] active_home=0.645470 active_target=0.035150 inactive_hold=0.016323 stable=0.00/0.50
[WRIST_ITER_02_hold] active_home=0.645398 active_target=0.035102 inactive_hold=0.016329 stable=0.00/0.50
[WRIST_ITER_02_hold] active_home=0.645303 active_target=0.035078 inactive_hold=0.016323 stable=0.00/0.50
[WRIST_ITER_02_hold] active_home=0.645231 active_target=0.035030 inactive_hold=0.016329 stable=0.00/0.50

WRIST_ITER_02 RESULT
  HOME error before : 0.779598 rad
  HOME error after  : 0.645159 rad (left_wrist_yaw, +0.645159)
  Progress          : +0.134439 rad
  Micro-target err  : 0.035030 rad (right_wrist_pitch)
  Inactive hold err : 0.016317 rad (right_shoulder_roll)
  Stable at HOME    : False
  Final max |dq|    : 0.012272 rad/s
WRIST_ITER_02 = CONTINUE

WRIST_ITER_03 BEFORE: HOME error=0.645171 rad (left_wrist_yaw)
WRIST_ITER_03 TARGET: step=0.150000 rad (left_wrist_yaw), nominal remaining=0.495171 rad (left_wrist_yaw)

========================================================================================================
TRAJECTORY START: WRIST_ITER_03
========================================================================================================
Duration       : 5.500s
Max joint delta: 0.150000 rad
Peak velocity  : 0.051136 rad/s
Peak accel     : 0.028629 rad/s^2
[WRIST_ITER_03] t=0.00/5.50s target_err=0.150000 max|dq|=0.012272
[WRIST_ITER_03] t=0.25/5.50s target_err=0.153116 max|dq|=0.012272
[WRIST_ITER_03] t=0.50/5.50s target_err=0.153068 max|dq|=0.024544
[WRIST_ITER_03] t=0.75/5.50s target_err=0.152912 max|dq|=0.024544
[WRIST_ITER_03] t=1.01/5.50s target_err=0.152337 max|dq|=0.024544
[WRIST_ITER_03] t=1.27/5.50s target_err=0.149952 max|dq|=0.036816
[WRIST_ITER_03] t=1.53/5.50s target_err=0.142366 max|dq|=0.073631
[WRIST_ITER_03] t=1.79/5.50s target_err=0.133042 max|dq|=0.036816
[WRIST_ITER_03] t=2.04/5.50s target_err=0.124857 max|dq|=0.030680
[WRIST_ITER_03] t=2.30/5.50s target_err=0.114335 max|dq|=0.055223
[WRIST_ITER_03] t=2.56/5.50s target_err=0.101284 max|dq|=0.073631
[WRIST_ITER_03] t=2.81/5.50s target_err=0.087826 max|dq|=0.024544
[WRIST_ITER_03] t=3.07/5.50s target_err=0.079796 max|dq|=0.073631
[WRIST_ITER_03] t=3.33/5.50s target_err=0.063462 max|dq|=0.073631
[WRIST_ITER_03] t=3.59/5.50s target_err=0.051070 max|dq|=0.122718
[WRIST_ITER_03] t=3.84/5.50s target_err=0.042729 max|dq|=0.055223
[WRIST_ITER_03] t=4.10/5.50s target_err=0.037408 max|dq|=0.061359
[WRIST_ITER_03] t=4.36/5.50s target_err=0.030476 max|dq|=0.067495
[WRIST_ITER_03] t=4.61/5.50s target_err=0.028726 max|dq|=0.018408
[WRIST_ITER_03] t=4.87/5.50s target_err=0.028187 max|dq|=0.018408
[WRIST_ITER_03] t=5.12/5.50s target_err=0.027899 max|dq|=0.012272
[WRIST_ITER_03] t=5.37/5.50s target_err=0.027719 max|dq|=0.015501
[WRIST_ITER_03_hold] active_home=0.508419 active_target=0.027660 inactive_hold=0.014543 stable=0.00/0.50
[WRIST_ITER_03_hold] active_home=0.508203 active_target=0.027612 inactive_hold=0.014669 stable=0.00/0.50
[WRIST_ITER_03_hold] active_home=0.508011 active_target=0.027564 inactive_hold=0.014699 stable=0.00/0.50
[WRIST_ITER_03_hold] active_home=0.507808 active_target=0.027516 inactive_hold=0.014711 stable=0.00/0.50
[WRIST_ITER_03_hold] active_home=0.507508 active_target=0.027480 inactive_hold=0.014711 stable=0.00/0.50
[WRIST_ITER_03_hold] active_home=0.506465 active_target=0.027480 inactive_hold=0.014723 stable=0.00/0.50
[WRIST_ITER_03_hold] active_home=0.506046 active_target=0.027468 inactive_hold=0.014711 stable=0.00/0.50
[WRIST_ITER_03_hold] active_home=0.505890 active_target=0.027456 inactive_hold=0.014711 stable=0.00/0.50

WRIST_ITER_03 RESULT
  HOME error before : 0.645171 rad
  HOME error after  : 0.505794 rad (left_wrist_yaw, +0.505794)
  Progress          : +0.139377 rad
  Micro-target err  : 0.027444 rad (right_wrist_pitch)
  Inactive hold err : 0.014723 rad (right_shoulder_roll)
  Stable at HOME    : False
  Final max |dq|    : 0.018408 rad/s
WRIST_ITER_03 = CONTINUE

WRIST_ITER_04 BEFORE: HOME error=0.505794 rad (left_wrist_yaw)
WRIST_ITER_04 TARGET: step=0.150000 rad (left_wrist_yaw), nominal remaining=0.355794 rad (left_wrist_yaw)

========================================================================================================
TRAJECTORY START: WRIST_ITER_04
========================================================================================================
Duration       : 5.500s
Max joint delta: 0.150000 rad
Peak velocity  : 0.051136 rad/s
Peak accel     : 0.028629 rad/s^2
[WRIST_ITER_04] t=0.00/5.50s target_err=0.150012 max|dq|=0.012272
[WRIST_ITER_04] t=0.25/5.50s target_err=0.153571 max|dq|=0.006136
[WRIST_ITER_04] t=0.51/5.50s target_err=0.153643 max|dq|=0.015501
[WRIST_ITER_04] t=0.77/5.50s target_err=0.153332 max|dq|=0.018408
[WRIST_ITER_04] t=1.02/5.50s target_err=0.150947 max|dq|=0.024544
[WRIST_ITER_04] t=1.28/5.50s target_err=0.147471 max|dq|=0.055223
[WRIST_ITER_04] t=1.53/5.50s target_err=0.140964 max|dq|=0.067495
[WRIST_ITER_04] t=1.78/5.50s target_err=0.136386 max|dq|=0.030680
[WRIST_ITER_04] t=2.04/5.50s target_err=0.123611 max|dq|=0.098175
[WRIST_ITER_04] t=2.29/5.50s target_err=0.113712 max|dq|=0.061359
[WRIST_ITER_04] t=2.55/5.50s target_err=0.101188 max|dq|=0.085903
[WRIST_ITER_04] t=2.80/5.50s target_err=0.090175 max|dq|=0.042951
[WRIST_ITER_04] t=3.05/5.50s target_err=0.074523 max|dq|=0.049087
[WRIST_ITER_04] t=3.31/5.50s target_err=0.066350 max|dq|=0.055223
[WRIST_ITER_04] t=3.57/5.50s target_err=0.053323 max|dq|=0.049087
[WRIST_ITER_04] t=3.83/5.50s target_err=0.044155 max|dq|=0.030680
[WRIST_ITER_04] t=4.09/5.50s target_err=0.034868 max|dq|=0.073631
[WRIST_ITER_04] t=4.35/5.50s target_err=0.029122 max|dq|=0.018408
[WRIST_ITER_04] t=4.61/5.50s target_err=0.028846 max|dq|=0.024544
[WRIST_ITER_04] t=4.87/5.50s target_err=0.028642 max|dq|=0.012272
[WRIST_ITER_04] t=5.12/5.50s target_err=0.028475 max|dq|=0.018408
[WRIST_ITER_04] t=5.37/5.50s target_err=0.028391 max|dq|=0.015340
[WRIST_ITER_04_hold] active_home=0.365231 active_target=0.028367 inactive_hold=0.014663 stable=0.00/0.50
[WRIST_ITER_04_hold] active_home=0.365004 active_target=0.028307 inactive_hold=0.014627 stable=0.00/0.50
[WRIST_ITER_04_hold] active_home=0.364908 active_target=0.028259 inactive_hold=0.014615 stable=0.00/0.50
[WRIST_ITER_04_hold] active_home=0.364860 active_target=0.028235 inactive_hold=0.014615 stable=0.00/0.50
[WRIST_ITER_04_hold] active_home=0.364860 active_target=0.028199 inactive_hold=0.014591 stable=0.00/0.50
[WRIST_ITER_04_hold] active_home=0.364836 active_target=0.028187 inactive_hold=0.014585 stable=0.00/0.50
[WRIST_ITER_04_hold] active_home=0.364836 active_target=0.028163 inactive_hold=0.014585 stable=0.00/0.50
[WRIST_ITER_04_hold] active_home=0.364836 active_target=0.028163 inactive_hold=0.014585 stable=0.00/0.50

WRIST_ITER_04 RESULT
  HOME error before : 0.505794 rad
  HOME error after  : 0.364836 rad (left_wrist_yaw, +0.364836)
  Progress          : +0.140958 rad
  Micro-target err  : 0.028139 rad (right_wrist_pitch)
  Inactive hold err : 0.014585 rad (right_shoulder_roll)
  Stable at HOME    : False
  Final max |dq|    : 0.015340 rad/s
WRIST_ITER_04 = CONTINUE

WRIST_ITER_05 BEFORE: HOME error=0.364836 rad (left_wrist_yaw)
WRIST_ITER_05 TARGET: step=0.150000 rad (left_wrist_yaw), nominal remaining=0.214836 rad (left_wrist_yaw)

========================================================================================================
TRAJECTORY START: WRIST_ITER_05
========================================================================================================
Duration       : 5.500s
Max joint delta: 0.150000 rad
Peak velocity  : 0.051136 rad/s
Peak accel     : 0.028629 rad/s^2
[WRIST_ITER_05] t=0.00/5.50s target_err=0.150036 max|dq|=0.030680
[WRIST_ITER_05] t=0.25/5.50s target_err=0.154914 max|dq|=0.012272
[WRIST_ITER_05] t=0.50/5.50s target_err=0.154914 max|dq|=0.012272
[WRIST_ITER_05] t=0.75/5.50s target_err=0.154770 max|dq|=0.007751
[WRIST_ITER_05] t=1.01/5.50s target_err=0.153643 max|dq|=0.018408
[WRIST_ITER_05] t=1.26/5.50s target_err=0.151055 max|dq|=0.024544
[WRIST_ITER_05] t=1.51/5.50s target_err=0.144871 max|dq|=0.122718
[WRIST_ITER_05] t=1.76/5.50s target_err=0.133701 max|dq|=0.055223
[WRIST_ITER_05] t=2.02/5.50s target_err=0.126870 max|dq|=0.049087
[WRIST_ITER_05] t=2.27/5.50s target_err=0.114551 max|dq|=0.042951
[WRIST_ITER_05] t=2.53/5.50s target_err=0.108415 max|dq|=0.049087
[WRIST_ITER_05] t=2.79/5.50s target_err=0.091181 max|dq|=0.085903
[WRIST_ITER_05] t=3.05/5.50s target_err=0.077807 max|dq|=0.085903
[WRIST_ITER_05] t=3.31/5.50s target_err=0.070065 max|dq|=0.018408
[WRIST_ITER_05] t=3.57/5.50s target_err=0.055181 max|dq|=0.110447
[WRIST_ITER_05] t=3.83/5.50s target_err=0.045713 max|dq|=0.036816
[WRIST_ITER_05] t=4.08/5.50s target_err=0.037432 max|dq|=0.024544
[WRIST_ITER_05] t=4.34/5.50s target_err=0.032309 max|dq|=0.036816
[WRIST_ITER_05] t=4.59/5.50s target_err=0.030991 max|dq|=0.018408
[WRIST_ITER_05] t=4.85/5.50s target_err=0.029781 max|dq|=0.015501
[WRIST_ITER_05] t=5.10/5.50s target_err=0.029385 max|dq|=0.027612
[WRIST_ITER_05] t=5.35/5.50s target_err=0.029122 max|dq|=0.018408
[WRIST_ITER_05_hold] active_home=0.226214 active_target=0.029062 inactive_hold=0.011187 stable=0.00/0.50
[WRIST_ITER_05_hold] active_home=0.226094 active_target=0.028954 inactive_hold=0.010839 stable=0.00/0.50
[WRIST_ITER_05_hold] active_home=0.226022 active_target=0.028894 inactive_hold=0.010491 stable=0.00/0.50
[WRIST_ITER_05_hold] active_home=0.226011 active_target=0.028834 inactive_hold=0.010112 stable=0.00/0.50
[WRIST_ITER_05_hold] active_home=0.225963 active_target=0.028822 inactive_hold=0.010073 stable=0.00/0.50
[WRIST_ITER_05_hold] active_home=0.225951 active_target=0.028798 inactive_hold=0.010067 stable=0.00/0.50
[WRIST_ITER_05_hold] active_home=0.225939 active_target=0.028774 inactive_hold=0.010031 stable=0.00/0.50
[WRIST_ITER_05_hold] active_home=0.225939 active_target=0.028750 inactive_hold=0.010025 stable=0.00/0.50

WRIST_ITER_05 RESULT
  HOME error before : 0.364836 rad
  HOME error after  : 0.225915 rad (left_wrist_yaw, +0.225915)
  Progress          : +0.138921 rad
  Micro-target err  : 0.028750 rad (right_wrist_pitch)
  Inactive hold err : 0.010001 rad (right_shoulder_roll)
  Stable at HOME    : False
  Final max |dq|    : 0.012272 rad/s
WRIST_ITER_05 = CONTINUE

WRIST_ITER_06 BEFORE: HOME error=0.225915 rad (left_wrist_yaw)
WRIST_ITER_06 TARGET: step=0.150000 rad (left_wrist_yaw), nominal remaining=0.075915 rad (left_wrist_yaw)

========================================================================================================
TRAJECTORY START: WRIST_ITER_06
========================================================================================================
Duration       : 5.500s
Max joint delta: 0.150000 rad
Peak velocity  : 0.051136 rad/s
Peak accel     : 0.028629 rad/s^2
[WRIST_ITER_06] t=0.00/5.50s target_err=0.150000 max|dq|=0.012272
[WRIST_ITER_06] t=0.25/5.50s target_err=0.150767 max|dq|=0.009204
[WRIST_ITER_06] t=0.51/5.50s target_err=0.150707 max|dq|=0.024544
[WRIST_ITER_06] t=0.76/5.50s target_err=0.150539 max|dq|=0.015501
[WRIST_ITER_06] t=1.02/5.50s target_err=0.150216 max|dq|=0.007751
[WRIST_ITER_06] t=1.28/5.50s target_err=0.148011 max|dq|=0.030680
[WRIST_ITER_06] t=1.54/5.50s target_err=0.142234 max|dq|=0.018408
[WRIST_ITER_06] t=1.79/5.50s target_err=0.133630 max|dq|=0.018408
[WRIST_ITER_06] t=2.04/5.50s target_err=0.121981 max|dq|=0.030680
[WRIST_ITER_06] t=2.30/5.50s target_err=0.111555 max|dq|=0.055223
[WRIST_ITER_06] t=2.55/5.50s target_err=0.099714 max|dq|=0.036816
[WRIST_ITER_06] t=2.81/5.50s target_err=0.085681 max|dq|=0.036816
[WRIST_ITER_06] t=3.07/5.50s target_err=0.073193 max|dq|=0.061359
[WRIST_ITER_06] t=3.33/5.50s target_err=0.061137 max|dq|=0.098175
[WRIST_ITER_06] t=3.59/5.50s target_err=0.047858 max|dq|=0.049087
[WRIST_ITER_06] t=3.85/5.50s target_err=0.037804 max|dq|=0.073631
[WRIST_ITER_06] t=4.11/5.50s target_err=0.029487 max|dq|=0.042951
[WRIST_ITER_06] t=4.37/5.50s target_err=0.028235 max|dq|=0.027612
[WRIST_ITER_06] t=4.62/5.50s target_err=0.027648 max|dq|=0.012272
[WRIST_ITER_06] t=4.87/5.50s target_err=0.027204 max|dq|=0.030680
[WRIST_ITER_06] t=5.13/5.50s target_err=0.026857 max|dq|=0.015501
[WRIST_ITER_06] t=5.39/5.50s target_err=0.026605 max|dq|=0.012272
[WRIST_ITER_06_hold] active_home=0.087329 active_target=0.026569 inactive_hold=0.009037 stable=0.00/0.50
[WRIST_ITER_06_hold] active_home=0.087149 active_target=0.026437 inactive_hold=0.009037 stable=0.00/0.50
[WRIST_ITER_06_hold] active_home=0.087065 active_target=0.026329 inactive_hold=0.009037 stable=0.00/0.50
[WRIST_ITER_06_hold] active_home=0.087017 active_target=0.026245 inactive_hold=0.009037 stable=0.00/0.50
[WRIST_ITER_06_hold] active_home=0.086981 active_target=0.026174 inactive_hold=0.009083 stable=0.00/0.50
[WRIST_ITER_06_hold] active_home=0.086958 active_target=0.026114 inactive_hold=0.009053 stable=0.00/0.50
[WRIST_ITER_06_hold] active_home=0.086934 active_target=0.026078 inactive_hold=0.009068 stable=0.00/0.50
[WRIST_ITER_06_hold] active_home=0.086934 active_target=0.026006 inactive_hold=0.009083 stable=0.00/0.50

WRIST_ITER_06 RESULT
  HOME error before : 0.225915 rad
  HOME error after  : 0.086934 rad (left_wrist_yaw, +0.086934)
  Progress          : +0.138981 rad
  Micro-target err  : 0.025982 rad (right_wrist_pitch)
  Inactive hold err : 0.009083 rad (right_shoulder_yaw)
  Stable at HOME    : False
  Final max |dq|    : 0.012272 rad/s
WRIST_ITER_06 = CONTINUE

WRIST_ITER_07 BEFORE: HOME error=0.086934 rad (left_wrist_yaw)
WRIST_ITER_07 TARGET: step=0.086934 rad (left_wrist_yaw), nominal remaining=0.000000 rad (left_wrist_roll)

========================================================================================================
TRAJECTORY START: WRIST_ITER_07
========================================================================================================
Duration       : 5.000s
Max joint delta: 0.086934 rad
Peak velocity  : 0.032600 rad/s
Peak accel     : 0.020076 rad/s^2
[WRIST_ITER_07] t=0.00/5.00s target_err=0.086946 max|dq|=0.012272
[WRIST_ITER_07] t=0.25/5.00s target_err=0.087593 max|dq|=0.012272
[WRIST_ITER_07] t=0.51/5.00s target_err=0.087581 max|dq|=0.018408
[WRIST_ITER_07] t=0.76/5.00s target_err=0.087533 max|dq|=0.018408
[WRIST_ITER_07] t=1.01/5.00s target_err=0.087377 max|dq|=0.015340
[WRIST_ITER_07] t=1.26/5.00s target_err=0.087137 max|dq|=0.018408
[WRIST_ITER_07] t=1.52/5.00s target_err=0.082056 max|dq|=0.012272
[WRIST_ITER_07] t=1.78/5.00s target_err=0.076891 max|dq|=0.049087
[WRIST_ITER_07] t=2.03/5.00s target_err=0.072001 max|dq|=0.024544
[WRIST_ITER_07] t=2.29/5.00s target_err=0.063696 max|dq|=0.055223
[WRIST_ITER_07] t=2.54/5.00s target_err=0.055631 max|dq|=0.036816
[WRIST_ITER_07] t=2.80/5.00s target_err=0.048452 max|dq|=0.073631
[WRIST_ITER_07] t=3.06/5.00s target_err=0.037606 max|dq|=0.018408
[WRIST_ITER_07] t=3.31/5.00s target_err=0.032202 max|dq|=0.024544
[WRIST_ITER_07] t=3.57/5.00s target_err=0.028822 max|dq|=0.049087
[WRIST_ITER_07] t=3.83/5.00s target_err=0.028079 max|dq|=0.042951
[WRIST_ITER_07] t=4.08/5.00s target_err=0.027108 max|dq|=0.012272
[WRIST_ITER_07] t=4.33/5.00s target_err=0.026018 max|dq|=0.024544
[WRIST_ITER_07] t=4.59/5.00s target_err=0.024927 max|dq|=0.009204
[WRIST_ITER_07] t=4.84/5.00s target_err=0.024364 max|dq|=0.018408
[WRIST_ITER_07_hold] active_home=0.024124 active_target=0.024124 inactive_hold=0.004829 stable=0.00/0.50
[WRIST_ITER_07_hold] active_home=0.023885 active_target=0.023885 inactive_hold=0.004950 stable=0.25/0.50
[WRIST_ITER_07_hold] active_home=0.023777 active_target=0.023777 inactive_hold=0.004935 stable=0.50/0.50
[WRIST_ITER_07_hold] active_home=0.023681 active_target=0.023681 inactive_hold=0.004950 stable=0.75/0.50
[WRIST_ITER_07_hold] active_home=0.023645 active_target=0.023645 inactive_hold=0.004950 stable=1.01/0.50
[WRIST_ITER_07_hold] active_home=0.023633 active_target=0.023633 inactive_hold=0.004965 stable=1.27/0.50
[WRIST_ITER_07_hold] active_home=0.023621 active_target=0.023621 inactive_hold=0.004965 stable=1.52/0.50
[WRIST_ITER_07_hold] active_home=0.023585 active_target=0.023585 inactive_hold=0.004965 stable=1.78/0.50

WRIST_ITER_07 RESULT
  HOME error before : 0.086934 rad
  HOME error after  : 0.023561 rad (right_wrist_pitch, -0.023561)
  Progress          : +0.063373 rad
  Micro-target err  : 0.023561 rad (right_wrist_pitch)
  Inactive hold err : 0.004965 rad (right_shoulder_yaw)
  Stable at HOME    : True
  Final max |dq|    : 0.012272 rad/s
WRIST_READY = PASS
========================================================================================================

========================================================================================================
ADAPTIVE ARM RECOVERY
========================================================================================================
Stage delta       : 0.200000 rad
HOME threshold    : 0.050000 rad
Max iterations    : 6

ARM_ITER_01 BEFORE: HOME error=0.203787 rad (right_shoulder_yaw)
ARM_ITER_01 TARGET: step=0.200000 rad (right_shoulder_yaw), nominal remaining=0.003787 rad (right_shoulder_yaw)

========================================================================================================
TRAJECTORY START: ARM_ITER_01
========================================================================================================
Duration       : 7.000s
Max joint delta: 0.200000 rad
Peak velocity  : 0.053571 rad/s
Peak accel     : 0.023565 rad/s^2
[ARM_ITER_01] t=0.00/7.00s target_err=0.200000 max|dq|=0.015340
[ARM_ITER_01] t=0.25/7.00s target_err=0.201953 max|dq|=0.027612
[ARM_ITER_01] t=0.51/7.00s target_err=0.201877 max|dq|=0.012272
[ARM_ITER_01] t=0.76/7.00s target_err=0.201665 max|dq|=0.015340
[ARM_ITER_01] t=1.02/7.00s target_err=0.200908 max|dq|=0.021476
[ARM_ITER_01] t=1.28/7.00s target_err=0.198592 max|dq|=0.012272
[ARM_ITER_01] t=1.54/7.00s target_err=0.195988 max|dq|=0.018408
[ARM_ITER_01] t=1.80/7.00s target_err=0.189525 max|dq|=0.031003
[ARM_ITER_01] t=2.06/7.00s target_err=0.177732 max|dq|=0.031003
[ARM_ITER_01] t=2.31/7.00s target_err=0.169209 max|dq|=0.031003
[ARM_ITER_01] t=2.57/7.00s target_err=0.157099 max|dq|=0.062005
[ARM_ITER_01] t=2.83/7.00s target_err=0.147426 max|dq|=0.027612
[ARM_ITER_01] t=3.09/7.00s target_err=0.134755 max|dq|=0.069756
[ARM_ITER_01] t=3.35/7.00s target_err=0.118951 max|dq|=0.031003
[ARM_ITER_01] t=3.61/7.00s target_err=0.103889 max|dq|=0.069756
[ARM_ITER_01] t=3.87/7.00s target_err=0.094034 max|dq|=0.054254
[ARM_ITER_01] t=4.12/7.00s target_err=0.078412 max|dq|=0.077506
[ARM_ITER_01] t=4.38/7.00s target_err=0.066892 max|dq|=0.046504
[ARM_ITER_01] t=4.63/7.00s target_err=0.053389 max|dq|=0.038753
[ARM_ITER_01] t=4.89/7.00s target_err=0.044518 max|dq|=0.046504
[ARM_ITER_01] t=5.14/7.00s target_err=0.036594 max|dq|=0.046504
[ARM_ITER_01] t=5.39/7.00s target_err=0.029859 max|dq|=0.009204
[ARM_ITER_01] t=5.65/7.00s target_err=0.027540 max|dq|=0.018408
[ARM_ITER_01] t=5.90/7.00s target_err=0.022650 max|dq|=0.054254
[ARM_ITER_01] t=6.15/7.00s target_err=0.021440 max|dq|=0.012272
[ARM_ITER_01] t=6.41/7.00s target_err=0.021164 max|dq|=0.015340
[ARM_ITER_01] t=6.66/7.00s target_err=0.020984 max|dq|=0.012272
[ARM_ITER_01] t=6.92/7.00s target_err=0.020871 max|dq|=0.015501
[ARM_ITER_01_hold] active_home=0.020865 active_target=0.020865 inactive_hold=0.011121 stable=0.00/0.50
[ARM_ITER_01_hold] active_home=0.020745 active_target=0.020745 inactive_hold=0.011133 stable=0.25/0.50
[ARM_ITER_01_hold] active_home=0.020565 active_target=0.020565 inactive_hold=0.011133 stable=0.51/0.50
[ARM_ITER_01_hold] active_home=0.020487 active_target=0.020487 inactive_hold=0.011121 stable=0.76/0.50
[ARM_ITER_01_hold] active_home=0.020475 active_target=0.020475 inactive_hold=0.011097 stable=1.02/0.50
[ARM_ITER_01_hold] active_home=0.020427 active_target=0.020427 inactive_hold=0.011097 stable=1.27/0.50
[ARM_ITER_01_hold] active_home=0.020415 active_target=0.020415 inactive_hold=0.011097 stable=1.52/0.50
[ARM_ITER_01_hold] active_home=0.020415 active_target=0.020415 inactive_hold=0.011085 stable=1.77/0.50

ARM_ITER_01 RESULT
  HOME error before : 0.203787 rad
  HOME error after  : 0.020397 rad (right_shoulder_pitch, +0.020397)
  Progress          : +0.183390 rad
  Micro-target err  : 0.020397 rad (right_shoulder_pitch)
  Inactive hold err : 0.011085 rad (right_wrist_yaw)
  Stable at HOME    : True
  Final max |dq|    : 0.012272 rad/s
ARM_READY = PASS
========================================================================================================

========================================================================================================
TRAJECTORY START: FINAL_HOME
========================================================================================================
Duration       : 8.000s
Max joint delta: 0.029433 rad
Peak velocity  : 0.006898 rad/s
Peak accel     : 0.002655 rad/s^2
[FINAL_HOME] t=0.00/8.00s target_err=0.029433 max|dq|=0.018408
[FINAL_HOME] t=0.25/8.00s target_err=0.029889 max|dq|=0.018408
[FINAL_HOME] t=0.50/8.00s target_err=0.029913 max|dq|=0.012272
[FINAL_HOME] t=0.76/8.00s target_err=0.029937 max|dq|=0.018408
[FINAL_HOME] t=1.01/8.00s target_err=0.029937 max|dq|=0.009204
[FINAL_HOME] t=1.27/8.00s target_err=0.029937 max|dq|=0.018408
[FINAL_HOME] t=1.53/8.00s target_err=0.029937 max|dq|=0.024544
[FINAL_HOME] t=1.78/8.00s target_err=0.029901 max|dq|=0.024544
[FINAL_HOME] t=2.04/8.00s target_err=0.029889 max|dq|=0.015501
[FINAL_HOME] t=2.30/8.00s target_err=0.029853 max|dq|=0.012272
[FINAL_HOME] t=2.56/8.00s target_err=0.029781 max|dq|=0.024544
[FINAL_HOME] t=2.82/8.00s target_err=0.029709 max|dq|=0.015501
[FINAL_HOME] t=3.07/8.00s target_err=0.029661 max|dq|=0.030680
[FINAL_HOME] t=3.33/8.00s target_err=0.029553 max|dq|=0.018408
[FINAL_HOME] t=3.59/8.00s target_err=0.029409 max|dq|=0.024544
[FINAL_HOME] t=3.84/8.00s target_err=0.029242 max|dq|=0.015501
[FINAL_HOME] t=4.10/8.00s target_err=0.029062 max|dq|=0.012272
[FINAL_HOME] t=4.36/8.00s target_err=0.028858 max|dq|=0.018408
[FINAL_HOME] t=4.61/8.00s target_err=0.028391 max|dq|=0.012272
[FINAL_HOME] t=4.87/8.00s target_err=0.027648 max|dq|=0.024544
[FINAL_HOME] t=5.13/8.00s target_err=0.026581 max|dq|=0.018408
[FINAL_HOME] t=5.38/8.00s target_err=0.024963 max|dq|=0.024544
[FINAL_HOME] t=5.64/8.00s target_err=0.023992 max|dq|=0.024544
[FINAL_HOME] t=5.89/8.00s target_err=0.023333 max|dq|=0.009204
[FINAL_HOME] t=6.14/8.00s target_err=0.022566 max|dq|=0.012272
[FINAL_HOME] t=6.40/8.00s target_err=0.021835 max|dq|=0.024544
[FINAL_HOME] t=6.66/8.00s target_err=0.021368 max|dq|=0.012272
[FINAL_HOME] t=6.92/8.00s target_err=0.021050 max|dq|=0.012272
[FINAL_HOME] t=7.18/8.00s target_err=0.020984 max|dq|=0.018408
[FINAL_HOME] t=7.43/8.00s target_err=0.020930 max|dq|=0.018408
[FINAL_HOME] t=7.68/8.00s target_err=0.020888 max|dq|=0.030680
[FINAL_HOME] t=7.94/8.00s target_err=0.020823 max|dq|=0.018408
[FINAL_HOME_hold] max_err=0.020811 best=0.020811 stable=0.00/1.00
[FINAL_HOME_hold] max_err=0.020781 best=0.020769 stable=0.25/1.00
[FINAL_HOME_hold] max_err=0.020733 best=0.020727 stable=0.51/1.00
[FINAL_HOME_hold] max_err=0.020685 best=0.020679 stable=0.76/1.00
[FINAL_HOME_hold] max_err=0.020661 best=0.020649 stable=1.02/1.00
[FINAL_HOME_hold] max_err=0.020607 best=0.020607 stable=1.28/1.00
[FINAL_HOME_hold] max_err=0.020577 best=0.020571 stable=1.54/1.00
[FINAL_HOME_hold] max_err=0.020535 best=0.020535 stable=1.80/1.00
[FINAL_HOME_hold] max_err=0.020505 best=0.020499 stable=2.05/1.00
[FINAL_HOME_hold] max_err=0.020481 best=0.020481 stable=2.30/1.00
[FINAL_HOME_hold] max_err=0.020463 best=0.020463 stable=2.56/1.00
[FINAL_HOME_hold] max_err=0.020445 best=0.020445 stable=2.81/1.00
[FINAL_HOME_hold] max_err=0.020421 best=0.020415 stable=3.06/1.00
[FINAL_HOME_hold] max_err=0.020385 best=0.020385 stable=3.31/1.00
[FINAL_HOME_hold] max_err=0.020367 best=0.020355 stable=3.57/1.00
[FINAL_HOME_hold] max_err=0.020343 best=0.020343 stable=3.82/1.00
[FINAL_HOME_hold] max_err=0.020331 best=0.020325 stable=4.07/1.00
[FINAL_HOME_hold] max_err=0.020307 best=0.020301 stable=4.33/1.00
[FINAL_HOME_hold] max_err=0.020301 best=0.020289 stable=4.58/1.00
[FINAL_HOME_hold] max_err=0.020289 best=0.020283 stable=4.83/1.00

========================================================================================================
FINAL_HOME RESULT
========================================================================================================
MAX error      : 0.020283 rad (1.162 deg)
Worst          : right_shoulder_pitch
Best hold error: 0.020283 rad
Stable reached : True
Final max |dq| : 0.006136 rad/s

left_shoulder_pitch          target=-0.094586 final=-0.079186 error=+0.015400
left_shoulder_roll           target=-0.005776 final=-0.004057 error=+0.001720
left_shoulder_yaw            target=+0.183094 final=+0.187605 error=+0.004511
left_elbow                   target=+1.197247 final=+1.199533 error=+0.002286
left_wrist_roll              target=-0.080065 final=-0.083879 error=-0.003815
left_wrist_pitch             target=-0.892441 final=-0.900639 error=-0.008197
left_wrist_yaw               target=-0.177546 final=-0.168498 error=+0.009048
right_shoulder_pitch         target=-0.161583 final=-0.141300 error=+0.020283
right_shoulder_roll          target=+0.034586 final=+0.021338 error=-0.013249
right_shoulder_yaw           target=-0.180944 final=-0.188104 error=-0.007160
right_elbow                  target=+1.037027 final=+1.037799 error=+0.000772
right_wrist_roll             target=+0.003240 final=+0.006025 error=+0.002785
right_wrist_pitch            target=-0.529775 final=-0.549081 error=-0.019307
right_wrist_yaw              target=+0.114893 final=+0.107978 error=-0.006915

FINAL_HOME = PASS
AUTO_HOME_READY = PASS
========================================================================================================
LowCmd gains released.
