
==============================================================================================
R1-A7 LIVE KEYFRAME CHECK: HOME
==============================================================================================
joint                             target     current       error       deg    result
----------------------------------------------------------------------------------------------
left_shoulder_pitch            -0.094586   -0.095568   -0.000983    -0.056      PASS
left_shoulder_roll             -0.005776   -0.044905   -0.039128    -2.242      FAIL
left_shoulder_yaw              +0.183094   +0.307013   +0.123919    +7.100      FAIL
left_elbow                     +1.197247   +1.251093   +0.053846    +3.085      FAIL
left_wrist_roll                -0.080065   -0.123707   -0.043643    -2.501      FAIL
left_wrist_pitch               -0.892441   -0.982982   -0.090541    -5.188      FAIL
left_wrist_yaw                 -0.177546   +0.738923   +0.916470   +52.510      FAIL
right_shoulder_pitch           -0.161583   -0.120459   +0.041124    +2.356      FAIL
right_shoulder_roll            +0.034586   +0.044108   +0.009521    +0.546      PASS
right_shoulder_yaw             -0.180944   -0.336880   -0.155936    -8.934      FAIL
right_elbow                    +1.037027   +1.040281   +0.003255    +0.186      PASS
right_wrist_roll               +0.003240   +0.071784   +0.068545    +3.927      FAIL
right_wrist_pitch              -0.529775   -0.642438   -0.112664    -6.455      FAIL
right_wrist_yaw                +0.114893   -0.669726   -0.784619   -44.955      FAIL
----------------------------------------------------------------------------------------------
MAX error : 0.916470 rad (52.510 deg)
Worst     : left_wrist_yaw

HOME_READY = FAIL
==============================================================================================

