
==============================================================================================
R1-A7 LIVE KEYFRAME CHECK: HOME
==============================================================================================
joint                             target     current       error       deg    result
----------------------------------------------------------------------------------------------
left_shoulder_pitch            -0.094586   -0.013722   +0.080864    +4.633      FAIL
left_shoulder_roll             -0.005776   -0.043724   -0.037948    -2.174      FAIL
left_shoulder_yaw              +0.183094   -0.099350   -0.282444   -16.183      FAIL
left_elbow                     +1.197247   +1.271468   +0.074221    +4.253      FAIL
left_wrist_roll                -0.080065   +0.082169   +0.162234    +9.295      FAIL
left_wrist_pitch               -0.892441   -1.091020   -0.198579   -11.378      FAIL
left_wrist_yaw                 -0.177546   -0.416967   -0.239421   -13.718      FAIL
right_shoulder_pitch           -0.161583   +0.016838   +0.178421   +10.223      FAIL
right_shoulder_roll            +0.034586   +0.018390   -0.016197    -0.928      PASS
right_shoulder_yaw             -0.180944   +0.029080   +0.210024   +12.033      FAIL
right_elbow                    +1.037027   +0.980380   -0.056646    -3.246      FAIL
right_wrist_roll               +0.003240   -0.036740   -0.039979    -2.291      FAIL
right_wrist_pitch              -0.529775   -0.688398   -0.158623    -9.088      FAIL
right_wrist_yaw                +0.114893   +0.785973   +0.671081   +38.450      FAIL
----------------------------------------------------------------------------------------------
MAX error : 0.671081 rad (38.450 deg)
Worst     : right_wrist_yaw

HOME_READY = FAIL
==============================================================================================

