
==============================================================================================
R1-A7 LIVE KEYFRAME CHECK: HOME
==============================================================================================
joint                             target     current       error       deg    result
----------------------------------------------------------------------------------------------
left_shoulder_pitch            -0.094586   -0.038529   +0.056056    +3.212      FAIL
left_shoulder_roll             -0.005776   -0.046139   -0.040363    -2.313      FAIL
left_shoulder_yaw              +0.183094   -0.022964   -0.206058   -11.806      FAIL
left_elbow                     +1.197247   +1.250790   +0.053543    +3.068      FAIL
left_wrist_roll                -0.080065   +0.024735   +0.104800    +6.005      FAIL
left_wrist_pitch               -0.892441   -1.000515   -0.108074    -6.192      FAIL
left_wrist_yaw                 -0.177546   -0.671344   -0.493798   -28.293      FAIL
right_shoulder_pitch           -0.161583   +0.034071   +0.195654   +11.210      FAIL
right_shoulder_roll            +0.034586   +0.023615   -0.010972    -0.629      PASS
right_shoulder_yaw             -0.180944   -0.060945   +0.119999    +6.875      FAIL
right_elbow                    +1.037027   +1.037768   +0.000742    +0.042      PASS
right_wrist_roll               +0.003240   -0.051938   -0.055178    -3.161      FAIL
right_wrist_pitch              -0.529775   -0.791151   -0.261376   -14.976      FAIL
right_wrist_yaw                +0.114893   +0.817540   +0.702647   +40.259      FAIL
----------------------------------------------------------------------------------------------
MAX error : 0.702647 rad (40.259 deg)
Worst     : right_wrist_yaw

HOME_READY = FAIL
==============================================================================================

