
========================================================================================================
R1-A7 AUTO-HOME V2 ADAPTIVE RECOVERY PRE-FLIGHT
========================================================================================================
Lowstate age             : 0.001037s [PASS]
Max initial |dq|         : 0.012272 rad/s [PASS]
Current joint limits     : PASS
HOME joint limits        : PASS
MotionSwitcher           : PASS
  status                 : 0
  result                 : {'form': '0', 'name': ''}

Global HOME error        : 0.632899 rad
Wrist HOME error         : 0.632899 rad (right_wrist_yaw)
Arm HOME error           : 0.254666 rad (right_shoulder_yaw)
Direct HOME threshold    : 0.350000 rad
Recovery mode            : ADAPTIVE RECOVERY

Wrist stage delta        : 0.150000 rad
Arm stage delta          : 0.200000 rad
Recovery threshold       : 0.050000 rad
Nominal wrist iterations : 5 / max 8
Nominal arm iterations   : 2 / max 6
Iteration budget         : PASS

First-step trajectory preview:
  WRIST_ITER_01      duration= 5.50s max_delta=0.150000 peak_v=0.051136 peak_a=0.028629 max_step=0.000511
  ARM_ITER_01        duration= 7.00s max_delta=0.200000 peak_v=0.053571 peak_a=0.023565 max_step=0.000536
First-step checks        : PASS

Arm gains:
  shoulder pitch         : kp=100.0, kd=3.5
  shoulder roll/yaw/elbow: kp=80.0, kd=3.0
  wrist pitch            : kp=60.0, kd=2.0
  wrist roll/yaw         : kp=40.0, kd=1.5

PRE_FLIGHT = PASS
ROBOT_COMMAND_PUBLISHED = FALSE
========================================================================================================

========================================================================================================
REAL ROBOT AUTO-HOME V2 ARMED
========================================================================================================
Initial global HOME error : 0.632887 rad
Mode                      : ADAPTIVE RECOVERY
LowCmd will remain active until completion or abort.

Type RECOVER HOME V2 exactly to continue.
> 
Starting in 3 seconds...
3
2
1

========================================================================================================
LOWCMD ZERO-DISPLACEMENT TAKEOVER TEST
========================================================================================================
Takeover max drift : 0.001600 rad
Final max |dq|     : 0.021476 rad/s
TAKEOVER_TEST = PASS
========================================================================================================

POST-TAKEOVER V2 DECISION
Global HOME error : 0.632336 rad
Mode              : ADAPTIVE RECOVERY

========================================================================================================
ADAPTIVE WRIST RECOVERY
========================================================================================================
Stage delta       : 0.150000 rad
HOME threshold    : 0.050000 rad
Max iterations    : 8

WRIST_ITER_01 BEFORE: HOME error=0.632336 rad (right_wrist_yaw)
WRIST_ITER_01 TARGET: step=0.150000 rad (right_wrist_yaw), nominal remaining=0.482336 rad (right_wrist_yaw)

========================================================================================================
TRAJECTORY START: WRIST_ITER_01
========================================================================================================
Duration       : 5.500s
Max joint delta: 0.150000 rad
Peak velocity  : 0.051136 rad/s
Peak accel     : 0.028629 rad/s^2
[WRIST_ITER_01] t=0.00/5.50s target_err=0.150000 max|dq|=0.021476
[WRIST_ITER_01] t=0.25/5.50s target_err=0.149904 max|dq|=0.018408
[WRIST_ITER_01] t=0.51/5.50s target_err=0.149676 max|dq|=0.023252
[WRIST_ITER_01] t=0.76/5.50s target_err=0.148694 max|dq|=0.009204
[WRIST_ITER_01] t=1.01/5.50s target_err=0.146620 max|dq|=0.024544
[WRIST_ITER_01] t=1.27/5.50s target_err=0.141479 max|dq|=0.049087
[WRIST_ITER_01] t=1.52/5.50s target_err=0.132719 max|dq|=0.030680
[WRIST_ITER_01] t=1.78/5.50s target_err=0.128392 max|dq|=0.012272
[WRIST_ITER_01] t=2.03/5.50s target_err=0.122233 max|dq|=0.055223
[WRIST_ITER_01] t=2.28/5.50s target_err=0.107816 max|dq|=0.024544
[WRIST_ITER_01] t=2.53/5.50s target_err=0.100002 max|dq|=0.079767
[WRIST_ITER_01] t=2.79/5.50s target_err=0.086903 max|dq|=0.030680
[WRIST_ITER_01] t=3.04/5.50s target_err=0.078706 max|dq|=0.055223
[WRIST_ITER_01] t=3.29/5.50s target_err=0.064564 max|dq|=0.030680
[WRIST_ITER_01] t=3.55/5.50s target_err=0.055823 max|dq|=0.055223
[WRIST_ITER_01] t=3.81/5.50s target_err=0.049818 max|dq|=0.062005
[WRIST_ITER_01] t=4.07/5.50s target_err=0.045672 max|dq|=0.055223
[WRIST_ITER_01] t=4.33/5.50s target_err=0.043119 max|dq|=0.036816
[WRIST_ITER_01] t=4.59/5.50s target_err=0.042029 max|dq|=0.012272
[WRIST_ITER_01] t=4.84/5.50s target_err=0.041154 max|dq|=0.036816
[WRIST_ITER_01] t=5.09/5.50s target_err=0.040543 max|dq|=0.012272
[WRIST_ITER_01] t=5.35/5.50s target_err=0.040087 max|dq|=0.012272
[WRIST_ITER_01_hold] active_home=0.498628 active_target=0.039979 inactive_hold=0.014926 stable=0.00/0.50
[WRIST_ITER_01_hold] active_home=0.498496 active_target=0.039848 inactive_hold=0.014941 stable=0.00/0.50
[WRIST_ITER_01_hold] active_home=0.498448 active_target=0.039776 inactive_hold=0.014941 stable=0.00/0.50
[WRIST_ITER_01_hold] active_home=0.498400 active_target=0.039692 inactive_hold=0.014956 stable=0.00/0.50
[WRIST_ITER_01_hold] active_home=0.498364 active_target=0.039632 inactive_hold=0.014956 stable=0.00/0.50
[WRIST_ITER_01_hold] active_home=0.498340 active_target=0.039596 inactive_hold=0.014941 stable=0.00/0.50
[WRIST_ITER_01_hold] active_home=0.498304 active_target=0.039548 inactive_hold=0.014956 stable=0.00/0.50
[WRIST_ITER_01_hold] active_home=0.498304 active_target=0.039500 inactive_hold=0.014941 stable=0.00/0.50

WRIST_ITER_01 RESULT
  HOME error before : 0.632336 rad
  HOME error after  : 0.498256 rad (right_wrist_yaw, -0.498256)
  Progress          : +0.134079 rad
  Micro-target err  : 0.039524 rad (left_wrist_pitch)
  Inactive hold err : 0.014956 rad (right_elbow)
  Stable at HOME    : False
  Final max |dq|    : 0.018408 rad/s
WRIST_ITER_01 = CONTINUE

WRIST_ITER_02 BEFORE: HOME error=0.498256 rad (right_wrist_yaw)
WRIST_ITER_02 TARGET: step=0.150000 rad (right_wrist_yaw), nominal remaining=0.348256 rad (right_wrist_yaw)

========================================================================================================
TRAJECTORY START: WRIST_ITER_02
========================================================================================================
Duration       : 5.500s
Max joint delta: 0.150000 rad
Peak velocity  : 0.051136 rad/s
Peak accel     : 0.028629 rad/s^2
[WRIST_ITER_02] t=0.00/5.50s target_err=0.150012 max|dq|=0.012272
[WRIST_ITER_02] t=0.25/5.50s target_err=0.153967 max|dq|=0.018408
[WRIST_ITER_02] t=0.50/5.50s target_err=0.153931 max|dq|=0.015501
[WRIST_ITER_02] t=0.76/5.50s target_err=0.153643 max|dq|=0.015340
[WRIST_ITER_02] t=1.02/5.50s target_err=0.152289 max|dq|=0.012272
[WRIST_ITER_02] t=1.27/5.50s target_err=0.149377 max|dq|=0.024544
[WRIST_ITER_02] t=1.52/5.50s target_err=0.142210 max|dq|=0.079767
[WRIST_ITER_02] t=1.78/5.50s target_err=0.132239 max|dq|=0.024544
[WRIST_ITER_02] t=2.04/5.50s target_err=0.123179 max|dq|=0.049087
[WRIST_ITER_02] t=2.29/5.50s target_err=0.111435 max|dq|=0.024544
[WRIST_ITER_02] t=2.55/5.50s target_err=0.104208 max|dq|=0.042951
[WRIST_ITER_02] t=2.80/5.50s target_err=0.087934 max|dq|=0.024544
[WRIST_ITER_02] t=3.06/5.50s target_err=0.077040 max|dq|=0.116583
[WRIST_ITER_02] t=3.32/5.50s target_err=0.066039 max|dq|=0.024544
[WRIST_ITER_02] t=3.57/5.50s target_err=0.056823 max|dq|=0.110447
[WRIST_ITER_02] t=3.82/5.50s target_err=0.044731 max|dq|=0.012272
[WRIST_ITER_02] t=4.08/5.50s target_err=0.038409 max|dq|=0.042951
[WRIST_ITER_02] t=4.33/5.50s target_err=0.037499 max|dq|=0.015501
[WRIST_ITER_02] t=4.59/5.50s target_err=0.036540 max|dq|=0.015501
[WRIST_ITER_02] t=4.85/5.50s target_err=0.036228 max|dq|=0.030680
[WRIST_ITER_02] t=5.10/5.50s target_err=0.035869 max|dq|=0.015501
[WRIST_ITER_02] t=5.36/5.50s target_err=0.035653 max|dq|=0.012272
[WRIST_ITER_02_hold] active_home=0.366969 active_target=0.035509 inactive_hold=0.013159 stable=0.00/0.50
[WRIST_ITER_02_hold] active_home=0.366729 active_target=0.035294 inactive_hold=0.013147 stable=0.00/0.50
[WRIST_ITER_02_hold] active_home=0.366597 active_target=0.035174 inactive_hold=0.013153 stable=0.00/0.50
[WRIST_ITER_02_hold] active_home=0.366514 active_target=0.035066 inactive_hold=0.013153 stable=0.00/0.50
[WRIST_ITER_02_hold] active_home=0.366466 active_target=0.035006 inactive_hold=0.013153 stable=0.00/0.50
[WRIST_ITER_02_hold] active_home=0.366442 active_target=0.034970 inactive_hold=0.013153 stable=0.00/0.50
[WRIST_ITER_02_hold] active_home=0.366370 active_target=0.034922 inactive_hold=0.013141 stable=0.00/0.50
[WRIST_ITER_02_hold] active_home=0.366346 active_target=0.034874 inactive_hold=0.013159 stable=0.00/0.50

WRIST_ITER_02 RESULT
  HOME error before : 0.498256 rad
  HOME error after  : 0.366310 rad (right_wrist_yaw, -0.366310)
  Progress          : +0.131946 rad
  Micro-target err  : 0.034826 rad (left_wrist_pitch)
  Inactive hold err : 0.013159 rad (right_shoulder_roll)
  Stable at HOME    : False
  Final max |dq|    : 0.015340 rad/s
WRIST_ITER_02 = CONTINUE

WRIST_ITER_03 BEFORE: HOME error=0.366310 rad (right_wrist_yaw)
WRIST_ITER_03 TARGET: step=0.150000 rad (right_wrist_yaw), nominal remaining=0.216310 rad (right_wrist_yaw)

========================================================================================================
TRAJECTORY START: WRIST_ITER_03
========================================================================================================
Duration       : 5.500s
Max joint delta: 0.150000 rad
Peak velocity  : 0.051136 rad/s
Peak accel     : 0.028629 rad/s^2
[WRIST_ITER_03] t=0.00/5.50s target_err=0.150024 max|dq|=0.042951
[WRIST_ITER_03] t=0.25/5.50s target_err=0.155609 max|dq|=0.018408
[WRIST_ITER_03] t=0.50/5.50s target_err=0.155597 max|dq|=0.015501
[WRIST_ITER_03] t=0.76/5.50s target_err=0.155441 max|dq|=0.023252
[WRIST_ITER_03] t=1.02/5.50s target_err=0.154949 max|dq|=0.012272
[WRIST_ITER_03] t=1.27/5.50s target_err=0.150611 max|dq|=0.030680
[WRIST_ITER_03] t=1.53/5.50s target_err=0.138411 max|dq|=0.058291
[WRIST_ITER_03] t=1.79/5.50s target_err=0.131077 max|dq|=0.049087
[WRIST_ITER_03] t=2.04/5.50s target_err=0.119800 max|dq|=0.079767
[WRIST_ITER_03] t=2.30/5.50s target_err=0.111878 max|dq|=0.049087
[WRIST_ITER_03] t=2.56/5.50s target_err=0.098887 max|dq|=0.085903
[WRIST_ITER_03] t=2.81/5.50s target_err=0.088269 max|dq|=0.036816
[WRIST_ITER_03] t=3.07/5.50s target_err=0.077771 max|dq|=0.049087
[WRIST_ITER_03] t=3.33/5.50s target_err=0.063114 max|dq|=0.061359
[WRIST_ITER_03] t=3.59/5.50s target_err=0.048697 max|dq|=0.036816
[WRIST_ITER_03] t=3.85/5.50s target_err=0.041842 max|dq|=0.036816
[WRIST_ITER_03] t=4.10/5.50s target_err=0.034388 max|dq|=0.098175
[WRIST_ITER_03] t=4.36/5.50s target_err=0.030931 max|dq|=0.018408
[WRIST_ITER_03] t=4.62/5.50s target_err=0.030380 max|dq|=0.018408
[WRIST_ITER_03] t=4.87/5.50s target_err=0.030128 max|dq|=0.036816
[WRIST_ITER_03] t=5.13/5.50s target_err=0.029961 max|dq|=0.030680
[WRIST_ITER_03] t=5.39/5.50s target_err=0.029829 max|dq|=0.012272
[WRIST_ITER_03_hold] active_home=0.228983 active_target=0.029805 inactive_hold=0.012272 stable=0.00/0.50
[WRIST_ITER_03_hold] active_home=0.227604 active_target=0.029709 inactive_hold=0.012266 stable=0.00/0.50
[WRIST_ITER_03_hold] active_home=0.227197 active_target=0.029613 inactive_hold=0.012218 stable=0.00/0.50
[WRIST_ITER_03_hold] active_home=0.227005 active_target=0.029493 inactive_hold=0.012230 stable=0.00/0.50
[WRIST_ITER_03_hold] active_home=0.226766 active_target=0.029385 inactive_hold=0.012188 stable=0.00/0.50
[WRIST_ITER_03_hold] active_home=0.226682 active_target=0.029325 inactive_hold=0.012182 stable=0.00/0.50
[WRIST_ITER_03_hold] active_home=0.226586 active_target=0.029301 inactive_hold=0.012164 stable=0.00/0.50
[WRIST_ITER_03_hold] active_home=0.226502 active_target=0.029266 inactive_hold=0.012164 stable=0.00/0.50

WRIST_ITER_03 RESULT
  HOME error before : 0.366310 rad
  HOME error after  : 0.226442 rad (right_wrist_yaw, -0.226442)
  Progress          : +0.139868 rad
  Micro-target err  : 0.029266 rad (left_wrist_pitch)
  Inactive hold err : 0.012164 rad (right_shoulder_roll)
  Stable at HOME    : False
  Final max |dq|    : 0.015340 rad/s
WRIST_ITER_03 = CONTINUE

WRIST_ITER_04 BEFORE: HOME error=0.226442 rad (right_wrist_yaw)
WRIST_ITER_04 TARGET: step=0.150000 rad (right_wrist_yaw), nominal remaining=0.076442 rad (right_wrist_yaw)

========================================================================================================
TRAJECTORY START: WRIST_ITER_04
========================================================================================================
Duration       : 5.500s
Max joint delta: 0.150000 rad
Peak velocity  : 0.051136 rad/s
Peak accel     : 0.028629 rad/s^2
[WRIST_ITER_04] t=0.00/5.50s target_err=0.150000 max|dq|=0.015501
[WRIST_ITER_04] t=0.25/5.50s target_err=0.150336 max|dq|=0.012272
[WRIST_ITER_04] t=0.50/5.50s target_err=0.150324 max|dq|=0.009204
[WRIST_ITER_04] t=0.76/5.50s target_err=0.150048 max|dq|=0.015340
[WRIST_ITER_04] t=1.02/5.50s target_err=0.148502 max|dq|=0.018408
[WRIST_ITER_04] t=1.28/5.50s target_err=0.145566 max|dq|=0.030680
[WRIST_ITER_04] t=1.53/5.50s target_err=0.141815 max|dq|=0.024544
[WRIST_ITER_04] t=1.79/5.50s target_err=0.137488 max|dq|=0.015340
[WRIST_ITER_04] t=2.05/5.50s target_err=0.122292 max|dq|=0.024544
[WRIST_ITER_04] t=2.30/5.50s target_err=0.115054 max|dq|=0.049087
[WRIST_ITER_04] t=2.56/5.50s target_err=0.101512 max|dq|=0.049087
[WRIST_ITER_04] t=2.82/5.50s target_err=0.092667 max|dq|=0.049087
[WRIST_ITER_04] t=3.08/5.50s target_err=0.077268 max|dq|=0.024544
[WRIST_ITER_04] t=3.34/5.50s target_err=0.067644 max|dq|=0.030680
[WRIST_ITER_04] t=3.59/5.50s target_err=0.056715 max|dq|=0.055223
[WRIST_ITER_04] t=3.85/5.50s target_err=0.042909 max|dq|=0.079767
[WRIST_ITER_04] t=4.11/5.50s target_err=0.033382 max|dq|=0.015340
[WRIST_ITER_04] t=4.37/5.50s target_err=0.028911 max|dq|=0.018408
[WRIST_ITER_04] t=4.63/5.50s target_err=0.026293 max|dq|=0.024544
[WRIST_ITER_04] t=4.89/5.50s target_err=0.025934 max|dq|=0.018408
[WRIST_ITER_04] t=5.15/5.50s target_err=0.025754 max|dq|=0.012272
[WRIST_ITER_04] t=5.40/5.50s target_err=0.025610 max|dq|=0.018408
[WRIST_ITER_04_hold] active_home=0.091883 active_target=0.025550 inactive_hold=0.008614 stable=0.00/0.50
[WRIST_ITER_04_hold] active_home=0.091583 active_target=0.025455 inactive_hold=0.008644 stable=0.00/0.50
[WRIST_ITER_04_hold] active_home=0.091464 active_target=0.025455 inactive_hold=0.008659 stable=0.00/0.50
[WRIST_ITER_04_hold] active_home=0.091380 active_target=0.025443 inactive_hold=0.008644 stable=0.00/0.50
[WRIST_ITER_04_hold] active_home=0.091344 active_target=0.025419 inactive_hold=0.008659 stable=0.00/0.50
[WRIST_ITER_04_hold] active_home=0.091332 active_target=0.025407 inactive_hold=0.008689 stable=0.00/0.50
[WRIST_ITER_04_hold] active_home=0.091332 active_target=0.025395 inactive_hold=0.008689 stable=0.00/0.50
[WRIST_ITER_04_hold] active_home=0.091320 active_target=0.025371 inactive_hold=0.008704 stable=0.00/0.50

WRIST_ITER_04 RESULT
  HOME error before : 0.226442 rad
  HOME error after  : 0.091308 rad (right_wrist_yaw, -0.091308)
  Progress          : +0.135134 rad
  Micro-target err  : 0.025359 rad (left_wrist_pitch)
  Inactive hold err : 0.008704 rad (left_elbow)
  Stable at HOME    : False
  Final max |dq|    : 0.012272 rad/s
WRIST_ITER_04 = CONTINUE

WRIST_ITER_05 BEFORE: HOME error=0.091308 rad (right_wrist_yaw)
WRIST_ITER_05 TARGET: step=0.091308 rad (right_wrist_yaw), nominal remaining=0.000000 rad (left_wrist_roll)

========================================================================================================
TRAJECTORY START: WRIST_ITER_05
========================================================================================================
Duration       : 5.000s
Max joint delta: 0.091308 rad
Peak velocity  : 0.034240 rad/s
Peak accel     : 0.021087 rad/s^2
[WRIST_ITER_05] t=0.00/5.00s target_err=0.091308 max|dq|=0.015501
[WRIST_ITER_05] t=0.25/5.00s target_err=0.093261 max|dq|=0.030680
[WRIST_ITER_05] t=0.50/5.00s target_err=0.093285 max|dq|=0.007751
[WRIST_ITER_05] t=0.75/5.00s target_err=0.093249 max|dq|=0.012272
[WRIST_ITER_05] t=1.01/5.00s target_err=0.093129 max|dq|=0.007751
[WRIST_ITER_05] t=1.27/5.00s target_err=0.092291 max|dq|=0.018408
[WRIST_ITER_05] t=1.52/5.00s target_err=0.089211 max|dq|=0.049087
[WRIST_ITER_05] t=1.77/5.00s target_err=0.084944 max|dq|=0.018408
[WRIST_ITER_05] t=2.02/5.00s target_err=0.077969 max|dq|=0.073631
[WRIST_ITER_05] t=2.27/5.00s target_err=0.067651 max|dq|=0.018408
[WRIST_ITER_05] t=2.53/5.00s target_err=0.061599 max|dq|=0.036816
[WRIST_ITER_05] t=2.78/5.00s target_err=0.054876 max|dq|=0.098175
[WRIST_ITER_05] t=3.04/5.00s target_err=0.042951 max|dq|=0.024544
[WRIST_ITER_05] t=3.30/5.00s target_err=0.037846 max|dq|=0.012272
[WRIST_ITER_05] t=3.56/5.00s target_err=0.028558 max|dq|=0.018408
[WRIST_ITER_05] t=3.81/5.00s target_err=0.028091 max|dq|=0.012272
[WRIST_ITER_05] t=4.07/5.00s target_err=0.027588 max|dq|=0.018408
[WRIST_ITER_05] t=4.32/5.00s target_err=0.027192 max|dq|=0.021476
[WRIST_ITER_05] t=4.57/5.00s target_err=0.026893 max|dq|=0.012272
[WRIST_ITER_05] t=4.83/5.00s target_err=0.026677 max|dq|=0.018408
[WRIST_ITER_05_hold] active_home=0.026569 active_target=0.026569 inactive_hold=0.007781 stable=0.00/0.50
[WRIST_ITER_05_hold] active_home=0.026485 active_target=0.026485 inactive_hold=0.007811 stable=0.25/0.50
[WRIST_ITER_05_hold] active_home=0.026377 active_target=0.026377 inactive_hold=0.007872 stable=0.50/0.50
[WRIST_ITER_05_hold] active_home=0.026317 active_target=0.026317 inactive_hold=0.007902 stable=0.76/0.50
[WRIST_ITER_05_hold] active_home=0.026233 active_target=0.026233 inactive_hold=0.007917 stable=1.01/0.50
[WRIST_ITER_05_hold] active_home=0.026186 active_target=0.026186 inactive_hold=0.007932 stable=1.26/0.50
[WRIST_ITER_05_hold] active_home=0.026150 active_target=0.026150 inactive_hold=0.007932 stable=1.52/0.50
[WRIST_ITER_05_hold] active_home=0.026102 active_target=0.026102 inactive_hold=0.007947 stable=1.77/0.50

WRIST_ITER_05 RESULT
  HOME error before : 0.091308 rad
  HOME error after  : 0.026066 rad (right_wrist_pitch, -0.026066)
  Progress          : +0.065242 rad
  Micro-target err  : 0.026066 rad (right_wrist_pitch)
  Inactive hold err : 0.007947 rad (left_elbow)
  Stable at HOME    : True
  Final max |dq|    : 0.018408 rad/s
WRIST_READY = PASS
========================================================================================================

========================================================================================================
ADAPTIVE ARM RECOVERY
========================================================================================================
Stage delta       : 0.200000 rad
HOME threshold    : 0.050000 rad
Max iterations    : 6

ARM_ITER_01 BEFORE: HOME error=0.285214 rad (right_shoulder_yaw)
ARM_ITER_01 TARGET: step=0.200000 rad (right_shoulder_yaw), nominal remaining=0.085214 rad (right_shoulder_yaw)

========================================================================================================
TRAJECTORY START: ARM_ITER_01
========================================================================================================
Duration       : 7.000s
Max joint delta: 0.200000 rad
Peak velocity  : 0.053571 rad/s
Peak accel     : 0.023565 rad/s^2
[ARM_ITER_01] t=0.00/7.00s target_err=0.200000 max|dq|=0.015340
[ARM_ITER_01] t=0.25/7.00s target_err=0.202240 max|dq|=0.018408
[ARM_ITER_01] t=0.50/7.00s target_err=0.202104 max|dq|=0.012272
[ARM_ITER_01] t=0.76/7.00s target_err=0.201801 max|dq|=0.030680
[ARM_ITER_01] t=1.01/7.00s target_err=0.200273 max|dq|=0.018408
[ARM_ITER_01] t=1.26/7.00s target_err=0.198410 max|dq|=0.012272
[ARM_ITER_01] t=1.51/7.00s target_err=0.194656 max|dq|=0.021476
[ARM_ITER_01] t=1.77/7.00s target_err=0.190024 max|dq|=0.015340
[ARM_ITER_01] t=2.02/7.00s target_err=0.183197 max|dq|=0.023252
[ARM_ITER_01] t=2.28/7.00s target_err=0.173993 max|dq|=0.062005
[ARM_ITER_01] t=2.53/7.00s target_err=0.163275 max|dq|=0.038753
[ARM_ITER_01] t=2.78/7.00s target_err=0.152785 max|dq|=0.054254
[ARM_ITER_01] t=3.04/7.00s target_err=0.135346 max|dq|=0.119651
[ARM_ITER_01] t=3.29/7.00s target_err=0.120768 max|dq|=0.038753
[ARM_ITER_01] t=3.54/7.00s target_err=0.112200 max|dq|=0.031003
[ARM_ITER_01] t=3.80/7.00s target_err=0.092884 max|dq|=0.076699
[ARM_ITER_01] t=4.06/7.00s target_err=0.081833 max|dq|=0.038753
[ARM_ITER_01] t=4.32/7.00s target_err=0.070510 max|dq|=0.030680
[ARM_ITER_01] t=4.58/7.00s target_err=0.058748 max|dq|=0.062005
[ARM_ITER_01] t=4.84/7.00s target_err=0.044457 max|dq|=0.061359
[ARM_ITER_01] t=5.10/7.00s target_err=0.038517 max|dq|=0.023252
[ARM_ITER_01] t=5.36/7.00s target_err=0.036822 max|dq|=0.038753
[ARM_ITER_01] t=5.62/7.00s target_err=0.030931 max|dq|=0.023252
[ARM_ITER_01] t=5.88/7.00s target_err=0.028636 max|dq|=0.024544
[ARM_ITER_01] t=6.14/7.00s target_err=0.023699 max|dq|=0.049087
[ARM_ITER_01] t=6.39/7.00s target_err=0.022776 max|dq|=0.015340
[ARM_ITER_01] t=6.65/7.00s target_err=0.022123 max|dq|=0.015501
[ARM_ITER_01] t=6.91/7.00s target_err=0.022039 max|dq|=0.023252
[ARM_ITER_01_hold] active_home=0.094718 active_target=0.022015 inactive_hold=0.012703 stable=0.00/0.50
[ARM_ITER_01_hold] active_home=0.094552 active_target=0.021997 inactive_hold=0.012727 stable=0.00/0.50
[ARM_ITER_01_hold] active_home=0.094416 active_target=0.021961 inactive_hold=0.012691 stable=0.00/0.50
[ARM_ITER_01_hold] active_home=0.094431 active_target=0.021955 inactive_hold=0.012679 stable=0.00/0.50
[ARM_ITER_01_hold] active_home=0.094431 active_target=0.021943 inactive_hold=0.012655 stable=0.00/0.50
[ARM_ITER_01_hold] active_home=0.094416 active_target=0.021931 inactive_hold=0.012643 stable=0.00/0.50
[ARM_ITER_01_hold] active_home=0.094506 active_target=0.021931 inactive_hold=0.012631 stable=0.00/0.50
[ARM_ITER_01_hold] active_home=0.094400 active_target=0.021895 inactive_hold=0.012607 stable=0.00/0.50

ARM_ITER_01 RESULT
  HOME error before : 0.285214 rad
  HOME error after  : 0.094370 rad (right_shoulder_yaw, -0.094370)
  Progress          : +0.190844 rad
  Micro-target err  : 0.021895 rad (left_shoulder_pitch)
  Inactive hold err : 0.012595 rad (left_wrist_pitch)
  Stable at HOME    : False
  Final max |dq|    : 0.012272 rad/s
ARM_ITER_01 = CONTINUE

ARM_ITER_02 BEFORE: HOME error=0.094370 rad (right_shoulder_yaw)
ARM_ITER_02 TARGET: step=0.094370 rad (right_shoulder_yaw), nominal remaining=0.000000 rad (left_shoulder_pitch)

========================================================================================================
TRAJECTORY START: ARM_ITER_02
========================================================================================================
Duration       : 5.000s
Max joint delta: 0.094370 rad
Peak velocity  : 0.035389 rad/s
Peak accel     : 0.021794 rad/s^2
[ARM_ITER_02] t=0.00/5.00s target_err=0.094355 max|dq|=0.015340
[ARM_ITER_02] t=0.25/5.00s target_err=0.097973 max|dq|=0.015340
[ARM_ITER_02] t=0.51/5.00s target_err=0.097928 max|dq|=0.015501
[ARM_ITER_02] t=0.77/5.00s target_err=0.097519 max|dq|=0.018408
[ARM_ITER_02] t=1.02/5.00s target_err=0.095627 max|dq|=0.015501
[ARM_ITER_02] t=1.28/5.00s target_err=0.089753 max|dq|=0.039884
[ARM_ITER_02] t=1.53/5.00s target_err=0.082790 max|dq|=0.023252
[ARM_ITER_02] t=1.78/5.00s target_err=0.078157 max|dq|=0.012272
[ARM_ITER_02] t=2.04/5.00s target_err=0.072602 max|dq|=0.015501
[ARM_ITER_02] t=2.29/5.00s target_err=0.062565 max|dq|=0.046504
[ARM_ITER_02] t=2.54/5.00s target_err=0.055420 max|dq|=0.012272
[ARM_ITER_02] t=2.79/5.00s target_err=0.048396 max|dq|=0.038753
[ARM_ITER_02] t=3.05/5.00s target_err=0.037890 max|dq|=0.054254
[ARM_ITER_02] t=3.31/5.00s target_err=0.028126 max|dq|=0.030680
[ARM_ITER_02] t=3.57/5.00s target_err=0.022950 max|dq|=0.024544
[ARM_ITER_02] t=3.82/5.00s target_err=0.022668 max|dq|=0.038753
[ARM_ITER_02] t=4.08/5.00s target_err=0.022422 max|dq|=0.023252
[ARM_ITER_02] t=4.33/5.00s target_err=0.022177 max|dq|=0.030680
[ARM_ITER_02] t=4.59/5.00s target_err=0.021799 max|dq|=0.012272
[ARM_ITER_02] t=4.85/5.00s target_err=0.021781 max|dq|=0.018408
[ARM_ITER_02_hold] active_home=0.021775 active_target=0.021775 inactive_hold=0.005513 stable=0.00/0.50
[ARM_ITER_02_hold] active_home=0.021775 active_target=0.021775 inactive_hold=0.005501 stable=0.25/0.50
[ARM_ITER_02_hold] active_home=0.021757 active_target=0.021757 inactive_hold=0.005513 stable=0.51/0.50
[ARM_ITER_02_hold] active_home=0.021769 active_target=0.021769 inactive_hold=0.005513 stable=0.76/0.50
[ARM_ITER_02_hold] active_home=0.021751 active_target=0.021751 inactive_hold=0.005513 stable=1.02/0.50
[ARM_ITER_02_hold] active_home=0.021745 active_target=0.021745 inactive_hold=0.005501 stable=1.27/0.50
[ARM_ITER_02_hold] active_home=0.021763 active_target=0.021763 inactive_hold=0.005501 stable=1.52/0.50
[ARM_ITER_02_hold] active_home=0.021745 active_target=0.021745 inactive_hold=0.005501 stable=1.78/0.50

ARM_ITER_02 RESULT
  HOME error before : 0.094370 rad
  HOME error after  : 0.021751 rad (left_shoulder_pitch, +0.021751)
  Progress          : +0.072619 rad
  Micro-target err  : 0.021751 rad (left_shoulder_pitch)
  Inactive hold err : 0.005501 rad (left_wrist_pitch)
  Stable at HOME    : True
  Final max |dq|    : 0.018408 rad/s
ARM_READY = PASS
========================================================================================================

========================================================================================================
TRAJECTORY START: FINAL_HOME
========================================================================================================
Duration       : 8.000s
Max joint delta: 0.041322 rad
Peak velocity  : 0.009685 rad/s
Peak accel     : 0.003728 rad/s^2
[FINAL_HOME] t=0.00/8.00s target_err=0.041334 max|dq|=0.012272
[FINAL_HOME] t=0.25/8.00s target_err=0.044186 max|dq|=0.024544
[FINAL_HOME] t=0.51/8.00s target_err=0.044186 max|dq|=0.015340
[FINAL_HOME] t=0.77/8.00s target_err=0.044186 max|dq|=0.009204
[FINAL_HOME] t=1.03/8.00s target_err=0.044162 max|dq|=0.006136
[FINAL_HOME] t=1.28/8.00s target_err=0.044138 max|dq|=0.007751
[FINAL_HOME] t=1.54/8.00s target_err=0.044054 max|dq|=0.009204
[FINAL_HOME] t=1.80/8.00s target_err=0.043814 max|dq|=0.012272
[FINAL_HOME] t=2.06/8.00s target_err=0.043479 max|dq|=0.015501
[FINAL_HOME] t=2.32/8.00s target_err=0.043023 max|dq|=0.018408
[FINAL_HOME] t=2.57/8.00s target_err=0.042424 max|dq|=0.015501
[FINAL_HOME] t=2.82/8.00s target_err=0.041765 max|dq|=0.015340
[FINAL_HOME] t=3.07/8.00s target_err=0.040998 max|dq|=0.012272
[FINAL_HOME] t=3.33/8.00s target_err=0.040039 max|dq|=0.018408
[FINAL_HOME] t=3.58/8.00s target_err=0.039153 max|dq|=0.015340
[FINAL_HOME] t=3.84/8.00s target_err=0.038266 max|dq|=0.018408
[FINAL_HOME] t=4.10/8.00s target_err=0.036995 max|dq|=0.012272
[FINAL_HOME] t=4.35/8.00s target_err=0.035893 max|dq|=0.018408
[FINAL_HOME] t=4.61/8.00s target_err=0.034646 max|dq|=0.018408
[FINAL_HOME] t=4.87/8.00s target_err=0.033568 max|dq|=0.024544
[FINAL_HOME] t=5.12/8.00s target_err=0.031339 max|dq|=0.018408
[FINAL_HOME] t=5.37/8.00s target_err=0.028367 max|dq|=0.015340
[FINAL_HOME] t=5.63/8.00s target_err=0.027216 max|dq|=0.018408
[FINAL_HOME] t=5.88/8.00s target_err=0.025922 max|dq|=0.015501
[FINAL_HOME] t=6.13/8.00s target_err=0.025047 max|dq|=0.018408
[FINAL_HOME] t=6.39/8.00s target_err=0.024340 max|dq|=0.018408
[FINAL_HOME] t=6.64/8.00s target_err=0.023741 max|dq|=0.015501
[FINAL_HOME] t=6.89/8.00s target_err=0.023046 max|dq|=0.042951
[FINAL_HOME] t=7.15/8.00s target_err=0.022506 max|dq|=0.009204
[FINAL_HOME] t=7.40/8.00s target_err=0.022201 max|dq|=0.012272
[FINAL_HOME] t=7.66/8.00s target_err=0.022129 max|dq|=0.012272
[FINAL_HOME] t=7.91/8.00s target_err=0.022093 max|dq|=0.009204
[FINAL_HOME_hold] max_err=0.022093 best=0.022093 stable=0.00/1.00
[FINAL_HOME_hold] max_err=0.022045 best=0.022033 stable=0.25/1.00
[FINAL_HOME_hold] max_err=0.022033 best=0.022015 stable=0.51/1.00
[FINAL_HOME_hold] max_err=0.022009 best=0.021997 stable=0.77/1.00
[FINAL_HOME_hold] max_err=0.022003 best=0.021985 stable=1.03/1.00
[FINAL_HOME_hold] max_err=0.021991 best=0.021979 stable=1.29/1.00
[FINAL_HOME_hold] max_err=0.021991 best=0.021973 stable=1.55/1.00
[FINAL_HOME_hold] max_err=0.021973 best=0.021961 stable=1.81/1.00
[FINAL_HOME_hold] max_err=0.021967 best=0.021961 stable=2.06/1.00
[FINAL_HOME_hold] max_err=0.021961 best=0.021937 stable=2.32/1.00
[FINAL_HOME_hold] max_err=0.021943 best=0.021925 stable=2.58/1.00
[FINAL_HOME_hold] max_err=0.021931 best=0.021925 stable=2.83/1.00
[FINAL_HOME_hold] max_err=0.021931 best=0.021919 stable=3.08/1.00
[FINAL_HOME_hold] max_err=0.021919 best=0.021913 stable=3.33/1.00
[FINAL_HOME_hold] max_err=0.021907 best=0.021895 stable=3.58/1.00
[FINAL_HOME_hold] max_err=0.021901 best=0.021889 stable=3.84/1.00
[FINAL_HOME_hold] max_err=0.021901 best=0.021889 stable=4.10/1.00
[FINAL_HOME_hold] max_err=0.021901 best=0.021889 stable=4.35/1.00
[FINAL_HOME_hold] max_err=0.021895 best=0.021883 stable=4.61/1.00
[FINAL_HOME_hold] max_err=0.021895 best=0.021877 stable=4.87/1.00

========================================================================================================
FINAL_HOME RESULT
========================================================================================================
MAX error      : 0.021901 rad (1.255 deg)
Worst          : left_shoulder_pitch
Best hold error: 0.021877 rad
Stable reached : True
Final max |dq| : 0.012272 rad/s

left_shoulder_pitch          target=-0.094586 final=-0.072684 error=+0.021901
left_shoulder_roll           target=-0.005776 final=-0.025107 error=-0.019331
left_shoulder_yaw            target=+0.183094 final=+0.175525 error=-0.007569
left_elbow                   target=+1.197247 final=+1.196399 error=-0.000848
left_wrist_roll              target=-0.080065 final=-0.070997 error=+0.009068
left_wrist_pitch             target=-0.892441 final=-0.913701 error=-0.021260
left_wrist_yaw               target=-0.177546 final=-0.187721 error=-0.010175
right_shoulder_pitch         target=-0.161583 final=-0.140928 error=+0.020655
right_shoulder_roll          target=+0.034586 final=+0.021506 error=-0.013081
right_shoulder_yaw           target=-0.180944 final=-0.187908 error=-0.006963
right_elbow                  target=+1.037027 final=+1.038010 error=+0.000984
right_wrist_roll             target=+0.003240 final=+0.006494 error=+0.003255
right_wrist_pitch            target=-0.529775 final=-0.549573 error=-0.019798
right_wrist_yaw              target=+0.114893 final=+0.107055 error=-0.007838

FINAL_HOME = PASS
AUTO_HOME_READY = PASS
========================================================================================================
LowCmd gains released.
