
==============================================================================================
R1-A7 LIVE KEYFRAME CHECK: HOME
==============================================================================================
joint                             target     current       error       deg    result
----------------------------------------------------------------------------------------------
left_shoulder_pitch            -0.094586   -0.079096   +0.015490    +0.887      PASS
left_shoulder_roll             -0.005776   -0.028481   -0.022704    -1.301      PASS
left_shoulder_yaw              +0.183094   +0.149624   -0.033470    -1.918      FAIL
left_elbow                     +1.197247   +1.239966   +0.042719    +2.448      FAIL
left_wrist_roll                -0.080065   -0.062656   +0.017409    +0.997      PASS
left_wrist_pitch               -0.892441   -0.963472   -0.071031    -4.070      FAIL
left_wrist_yaw                 -0.177546   -0.192239   -0.014693    -0.842      PASS
right_shoulder_pitch           -0.161583   -0.086035   +0.075549    +4.329      FAIL
right_shoulder_roll            +0.034586   -0.003835   -0.038421    -2.201      FAIL
right_shoulder_yaw             -0.180944   -0.435671   -0.254727   -14.595      FAIL
right_elbow                    +1.037027   +1.014002   -0.023025    -1.319      PASS
right_wrist_roll               +0.003240   +0.048593   +0.045353    +2.599      FAIL
right_wrist_pitch              -0.529775   -0.616241   -0.086466    -4.954      FAIL
right_wrist_yaw                +0.114893   -0.517994   -0.632887   -36.262      FAIL
----------------------------------------------------------------------------------------------
MAX error : 0.632887 rad (36.262 deg)
Worst     : right_wrist_yaw

HOME_READY = FAIL
==============================================================================================

