==============================================================================================
R1-A7 LIVE KEYFRAME CHECK: HOME
==============================================================================================
joint                             target     current       error       deg    result
----------------------------------------------------------------------------------------------
left_shoulder_pitch            -0.094586   +0.010672   +0.105257    +6.031      FAIL
left_shoulder_roll             -0.005776   +0.118320   +0.124097    +7.110      FAIL
left_shoulder_yaw              +0.183094   +0.418202   +0.235108   +13.471      FAIL
left_elbow                     +1.197247   +1.226599   +0.029353    +1.682      PASS
left_wrist_roll                -0.080065   -0.105602   -0.025538    -1.463      PASS
left_wrist_pitch               -0.892441   -0.962873   -0.070431    -4.035      FAIL
left_wrist_yaw                 -0.177546   -0.282013   -0.104466    -5.985      FAIL
right_shoulder_pitch           -0.161583   -0.023022   +0.138562    +7.939      FAIL
right_shoulder_roll            +0.034586   -0.150222   -0.184809   -10.589      FAIL
right_shoulder_yaw             -0.180944   -0.561876   -0.380932   -21.826      FAIL
right_elbow                    +1.037027   +1.041401   +0.004375    +0.251      PASS
right_wrist_roll               +0.003240   +0.031487   +0.028247    +1.618      PASS
right_wrist_pitch              -0.529775   -0.625972   -0.096197    -5.512      FAIL
right_wrist_yaw                +0.114893   +0.346500   +0.231607   +13.270      FAIL
----------------------------------------------------------------------------------------------
MAX error : 0.380932 rad (21.826 deg)
Worst     : right_shoulder_yaw

HOME_READY = FAIL
==============================================================================================
