
==============================================================================================
R1-A7 LIVE KEYFRAME CHECK: HOME
==============================================================================================
joint                             target     current       error       deg    result
----------------------------------------------------------------------------------------------
left_shoulder_pitch            -0.094586   -0.069922   +0.024664    +1.413      PASS
left_shoulder_roll             -0.005776   +0.012793   +0.018570    +1.064      PASS
left_shoulder_yaw              +0.183094   +0.191011   +0.007917    +0.454      PASS
left_elbow                     +1.197247   +1.197746   +0.000500    +0.029      PASS
left_wrist_roll                -0.080065   -0.099623   -0.019558    -1.121      PASS
left_wrist_pitch               -0.892441   -0.913318   -0.020877    -1.196      PASS
left_wrist_yaw                 -0.177546   -0.177391   +0.000156    +0.009      PASS
right_shoulder_pitch           -0.161583   -0.122047   +0.039536    +2.265      FAIL
right_shoulder_roll            +0.034586   +0.013428   -0.021158    -1.212      PASS
right_shoulder_yaw             -0.180944   -0.191283   -0.010339    -0.592      PASS
right_elbow                    +1.037027   +1.034786   -0.002240    -0.128      PASS
right_wrist_roll               +0.003240   +0.006600   +0.003361    +0.193      PASS
right_wrist_pitch              -0.529775   -0.578059   -0.048284    -2.766      FAIL
right_wrist_yaw                +0.114893   +0.111070   -0.003823    -0.219      PASS
----------------------------------------------------------------------------------------------
MAX error : 0.048284 rad (2.766 deg)
Worst     : right_wrist_pitch

HOME_READY = FAIL
==============================================================================================

