
==============================================================================================
R1-A7 LIVE KEYFRAME CHECK: HOME
==============================================================================================
joint                             target     current       error       deg    result
----------------------------------------------------------------------------------------------
left_shoulder_pitch            -0.094586   -0.110489   -0.015903    -0.911      PASS
left_shoulder_roll             -0.005776   -0.077478   -0.071702    -4.108      FAIL
left_shoulder_yaw              +0.183094   -0.081624   -0.264718   -15.167      FAIL
left_elbow                     +1.197247   +1.131639   -0.065608    -3.759      FAIL
left_wrist_roll                -0.080065   -0.042977   +0.037088    +2.125      FAIL
left_wrist_pitch               -0.892441   -0.767050   +0.125391    +7.184      FAIL
left_wrist_yaw                 -0.177546   -0.081756   +0.095790    +5.488      FAIL
right_shoulder_pitch           -0.161583   -0.064805   +0.096779    +5.545      FAIL
right_shoulder_roll            +0.034586   +0.062354   +0.027767    +1.591      PASS
right_shoulder_yaw             -0.180944   +0.010248   +0.191193   +10.955      FAIL
right_elbow                    +1.037027   +1.070254   +0.033228    +1.904      FAIL
right_wrist_roll               +0.003240   -0.197762   -0.201002   -11.517      FAIL
right_wrist_pitch              -0.529775   -0.727107   -0.197332   -11.306      FAIL
right_wrist_yaw                +0.114893   +0.174382   +0.059490    +3.409      FAIL
----------------------------------------------------------------------------------------------
MAX error : 0.264718 rad (15.167 deg)
Worst     : left_shoulder_yaw

HOME_READY = FAIL
==============================================================================================

