
==============================================================================================
R1-A7 LIVE KEYFRAME CHECK: HOME
==============================================================================================
joint                             target     current       error       deg    result
----------------------------------------------------------------------------------------------
left_shoulder_pitch            -0.094586   -0.029661   +0.064925    +3.720      FAIL
left_shoulder_roll             -0.005776   +0.069676   +0.075453    +4.323      FAIL
left_shoulder_yaw              +0.183094   +0.556457   +0.373363   +21.392      FAIL
left_elbow                     +1.197247   +1.176266   -0.020981    -1.202      PASS
left_wrist_roll                -0.080065   -0.100804   -0.020739    -1.188      PASS
left_wrist_pitch               -0.892441   -0.875304   +0.017137    +0.982      PASS
left_wrist_yaw                 -0.177546   -0.177367   +0.000180    +0.010      PASS
right_shoulder_pitch           -0.161583   -0.112166   +0.049417    +2.831      FAIL
right_shoulder_roll            +0.034586   +0.013219   -0.021368    -1.224      PASS
right_shoulder_yaw             -0.180944   -0.189376   -0.008432    -0.483      PASS
right_elbow                    +1.037027   +1.037178   +0.000151    +0.009      PASS
right_wrist_roll               +0.003240   +0.006676   +0.003436    +0.197      PASS
right_wrist_pitch              -0.529775   -0.596707   -0.066932    -3.835      FAIL
right_wrist_yaw                +0.114893   +0.110830   -0.004063    -0.233      PASS
----------------------------------------------------------------------------------------------
MAX error : 0.373363 rad (21.392 deg)
Worst     : left_shoulder_yaw

HOME_READY = FAIL
==============================================================================================

