
========================================================================================================
R1-A7 AUTO-HOME V2 ADAPTIVE RECOVERY PRE-FLIGHT
========================================================================================================
Lowstate age             : 0.000664s [PASS]
Max initial |dq|         : 0.015340 rad/s [PASS]
Current joint limits     : PASS
HOME joint limits        : PASS
MotionSwitcher           : PASS
  status                 : 0
  result                 : {'form': '0', 'name': ''}

Global HOME error        : 0.290138 rad
Wrist HOME error         : 0.290138 rad (left_wrist_pitch)
Arm HOME error           : 0.235909 rad (right_shoulder_pitch)
Direct HOME threshold    : 0.350000 rad
Recovery mode            : DIRECT HOME


First-step trajectory preview:
  FINAL_HOME         duration=10.00s max_delta=0.290138 peak_v=0.054401 peak_a=0.016751 max_step=0.000544
First-step checks        : PASS

Arm gains:
  shoulder pitch         : kp=100.0, kd=3.5
  shoulder roll/yaw/elbow: kp=80.0, kd=3.0
  wrist pitch            : kp=60.0, kd=2.0
  wrist roll/yaw         : kp=40.0, kd=1.5

PRE_FLIGHT = PASS
ROBOT_COMMAND_PUBLISHED = FALSE
========================================================================================================

========================================================================================================
REAL ROBOT AUTO-HOME V2 ARMED
========================================================================================================
Initial global HOME error : 0.290162 rad
Mode                      : DIRECT HOME
LowCmd will remain active until completion or abort.

Type RECOVER HOME V2 exactly to continue.
> 
Starting in 3 seconds...
3
2
1

========================================================================================================
LOWCMD ZERO-DISPLACEMENT TAKEOVER TEST
========================================================================================================
Takeover max drift : 0.000439 rad
Final max |dq|     : 0.024544 rad/s
TAKEOVER_TEST = PASS
========================================================================================================

POST-TAKEOVER V2 DECISION
Global HOME error : 0.290126 rad
Mode              : DIRECT HOME

========================================================================================================
TRAJECTORY START: FINAL_HOME
========================================================================================================
Duration       : 10.000s
Max joint delta: 0.290126 rad
Peak velocity  : 0.054399 rad/s
Peak accel     : 0.016750 rad/s^2
[FINAL_HOME] t=0.00/10.00s target_err=0.290126 max|dq|=0.024544
[FINAL_HOME] t=0.25/10.00s target_err=0.290138 max|dq|=0.030680
[FINAL_HOME] t=0.50/10.00s target_err=0.290138 max|dq|=0.012272
[FINAL_HOME] t=0.76/10.00s target_err=0.290054 max|dq|=0.012272
[FINAL_HOME] t=1.01/10.00s target_err=0.289791 max|dq|=0.012272
[FINAL_HOME] t=1.27/10.00s target_err=0.289083 max|dq|=0.018408
[FINAL_HOME] t=1.53/10.00s target_err=0.288221 max|dq|=0.030680
[FINAL_HOME] t=1.79/10.00s target_err=0.286950 max|dq|=0.024544
[FINAL_HOME] t=2.04/10.00s target_err=0.283523 max|dq|=0.039884
[FINAL_HOME] t=2.30/10.00s target_err=0.281426 max|dq|=0.018408
[FINAL_HOME] t=2.56/10.00s target_err=0.279304 max|dq|=0.039884
[FINAL_HOME] t=2.82/10.00s target_err=0.273864 max|dq|=0.030680
[FINAL_HOME] t=3.07/10.00s target_err=0.268531 max|dq|=0.031003
[FINAL_HOME] t=3.33/10.00s target_err=0.264300 max|dq|=0.021476
[FINAL_HOME] t=3.59/10.00s target_err=0.260345 max|dq|=0.021476
[FINAL_HOME] t=3.85/10.00s target_err=0.256654 max|dq|=0.113515
[FINAL_HOME] t=4.10/10.00s target_err=0.247918 max|dq|=0.085903
[FINAL_HOME] t=4.36/10.00s target_err=0.238558 max|dq|=0.073631
[FINAL_HOME] t=4.61/10.00s target_err=0.235226 max|dq|=0.031003
[FINAL_HOME] t=4.87/10.00s target_err=0.229306 max|dq|=0.055223
[FINAL_HOME] t=5.13/10.00s target_err=0.223038 max|dq|=0.023252
[FINAL_HOME] t=5.39/10.00s target_err=0.220162 max|dq|=0.076699
[FINAL_HOME] t=5.64/10.00s target_err=0.217969 max|dq|=0.031003
[FINAL_HOME] t=5.90/10.00s target_err=0.213727 max|dq|=0.082835
[FINAL_HOME] t=6.15/10.00s target_err=0.212193 max|dq|=0.015501
[FINAL_HOME] t=6.40/10.00s target_err=0.211138 max|dq|=0.069756
[FINAL_HOME] t=6.65/10.00s target_err=0.209400 max|dq|=0.042951
[FINAL_HOME] t=6.91/10.00s target_err=0.205362 max|dq|=0.030680
[FINAL_HOME] t=7.16/10.00s target_err=0.203588 max|dq|=0.046504
[FINAL_HOME] t=7.41/10.00s target_err=0.201922 max|dq|=0.046019
[FINAL_HOME] t=7.67/10.00s target_err=0.197524 max|dq|=0.076699
[FINAL_HOME] t=7.93/10.00s target_err=0.192814 max|dq|=0.015340
[FINAL_HOME] t=8.18/10.00s target_err=0.192311 max|dq|=0.012272
[FINAL_HOME] t=8.44/10.00s target_err=0.191999 max|dq|=0.033748
[FINAL_HOME] t=8.70/10.00s target_err=0.191724 max|dq|=0.006136
[FINAL_HOME] t=8.95/10.00s target_err=0.191472 max|dq|=0.027612
[FINAL_HOME] t=9.20/10.00s target_err=0.191148 max|dq|=0.015340
[FINAL_HOME] t=9.45/10.00s target_err=0.190993 max|dq|=0.018408
[FINAL_HOME] t=9.71/10.00s target_err=0.190861 max|dq|=0.018408
[FINAL_HOME] t=9.97/10.00s target_err=0.190741 max|dq|=0.018408
[FINAL_HOME_hold] max_err=0.190729 best=0.190729 stable=0.00/1.00
[FINAL_HOME_hold] max_err=0.190633 best=0.190621 stable=0.00/1.00
[FINAL_HOME_hold] max_err=0.190525 best=0.190525 stable=0.00/1.00
[FINAL_HOME_hold] max_err=0.190501 best=0.190501 stable=0.00/1.00
[FINAL_HOME_hold] max_err=0.190453 best=0.190441 stable=0.00/1.00
[FINAL_HOME_hold] max_err=0.190405 best=0.190393 stable=0.00/1.00
[FINAL_HOME_hold] max_err=0.190322 best=0.190322 stable=0.00/1.00
[FINAL_HOME_hold] max_err=0.190274 best=0.190274 stable=0.00/1.00
[FINAL_HOME_hold] max_err=0.190250 best=0.190238 stable=0.00/1.00
[FINAL_HOME_hold] max_err=0.190214 best=0.190214 stable=0.00/1.00
[FINAL_HOME_hold] max_err=0.190178 best=0.190178 stable=0.00/1.00
[FINAL_HOME_hold] max_err=0.190142 best=0.190142 stable=0.00/1.00
[FINAL_HOME_hold] max_err=0.190130 best=0.190106 stable=0.00/1.00
[FINAL_HOME_hold] max_err=0.190082 best=0.190082 stable=0.00/1.00
[FINAL_HOME_hold] max_err=0.190046 best=0.190034 stable=0.00/1.00
[FINAL_HOME_hold] max_err=0.189998 best=0.189986 stable=0.00/1.00
[FINAL_HOME_hold] max_err=0.189974 best=0.189974 stable=0.00/1.00
[FINAL_HOME_hold] max_err=0.189950 best=0.189938 stable=0.00/1.00
[FINAL_HOME_hold] max_err=0.189914 best=0.189914 stable=0.00/1.00
[FINAL_HOME_hold] max_err=0.189878 best=0.189854 stable=0.00/1.00

========================================================================================================
FINAL_HOME RESULT
========================================================================================================
MAX error      : 0.189866 rad (10.879 deg)
Worst          : left_wrist_pitch
Best hold error: 0.189854 rad
Stable reached : False
Final max |dq| : 0.012272 rad/s

left_shoulder_pitch          target=-0.094586 final=+0.048728 error=+0.143313
left_shoulder_roll           target=-0.005776 final=-0.060958 error=-0.055181
left_shoulder_yaw            target=+0.183094 final=+0.138013 error=-0.045081
left_elbow                   target=+1.197247 final=+1.217411 error=+0.020164
left_wrist_roll              target=-0.080065 final=-0.021526 error=+0.058539
left_wrist_pitch             target=-0.892441 final=-1.082307 error=-0.189866
left_wrist_yaw               target=-0.177546 final=-0.219791 error=-0.042244
right_shoulder_pitch         target=-0.161583 final=-0.140647 error=+0.020936
right_shoulder_roll          target=+0.034586 final=+0.024658 error=-0.009929
right_shoulder_yaw           target=-0.180944 final=-0.184456 error=-0.003512
right_elbow                  target=+1.037027 final=+1.035725 error=-0.001302
right_wrist_roll             target=+0.003240 final=+0.004239 error=+0.000999
right_wrist_pitch            target=-0.529775 final=-0.552796 error=-0.023022
right_wrist_yaw              target=+0.114893 final=+0.110063 error=-0.004830

FINAL_HOME = FAIL
AUTO_HOME_READY = FAIL
========================================================================================================
LowCmd gains released.
