
========================================================================================================
R1-A7 AUTO-HOME V2 ADAPTIVE RECOVERY PRE-FLIGHT
========================================================================================================
Lowstate age             : 0.000208s [PASS]
Max initial |dq|         : 0.024544 rad/s [PASS]
Current joint limits     : PASS
HOME joint limits        : PASS
MotionSwitcher           : PASS
  status                 : 0
  result                 : {'form': '0', 'name': ''}

Global HOME error        : 0.387198 rad
Wrist HOME error         : 0.387198 rad (left_wrist_pitch)
Arm HOME error           : 0.299773 rad (right_shoulder_pitch)
Direct HOME threshold    : 0.350000 rad
Recovery mode            : ADAPTIVE RECOVERY

Wrist stage delta        : 0.150000 rad
Arm stage delta          : 0.200000 rad
Recovery threshold       : 0.050000 rad
Nominal wrist iterations : 3 / max 8
Nominal arm iterations   : 2 / max 6
Iteration budget         : PASS

First-step trajectory preview:
  WRIST_ITER_01      duration= 5.50s max_delta=0.150000 peak_v=0.051136 peak_a=0.028629 max_step=0.000511
  ARM_ITER_01        duration= 7.00s max_delta=0.200000 peak_v=0.053571 peak_a=0.023565 max_step=0.000536
First-step checks        : PASS

Arm gains:
  shoulder pitch         : kp=100.0, kd=3.5
  shoulder roll/yaw/elbow: kp=80.0, kd=3.0
  wrist pitch            : kp=60.0, kd=2.0
  wrist roll/yaw         : kp=40.0, kd=1.5

PRE_FLIGHT = PASS
ROBOT_COMMAND_PUBLISHED = FALSE
========================================================================================================

========================================================================================================
REAL ROBOT AUTO-HOME V2 ARMED
========================================================================================================
Initial global HOME error : 0.387198 rad
Mode                      : ADAPTIVE RECOVERY
LowCmd will remain active until completion or abort.

Type RECOVER HOME V2 exactly to continue.
> 
Starting in 3 seconds...
3
2
1

========================================================================================================
LOWCMD ZERO-DISPLACEMENT TAKEOVER TEST
========================================================================================================
Takeover max drift : 0.000212 rad
Final max |dq|     : 0.012272 rad/s
TAKEOVER_TEST = PASS
========================================================================================================

POST-TAKEOVER V2 DECISION
Global HOME error : 0.387258 rad
Mode              : ADAPTIVE RECOVERY

========================================================================================================
ADAPTIVE WRIST RECOVERY
========================================================================================================
Stage delta       : 0.150000 rad
HOME threshold    : 0.050000 rad
Max iterations    : 8

WRIST_ITER_01 BEFORE: HOME error=0.387258 rad (left_wrist_pitch)
WRIST_ITER_01 TARGET: step=0.150000 rad (right_wrist_pitch), nominal remaining=0.237258 rad (left_wrist_pitch)

========================================================================================================
TRAJECTORY START: WRIST_ITER_01
========================================================================================================
Duration       : 5.500s
Max joint delta: 0.150000 rad
Peak velocity  : 0.051136 rad/s
Peak accel     : 0.028629 rad/s^2
[WRIST_ITER_01] t=0.00/5.50s target_err=0.150000 max|dq|=0.012272
[WRIST_ITER_01] t=0.25/5.50s target_err=0.150012 max|dq|=0.015501
[WRIST_ITER_01] t=0.50/5.50s target_err=0.149988 max|dq|=0.036816
[WRIST_ITER_01] t=0.76/5.50s target_err=0.149976 max|dq|=0.024544
[WRIST_ITER_01] t=1.01/5.50s target_err=0.149736 max|dq|=0.042951
[WRIST_ITER_01] t=1.27/5.50s target_err=0.149293 max|dq|=0.021476
[WRIST_ITER_01] t=1.53/5.50s target_err=0.147723 max|dq|=0.042951
[WRIST_ITER_01] t=1.78/5.50s target_err=0.143493 max|dq|=0.036816
[WRIST_ITER_01] t=2.04/5.50s target_err=0.139058 max|dq|=0.042951
[WRIST_ITER_01] t=2.30/5.50s target_err=0.131904 max|dq|=0.055223
[WRIST_ITER_01] t=2.55/5.50s target_err=0.118182 max|dq|=0.018408
[WRIST_ITER_01] t=2.81/5.50s target_err=0.110919 max|dq|=0.055223
[WRIST_ITER_01] t=3.06/5.50s target_err=0.101044 max|dq|=0.049087
[WRIST_ITER_01] t=3.31/5.50s target_err=0.092236 max|dq|=0.036816
[WRIST_ITER_01] t=3.57/5.50s target_err=0.084758 max|dq|=0.061359
[WRIST_ITER_01] t=3.82/5.50s target_err=0.078622 max|dq|=0.067495
[WRIST_ITER_01] t=4.07/5.50s target_err=0.072462 max|dq|=0.033748
[WRIST_ITER_01] t=4.33/5.50s target_err=0.068411 max|dq|=0.042951
[WRIST_ITER_01] t=4.58/5.50s target_err=0.065355 max|dq|=0.018408
[WRIST_ITER_01] t=4.84/5.50s target_err=0.064157 max|dq|=0.024544
[WRIST_ITER_01] t=5.10/5.50s target_err=0.063869 max|dq|=0.012272
[WRIST_ITER_01] t=5.36/5.50s target_err=0.063750 max|dq|=0.015340
[WRIST_ITER_01_hold] active_home=0.300888 active_target=0.063630 inactive_hold=0.029337 stable=0.00/0.50
[WRIST_ITER_01_hold] active_home=0.300804 active_target=0.063546 inactive_hold=0.029337 stable=0.00/0.50
[WRIST_ITER_01_hold] active_home=0.300744 active_target=0.063486 inactive_hold=0.029337 stable=0.00/0.50
[WRIST_ITER_01_hold] active_home=0.300672 active_target=0.063414 inactive_hold=0.029322 stable=0.00/0.50
[WRIST_ITER_01_hold] active_home=0.300612 active_target=0.063354 inactive_hold=0.029337 stable=0.00/0.50
[WRIST_ITER_01_hold] active_home=0.300564 active_target=0.063306 inactive_hold=0.029322 stable=0.00/0.50
[WRIST_ITER_01_hold] active_home=0.300528 active_target=0.063270 inactive_hold=0.029322 stable=0.00/0.50
[WRIST_ITER_01_hold] active_home=0.300469 active_target=0.063210 inactive_hold=0.029337 stable=0.00/0.50

WRIST_ITER_01 RESULT
  HOME error before : 0.387258 rad
  HOME error after  : 0.300433 rad (left_wrist_pitch, -0.300433)
  Progress          : +0.086826 rad
  Micro-target err  : 0.063174 rad (left_wrist_pitch)
  Inactive hold err : 0.029337 rad (left_elbow)
  Stable at HOME    : False
  Final max |dq|    : 0.007751 rad/s
WRIST_ITER_01 = CONTINUE

WRIST_ITER_02 BEFORE: HOME error=0.300433 rad (left_wrist_pitch)
WRIST_ITER_02 TARGET: step=0.150000 rad (left_wrist_pitch), nominal remaining=0.150433 rad (left_wrist_pitch)

========================================================================================================
TRAJECTORY START: WRIST_ITER_02
========================================================================================================
Duration       : 5.500s
Max joint delta: 0.150000 rad
Peak velocity  : 0.051136 rad/s
Peak accel     : 0.028629 rad/s^2
[WRIST_ITER_02] t=0.00/5.50s target_err=0.150000 max|dq|=0.007751
[WRIST_ITER_02] t=0.25/5.50s target_err=0.159474 max|dq|=0.012272
[WRIST_ITER_02] t=0.50/5.50s target_err=0.159486 max|dq|=0.021476
[WRIST_ITER_02] t=0.76/5.50s target_err=0.159438 max|dq|=0.024544
[WRIST_ITER_02] t=1.01/5.50s target_err=0.159330 max|dq|=0.015340
[WRIST_ITER_02] t=1.26/5.50s target_err=0.159031 max|dq|=0.009204
[WRIST_ITER_02] t=1.52/5.50s target_err=0.158180 max|dq|=0.018408
[WRIST_ITER_02] t=1.78/5.50s target_err=0.153650 max|dq|=0.024544
[WRIST_ITER_02] t=2.04/5.50s target_err=0.145345 max|dq|=0.062005
[WRIST_ITER_02] t=2.29/5.50s target_err=0.138442 max|dq|=0.027612
[WRIST_ITER_02] t=2.55/5.50s target_err=0.131407 max|dq|=0.030680
[WRIST_ITER_02] t=2.81/5.50s target_err=0.123893 max|dq|=0.042951
[WRIST_ITER_02] t=3.06/5.50s target_err=0.115521 max|dq|=0.036816
[WRIST_ITER_02] t=3.32/5.50s target_err=0.109541 max|dq|=0.049087
[WRIST_ITER_02] t=3.57/5.50s target_err=0.106881 max|dq|=0.015501
[WRIST_ITER_02] t=3.83/5.50s target_err=0.106737 max|dq|=0.012272
[WRIST_ITER_02] t=4.08/5.50s target_err=0.106689 max|dq|=0.039884
[WRIST_ITER_02] t=4.33/5.50s target_err=0.106677 max|dq|=0.012272
[WRIST_ITER_02] t=4.59/5.50s target_err=0.106473 max|dq|=0.024544
[WRIST_ITER_02] t=4.85/5.50s target_err=0.106306 max|dq|=0.012272
[WRIST_ITER_02] t=5.11/5.50s target_err=0.106210 max|dq|=0.018408
[WRIST_ITER_02] t=5.37/5.50s target_err=0.106078 max|dq|=0.015340
[WRIST_ITER_02_hold] active_home=0.256283 active_target=0.105850 inactive_hold=0.034242 stable=0.00/0.50
[WRIST_ITER_02_hold] active_home=0.255971 active_target=0.105539 inactive_hold=0.034242 stable=0.00/0.50
[WRIST_ITER_02_hold] active_home=0.255731 active_target=0.105299 inactive_hold=0.034257 stable=0.00/0.50
[WRIST_ITER_02_hold] active_home=0.255576 active_target=0.105143 inactive_hold=0.034257 stable=0.00/0.50
[WRIST_ITER_02_hold] active_home=0.255420 active_target=0.104987 inactive_hold=0.034257 stable=0.00/0.50
[WRIST_ITER_02_hold] active_home=0.255300 active_target=0.104867 inactive_hold=0.034242 stable=0.00/0.50
[WRIST_ITER_02_hold] active_home=0.255216 active_target=0.104784 inactive_hold=0.034227 stable=0.00/0.50
[WRIST_ITER_02_hold] active_home=0.255156 active_target=0.104724 inactive_hold=0.034227 stable=0.00/0.50

WRIST_ITER_02 RESULT
  HOME error before : 0.300433 rad
  HOME error after  : 0.255132 rad (left_wrist_pitch, -0.255132)
  Progress          : +0.045300 rad
  Micro-target err  : 0.104700 rad (left_wrist_pitch)
  Inactive hold err : 0.034227 rad (right_elbow)
  Stable at HOME    : False
  Final max |dq|    : 0.012272 rad/s
WRIST_ITER_02 = CONTINUE

WRIST_ITER_03 BEFORE: HOME error=0.255132 rad (left_wrist_pitch)
WRIST_ITER_03 TARGET: step=0.150000 rad (left_wrist_pitch), nominal remaining=0.105132 rad (left_wrist_pitch)

========================================================================================================
TRAJECTORY START: WRIST_ITER_03
========================================================================================================
Duration       : 5.500s
Max joint delta: 0.150000 rad
Peak velocity  : 0.051136 rad/s
Peak accel     : 0.028629 rad/s^2
[WRIST_ITER_03] t=0.00/5.50s target_err=0.150000 max|dq|=0.012272
[WRIST_ITER_03] t=0.25/5.50s target_err=0.158928 max|dq|=0.027612
[WRIST_ITER_03] t=0.50/5.50s target_err=0.158940 max|dq|=0.015501
[WRIST_ITER_03] t=0.76/5.50s target_err=0.158844 max|dq|=0.012272
[WRIST_ITER_03] t=1.02/5.50s target_err=0.158413 max|dq|=0.024544
[WRIST_ITER_03] t=1.28/5.50s target_err=0.156951 max|dq|=0.018408
[WRIST_ITER_03] t=1.53/5.50s target_err=0.154914 max|dq|=0.012272
[WRIST_ITER_03] t=1.79/5.50s target_err=0.152553 max|dq|=0.021476
[WRIST_ITER_03] t=2.04/5.50s target_err=0.149545 max|dq|=0.036816
[WRIST_ITER_03] t=2.30/5.50s target_err=0.144427 max|dq|=0.030680
[WRIST_ITER_03] t=2.55/5.50s target_err=0.140437 max|dq|=0.015501
[WRIST_ITER_03] t=2.81/5.50s target_err=0.137357 max|dq|=0.024544
[WRIST_ITER_03] t=3.07/5.50s target_err=0.136638 max|dq|=0.018408
[WRIST_ITER_03] t=3.33/5.50s target_err=0.136050 max|dq|=0.021476
[WRIST_ITER_03] t=3.59/5.50s target_err=0.135751 max|dq|=0.012272
[WRIST_ITER_03] t=3.85/5.50s target_err=0.135523 max|dq|=0.012272
[WRIST_ITER_03] t=4.10/5.50s target_err=0.135415 max|dq|=0.009204
[WRIST_ITER_03] t=4.35/5.50s target_err=0.135343 max|dq|=0.018408
[WRIST_ITER_03] t=4.61/5.50s target_err=0.135247 max|dq|=0.018408
[WRIST_ITER_03] t=4.86/5.50s target_err=0.135164 max|dq|=0.012272
[WRIST_ITER_03] t=5.11/5.50s target_err=0.134576 max|dq|=0.031003
[WRIST_ITER_03] t=5.37/5.50s target_err=0.133006 max|dq|=0.018408
[WRIST_ITER_03_hold] active_home=0.238055 active_target=0.132922 inactive_hold=0.019543 stable=0.00/0.50
[WRIST_ITER_03_hold] active_home=0.237995 active_target=0.132863 inactive_hold=0.019528 stable=0.00/0.50
[WRIST_ITER_03_hold] active_home=0.237959 active_target=0.132827 inactive_hold=0.019543 stable=0.00/0.50
[WRIST_ITER_03_hold] active_home=0.237875 active_target=0.132743 inactive_hold=0.019573 stable=0.00/0.50
[WRIST_ITER_03_hold] active_home=0.237887 active_target=0.132755 inactive_hold=0.019573 stable=0.00/0.50
[WRIST_ITER_03_hold] active_home=0.237851 active_target=0.132719 inactive_hold=0.019604 stable=0.00/0.50
[WRIST_ITER_03_hold] active_home=0.237827 active_target=0.132695 inactive_hold=0.019619 stable=0.00/0.50
[WRIST_ITER_03_hold] active_home=0.237839 active_target=0.132707 inactive_hold=0.019604 stable=0.00/0.50

WRIST_ITER_03 RESULT
  HOME error before : 0.255132 rad
  HOME error after  : 0.237803 rad (left_wrist_pitch, -0.237803)
  Progress          : +0.017329 rad
  Micro-target err  : 0.132671 rad (left_wrist_pitch)
  Inactive hold err : 0.019619 rad (left_elbow)
  Stable at HOME    : False
  Final max |dq|    : 0.030680 rad/s
WRIST_ITER_03 = CONTINUE

WRIST_ITER_04 BEFORE: HOME error=0.237803 rad (left_wrist_pitch)
WRIST_ITER_04 TARGET: step=0.150000 rad (left_wrist_pitch), nominal remaining=0.087803 rad (left_wrist_pitch)

========================================================================================================
TRAJECTORY START: WRIST_ITER_04
========================================================================================================
Duration       : 5.500s
Max joint delta: 0.150000 rad
Peak velocity  : 0.051136 rad/s
Peak accel     : 0.028629 rad/s^2
[WRIST_ITER_04] t=0.00/5.50s target_err=0.150000 max|dq|=0.024544
[WRIST_ITER_04] t=0.25/5.50s target_err=0.159408 max|dq|=0.018408
[WRIST_ITER_04] t=0.50/5.50s target_err=0.159396 max|dq|=0.012272
[WRIST_ITER_04] t=0.75/5.50s target_err=0.159336 max|dq|=0.012272
[WRIST_ITER_04] t=1.01/5.50s target_err=0.158988 max|dq|=0.015340
[WRIST_ITER_04] t=1.27/5.50s target_err=0.157466 max|dq|=0.007751
[WRIST_ITER_04] t=1.52/5.50s target_err=0.155261 max|dq|=0.015501
[WRIST_ITER_04] t=1.78/5.50s target_err=0.152565 max|dq|=0.024544
[WRIST_ITER_04] t=2.03/5.50s target_err=0.150216 max|dq|=0.015501
[WRIST_ITER_04] t=2.28/5.50s target_err=0.146884 max|dq|=0.018408
[WRIST_ITER_04] t=2.54/5.50s target_err=0.138951 max|dq|=0.023252
[WRIST_ITER_04] t=2.80/5.50s target_err=0.136026 max|dq|=0.024544
[WRIST_ITER_04] t=3.06/5.50s target_err=0.135727 max|dq|=0.012272
[WRIST_ITER_04] t=3.31/5.50s target_err=0.135619 max|dq|=0.018408
[WRIST_ITER_04] t=3.56/5.50s target_err=0.135535 max|dq|=0.018408
[WRIST_ITER_04] t=3.82/5.50s target_err=0.135499 max|dq|=0.015501
[WRIST_ITER_04] t=4.07/5.50s target_err=0.135451 max|dq|=0.015501
[WRIST_ITER_04] t=4.33/5.50s target_err=0.135367 max|dq|=0.012272
[WRIST_ITER_04] t=4.58/5.50s target_err=0.135319 max|dq|=0.012272
[WRIST_ITER_04] t=4.84/5.50s target_err=0.135271 max|dq|=0.015501
[WRIST_ITER_04] t=5.10/5.50s target_err=0.135235 max|dq|=0.018408
[WRIST_ITER_04] t=5.36/5.50s target_err=0.135188 max|dq|=0.024544
[WRIST_ITER_04_hold] active_home=0.222967 active_target=0.135164 inactive_hold=0.016213 stable=0.00/0.50
[WRIST_ITER_04_hold] active_home=0.222919 active_target=0.135116 inactive_hold=0.016213 stable=0.00/0.50
[WRIST_ITER_04_hold] active_home=0.222907 active_target=0.135104 inactive_hold=0.016213 stable=0.00/0.50
[WRIST_ITER_04_hold] active_home=0.222871 active_target=0.135068 inactive_hold=0.016213 stable=0.00/0.50
[WRIST_ITER_04_hold] active_home=0.222859 active_target=0.135056 inactive_hold=0.016213 stable=0.00/0.50
[WRIST_ITER_04_hold] active_home=0.222811 active_target=0.135008 inactive_hold=0.016228 stable=0.00/0.50
[WRIST_ITER_04_hold] active_home=0.222799 active_target=0.134996 inactive_hold=0.016228 stable=0.00/0.50
[WRIST_ITER_04_hold] active_home=0.222799 active_target=0.134996 inactive_hold=0.016213 stable=0.00/0.50

WRIST_ITER_04 RESULT
  HOME error before : 0.237803 rad
  HOME error after  : 0.222775 rad (left_wrist_pitch, -0.222775)
  Progress          : +0.015028 rad
  Micro-target err  : 0.134972 rad (left_wrist_pitch)
  Inactive hold err : 0.016228 rad (left_elbow)
  Stable at HOME    : False
  Final max |dq|    : 0.012272 rad/s
WRIST_ITER_04 = CONTINUE

WRIST_ITER_05 BEFORE: HOME error=0.222775 rad (left_wrist_pitch)
WRIST_ITER_05 TARGET: step=0.150000 rad (left_wrist_pitch), nominal remaining=0.072775 rad (left_wrist_pitch)

========================================================================================================
TRAJECTORY START: WRIST_ITER_05
========================================================================================================
Duration       : 5.500s
Max joint delta: 0.150000 rad
Peak velocity  : 0.051136 rad/s
Peak accel     : 0.028629 rad/s^2
[WRIST_ITER_05] t=0.00/5.50s target_err=0.150000 max|dq|=0.012272
[WRIST_ITER_05] t=0.25/5.50s target_err=0.162212 max|dq|=0.009204
[WRIST_ITER_05] t=0.51/5.50s target_err=0.162236 max|dq|=0.012272
[WRIST_ITER_05] t=0.76/5.50s target_err=0.162164 max|dq|=0.024544
[WRIST_ITER_05] t=1.01/5.50s target_err=0.161876 max|dq|=0.012272
[WRIST_ITER_05] t=1.27/5.50s target_err=0.160606 max|dq|=0.015501
[WRIST_ITER_05] t=1.52/5.50s target_err=0.157838 max|dq|=0.031003
[WRIST_ITER_05] t=1.77/5.50s target_err=0.153691 max|dq|=0.024544
[WRIST_ITER_05] t=2.02/5.50s target_err=0.149832 max|dq|=0.021476
[WRIST_ITER_05] t=2.28/5.50s target_err=0.143756 max|dq|=0.015340
[WRIST_ITER_05] t=2.53/5.50s target_err=0.139969 max|dq|=0.024544
[WRIST_ITER_05] t=2.79/5.50s target_err=0.137740 max|dq|=0.018408
[WRIST_ITER_05] t=3.04/5.50s target_err=0.137333 max|dq|=0.018408
[WRIST_ITER_05] t=3.29/5.50s target_err=0.136889 max|dq|=0.015501
[WRIST_ITER_05] t=3.55/5.50s target_err=0.135895 max|dq|=0.015501
[WRIST_ITER_05] t=3.81/5.50s target_err=0.133294 max|dq|=0.027612
[WRIST_ITER_05] t=4.06/5.50s target_err=0.132611 max|dq|=0.024544
[WRIST_ITER_05] t=4.31/5.50s target_err=0.132491 max|dq|=0.012272
[WRIST_ITER_05] t=4.57/5.50s target_err=0.132419 max|dq|=0.012272
[WRIST_ITER_05] t=4.82/5.50s target_err=0.132347 max|dq|=0.024544
[WRIST_ITER_05] t=5.08/5.50s target_err=0.132299 max|dq|=0.018408
[WRIST_ITER_05] t=5.33/5.50s target_err=0.132227 max|dq|=0.012272
[WRIST_ITER_05_hold] active_home=0.204978 active_target=0.132203 inactive_hold=0.017908 stable=0.00/0.50
[WRIST_ITER_05_hold] active_home=0.204930 active_target=0.132156 inactive_hold=0.017923 stable=0.00/0.50
[WRIST_ITER_05_hold] active_home=0.204918 active_target=0.132144 inactive_hold=0.017969 stable=0.00/0.50
[WRIST_ITER_05_hold] active_home=0.204882 active_target=0.132108 inactive_hold=0.017984 stable=0.00/0.50
[WRIST_ITER_05_hold] active_home=0.204846 active_target=0.132072 inactive_hold=0.017984 stable=0.00/0.50
[WRIST_ITER_05_hold] active_home=0.204834 active_target=0.132060 inactive_hold=0.017969 stable=0.00/0.50
[WRIST_ITER_05_hold] active_home=0.204822 active_target=0.132048 inactive_hold=0.017984 stable=0.00/0.50
[WRIST_ITER_05_hold] active_home=0.204822 active_target=0.132048 inactive_hold=0.017984 stable=0.00/0.50

WRIST_ITER_05 RESULT
  HOME error before : 0.222775 rad
  HOME error after  : 0.204786 rad (left_wrist_pitch, -0.204786)
  Progress          : +0.017988 rad
  Micro-target err  : 0.132012 rad (left_wrist_pitch)
  Inactive hold err : 0.017984 rad (left_elbow)
  Stable at HOME    : False
  Final max |dq|    : 0.009204 rad/s
WRIST_ITER_05 = CONTINUE

WRIST_ITER_06 BEFORE: HOME error=0.204786 rad (left_wrist_pitch)
WRIST_ITER_06 TARGET: step=0.150000 rad (left_wrist_pitch), nominal remaining=0.054786 rad (left_wrist_pitch)

========================================================================================================
TRAJECTORY START: WRIST_ITER_06
========================================================================================================
Duration       : 5.500s
Max joint delta: 0.150000 rad
Peak velocity  : 0.051136 rad/s
Peak accel     : 0.028629 rad/s^2
[WRIST_ITER_06] t=0.00/5.50s target_err=0.150000 max|dq|=0.009204
[WRIST_ITER_06] t=0.25/5.50s target_err=0.160882 max|dq|=0.015340
[WRIST_ITER_06] t=0.51/5.50s target_err=0.160882 max|dq|=0.024544
[WRIST_ITER_06] t=0.76/5.50s target_err=0.160834 max|dq|=0.018408
[WRIST_ITER_06] t=1.02/5.50s target_err=0.160498 max|dq|=0.021476
[WRIST_ITER_06] t=1.28/5.50s target_err=0.159264 max|dq|=0.015501
[WRIST_ITER_06] t=1.54/5.50s target_err=0.157622 max|dq|=0.018408
[WRIST_ITER_06] t=1.80/5.50s target_err=0.155764 max|dq|=0.015501
[WRIST_ITER_06] t=2.05/5.50s target_err=0.151858 max|dq|=0.024544
[WRIST_ITER_06] t=2.30/5.50s target_err=0.148346 max|dq|=0.015340
[WRIST_ITER_06] t=2.56/5.50s target_err=0.140293 max|dq|=0.055223
[WRIST_ITER_06] t=2.81/5.50s target_err=0.137021 max|dq|=0.012272
[WRIST_ITER_06] t=3.06/5.50s target_err=0.136638 max|dq|=0.015340
[WRIST_ITER_06] t=3.32/5.50s target_err=0.136506 max|dq|=0.015501
[WRIST_ITER_06] t=3.57/5.50s target_err=0.136398 max|dq|=0.007751
[WRIST_ITER_06] t=3.82/5.50s target_err=0.136350 max|dq|=0.012272
[WRIST_ITER_06] t=4.08/5.50s target_err=0.136266 max|dq|=0.021476
[WRIST_ITER_06] t=4.34/5.50s target_err=0.136242 max|dq|=0.015340
[WRIST_ITER_06] t=4.60/5.50s target_err=0.136182 max|dq|=0.030680
[WRIST_ITER_06] t=4.86/5.50s target_err=0.136170 max|dq|=0.024544
[WRIST_ITER_06] t=5.11/5.50s target_err=0.136110 max|dq|=0.018408
[WRIST_ITER_06] t=5.37/5.50s target_err=0.136110 max|dq|=0.015340
[WRIST_ITER_06_hold] active_home=0.190837 active_target=0.136050 inactive_hold=0.016561 stable=0.00/0.50
[WRIST_ITER_06_hold] active_home=0.190825 active_target=0.136038 inactive_hold=0.016591 stable=0.00/0.50
[WRIST_ITER_06_hold] active_home=0.190777 active_target=0.135991 inactive_hold=0.016591 stable=0.00/0.50
[WRIST_ITER_06_hold] active_home=0.190753 active_target=0.135967 inactive_hold=0.016606 stable=0.00/0.50
[WRIST_ITER_06_hold] active_home=0.190741 active_target=0.135955 inactive_hold=0.016621 stable=0.00/0.50
[WRIST_ITER_06_hold] active_home=0.190705 active_target=0.135919 inactive_hold=0.016606 stable=0.00/0.50
[WRIST_ITER_06_hold] active_home=0.190693 active_target=0.135907 inactive_hold=0.016591 stable=0.00/0.50
[WRIST_ITER_06_hold] active_home=0.190681 active_target=0.135895 inactive_hold=0.016606 stable=0.00/0.50

WRIST_ITER_06 RESULT
  HOME error before : 0.204786 rad
  HOME error after  : 0.190669 rad (left_wrist_pitch, -0.190669)
  Progress          : +0.014117 rad
  Micro-target err  : 0.135883 rad (left_wrist_pitch)
  Inactive hold err : 0.016606 rad (left_elbow)
  Stable at HOME    : False
  Final max |dq|    : 0.018408 rad/s
WRIST_ITER_06 = CONTINUE

WRIST_ITER_07 BEFORE: HOME error=0.190669 rad (left_wrist_pitch)
WRIST_ITER_07 TARGET: step=0.150000 rad (left_wrist_pitch), nominal remaining=0.040669 rad (left_wrist_pitch)

========================================================================================================
TRAJECTORY START: WRIST_ITER_07
========================================================================================================
Duration       : 5.500s
Max joint delta: 0.150000 rad
Peak velocity  : 0.051136 rad/s
Peak accel     : 0.028629 rad/s^2
[WRIST_ITER_07] t=0.00/5.50s target_err=0.149988 max|dq|=0.015501
[WRIST_ITER_07] t=0.25/5.50s target_err=0.161505 max|dq|=0.012272
[WRIST_ITER_07] t=0.50/5.50s target_err=0.161529 max|dq|=0.012272
[WRIST_ITER_07] t=0.76/5.50s target_err=0.161445 max|dq|=0.030680
[WRIST_ITER_07] t=1.02/5.50s target_err=0.161049 max|dq|=0.024544
[WRIST_ITER_07] t=1.27/5.50s target_err=0.159563 max|dq|=0.030680
[WRIST_ITER_07] t=1.52/5.50s target_err=0.157215 max|dq|=0.018408
[WRIST_ITER_07] t=1.77/5.50s target_err=0.154087 max|dq|=0.036816
[WRIST_ITER_07] t=2.03/5.50s target_err=0.150803 max|dq|=0.024544
[WRIST_ITER_07] t=2.29/5.50s target_err=0.147328 max|dq|=0.023252
[WRIST_ITER_07] t=2.55/5.50s target_err=0.140461 max|dq|=0.042951
[WRIST_ITER_07] t=2.80/5.50s target_err=0.136530 max|dq|=0.015501
[WRIST_ITER_07] t=3.06/5.50s target_err=0.136146 max|dq|=0.018408
[WRIST_ITER_07] t=3.32/5.50s target_err=0.135883 max|dq|=0.007751
[WRIST_ITER_07] t=3.57/5.50s target_err=0.135595 max|dq|=0.015501
[WRIST_ITER_07] t=3.82/5.50s target_err=0.135247 max|dq|=0.018408
[WRIST_ITER_07] t=4.07/5.50s target_err=0.134876 max|dq|=0.012272
[WRIST_ITER_07] t=4.32/5.50s target_err=0.134385 max|dq|=0.024544
[WRIST_ITER_07] t=4.58/5.50s target_err=0.133486 max|dq|=0.015340
[WRIST_ITER_07] t=4.84/5.50s target_err=0.132982 max|dq|=0.018408
[WRIST_ITER_07] t=5.10/5.50s target_err=0.132791 max|dq|=0.015340
[WRIST_ITER_07] t=5.36/5.50s target_err=0.132719 max|dq|=0.012272
[WRIST_ITER_07_hold] active_home=0.173352 active_target=0.132683 inactive_hold=0.018317 stable=0.00/0.50
[WRIST_ITER_07_hold] active_home=0.173292 active_target=0.132623 inactive_hold=0.018347 stable=0.00/0.50
[WRIST_ITER_07_hold] active_home=0.173244 active_target=0.132575 inactive_hold=0.018347 stable=0.00/0.50
[WRIST_ITER_07_hold] active_home=0.173196 active_target=0.132527 inactive_hold=0.018378 stable=0.00/0.50
[WRIST_ITER_07_hold] active_home=0.173172 active_target=0.132503 inactive_hold=0.018393 stable=0.00/0.50
[WRIST_ITER_07_hold] active_home=0.173160 active_target=0.132491 inactive_hold=0.018423 stable=0.00/0.50
[WRIST_ITER_07_hold] active_home=0.173148 active_target=0.132479 inactive_hold=0.018423 stable=0.00/0.50
[WRIST_ITER_07_hold] active_home=0.173136 active_target=0.132467 inactive_hold=0.018453 stable=0.00/0.50

WRIST_ITER_07 RESULT
  HOME error before : 0.190669 rad
  HOME error after  : 0.173088 rad (left_wrist_pitch, -0.173088)
  Progress          : +0.017581 rad
  Micro-target err  : 0.132419 rad (left_wrist_pitch)
  Inactive hold err : 0.018438 rad (left_elbow)
  Stable at HOME    : False
  Final max |dq|    : 0.024544 rad/s
WRIST_ITER_07 = CONTINUE

WRIST_ITER_08 BEFORE: HOME error=0.173088 rad (left_wrist_pitch)
WRIST_ITER_08 TARGET: step=0.150000 rad (left_wrist_pitch), nominal remaining=0.023088 rad (left_wrist_pitch)

========================================================================================================
TRAJECTORY START: WRIST_ITER_08
========================================================================================================
Duration       : 5.500s
Max joint delta: 0.150000 rad
Peak velocity  : 0.051136 rad/s
Peak accel     : 0.028629 rad/s^2
[WRIST_ITER_08] t=0.00/5.50s target_err=0.150024 max|dq|=0.024544
[WRIST_ITER_08] t=0.25/5.50s target_err=0.159683 max|dq|=0.018408
[WRIST_ITER_08] t=0.50/5.50s target_err=0.159683 max|dq|=0.012272
[WRIST_ITER_08] t=0.75/5.50s target_err=0.159599 max|dq|=0.018408
[WRIST_ITER_08] t=1.01/5.50s target_err=0.159240 max|dq|=0.018408
[WRIST_ITER_08] t=1.26/5.50s target_err=0.158065 max|dq|=0.012272
[WRIST_ITER_08] t=1.52/5.50s target_err=0.155944 max|dq|=0.030680
[WRIST_ITER_08] t=1.78/5.50s target_err=0.153787 max|dq|=0.012272
[WRIST_ITER_08] t=2.04/5.50s target_err=0.150455 max|dq|=0.018408
[WRIST_ITER_08] t=2.29/5.50s target_err=0.148023 max|dq|=0.018408
[WRIST_ITER_08] t=2.55/5.50s target_err=0.143469 max|dq|=0.018408
[WRIST_ITER_08] t=2.80/5.50s target_err=0.139981 max|dq|=0.030680
[WRIST_ITER_08] t=3.05/5.50s target_err=0.139478 max|dq|=0.018408
[WRIST_ITER_08] t=3.31/5.50s target_err=0.139142 max|dq|=0.024544
[WRIST_ITER_08] t=3.56/5.50s target_err=0.138963 max|dq|=0.018408
[WRIST_ITER_08] t=3.81/5.50s target_err=0.138831 max|dq|=0.021476
[WRIST_ITER_08] t=4.07/5.50s target_err=0.138735 max|dq|=0.024544
[WRIST_ITER_08] t=4.33/5.50s target_err=0.138627 max|dq|=0.049087
[WRIST_ITER_08] t=4.58/5.50s target_err=0.138555 max|dq|=0.009204
[WRIST_ITER_08] t=4.83/5.50s target_err=0.138495 max|dq|=0.012272
[WRIST_ITER_08] t=5.09/5.50s target_err=0.138447 max|dq|=0.015340
[WRIST_ITER_08] t=5.35/5.50s target_err=0.138399 max|dq|=0.012272
[WRIST_ITER_08_hold] active_home=0.161440 active_target=0.138351 inactive_hold=0.015259 stable=0.00/0.50
[WRIST_ITER_08_hold] active_home=0.161440 active_target=0.138351 inactive_hold=0.015259 stable=0.00/0.50
[WRIST_ITER_08_hold] active_home=0.161416 active_target=0.138327 inactive_hold=0.015274 stable=0.00/0.50
[WRIST_ITER_08_hold] active_home=0.161368 active_target=0.138279 inactive_hold=0.015274 stable=0.00/0.50
[WRIST_ITER_08_hold] active_home=0.161368 active_target=0.138279 inactive_hold=0.015305 stable=0.00/0.50
[WRIST_ITER_08_hold] active_home=0.161332 active_target=0.138243 inactive_hold=0.015320 stable=0.00/0.50
[WRIST_ITER_08_hold] active_home=0.161320 active_target=0.138232 inactive_hold=0.015305 stable=0.00/0.50
[WRIST_ITER_08_hold] active_home=0.161320 active_target=0.138232 inactive_hold=0.015320 stable=0.00/0.50

WRIST_ITER_08 RESULT
  HOME error before : 0.173088 rad
  HOME error after  : 0.161320 rad (left_wrist_pitch, -0.161320)
  Progress          : +0.011768 rad
  Micro-target err  : 0.138232 rad (left_wrist_pitch)
  Inactive hold err : 0.015335 rad (left_elbow)
  Stable at HOME    : False
  Final max |dq|    : 0.018408 rad/s
WRIST_ITER_08 = CONTINUE

WRIST_READY = FAIL
Reason: max iterations reached with HOME error 0.161320 rad (left_wrist_pitch, -0.161320)
========================================================================================================
RECOVERY ABORTED: WRIST adaptive recovery failed.
LowCmd gains released.
